--------- beginning of crash
02-18 14:57:24.731  1229  1229 I libpq_sec: mtk-brm-commit-id:8d52b75ecea4b0c2129c05428261104d5b4c7e6f
02-18 14:57:24.731  1229  1229 I libpq_sec: mtk-brm-change-id:Idfe06ff5198c0d6cc7248bb4a94299f37013c3e3
02-18 14:57:24.731  1229  1229 I libpq_sec: mtk-brm-merge-id:none
02-18 14:57:24.818  1231  1231 I libpq_sec: mtk-brm-commit-id:8d52b75ecea4b0c2129c05428261104d5b4c7e6f
02-18 14:57:24.818  1231  1231 I libpq_sec: mtk-brm-change-id:Idfe06ff5198c0d6cc7248bb4a94299f37013c3e3
02-18 14:57:24.818  1231  1231 I libpq_sec: mtk-brm-merge-id:none
02-18 14:57:24.881  1276  1357 I libged  : mtk-brm-commit-id:8f279a13f0709684183c66949c3aedba30471847
02-18 14:57:24.881  1276  1357 I libged  : mtk-brm-change-id:I9678c768ba1e3699d9c1b78051980c2e6eb41dfa
02-18 14:57:24.881  1276  1357 I libged  : mtk-brm-merge-id:none
02-18 14:57:24.900  1276  1357 I libGLES_mali: mtk-brm-commit-id:b41504396646c5d321570e3daf28a96e2e84b4bb
02-18 14:57:24.900  1276  1357 I libGLES_mali: mtk-brm-change-id:Ib4bc6a612a7218c4a491a0932bde139069b8137d
02-18 14:57:24.900  1276  1357 I libGLES_mali: mtk-brm-merge-id:none
02-18 14:57:24.978  1379  1379 I libneuralnetworks_sl_driver: mtk-brm-commit-id:161f105d8fdcda4d5f9ff10858623788849cd706
02-18 14:57:24.978  1379  1379 I libneuralnetworks_sl_driver: mtk-brm-change-id:I3cc60e15bedb425deae97e4ba62ce9795469d0f0
02-18 14:57:24.978  1379  1379 I libneuralnetworks_sl_driver: mtk-brm-merge-id:none
02-18 14:57:24.978  1379  1379 I neuralnetworks_shim: mtk-brm-commit-id:25a38658d8fcdbb20664f319d3ecf9d75fd3654c
02-18 14:57:24.978  1379  1379 I neuralnetworks_shim: mtk-brm-change-id:I98bca291cad1df955fc3a2dd4a672c689604df9b
02-18 14:57:24.978  1379  1379 I neuralnetworks_shim: mtk-brm-merge-id:none
02-18 14:57:24.996  1383  1383 I thermal_core: mtk-brm-commit-id:234641ae27aad1cfcf52a5ba536c107c965a52ab
02-18 14:57:24.996  1383  1383 I thermal_core: mtk-brm-change-id:Ieb2106d5ec215adedae5ff15a92923dc35fdb2bc
02-18 14:57:24.996  1383  1383 I thermal_core: mtk-brm-merge-id:none
02-18 14:57:25.087  1379  1379 I cpu_nn  : mtk-brm-commit-id:e0b1e6a299e09326d1e3c00df0bee88777f15fb0
02-18 14:57:25.087  1379  1379 I cpu_nn  : mtk-brm-change-id:Ia06225ca2806a5f28be95902c2303b12e9a90c38
02-18 14:57:25.087  1379  1379 I cpu_nn  : mtk-brm-merge-id:none
02-18 14:57:25.116  1379  1379 I cmdl    : mtk-brm-commit-id:83b79bc206164073c4933dac9048e8bbf2468a2f
02-18 14:57:25.116  1379  1379 I cmdl    : mtk-brm-change-id:I3f996dc2e36f9014a83a3c7740956ca173b56f36
02-18 14:57:25.116  1379  1379 I cmdl    : mtk-brm-merge-id:none
02-18 14:57:25.117  1376  1376 I libimsma_adapt: mtk-brm-commit-id:8783a29bae0ae84a456239f3212f27bdafa94c91
02-18 14:57:25.118  1376  1376 I libimsma_adapt: mtk-brm-change-id:Iee598bb542f5de895a4b71649fbc79b2d93bc3de
02-18 14:57:25.118  1376  1376 I libimsma_adapt: mtk-brm-merge-id:none
02-18 14:57:25.120  1379  1379 I gpu_nn  : mtk-brm-commit-id:0b5fce9d2ecbb9be75db033475f121621364bbd0
02-18 14:57:25.123  1379  1379 I gpu_nn  : mtk-brm-change-id:Icf488c65b434d1938ee3d916fb07216f278b708b
02-18 14:57:25.123  1379  1379 I gpu_nn  : mtk-brm-merge-id:none
02-18 14:57:25.189  1458  1458 I libpq_sec: mtk-brm-commit-id:8d52b75ecea4b0c2129c05428261104d5b4c7e6f
02-18 14:57:25.189  1458  1458 I libpq_sec: mtk-brm-change-id:Idfe06ff5198c0d6cc7248bb4a94299f37013c3e3
02-18 14:57:25.189  1458  1458 I libpq_sec: mtk-brm-merge-id:none
02-18 14:57:25.198  1447  1447 I libpq_sec: mtk-brm-commit-id:8d52b75ecea4b0c2129c05428261104d5b4c7e6f
02-18 14:57:25.198  1447  1447 I libpq_sec: mtk-brm-change-id:Idfe06ff5198c0d6cc7248bb4a94299f37013c3e3
02-18 14:57:25.198  1447  1447 I libpq_sec: mtk-brm-merge-id:none
02-18 14:57:26.312  1419  1419 I mcnr_algo: mtk-brm-commit-id:dd4929e6a71bd0be06b2d18234833692e8dec44f
02-18 14:57:26.312  1419  1419 I mcnr_algo: mtk-brm-change-id:I4260c971d731b542818aac96725266c809617407
02-18 14:57:26.312  1419  1419 I mcnr_algo: mtk-brm-merge-id:none
02-18 14:57:26.351  1419  1419 I libpq_sec: mtk-brm-commit-id:8d52b75ecea4b0c2129c05428261104d5b4c7e6f
02-18 14:57:26.351  1419  1419 I libpq_sec: mtk-brm-change-id:Idfe06ff5198c0d6cc7248bb4a94299f37013c3e3
02-18 14:57:26.351  1419  1419 I libpq_sec: mtk-brm-merge-id:none
02-18 14:57:35.151  2737  2737 I thermal_core: mtk-brm-commit-id:16e747b984ec32cb07ea2dbc6be83fa411cba782
02-18 14:57:35.151  2737  2737 I thermal_core: mtk-brm-change-id:I57f0cbd2fde7ffbc3b064f8c6a2f425a4c6b5e28
02-18 14:57:35.151  2737  2737 I thermal_core: mtk-brm-merge-id:none
02-18 14:58:10.311  2358  2358 I SmartRatSwitch: mtk-brm-commit-id:b5a60cc69a1756c521ec182159b2accf61e98864
02-18 14:58:10.311  2358  2358 I SmartRatSwitch: mtk-brm-change-id:I4b61c3110cf0ec624b06cc6b58c35cc1bb10baec
02-18 14:58:10.311  2358  2358 I SmartRatSwitch: mtk-brm-merge-id:none
--------- beginning of system
02-20 12:57:34.730  1811  5689 I ActivityManager: Background started FGS: Allowed [callingPackage: io.getgrass.www; callingUid: 10217; uidState: TOP ; uidBFSL: [BFSL]; intent: Intent { cmp=io.getgrass.www/io.getgrass.plugin.ForegroundService }; code:PROC_STATE_TOP; tempAllowListReason:<,reasonCode:SYSTEM_ALLOW_LISTED,duration:9223372036854775807,callingUid:-1>; targetSdkVersion:35; callerTargetSdkVersion:35; startForegroundCount:0; bindFromPackage:null: isBindService:false]
02-20 12:57:34.737  1811  5710 W ForegroundServiceTypeLoggerModule: Foreground service start for UID: 10217 does not have any types
02-20 12:57:35.124  1811  1829 E ApplicationHelper: Fail to get PackageManager
02-20 12:57:38.170  1811  1829 E ApplicationHelper: Fail to get PackageManager
02-20 12:57:38.737  1811  1829 E ApplicationHelper: Fail to get PackageManager
02-20 12:57:38.737  1811  1829 E ApplicationHelper: Fail to get PackageManager
02-20 12:57:38.747  1811  1811 E MBrainLocalService: notifyAppSwitch failed
02-20 12:57:38.750  1811  1882 I WindowManager: Relayout Window{91555cd u0 com.android.launcher3/com.android.searchlauncher.SearchLauncher}: oldVis=8 newVis=0 focusMayChange = true requestedWidth = 1200 requestedHeight = 2670 outFrames = ClientWindowFrames{frame=[0,0][1200,2670] display=[0,0][1200,2670] parentFrame=[0,0][0,0]} outSurfaceControl = Surface(name=com.android.launcher3/com.android.searchlauncher.SearchLauncher)/@0x45f95fc
02-20 12:57:38.753  1811  1829 E ApplicationHelper: Fail to get PackageManager
02-20 12:57:38.753  1811  1829 E ApplicationHelper: Fail to get PackageManager
02-20 12:57:38.762  1811  5710 I WindowManager: Relayout Window{ac1137b u0 com.android.launcher3/com.android.searchlauncher.SearchLauncher}: oldVis=4 newVis=0 focusMayChange = true requestedWidth = 1200 requestedHeight = 2670 outFrames = ClientWindowFrames{frame=[0,0][1200,2670] display=[0,0][1200,2670] parentFrame=[0,0][0,0]} outSurfaceControl = Surface(name=com.android.launcher3/com.android.searchlauncher.SearchLauncher)/@0xce6c918
02-20 12:57:38.775  1811  1829 E ApplicationHelper: Fail to get PackageManager
02-20 12:57:38.807  1811  2316 W WindowManager: Changing focus from Window{687ac84 u0 io.getgrass.www/io.getgrass.www.MainActivity} to Window{ac1137b u0 com.android.launcher3/com.android.searchlauncher.SearchLauncher} displayId=0 Callers=com.android.server.wm.RootWindowContainer.updateFocusedWindowLocked:468 com.android.server.wm.WindowManagerService.updateFocusedWindowLocked:6623 com.android.server.wm.ActivityTaskManagerService.setLastResumedActivityUncheckLocked:5047 com.android.server.wm.ActivityTaskManagerService.setFocusedTask:2087 
02-20 12:57:38.812  1811  1930 E HandwritingModeController: Cannot get requestId: Handwriting was not initialized.
02-20 12:57:38.813  1811  3501 W UserManagerService: Requested status bar icon for non-badged user 0
02-20 12:57:38.814  1811  1829 E ApplicationHelper: Fail to get PackageManager
02-20 12:57:38.814  1811  1829 E ApplicationHelper: Fail to get PackageManager
02-20 12:57:38.814  1811  1829 E ApplicationHelper: Fail to get PackageManager
02-20 12:57:38.814  1811  1829 E ApplicationHelper: Fail to get PackageManager
02-20 12:57:38.815  1811  1829 E ApplicationHelper: Fail to get PackageManager
02-20 12:57:38.820  1811  1829 E ApplicationHelper: Fail to get PackageManager
02-20 12:57:38.823  1811  1829 E ApplicationHelper: Fail to get PackageManager
02-20 12:57:38.828  1811  1829 E ApplicationHelper: Fail to get PackageManager
02-20 12:57:38.835  1811  1829 E ApplicationHelper: Fail to get PackageManager
02-20 12:57:38.839  1811  1829 E ApplicationHelper: Fail to get PackageManager
02-20 12:57:39.321  1811  1829 E ApplicationHelper: Fail to get PackageManager
02-20 12:57:39.324  1811  1829 E ApplicationHelper: Fail to get PackageManager
02-20 12:57:39.387  1811  1829 E ApplicationHelper: Fail to get PackageManager
02-20 12:57:39.387  1811  1829 E ApplicationHelper: Fail to get PackageManager
02-20 12:57:39.394  1811  1829 E ApplicationHelper: Fail to get PackageManager
02-20 12:57:39.396  1811  1829 E ApplicationHelper: Fail to get PackageManager
02-20 12:57:39.860  1811  1811 E MBrainLocalService: notifyAppSwitch failed
02-20 12:57:39.868  1811  1829 E ApplicationHelper: Fail to get PackageManager
02-20 12:57:39.869  1811  1829 E ApplicationHelper: Fail to get PackageManager
02-20 12:57:39.874  1811  2316 W UserManagerService: Requested status bar icon for non-badged user 0
02-20 12:57:39.875  1811  2316 W UserManagerService: Requested status bar icon for non-badged user 0
02-20 12:57:39.895  1811  1882 W PackageConfigPersister: App-specific configuration not found for packageName: com.android.launcher3 and userId: 0
02-20 12:57:39.909  1811  5710 W WindowManager: Failed looking up window session=Session{76e8e31 23173:u0a10217} callers=com.android.server.wm.WindowManagerService.windowForClientLocked:6508 com.android.server.wm.Session.setOnBackInvokedCallbackInfo:1020 android.view.IWindowSession$Stub.onTransact:1207 
02-20 12:57:39.909  1811  5710 I WindowManager: setOnBackInvokedCallback(): No window state for package:io.getgrass.www
02-20 12:57:39.930  1811  1829 E ApplicationHelper: Fail to get PackageManager
02-20 12:57:39.931  1811  1829 E ApplicationHelper: Fail to get PackageManager
02-20 12:57:39.931  1811  1882 I ActivityManager: Killing 23229:com.google.android.webview:sandboxed_process0:org.chromium.content.app.SandboxedProcessService0:0/u0a217i70 (adj 0): isolated not needed
02-20 12:57:39.932  1811  1829 E ApplicationHelper: Fail to get PackageManager
02-20 12:57:40.441  1811  1829 E ApplicationHelper: Fail to get PackageManager
02-20 12:57:44.190  1811  1829 E ApplicationHelper: Fail to get PackageManager
02-20 12:57:44.232  1811  1829 E ApplicationHelper: Fail to get PackageManager
02-20 12:57:44.964  1811  1811 I AS.AudioService: shouldNotificationSoundPlay false: muted stream:5 attr:AudioAttributes: usage=USAGE_NOTIFICATION content=CONTENT_TYPE_SONIFICATION flags=0x800 tags= bundle=null
02-20 12:57:44.978  1811  1811 W NotificationHistory: Attempted to add notif for locked/gone/disabled user 0
02-20 12:57:48.942  1811  3501 W OptProp : Cannot read opt property android.window.PROPERTY_COMPAT_ALLOW_ORIENTATION_OVERRIDE
02-20 12:57:48.951  1811  3501 W OptProp : Cannot read opt property android.window.PROPERTY_COMPAT_ALLOW_RESIZEABLE_ACTIVITY_OVERRIDES
02-20 12:57:48.951  1811  3501 W OptProp : Cannot read opt property android.window.PROPERTY_COMPAT_ALLOW_MIN_ASPECT_RATIO_OVERRIDE
02-20 12:57:48.967  1811  1811 E MBrainLocalService: notifyAppSwitch failed
02-20 12:57:48.969  1811  3501 I ActivityTaskManager: START u0 {act=android.intent.action.MAIN cat=[android.intent.category.LAUNCHER] flg=0x10200000 pkg=com.nosana.dashboard.twa cmp=com.nosana.dashboard.twa/.LauncherActivity bnds=[888,564][1176,986]} with LAUNCH_MULTIPLE from uid 10153 (BAL_ALLOW_VISIBLE_WINDOW) result code=0
02-20 12:57:48.981  1811  1841 I ActivityManager: Start proc 23356:com.nosana.dashboard.twa/u0a242 for next-top-activity {com.nosana.dashboard.twa/com.nosana.dashboard.twa.LauncherActivity}
02-20 12:57:48.996  1811  1829 E ApplicationHelper: Fail to get PackageManager
02-20 12:57:49.012  1811  1829 E ApplicationHelper: Fail to get PackageManager
02-20 12:57:49.018  1811  1840 W ProcessStats: Tracking association SourceState{f6c8934 system/1000 ImpBg #63507} whose proc state 6 is better than process ProcessState{6b1e197 com.google.android.apps.youtube.music/10143 pkg=com.google.android.apps.youtube.music} proc state 14 (4 skipped)
02-20 12:57:49.019  1811  1899 W JobServiceContext: Sending onNetworkChanged for a job that isn't started. JobStatus{f6238da androidx.work.systemjobscheduler:u0a143/2637 @androidx.work.systemjobscheduler@com.google.android.apps.youtube.music/androidx.work.impl.background.systemjob.SystemJobService u=0 s=10143 TIME=-8s441ms:none NET READY}
02-20 12:57:49.021  1811  2299 W WindowManager: Changing focus from Window{ac1137b u0 com.android.launcher3/com.android.searchlauncher.SearchLauncher} to null displayId=0 Callers=com.android.server.wm.RootWindowContainer.updateFocusedWindowLocked:468 com.android.server.wm.WindowManagerService.updateFocusedWindowLocked:6623 com.android.server.wm.ActivityTaskManagerService.setLastResumedActivityUncheckLocked:5047 com.android.server.wm.ActivityTaskSupervisor.updateTopResumedActivityIfNeeded:2326 
02-20 12:57:49.024  1811  1811 E MBrainLocalService: notifyAppSwitch failed
02-20 12:57:49.029  1811  1829 E ApplicationHelper: Fail to get PackageManager
02-20 12:57:49.079  1811  1841 I ActivityManager: Start proc 23376:com.android.chrome/u0a122 for service {com.android.chrome/org.chromium.chrome.browser.customtabs.CustomTabsConnectionService}
02-20 12:57:49.081  1811  1829 E ApplicationHelper: Fail to get PackageManager
02-20 12:57:49.081  1811  1882 W JobScheduler: Job didn't exist in JobStore: f6238da {androidx.work.systemjobscheduler} #u0a143/2637 @androidx.work.systemjobscheduler@com.google.android.apps.youtube.music/androidx.work.impl.background.systemjob.SystemJobService
02-20 12:57:49.081  1811  1829 E ApplicationHelper: Fail to get PackageManager
02-20 12:57:49.088  1811  1829 E ApplicationHelper: Fail to get PackageManager
02-20 12:57:49.088  1811  1829 E ApplicationHelper: Fail to get PackageManager
02-20 12:57:49.101  1811  1829 E ApplicationHelper: Fail to get PackageManager
02-20 12:57:49.102  1811  5710 W WindowManager: Changing focus from null to Window{a5ae43d u0 com.nosana.dashboard.twa/com.nosana.dashboard.twa.LauncherActivity} displayId=0 Callers=com.android.server.wm.RootWindowContainer.updateFocusedWindowLocked:468 com.android.server.wm.WindowManagerService.updateFocusedWindowLocked:6623 com.android.server.wm.WindowManagerService.relayoutWindowInner:2691 com.android.server.wm.WindowManagerService.relayoutWindow:2361 
02-20 12:57:49.103  1811  5710 I WindowManager: Relayout Window{a5ae43d u0 com.nosana.dashboard.twa/com.nosana.dashboard.twa.LauncherActivity}: oldVis=4 newVis=0 focusMayChange = true requestedWidth = 1200 requestedHeight = 2670 outFrames = ClientWindowFrames{frame=[0,0][1200,2670] display=[0,0][1200,2670] parentFrame=[0,0][0,0]} outSurfaceControl = Surface(name=com.nosana.dashboard.twa/com.nosana.dashboard.twa.LauncherActivity)/@0xd69a7c4
02-20 12:57:49.157  1811  1829 E ApplicationHelper: Fail to get PackageManager
02-20 12:57:49.165  1811  1829 E ApplicationHelper: Fail to get PackageManager
02-20 12:57:49.173  1811  1829 E ApplicationHelper: Fail to get PackageManager
02-20 12:57:49.173  1811  1829 E ApplicationHelper: Fail to get PackageManager
02-20 12:57:49.173  1811  1829 E ApplicationHelper: Fail to get PackageManager
02-20 12:57:49.173  1811  1829 E ApplicationHelper: Fail to get PackageManager
02-20 12:57:49.173  1811  1829 E ApplicationHelper: Fail to get PackageManager
02-20 12:57:49.173  1811  1829 E ApplicationHelper: Fail to get PackageManager
02-20 12:57:49.174  1811  2299 W UserManagerService: Requested status bar icon for non-badged user 0
02-20 12:57:49.175  1811  1829 E ApplicationHelper: Fail to get PackageManager
02-20 12:57:49.175  1811  1829 E ApplicationHelper: Fail to get PackageManager
02-20 12:57:49.176  1811  1829 E ApplicationHelper: Fail to get PackageManager
02-20 12:57:49.176  1811  1829 E ApplicationHelper: Fail to get PackageManager
02-20 12:57:49.179  1811  1829 E ApplicationHelper: Fail to get PackageManager
02-20 12:57:49.179  1811  1829 E ApplicationHelper: Fail to get PackageManager
02-20 12:57:49.179  1811  1829 E ApplicationHelper: Fail to get PackageManager
02-20 12:57:49.179  1811  1829 E ApplicationHelper: Fail to get PackageManager
02-20 12:57:49.191  1811  2299 W OptProp : Cannot read opt property android.window.PROPERTY_COMPAT_ALLOW_ORIENTATION_OVERRIDE
02-20 12:57:49.194  1811  2299 W OptProp : Cannot read opt property android.window.PROPERTY_COMPAT_ALLOW_RESIZEABLE_ACTIVITY_OVERRIDES
02-20 12:57:49.194  1811  2299 W OptProp : Cannot read opt property android.window.PROPERTY_COMPAT_ALLOW_MIN_ASPECT_RATIO_OVERRIDE
02-20 12:57:49.197  1811  1811 E MBrainLocalService: notifyAppSwitch failed
02-20 12:57:49.198  1811  2299 I ActivityTaskManager: START u0 {act=android.intent.action.VIEW dat=https://dashboard.nosana.com/... pkg=com.android.chrome cmp=com.android.chrome/com.google.android.apps.chrome.IntentDispatcher (has extras)} with LAUNCH_MULTIPLE from uid 10242 (BAL_ALLOW_VISIBLE_WINDOW) result code=0
02-20 12:57:49.202  1811  2299 W WindowManager: Changing focus from Window{a5ae43d u0 com.nosana.dashboard.twa/com.nosana.dashboard.twa.LauncherActivity} to null displayId=0 Callers=com.android.server.wm.RootWindowContainer.updateFocusedWindowLocked:468 com.android.server.wm.WindowManagerService.updateFocusedWindowLocked:6623 com.android.server.wm.ActivityTaskManagerService.setLastResumedActivityUncheckLocked:5047 com.android.server.wm.ActivityTaskSupervisor.updateTopResumedActivityIfNeeded:2326 
02-20 12:57:49.203  1811  1811 E MBrainLocalService: notifyAppSwitch failed
02-20 12:57:49.204  1811  1829 E ApplicationHelper: Fail to get PackageManager
02-20 12:57:49.220  1811  1829 E ApplicationHelper: Fail to get PackageManager
02-20 12:57:49.245  1811  2316 W PackageConfigPersister: App-specific configuration not found for packageName: com.nosana.dashboard.twa and userId: 0
02-20 12:57:49.251  1811  3501 W OptProp : Cannot read opt property android.window.PROPERTY_COMPAT_ALLOW_ORIENTATION_OVERRIDE
02-20 12:57:49.252  1811  3501 W OptProp : Cannot read opt property android.window.PROPERTY_COMPAT_ALLOW_RESIZEABLE_ACTIVITY_OVERRIDES
02-20 12:57:49.252  1811  3501 W OptProp : Cannot read opt property android.window.PROPERTY_COMPAT_ALLOW_MIN_ASPECT_RATIO_OVERRIDE
02-20 12:57:49.256  1811  1811 E MBrainLocalService: notifyAppSwitch failed
02-20 12:57:49.256  1811  3501 I ActivityTaskManager: START u0 {act=android.intent.action.VIEW dat=https://dashboard.nosana.com/... flg=0x2810000 pkg=com.android.chrome cmp=com.android.chrome/org.chromium.chrome.browser.customtabs.TranslucentCustomTabActivity (has extras)} with LAUNCH_MULTIPLE from uid 10122 (BAL_ALLOW_VISIBLE_WINDOW) result code=0
02-20 12:57:49.301  1811  1829 E ApplicationHelper: Fail to get PackageManager
02-20 12:57:49.301  1811  1829 E ApplicationHelper: Fail to get PackageManager
02-20 12:57:49.305  1811  1829 E ApplicationHelper: Fail to get PackageManager
02-20 12:57:49.305  1811  1829 E ApplicationHelper: Fail to get PackageManager
02-20 12:57:49.309  1811  1829 E ApplicationHelper: Fail to get PackageManager
02-20 12:57:49.309  1811  1829 E ApplicationHelper: Fail to get PackageManager
02-20 12:57:49.311  1811  1829 E ApplicationHelper: Fail to get PackageManager
02-20 12:57:49.311  1811  1829 E ApplicationHelper: Fail to get PackageManager
02-20 12:57:49.405  1811  3501 W WindowManager: Changing focus from null to Window{5698926 u0 com.android.chrome/org.chromium.chrome.browser.customtabs.TranslucentCustomTabActivity} displayId=0 Callers=com.android.server.wm.RootWindowContainer.updateFocusedWindowLocked:468 com.android.server.wm.WindowManagerService.updateFocusedWindowLocked:6623 com.android.server.wm.WindowManagerService.relayoutWindowInner:2691 com.android.server.wm.WindowManagerService.relayoutWindow:2361 
02-20 12:57:49.407  1811  3501 I WindowManager: Relayout Window{5698926 u0 com.android.chrome/org.chromium.chrome.browser.customtabs.TranslucentCustomTabActivity}: oldVis=4 newVis=0 focusMayChange = true requestedWidth = 1200 requestedHeight = 2670 outFrames = ClientWindowFrames{frame=[0,0][1200,2670] display=[0,0][1200,2670] parentFrame=[0,0][0,0]} outSurfaceControl = Surface(name=com.android.chrome/org.chromium.chrome.browser.customtabs.TranslucentCustomTabActivity)/@0xf29250a
02-20 12:57:49.469  1811  2316 W UserManagerService: Requested status bar icon for non-badged user 0
02-20 12:57:49.470  1811  1882 W UserManagerService: Requested status bar icon for non-badged user 0
02-20 12:57:49.477  1811  3501 W UserManagerService: Requested status bar icon for non-badged user 0
02-20 12:57:49.478  1811  3501 W UserManagerService: Requested status bar icon for non-badged user 0
02-20 12:57:49.531  1811  1829 E ApplicationHelper: Fail to get PackageManager
02-20 12:57:49.534  1811  1841 W ActivityManager: Slow operation: 125ms so far, now at startProcess: returned from zygote!
02-20 12:57:49.536  1811  1841 W ActivityManager: Slow operation: 126ms so far, now at startProcess: done updating battery stats
02-20 12:57:49.536  1811  1841 W ActivityManager: Slow operation: 127ms so far, now at startProcess: building log message
02-20 12:57:49.536  1811  1841 I ActivityManager: Start proc 23482:com.android.chrome:sandboxed_process0:org.chromium.content.app.SandboxedProcessService0:0/u0ai0 for  {com.android.chrome/org.chromium.content.app.SandboxedProcessService0:0}
02-20 12:57:49.536  1811  1841 W ActivityManager: Slow operation: 127ms so far, now at startProcess: starting to update pids map
02-20 12:57:49.536  1811  1841 W ActivityManager: Slow operation: 127ms so far, now at startProcess: done updating pids map
02-20 12:57:49.552  1811  1841 I ActivityManager: Start proc 23491:com.android.chrome:privileged_process0/u0a122 for service {com.android.chrome/org.chromium.content.app.PrivilegedProcessService0}
02-20 12:57:49.557  1811  1829 E ApplicationHelper: Fail to get PackageManager
02-20 12:57:49.563  1811  1829 E ApplicationHelper: Fail to get PackageManager
02-20 12:57:49.573  1811  1829 E ApplicationHelper: Fail to get PackageManager
02-20 12:57:49.586  1811  1829 E ApplicationHelper: Fail to get PackageManager
02-20 12:57:49.605  1811  5689 W ActivityManager: Unable to start service Intent { cmp=com.google.android.aicore/com.google.android.apps.aicore.service.multiuser.AiCoreMultiUserService } U=0: not found
02-20 12:57:49.606  1811  5689 W ActivityManager: Unbind failed: could not find connection for android.os.BinderProxy@13148d0
02-20 12:57:49.607  1811  3501 W ActivityManager: Unable to start service Intent { cmp=com.google.android.aicore/com.google.android.apps.aicore.service.AiCoreService } U=0: not found
02-20 12:57:49.607  1811  3501 W ActivityManager: Unbind failed: could not find connection for android.os.BinderProxy@70b90c9
02-20 12:57:49.611  1811  1829 E ApplicationHelper: Fail to get PackageManager
02-20 12:57:49.632  1811  1829 E ApplicationHelper: Fail to get PackageManager
02-20 12:57:49.723  1811  1841 I ActivityManager: Start proc 23537:com.android.chrome:sandboxed_process0:org.chromium.content.app.SandboxedProcessService0:1/u0ai1 for  {com.android.chrome/org.chromium.content.app.SandboxedProcessService0:1}
02-20 12:57:49.734  1811  1829 E ApplicationHelper: Fail to get PackageManager
02-20 12:57:49.751  1811  1829 E ApplicationHelper: Fail to get PackageManager
02-20 12:57:49.764  1811  1829 E ApplicationHelper: Fail to get PackageManager
02-20 12:57:49.784  1811  1829 E ApplicationHelper: Fail to get PackageManager
02-20 12:57:49.787  1811  1829 E ApplicationHelper: Fail to get PackageManager
02-20 12:57:49.819  1811  1829 E ApplicationHelper: Fail to get PackageManager
02-20 12:57:49.872  1811  1829 E ApplicationHelper: Fail to get PackageManager
02-20 12:57:49.878  1811  1829 E ApplicationHelper: Fail to get PackageManager
02-20 12:57:49.880  1811  1829 E ApplicationHelper: Fail to get PackageManager
02-20 12:57:49.882  1811  1829 E ApplicationHelper: Fail to get PackageManager
02-20 12:57:49.892  1811  1829 E ApplicationHelper: Fail to get PackageManager
02-20 12:57:49.898  1811  1829 E ApplicationHelper: Fail to get PackageManager
02-20 12:57:49.901  1811  2316 W PackageConfigPersister: App-specific configuration not found for packageName: com.android.chrome and userId: 0
02-20 12:57:49.903  1811  1829 E ApplicationHelper: Fail to get PackageManager
02-20 12:57:49.907  1811  1829 E ApplicationHelper: Fail to get PackageManager
02-20 12:57:49.907  1811  1829 E ApplicationHelper: Fail to get PackageManager
02-20 12:57:49.907  1811  1829 E ApplicationHelper: Fail to get PackageManager
02-20 12:57:49.907  1811  1829 E ApplicationHelper: Fail to get PackageManager
02-20 12:57:49.907  1811  1829 E ApplicationHelper: Fail to get PackageManager
02-20 12:57:49.907  1811  1829 E ApplicationHelper: Fail to get PackageManager
02-20 12:57:49.926  1811  1829 E ApplicationHelper: Fail to get PackageManager
02-20 12:57:49.927  1811  1829 E ApplicationHelper: Fail to get PackageManager
02-20 12:57:50.018  1811  1829 E ApplicationHelper: Fail to get PackageManager
02-20 12:57:50.019  1811  1829 E ApplicationHelper: Fail to get PackageManager
02-20 12:57:50.022  1811  1829 E ApplicationHelper: Fail to get PackageManager
02-20 12:57:50.024  1811  1829 E ApplicationHelper: Fail to get PackageManager
02-20 12:57:50.088  1811  1829 E ApplicationHelper: Fail to get PackageManager
02-20 12:57:50.088  1811  1829 E ApplicationHelper: Fail to get PackageManager
02-20 12:57:50.241  1811  1829 E ApplicationHelper: Fail to get PackageManager
02-20 12:57:50.519  1811  1829 E ApplicationHelper: Fail to get PackageManager
02-20 12:57:53.563  1811  2316 E ActivityTaskManager: convertFromTranslucent expects null but is ActivityRecord{9fdc98f u0 com.android.chrome/org.chromium.chrome.browser.customtabs.TranslucentCustomTabActivity t694}
02-20 12:57:53.574  1811  1829 E ApplicationHelper: Fail to get PackageManager
02-20 12:57:53.574  1811  1829 E ApplicationHelper: Fail to get PackageManager
02-20 12:57:53.574  1811  1829 E ApplicationHelper: Fail to get PackageManager
02-20 12:57:53.581  1811  5710 W UserManagerService: Requested status bar icon for non-badged user 0
02-20 12:57:53.583  1811  1811 E MBrainLocalService: notifyAppSwitch failed
02-20 12:57:53.586  1811  1811 E MBrainLocalService: notifyAppSwitch failed
02-20 12:57:53.586  1811  1882 W UserManagerService: Requested status bar icon for non-badged user 0
02-20 12:57:53.588  1811  1829 E ApplicationHelper: Fail to get PackageManager
02-20 12:57:53.598  1811  1829 E ApplicationHelper: Fail to get PackageManager
02-20 12:57:53.599  1811  1829 E ApplicationHelper: Fail to get PackageManager
02-20 12:57:53.599  1811  1829 E ApplicationHelper: Fail to get PackageManager
02-20 12:57:53.605  1811  3501 W UserManagerService: Requested status bar icon for non-badged user 0
02-20 12:57:53.623  1811  1829 E ApplicationHelper: Fail to get PackageManager
02-20 12:57:53.625  1811  1829 E ApplicationHelper: Fail to get PackageManager
02-20 12:57:53.625  1811  1829 E ApplicationHelper: Fail to get PackageManager
02-20 12:57:53.625  1811  1829 E ApplicationHelper: Fail to get PackageManager
02-20 12:57:53.625  1811  1829 E ApplicationHelper: Fail to get PackageManager
02-20 12:57:53.625  1811  1829 E ApplicationHelper: Fail to get PackageManager
02-20 12:57:53.625  1811  1829 E ApplicationHelper: Fail to get PackageManager
02-20 12:57:53.625  1811  1829 E ApplicationHelper: Fail to get PackageManager
02-20 12:57:53.638  1811  2299 W PackageConfigPersister: App-specific configuration not found for packageName: com.android.chrome and userId: 0
02-20 12:57:53.647  1811  1829 E ApplicationHelper: Fail to get PackageManager
02-20 12:57:53.761  1811  1841 I ActivityManager: Start proc 23607:com.android.providers.partnerbookmarks/u0a80 for content provider {com.android.providers.partnerbookmarks/com.android.providers.partnerbookmarks.PartnerBookmarksProvider}
02-20 12:57:53.785  1811  1829 E ApplicationHelper: Fail to get PackageManager
02-20 12:57:53.800  1811  1829 E ApplicationHelper: Fail to get PackageManager
02-20 12:57:54.574  1811  1829 E ApplicationHelper: Fail to get PackageManager
02-20 12:57:54.581  1811  1829 E ApplicationHelper: Fail to get PackageManager
02-20 12:57:54.782  1811  1829 E ApplicationHelper: Fail to get PackageManager
02-20 12:57:54.787  1811  1829 E ApplicationHelper: Fail to get PackageManager
02-20 12:57:55.194  1811  1829 E ApplicationHelper: Fail to get PackageManager
02-20 12:57:55.487  1811  1829 E ApplicationHelper: Fail to get PackageManager
02-20 12:57:55.493  1811  1829 E ApplicationHelper: Fail to get PackageManager
02-20 12:57:55.496  1811  1829 E ApplicationHelper: Fail to get PackageManager
02-20 12:57:55.499  1811  1829 E ApplicationHelper: Fail to get PackageManager
02-20 12:57:55.989  1811  1829 E ApplicationHelper: Fail to get PackageManager
02-20 12:57:57.049  1811  1829 E ApplicationHelper: Fail to get PackageManager
02-20 12:57:57.051  1811  1829 E ApplicationHelper: Fail to get PackageManager
02-20 12:57:57.053  1811  1899 W JobServiceContext: Sending onNetworkChanged for a job that isn't started. JobStatus{4811265 #u0a216/-1840500861 com.uprock.mining/com.google.android.datatransport.runtime.scheduling.jobscheduling.JobInfoSchedulerService u=0 s=10216 TIME=-26ms:none NET READY}
02-20 12:57:59.119  1811  5689 W OptProp : Cannot read opt property android.window.PROPERTY_COMPAT_ALLOW_ORIENTATION_OVERRIDE
02-20 12:57:59.120  1811  5689 W OptProp : Cannot read opt property android.window.PROPERTY_COMPAT_ALLOW_MIN_ASPECT_RATIO_OVERRIDE
02-20 12:57:59.124  1811  1841 I ActivityManager: Start proc 23632:com.android.chrome:sandboxed_process0:org.chromium.content.app.SandboxedProcessService0:2/u0ai2 for  {com.android.chrome/org.chromium.content.app.SandboxedProcessService0:2}
02-20 12:57:59.131  1811  1811 E MBrainLocalService: notifyAppSwitch failed
02-20 12:57:59.133  1811  5689 I ActivityTaskManager: START u0 {act=android.intent.action.VIEW cat=[android.intent.category.BROWSABLE] dat=solana-wallet:/... flg=0x14000000 cmp=android/com.android.internal.app.ResolverActivity (has extras)} with LAUNCH_MULTIPLE from uid 10122 (BAL_ALLOW_VISIBLE_WINDOW) result code=0
02-20 12:57:59.139  1811  1829 E ApplicationHelper: Fail to get PackageManager
02-20 12:57:59.151  1811  1829 E ApplicationHelper: Fail to get PackageManager
02-20 12:57:59.153  1811  1829 E ApplicationHelper: Fail to get PackageManager
02-20 12:57:59.155  1811  5689 W WindowManager: Changing focus from Window{5698926 u0 com.android.chrome/org.chromium.chrome.browser.customtabs.TranslucentCustomTabActivity} to null displayId=0 Callers=com.android.server.wm.RootWindowContainer.updateFocusedWindowLocked:468 com.android.server.wm.WindowManagerService.updateFocusedWindowLocked:6623 com.android.server.wm.ActivityTaskManagerService.setLastResumedActivityUncheckLocked:5047 com.android.server.wm.ActivityTaskSupervisor.updateTopResumedActivityIfNeeded:2326 
02-20 12:57:59.158  1811  1811 E MBrainLocalService: notifyAppSwitch failed
02-20 12:57:59.158  1811  5689 W OptProp : Cannot read opt property android.window.PROPERTY_COMPAT_ALLOW_RESIZEABLE_ACTIVITY_OVERRIDES
02-20 12:57:59.159  1811  1829 E ApplicationHelper: Fail to get PackageManager
02-20 12:57:59.164  1811  5710 I ActivityManager: Killing 23632:com.android.chrome:sandboxed_process0:org.chromium.content.app.SandboxedProcessService0:2/u0a122i-8998 (adj 0): isolated not needed
02-20 12:57:59.165  1811  1829 E ApplicationHelper: Fail to get PackageManager
02-20 12:57:59.187  1811  1829 E ApplicationHelper: Fail to get PackageManager
02-20 12:57:59.190  1811  1829 E ApplicationHelper: Fail to get PackageManager
02-20 12:57:59.206  1811  5712 W WindowManager: Changing focus from null to Window{596edb8 u0 android/com.android.internal.app.ResolverActivity} displayId=0 Callers=com.android.server.wm.RootWindowContainer.updateFocusedWindowLocked:468 com.android.server.wm.WindowManagerService.updateFocusedWindowLocked:6623 com.android.server.wm.WindowManagerService.relayoutWindowInner:2691 com.android.server.wm.WindowManagerService.relayoutWindow:2361 
02-20 12:57:59.208  1811  5712 I WindowManager: Relayout Window{596edb8 u0 android/com.android.internal.app.ResolverActivity}: oldVis=4 newVis=0 focusMayChange = true requestedWidth = 1200 requestedHeight = 2670 outFrames = ClientWindowFrames{frame=[0,0][1200,2670] display=[0,0][1200,2670] parentFrame=[0,0][0,0]} outSurfaceControl = Surface(name=android/com.android.internal.app.ResolverActivity)/@0x2093ece
02-20 12:57:59.244  1811  1829 E ApplicationHelper: Fail to get PackageManager
02-20 12:57:59.246  1811  5689 W UserManagerService: Requested status bar icon for non-badged user 0
02-20 12:57:59.267  1811  5710 W PackageConfigPersister: App-specific configuration not found for packageName: android and userId: 0
02-20 12:57:59.283  1811  1829 E ApplicationHelper: Fail to get PackageManager
02-20 12:57:59.283  1811  1829 E ApplicationHelper: Fail to get PackageManager
02-20 12:57:59.283  1811  1829 E ApplicationHelper: Fail to get PackageManager
02-20 12:57:59.283  1811  1829 E ApplicationHelper: Fail to get PackageManager
02-20 12:57:59.283  1811  1829 E ApplicationHelper: Fail to get PackageManager
02-20 12:57:59.283  1811  1829 E ApplicationHelper: Fail to get PackageManager
02-20 12:57:59.283  1811  1829 E ApplicationHelper: Fail to get PackageManager
02-20 12:57:59.283  1811  1829 E ApplicationHelper: Fail to get PackageManager
02-20 12:57:59.283  1811  1829 E ApplicationHelper: Fail to get PackageManager
02-20 12:57:59.283  1811  1829 E ApplicationHelper: Fail to get PackageManager
02-20 12:57:59.284  1811  1829 E ApplicationHelper: Fail to get PackageManager
02-20 12:57:59.284  1811  1829 E ApplicationHelper: Fail to get PackageManager
02-20 12:57:59.284  1811  1829 E ApplicationHelper: Fail to get PackageManager
02-20 12:57:59.284  1811  1829 E ApplicationHelper: Fail to get PackageManager
02-20 12:57:59.284  1811  1829 E ApplicationHelper: Fail to get PackageManager
02-20 12:57:59.284  1811  1831 W ProcessStats: Tracking association SourceState{94ea383 com.android.vending/10113 ImpBg #63634} whose proc state 6 is better than process ProcessState{abef568 com.android.vending:background/10113 pkg=com.android.vending} proc state 14 (50 skipped)
02-20 12:57:59.404  1811  1829 E ApplicationHelper: Fail to get PackageManager
02-20 12:57:59.405  1811  1829 E ApplicationHelper: Fail to get PackageManager
02-20 12:57:59.563  1811  1829 E ApplicationHelper: Fail to get PackageManager
02-20 12:57:59.565  1811  5689 W UserManagerService: Requested status bar icon for non-badged user 0
02-20 12:57:59.811  1811  1829 E ApplicationHelper: Fail to get PackageManager
02-20 12:58:01.674  1811  5712 W OptProp : Cannot read opt property android.window.PROPERTY_COMPAT_ALLOW_ORIENTATION_OVERRIDE
02-20 12:58:01.677  1811  5712 W OptProp : Cannot read opt property android.window.PROPERTY_COMPAT_ALLOW_RESIZEABLE_ACTIVITY_OVERRIDES
02-20 12:58:01.677  1811  5712 W OptProp : Cannot read opt property android.window.PROPERTY_COMPAT_ALLOW_MIN_ASPECT_RATIO_OVERRIDE
02-20 12:58:01.686  1811  1811 E MBrainLocalService: notifyAppSwitch failed
02-20 12:58:01.687  1811  5712 I ActivityTaskManager: START u0 {act=android.intent.action.VIEW cat=[android.intent.category.BROWSABLE] dat=solana-wallet:/... flg=0x17000000 cmp=com.solanamobile.wallet/.MWABottomSheetActivity (has extras)} with LAUNCH_SINGLE_TASK from uid 10122 (realCallingUid=1000) (BAL_ALLOW_VISIBLE_WINDOW) result code=0
02-20 12:58:01.698  1811  1841 I ActivityManager: Start proc 23655:com.solanamobile.wallet/u0a58 for next-top-activity {com.solanamobile.wallet/com.solanamobile.wallet.MWABottomSheetActivity}
02-20 12:58:01.711  1811  1829 E ApplicationHelper: Fail to get PackageManager
02-20 12:58:01.711  1811  1829 E ApplicationHelper: Fail to get PackageManager
02-20 12:58:01.711  1811  1829 E ApplicationHelper: Fail to get PackageManager
02-20 12:58:01.711  1811  1829 E ApplicationHelper: Fail to get PackageManager
02-20 12:58:01.711  1811  1829 E ApplicationHelper: Fail to get PackageManager
02-20 12:58:01.711  1811  1829 E ApplicationHelper: Fail to get PackageManager
02-20 12:58:01.711  1811  1829 E ApplicationHelper: Fail to get PackageManager
02-20 12:58:01.716  1811  1829 E ApplicationHelper: Fail to get PackageManager
02-20 12:58:01.751  1811  5689 W WindowManager: Changing focus from Window{596edb8 u0 android/com.android.internal.app.ResolverActivity} to null displayId=0 Callers=com.android.server.wm.RootWindowContainer.updateFocusedWindowLocked:468 com.android.server.wm.WindowManagerService.updateFocusedWindowLocked:6623 com.android.server.wm.ActivityTaskManagerService.setLastResumedActivityUncheckLocked:5047 com.android.server.wm.ActivityTaskSupervisor.updateTopResumedActivityIfNeeded:2326 
02-20 12:58:01.752  1811  1811 E MBrainLocalService: notifyAppSwitch failed
02-20 12:58:01.910  1811  1829 E ApplicationHelper: Fail to get PackageManager
02-20 12:58:01.917  1811  1829 E ApplicationHelper: Fail to get PackageManager
02-20 12:58:01.917  1811  1829 E ApplicationHelper: Fail to get PackageManager
02-20 12:58:01.944  1811  5689 W WindowManager: Changing focus from null to Window{f0698f2 u0 com.solanamobile.wallet/com.solanamobile.wallet.MWABottomSheetActivity} displayId=0 Callers=com.android.server.wm.RootWindowContainer.updateFocusedWindowLocked:468 com.android.server.wm.WindowManagerService.updateFocusedWindowLocked:6623 com.android.server.wm.WindowManagerService.relayoutWindowInner:2691 com.android.server.wm.WindowManagerService.relayoutWindow:2361 
02-20 12:58:01.946  1811  5689 I WindowManager: Relayout Window{f0698f2 u0 com.solanamobile.wallet/com.solanamobile.wallet.MWABottomSheetActivity}: oldVis=4 newVis=0 focusMayChange = true requestedWidth = 1200 requestedHeight = 2488 outFrames = ClientWindowFrames{frame=[0,110][1200,2598] display=[0,78][1200,2598] parentFrame=[0,0][0,0]} outSurfaceControl = Surface(name=com.solanamobile.wallet/com.solanamobile.wallet.MWABottomSheetActivity)/@0x141831
02-20 12:58:01.988  1811  1829 E ApplicationHelper: Fail to get PackageManager
02-20 12:58:01.988  1811  1829 E ApplicationHelper: Fail to get PackageManager
02-20 12:58:01.991  1811  1829 E ApplicationHelper: Fail to get PackageManager
02-20 12:58:01.991  1811  1829 E ApplicationHelper: Fail to get PackageManager
02-20 12:58:01.994  1811  1829 E ApplicationHelper: Fail to get PackageManager
02-20 12:58:01.996  1811  5710 W UserManagerService: Requested status bar icon for non-badged user 0
02-20 12:58:02.000  1811  1829 E ApplicationHelper: Fail to get PackageManager
02-20 12:58:02.000  1811  1829 E ApplicationHelper: Fail to get PackageManager
02-20 12:58:02.000  1811  1829 E ApplicationHelper: Fail to get PackageManager
02-20 12:58:02.002  1811  2316 W PackageConfigPersister: App-specific configuration not found for packageName: com.solanamobile.wallet and userId: 0
02-20 12:58:02.304  1811  1829 E ApplicationHelper: Fail to get PackageManager
02-20 12:58:02.308  1811  2299 W UserManagerService: Requested status bar icon for non-badged user 0
02-20 12:58:02.310  1811  1829 E ApplicationHelper: Fail to get PackageManager
02-20 12:58:02.311  1811  1829 E ApplicationHelper: Fail to get PackageManager
02-20 12:58:02.311  1811  1829 E ApplicationHelper: Fail to get PackageManager
02-20 12:58:02.311  1811  1829 E ApplicationHelper: Fail to get PackageManager
02-20 12:58:02.311  1811  1829 E ApplicationHelper: Fail to get PackageManager
02-20 12:58:02.311  1811  1829 E ApplicationHelper: Fail to get PackageManager
02-20 12:58:02.311  1811  1829 E ApplicationHelper: Fail to get PackageManager
02-20 12:58:02.313  1811  2299 W UserManagerService: Requested status bar icon for non-badged user 0
02-20 12:58:02.342  1811  1882 W ActivityTaskManager: Finishing task with all activities already finished
02-20 12:58:02.343  1811  1882 W ActivityTaskManager: Duplicate finish request for r=ActivityRecord{32b22a5 u0 android/com.android.internal.app.ResolverActivity t695 f}}
02-20 12:58:02.998  1811  1841 I ActivityManager: Start proc 23844:com.solanamobile.seedvaultimpl/u0a87 for content provider {com.solanamobile.seedvaultimpl/com.solanamobile.seedvaultimpl.contentprovider.WalletContentProvider}
02-20 12:58:03.020  1811  1829 E ApplicationHelper: Fail to get PackageManager
02-20 12:58:03.053  1811  1829 E ApplicationHelper: Fail to get PackageManager
02-20 12:58:08.425  1811  1829 E ApplicationHelper: Fail to get PackageManager
02-20 12:58:08.759  1811  1860 I DisplayPowerController2[0]: BrightnessEvent: disp=0, physDisp=local:4627039422300187648, displayState=ON, displayPolicy=BRIGHT, brt=0.051581867, initBrt=0.06636803, rcmdBrt=0.051581867, preBrt=0.06636803, lux=13.690106, preLux=21.920284, hbmMax=1.0, hbmMode=off, rbcStrength=50, thrmMax=1.0, powerFactor=1.0, wasShortTermModelActive=false, flags=, reason=automatic, autoBrightness=true, strategy=InvalidBrightnessStrategy, autoBrightnessMode=default
02-20 12:58:08.764  1811  1811 I BrightnessSynchronizer: [260] New Update 0.051581867(f) set brightness values:  14(i)
02-20 12:58:08.767  1811  1811 I BrightnessSynchronizer: Swallowing update of 14(i) by update: {[260] 0.051581867(f), mUpdatedTypes=1, mConfirmedTypes=1, mTimeUpdated=26697083}
02-20 12:58:08.767  1811  1811 I BrightnessSynchronizer: Completed Update: {[260] 0.051581867(f), mUpdatedTypes=1, mConfirmedTypes=1, mTimeUpdated=26697083}
02-20 12:58:09.136  1811  1829 E ApplicationHelper: Fail to get PackageManager
02-20 12:58:10.893  1811  1811 E MBrainLocalService: notifyAppSwitch failed
02-20 12:58:10.898  1811  1882 W WindowManager: Changing focus from Window{f0698f2 u0 com.solanamobile.wallet/com.solanamobile.wallet.MWABottomSheetActivity} to Window{5698926 u0 com.android.chrome/org.chromium.chrome.browser.customtabs.TranslucentCustomTabActivity} displayId=0 Callers=com.android.server.wm.RootWindowContainer.updateFocusedWindowLocked:468 com.android.server.wm.WindowManagerService.updateFocusedWindowLocked:6623 com.android.server.wm.ActivityTaskManagerService.setLastResumedActivityUncheckLocked:5047 com.android.server.wm.ActivityTaskSupervisor.updateTopResumedActivityIfNeeded:2326 
02-20 12:58:10.906  1811  1811 E MBrainLocalService: notifyAppSwitch failed
02-20 12:58:10.922  1811  1831 W ProcessStats: Tracking association SourceState{94ea383 com.android.vending/10113 ImpBg #63673} whose proc state 6 is better than process ProcessState{abef568 com.android.vending:background/10113 pkg=com.android.vending} proc state 14 (11 skipped)
02-20 12:58:10.924  1811  1829 E ApplicationHelper: Fail to get PackageManager
02-20 12:58:10.924  1811  1829 E ApplicationHelper: Fail to get PackageManager
02-20 12:58:10.924  1811  1829 E ApplicationHelper: Fail to get PackageManager
02-20 12:58:10.924  1811  1829 E ApplicationHelper: Fail to get PackageManager
02-20 12:58:10.924  1811  1829 E ApplicationHelper: Fail to get PackageManager
02-20 12:58:10.924  1811  1829 E ApplicationHelper: Fail to get PackageManager
02-20 12:58:10.924  1811  1829 E ApplicationHelper: Fail to get PackageManager
02-20 12:58:10.924  1811  1829 E ApplicationHelper: Fail to get PackageManager
02-20 12:58:10.934  1811  2299 W UserManagerService: Requested status bar icon for non-badged user 0
02-20 12:58:10.936  1811  1829 E ApplicationHelper: Fail to get PackageManager
02-20 12:58:10.936  1811  1829 E ApplicationHelper: Fail to get PackageManager
02-20 12:58:10.938  1811  1829 E ApplicationHelper: Fail to get PackageManager
02-20 12:58:10.938  1811  1829 E ApplicationHelper: Fail to get PackageManager
02-20 12:58:10.945  1811  2299 W PackageConfigPersister: App-specific configuration not found for packageName: com.android.chrome and userId: 0
02-20 12:58:10.954  1811  1829 E ApplicationHelper: Fail to get PackageManager
02-20 12:58:10.954  1811  1829 E ApplicationHelper: Fail to get PackageManager
02-20 12:58:10.955  1811  1829 E ApplicationHelper: Fail to get PackageManager
02-20 12:58:10.955  1811  1829 E ApplicationHelper: Fail to get PackageManager
02-20 12:58:11.167  1811  1829 E ApplicationHelper: Fail to get PackageManager
02-20 12:58:11.172  1811  2299 W UserManagerService: Requested status bar icon for non-badged user 0
02-20 12:58:11.172  1811  1829 E ApplicationHelper: Fail to get PackageManager
02-20 12:58:11.172  1811  1829 E ApplicationHelper: Fail to get PackageManager
02-20 12:58:11.173  1811  1829 E ApplicationHelper: Fail to get PackageManager
02-20 12:58:11.173  1811  1829 E ApplicationHelper: Fail to get PackageManager
02-20 12:58:11.173  1811  1829 E ApplicationHelper: Fail to get PackageManager
02-20 12:58:11.173  1811  1829 E ApplicationHelper: Fail to get PackageManager
02-20 12:58:11.173  1811  1829 E ApplicationHelper: Fail to get PackageManager
02-20 12:58:11.173  1811  1829 E ApplicationHelper: Fail to get PackageManager
02-20 12:58:11.173  1811  1829 E ApplicationHelper: Fail to get PackageManager
02-20 12:58:11.173  1811  1829 E ApplicationHelper: Fail to get PackageManager
02-20 12:58:11.173  1811  1829 E ApplicationHelper: Fail to get PackageManager
02-20 12:58:11.173  1811  1829 E ApplicationHelper: Fail to get PackageManager
02-20 12:58:11.173  1811  1829 E ApplicationHelper: Fail to get PackageManager
02-20 12:58:11.173  1811  1829 E ApplicationHelper: Fail to get PackageManager
02-20 12:58:11.173  1811  1829 E ApplicationHelper: Fail to get PackageManager
02-20 12:58:14.449  1811  1829 E ApplicationHelper: Fail to get PackageManager
02-20 12:58:17.254  1811  1860 I DisplayPowerController2[0]: BrightnessEvent: disp=0, physDisp=local:4627039422300187648, displayState=ON, displayPolicy=BRIGHT, brt=0.0605966, initBrt=0.051581867, rcmdBrt=0.0605966, preBrt=0.051581867, lux=18.721455, preLux=13.690106, hbmMax=1.0, hbmMode=off, rbcStrength=50, thrmMax=1.0, powerFactor=1.0, wasShortTermModelActive=false, flags=, reason=automatic, autoBrightness=true, strategy=InvalidBrightnessStrategy, autoBrightnessMode=default
02-20 12:58:17.257  1811  1811 I BrightnessSynchronizer: [261] New Update 0.0605966(f) set brightness values:  16(i)
02-20 12:58:17.259  1811  1811 I BrightnessSynchronizer: Swallowing update of 16(i) by update: {[261] 0.0605966(f), mUpdatedTypes=1, mConfirmedTypes=1, mTimeUpdated=26705576}
02-20 12:58:17.259  1811  1811 I BrightnessSynchronizer: Completed Update: {[261] 0.0605966(f), mUpdatedTypes=1, mConfirmedTypes=1, mTimeUpdated=26705576}
02-20 12:58:19.828  1811  2299 I PackageManager: Result set changed, dropping preferred activity for Intent { act=android.intent.action.VIEW cat=[android.intent.category.BROWSABLE] dat=solana-wallet:/... flg=0x14000000 (has extras) } type null
02-20 12:58:19.830  1811  2299 W OptProp : Cannot read opt property android.window.PROPERTY_COMPAT_ALLOW_ORIENTATION_OVERRIDE
02-20 12:58:19.831  1811  2299 W OptProp : Cannot read opt property android.window.PROPERTY_COMPAT_ALLOW_MIN_ASPECT_RATIO_OVERRIDE
02-20 12:58:19.837  1811  1811 E MBrainLocalService: notifyAppSwitch failed
02-20 12:58:19.837  1811  1841 I ActivityManager: Start proc 23923:com.android.chrome:sandboxed_process0:org.chromium.content.app.SandboxedProcessService0:3/u0ai3 for  {com.android.chrome/org.chromium.content.app.SandboxedProcessService0:3}
02-20 12:58:19.838  1811  2299 I ActivityTaskManager: START u0 {act=android.intent.action.VIEW cat=[android.intent.category.BROWSABLE] dat=solana-wallet:/... flg=0x14000000 cmp=android/com.android.internal.app.ResolverActivity (has extras)} with LAUNCH_MULTIPLE from uid 10122 (BAL_ALLOW_VISIBLE_WINDOW) result code=0
02-20 12:58:19.852  1811  2299 W WindowManager: Changing focus from Window{5698926 u0 com.android.chrome/org.chromium.chrome.browser.customtabs.TranslucentCustomTabActivity} to null displayId=0 Callers=com.android.server.wm.RootWindowContainer.updateFocusedWindowLocked:468 com.android.server.wm.WindowManagerService.updateFocusedWindowLocked:6623 com.android.server.wm.ActivityTaskManagerService.setLastResumedActivityUncheckLocked:5047 com.android.server.wm.ActivityTaskSupervisor.updateTopResumedActivityIfNeeded:2326 
02-20 12:58:19.854  1811  2299 W OptProp : Cannot read opt property android.window.PROPERTY_COMPAT_ALLOW_RESIZEABLE_ACTIVITY_OVERRIDES
02-20 12:58:19.854  1811  1811 E MBrainLocalService: notifyAppSwitch failed
02-20 12:58:19.860  1811  1829 E ApplicationHelper: Fail to get PackageManager
02-20 12:58:19.861  1811  1829 E ApplicationHelper: Fail to get PackageManager
02-20 12:58:19.874  1811  1829 E ApplicationHelper: Fail to get PackageManager
02-20 12:58:19.879  1811  1829 E ApplicationHelper: Fail to get PackageManager
02-20 12:58:19.885  1811  1829 E ApplicationHelper: Fail to get PackageManager
02-20 12:58:19.891  1811  1882 I ActivityManager: Killing 23923:com.android.chrome:sandboxed_process0:org.chromium.content.app.SandboxedProcessService0:3/u0a122i-8997 (adj 0): isolated not needed
02-20 12:58:19.892  1811  1829 E ApplicationHelper: Fail to get PackageManager
02-20 12:58:19.893  1811  1829 E ApplicationHelper: Fail to get PackageManager
02-20 12:58:19.904  1811  2299 W WindowManager: Changing focus from null to Window{72a3b18 u0 android/com.android.internal.app.ResolverActivity} displayId=0 Callers=com.android.server.wm.RootWindowContainer.updateFocusedWindowLocked:468 com.android.server.wm.WindowManagerService.updateFocusedWindowLocked:6623 com.android.server.wm.WindowManagerService.relayoutWindowInner:2691 com.android.server.wm.WindowManagerService.relayoutWindow:2361 
