02-20 12:42:30.200  1811  1841 I ActivityManager: Start proc 21601:com.google.android.gms:com.google.android.gms.chimera.IsolatedBoundBrokerService/u0i68 for service {com.google.android.gms/com.google.android.gms.chimera.IsolatedBoundBrokerService}
02-20 12:42:30.202  1811  1829 E ApplicationHelper: Fail to get PackageManager
02-20 12:42:30.213  1811  1829 E ApplicationHelper: Fail to get PackageManager
02-20 12:42:30.215  1811  1829 E ApplicationHelper: Fail to get PackageManager
02-20 12:42:30.224  1811  1829 E ApplicationHelper: Fail to get PackageManager
02-20 12:42:30.224  1811  1829 E ApplicationHelper: Fail to get PackageManager
02-20 12:42:30.224  1811  5644 W JobScheduler: Job didn't exist in JobStore: 3e03626 #u0a104/4096 com.google.android.partnersetup/.InstalledAppJobService
02-20 12:42:30.226  1811  1829 E ApplicationHelper: Fail to get PackageManager
02-20 12:42:30.226  1811  1829 E ApplicationHelper: Fail to get PackageManager
02-20 12:42:30.259 21601 21601 W FileUtils: Failed to chmod(/data/user_de/0/com.google.android.gms/app_chimera): android.system.ErrnoException: chmod failed: ENOENT (No such file or directory)
02-20 12:42:30.260  1811  1829 E ApplicationHelper: Fail to get PackageManager
02-20 12:42:30.268  1811  1829 E ApplicationHelper: Fail to get PackageManager
02-20 12:42:30.273  1811  1829 E ApplicationHelper: Fail to get PackageManager
02-20 12:42:30.274  1811  1829 E ApplicationHelper: Fail to get PackageManager
02-20 12:42:30.276  1811  1829 E ApplicationHelper: Fail to get PackageManager
02-20 12:42:30.277  1811  1829 E ApplicationHelper: Fail to get PackageManager
02-20 12:42:30.282  1811  1829 E ApplicationHelper: Fail to get PackageManager
02-20 12:42:30.283  1811  1829 E ApplicationHelper: Fail to get PackageManager
02-20 12:42:30.287  1811  1829 E ApplicationHelper: Fail to get PackageManager
02-20 12:42:30.287  1811  1829 E ApplicationHelper: Fail to get PackageManager
02-20 12:42:30.288  1811  1829 E ApplicationHelper: Fail to get PackageManager
02-20 12:42:30.289  1811  1829 E ApplicationHelper: Fail to get PackageManager
02-20 12:42:30.289  1811  1829 E ApplicationHelper: Fail to get PackageManager
02-20 12:42:30.290  1811  1829 E ApplicationHelper: Fail to get PackageManager
02-20 12:42:30.341  1811  1829 E ApplicationHelper: Fail to get PackageManager
02-20 12:42:30.341  1811  1829 E ApplicationHelper: Fail to get PackageManager
02-20 12:42:30.343  1811  1829 E ApplicationHelper: Fail to get PackageManager
02-20 12:42:30.343  1811  1829 E ApplicationHelper: Fail to get PackageManager
02-20 12:42:30.359  1811  1829 E ApplicationHelper: Fail to get PackageManager
02-20 12:42:30.359  1811  1829 E ApplicationHelper: Fail to get PackageManager
02-20 12:42:30.391  1811  1829 E ApplicationHelper: Fail to get PackageManager
02-20 12:42:30.391  1811  1829 E ApplicationHelper: Fail to get PackageManager
02-20 12:42:30.408  1811  1829 E ApplicationHelper: Fail to get PackageManager
02-20 12:42:30.413  1811  1829 E ApplicationHelper: Fail to get PackageManager
02-20 12:42:30.445  1811  1829 E ApplicationHelper: Fail to get PackageManager
02-20 12:42:30.445  1811  1829 E ApplicationHelper: Fail to get PackageManager
02-20 12:42:30.450  1811  1829 E ApplicationHelper: Fail to get PackageManager
02-20 12:42:30.450  1811  1829 E ApplicationHelper: Fail to get PackageManager
02-20 12:42:30.471  1811  1829 E ApplicationHelper: Fail to get PackageManager
02-20 12:42:30.471  1811  1829 E ApplicationHelper: Fail to get PackageManager
02-20 12:42:30.473  1811  1829 E ApplicationHelper: Fail to get PackageManager
02-20 12:42:30.474  1811  1829 E ApplicationHelper: Fail to get PackageManager
02-20 12:42:30.571  1811  1829 E ApplicationHelper: Fail to get PackageManager
02-20 12:42:30.572  1811  1829 E ApplicationHelper: Fail to get PackageManager
02-20 12:42:30.574  1811  1829 E ApplicationHelper: Fail to get PackageManager
02-20 12:42:30.575  1811  1829 E ApplicationHelper: Fail to get PackageManager
02-20 12:42:30.676  1811  1841 I ActivityManager: Start proc 21666:com.android.chrome/u0a122 for broadcast {com.android.chrome/com.google.android.apps.chrome.rlz.RevenueStatsConfigurationUpdateReceiver}
02-20 12:42:30.695  1811  1829 E ApplicationHelper: Fail to get PackageManager
02-20 12:42:30.697  1811  1829 E ApplicationHelper: Fail to get PackageManager
02-20 12:42:30.697  1811  1829 E ApplicationHelper: Fail to get PackageManager
02-20 12:42:30.697  1811  1829 E ApplicationHelper: Fail to get PackageManager
02-20 12:42:30.698  1811  1829 E ApplicationHelper: Fail to get PackageManager
02-20 12:42:30.698  1811  1829 E ApplicationHelper: Fail to get PackageManager
02-20 12:42:30.698  1811  1829 E ApplicationHelper: Fail to get PackageManager
02-20 12:42:30.744  1811  1829 E ApplicationHelper: Fail to get PackageManager
02-20 12:42:30.749  1811  1829 E ApplicationHelper: Fail to get PackageManager
02-20 12:42:30.834  1811  1829 E ApplicationHelper: Fail to get PackageManager
02-20 12:42:30.834  1811  1829 E ApplicationHelper: Fail to get PackageManager
02-20 12:42:30.835  1811  1829 E ApplicationHelper: Fail to get PackageManager
02-20 12:42:30.836  1811  1829 E ApplicationHelper: Fail to get PackageManager
02-20 12:42:30.877  1811  1829 E ApplicationHelper: Fail to get PackageManager
02-20 12:42:30.877  1811  1829 E ApplicationHelper: Fail to get PackageManager
02-20 12:42:30.883  1811  1829 E ApplicationHelper: Fail to get PackageManager
02-20 12:42:30.883  1811  1829 E ApplicationHelper: Fail to get PackageManager
02-20 12:42:30.887  1811  1829 E ApplicationHelper: Fail to get PackageManager
02-20 12:42:30.887  1811  1829 E ApplicationHelper: Fail to get PackageManager
02-20 12:42:30.890  1811  1829 E ApplicationHelper: Fail to get PackageManager
02-20 12:42:30.890  1811  1829 E ApplicationHelper: Fail to get PackageManager
02-20 12:42:30.907  1811  1829 E ApplicationHelper: Fail to get PackageManager
02-20 12:42:30.907  1811  1829 E ApplicationHelper: Fail to get PackageManager
02-20 12:42:30.907  1811  1829 E ApplicationHelper: Fail to get PackageManager
02-20 12:42:30.908  1811  1829 E ApplicationHelper: Fail to get PackageManager
02-20 12:42:30.908  1811  1829 E ApplicationHelper: Fail to get PackageManager
02-20 12:42:30.912  1811  1841 I ActivityManager: Start proc 21691:com.google.android.gms:snet/u0a115 for service {com.google.android.gms/com.google.android.gms.chimera.SnetIntentOperationService}
02-20 12:42:30.938  1811  1829 E ApplicationHelper: Fail to get PackageManager
02-20 12:42:30.943  1811  1829 E ApplicationHelper: Fail to get PackageManager
02-20 12:42:30.943  1811  1829 E ApplicationHelper: Fail to get PackageManager
02-20 12:42:30.944  1811  1829 E ApplicationHelper: Fail to get PackageManager
02-20 12:42:30.944  1811  1829 E ApplicationHelper: Fail to get PackageManager
02-20 12:42:30.992  1811  1829 E ApplicationHelper: Fail to get PackageManager
02-20 12:42:30.993  1811  1829 E ApplicationHelper: Fail to get PackageManager
02-20 12:42:30.994  1811  1829 E ApplicationHelper: Fail to get PackageManager
02-20 12:42:30.994  1811  1829 E ApplicationHelper: Fail to get PackageManager
02-20 12:42:30.999  1811  1829 E ApplicationHelper: Fail to get PackageManager
02-20 12:42:30.999  1811  1829 E ApplicationHelper: Fail to get PackageManager
02-20 12:42:30.999  1811  1829 E ApplicationHelper: Fail to get PackageManager
02-20 12:42:30.999  1811  1829 E ApplicationHelper: Fail to get PackageManager
02-20 12:42:31.005  1811  1829 E ApplicationHelper: Fail to get PackageManager
02-20 12:42:31.005  1811  1829 E ApplicationHelper: Fail to get PackageManager
02-20 12:42:31.007  1811  1829 E ApplicationHelper: Fail to get PackageManager
02-20 12:42:31.007  1811  1829 E ApplicationHelper: Fail to get PackageManager
02-20 12:42:31.017  1811  1829 E ApplicationHelper: Fail to get PackageManager
02-20 12:42:31.017  1811  1829 E ApplicationHelper: Fail to get PackageManager
02-20 12:42:31.017  1811  1829 E ApplicationHelper: Fail to get PackageManager
02-20 12:42:31.018  1811  1829 E ApplicationHelper: Fail to get PackageManager
02-20 12:42:31.019  1811  1829 E ApplicationHelper: Fail to get PackageManager
02-20 12:42:31.070  1811  1829 E ApplicationHelper: Fail to get PackageManager
02-20 12:42:31.071  1811  1829 E ApplicationHelper: Fail to get PackageManager
02-20 12:42:31.071  1811  1829 E ApplicationHelper: Fail to get PackageManager
02-20 12:42:31.071  1811  1829 E ApplicationHelper: Fail to get PackageManager
02-20 12:42:31.086  1811  1829 E ApplicationHelper: Fail to get PackageManager
02-20 12:42:31.086  1811  1829 E ApplicationHelper: Fail to get PackageManager
02-20 12:42:31.087  1811  1829 E ApplicationHelper: Fail to get PackageManager
02-20 12:42:31.087  1811  1829 E ApplicationHelper: Fail to get PackageManager
02-20 12:42:31.092  1811  5645 I ActivityManager: Killing 21601:com.google.android.gms:com.google.android.gms.chimera.IsolatedBoundBrokerService/u0a115i68 (adj 0): isolated not needed
02-20 12:42:31.093  1811  1829 E ApplicationHelper: Fail to get PackageManager
02-20 12:42:31.096  1811  1829 E ApplicationHelper: Fail to get PackageManager
02-20 12:42:31.096  1811  1829 E ApplicationHelper: Fail to get PackageManager
02-20 12:42:31.112  1811  1829 E ApplicationHelper: Fail to get PackageManager
02-20 12:42:31.113  1811  1829 E ApplicationHelper: Fail to get PackageManager
02-20 12:42:31.113  1811  1829 E ApplicationHelper: Fail to get PackageManager
02-20 12:42:31.129  1811  1829 E ApplicationHelper: Fail to get PackageManager
02-20 12:42:31.130  1811  1829 E ApplicationHelper: Fail to get PackageManager
02-20 12:42:31.132  1811  1829 E ApplicationHelper: Fail to get PackageManager
02-20 12:42:31.135  1811  1829 E ApplicationHelper: Fail to get PackageManager
02-20 12:42:31.136  1811  1829 E ApplicationHelper: Fail to get PackageManager
02-20 12:42:31.139  1811  1829 E ApplicationHelper: Fail to get PackageManager
02-20 12:42:31.140  1811  1829 E ApplicationHelper: Fail to get PackageManager
02-20 12:42:31.148  1811  1829 E ApplicationHelper: Fail to get PackageManager
02-20 12:42:31.149  1811  1829 E ApplicationHelper: Fail to get PackageManager
02-20 12:42:31.150  1811  1829 E ApplicationHelper: Fail to get PackageManager
02-20 12:42:31.150  1811  1829 E ApplicationHelper: Fail to get PackageManager
02-20 12:42:31.153  1811  1829 E ApplicationHelper: Fail to get PackageManager
02-20 12:42:31.155  1811  1829 E ApplicationHelper: Fail to get PackageManager
02-20 12:42:31.157  1811  1829 E ApplicationHelper: Fail to get PackageManager
02-20 12:42:31.161  1811  1829 E ApplicationHelper: Fail to get PackageManager
02-20 12:42:31.163  1811  1829 E ApplicationHelper: Fail to get PackageManager
02-20 12:42:31.165  1811  1829 E ApplicationHelper: Fail to get PackageManager
02-20 12:42:31.169  1811  1829 E ApplicationHelper: Fail to get PackageManager
02-20 12:42:31.170  1811  1829 E ApplicationHelper: Fail to get PackageManager
02-20 12:42:31.173  1811  1829 E ApplicationHelper: Fail to get PackageManager
02-20 12:42:31.175  1811  1829 E ApplicationHelper: Fail to get PackageManager
02-20 12:42:31.176  1811  1829 E ApplicationHelper: Fail to get PackageManager
02-20 12:42:31.178  1811  1829 E ApplicationHelper: Fail to get PackageManager
02-20 12:42:31.179  1811  1829 E ApplicationHelper: Fail to get PackageManager
02-20 12:42:31.179  1811  1829 E ApplicationHelper: Fail to get PackageManager
02-20 12:42:31.182  1811  1829 E ApplicationHelper: Fail to get PackageManager
02-20 12:42:31.186  1811  1829 E ApplicationHelper: Fail to get PackageManager
02-20 12:42:31.187  1811  1829 E ApplicationHelper: Fail to get PackageManager
02-20 12:42:31.188  1811  1829 E ApplicationHelper: Fail to get PackageManager
02-20 12:42:31.189  1811  1829 E ApplicationHelper: Fail to get PackageManager
02-20 12:42:31.190  1811  1829 E ApplicationHelper: Fail to get PackageManager
02-20 12:42:31.193  1811  1829 E ApplicationHelper: Fail to get PackageManager
02-20 12:42:31.194  1811  1829 E ApplicationHelper: Fail to get PackageManager
02-20 12:42:31.219  1811  1829 E ApplicationHelper: Fail to get PackageManager
02-20 12:42:31.221  1811  1829 E ApplicationHelper: Fail to get PackageManager
02-20 12:42:31.223  1811  1829 E ApplicationHelper: Fail to get PackageManager
02-20 12:42:31.228  1811  1829 E ApplicationHelper: Fail to get PackageManager
02-20 12:42:31.235  1811  1829 E ApplicationHelper: Fail to get PackageManager
02-20 12:42:31.235  1811  1829 E ApplicationHelper: Fail to get PackageManager
02-20 12:42:31.255  1811  1829 E ApplicationHelper: Fail to get PackageManager
02-20 12:42:31.255  1811  1829 E ApplicationHelper: Fail to get PackageManager
02-20 12:42:31.316  1811  1829 E ApplicationHelper: Fail to get PackageManager
02-20 12:42:31.322  1811  1829 E ApplicationHelper: Fail to get PackageManager
02-20 12:42:31.353  1811  1829 E ApplicationHelper: Fail to get PackageManager
02-20 12:42:31.353  1811  1829 E ApplicationHelper: Fail to get PackageManager
02-20 12:42:31.354  1811  1829 E ApplicationHelper: Fail to get PackageManager
02-20 12:42:31.354  1811  1829 E ApplicationHelper: Fail to get PackageManager
02-20 12:42:31.366  1811  1829 E ApplicationHelper: Fail to get PackageManager
02-20 12:42:31.367  1811  1829 E ApplicationHelper: Fail to get PackageManager
02-20 12:42:31.370  1811  1829 E ApplicationHelper: Fail to get PackageManager
02-20 12:42:31.370  1811  1829 E ApplicationHelper: Fail to get PackageManager
02-20 12:42:31.376  1811  1829 E ApplicationHelper: Fail to get PackageManager
02-20 12:42:31.376  1811  1829 E ApplicationHelper: Fail to get PackageManager
02-20 12:42:31.383  1811  1841 I ActivityManager: Start proc 21732:com.google.android.apps.restore/u0a106 for service {com.google.android.apps.restore/com.google.android.apps.restore.backup.photos.apiservice.PhotosBackupApiEndpointService}
02-20 12:42:31.386  1811  1829 E ApplicationHelper: Fail to get PackageManager
02-20 12:42:31.386  1811  1829 E ApplicationHelper: Fail to get PackageManager
02-20 12:42:31.386  1811  1829 E ApplicationHelper: Fail to get PackageManager
02-20 12:42:31.386  1811  1829 E ApplicationHelper: Fail to get PackageManager
02-20 12:42:31.389  1811  1829 E ApplicationHelper: Fail to get PackageManager
02-20 12:42:31.390  1811  1829 E ApplicationHelper: Fail to get PackageManager
02-20 12:42:31.391  1811  1829 E ApplicationHelper: Fail to get PackageManager
02-20 12:42:31.391  1811  1829 E ApplicationHelper: Fail to get PackageManager
02-20 12:42:31.393  1811  1829 E ApplicationHelper: Fail to get PackageManager
02-20 12:42:31.396  1811  1829 E ApplicationHelper: Fail to get PackageManager
02-20 12:42:31.399  1811  1829 E ApplicationHelper: Fail to get PackageManager
02-20 12:42:31.404  1811  1841 I ActivityManager: Start proc 21746:com.google.android.apps.photos/u0a138 for service {com.google.android.apps.photos/com.google.android.apps.photos.backup.apiservice.grpc.PhotosBackupGrpcService}
02-20 12:42:31.406  1811  1829 E ApplicationHelper: Fail to get PackageManager
02-20 12:42:31.406  1811  1829 E ApplicationHelper: Fail to get PackageManager
02-20 12:42:31.407  1811  1829 E ApplicationHelper: Fail to get PackageManager
02-20 12:42:31.407  1811  1829 E ApplicationHelper: Fail to get PackageManager
02-20 12:42:31.424  1811  1829 E ApplicationHelper: Fail to get PackageManager
02-20 12:42:31.446  1811  1829 E ApplicationHelper: Fail to get PackageManager
02-20 12:42:31.464  1811  1829 E ApplicationHelper: Fail to get PackageManager
02-20 12:42:31.471  1811  1829 E ApplicationHelper: Fail to get PackageManager
02-20 12:42:31.471  1811  1829 E ApplicationHelper: Fail to get PackageManager
02-20 12:42:31.471  1811  1829 E ApplicationHelper: Fail to get PackageManager
02-20 12:42:31.472  1811  1829 E ApplicationHelper: Fail to get PackageManager
02-20 12:42:31.534  1811  1829 E ApplicationHelper: Fail to get PackageManager
02-20 12:42:31.534  1811  1829 E ApplicationHelper: Fail to get PackageManager
02-20 12:42:31.535  1811  1829 E ApplicationHelper: Fail to get PackageManager
02-20 12:42:31.535  1811  1829 E ApplicationHelper: Fail to get PackageManager
02-20 12:42:31.548  1811  1829 E ApplicationHelper: Fail to get PackageManager
02-20 12:42:31.549  1811  1829 E ApplicationHelper: Fail to get PackageManager
02-20 12:42:31.551  1811  1829 E ApplicationHelper: Fail to get PackageManager
02-20 12:42:31.559  1811  1829 E ApplicationHelper: Fail to get PackageManager
02-20 12:42:31.559  1811  1829 E ApplicationHelper: Fail to get PackageManager
02-20 12:42:31.560  1811  1829 E ApplicationHelper: Fail to get PackageManager
02-20 12:42:31.561  1811  1829 E ApplicationHelper: Fail to get PackageManager
02-20 12:42:31.563  1811  1829 E ApplicationHelper: Fail to get PackageManager
02-20 12:42:31.580  1811  1829 E ApplicationHelper: Fail to get PackageManager
02-20 12:42:31.580  1811  1829 E ApplicationHelper: Fail to get PackageManager
02-20 12:42:31.580  1811  1829 E ApplicationHelper: Fail to get PackageManager
02-20 12:42:31.580  1811  1829 E ApplicationHelper: Fail to get PackageManager
02-20 12:42:31.612  1811  1829 E ApplicationHelper: Fail to get PackageManager
02-20 12:42:31.612  1811  1829 E ApplicationHelper: Fail to get PackageManager
02-20 12:42:31.614  1811  1829 E ApplicationHelper: Fail to get PackageManager
02-20 12:42:31.614  1811  1829 E ApplicationHelper: Fail to get PackageManager
02-20 12:42:31.639  1811  1829 E ApplicationHelper: Fail to get PackageManager
02-20 12:42:31.639  1811  1829 E ApplicationHelper: Fail to get PackageManager
02-20 12:42:31.640  1811  1829 E ApplicationHelper: Fail to get PackageManager
02-20 12:42:31.641  1811  1829 E ApplicationHelper: Fail to get PackageManager
02-20 12:42:31.655  1811  1829 E ApplicationHelper: Fail to get PackageManager
02-20 12:42:31.655  1811  1829 E ApplicationHelper: Fail to get PackageManager
02-20 12:42:31.655  1811  1829 E ApplicationHelper: Fail to get PackageManager
02-20 12:42:31.655  1811  1829 E ApplicationHelper: Fail to get PackageManager
02-20 12:42:31.667  1811  1829 E ApplicationHelper: Fail to get PackageManager
02-20 12:42:31.667  1811  1829 E ApplicationHelper: Fail to get PackageManager
02-20 12:42:31.668  1811  1829 E ApplicationHelper: Fail to get PackageManager
02-20 12:42:31.668  1811  1829 E ApplicationHelper: Fail to get PackageManager
02-20 12:42:31.669  1811  1829 E ApplicationHelper: Fail to get PackageManager
02-20 12:42:31.669  1811  1829 E ApplicationHelper: Fail to get PackageManager
02-20 12:42:31.670  1811  1829 E ApplicationHelper: Fail to get PackageManager
02-20 12:42:31.670  1811  1829 E ApplicationHelper: Fail to get PackageManager
02-20 12:42:31.675  1811  1829 E ApplicationHelper: Fail to get PackageManager
02-20 12:42:31.675  1811  1829 E ApplicationHelper: Fail to get PackageManager
02-20 12:42:31.676  1811  1829 E ApplicationHelper: Fail to get PackageManager
02-20 12:42:31.676  1811  1829 E ApplicationHelper: Fail to get PackageManager
02-20 12:42:31.684  1811  1829 E ApplicationHelper: Fail to get PackageManager
02-20 12:42:31.684  1811  1829 E ApplicationHelper: Fail to get PackageManager
02-20 12:42:31.684  1811  1829 E ApplicationHelper: Fail to get PackageManager
02-20 12:42:31.684  1811  1829 E ApplicationHelper: Fail to get PackageManager
02-20 12:42:31.745  1811  1829 E ApplicationHelper: Fail to get PackageManager
02-20 12:42:31.746  1811  1829 E ApplicationHelper: Fail to get PackageManager
02-20 12:42:31.747  1811  1829 E ApplicationHelper: Fail to get PackageManager
02-20 12:42:31.747  1811  1829 E ApplicationHelper: Fail to get PackageManager
02-20 12:42:31.752  1811  1841 I ActivityManager: Start proc 21810:com.google.android.gms.learning/u0a115 for service {com.google.android.gms/com.google.android.gms.learning.training.background.TrainingGcmTaskService}
02-20 12:42:31.770  1811  1829 E ApplicationHelper: Fail to get PackageManager
02-20 12:42:31.771  1811  1829 E ApplicationHelper: Fail to get PackageManager
02-20 12:42:31.771  1811  1829 E ApplicationHelper: Fail to get PackageManager
02-20 12:42:31.772  1811  1829 E ApplicationHelper: Fail to get PackageManager
02-20 12:42:31.772  1811  1829 E ApplicationHelper: Fail to get PackageManager
02-20 12:42:31.805  1811  1829 E ApplicationHelper: Fail to get PackageManager
02-20 12:42:31.806  1811  1829 E ApplicationHelper: Fail to get PackageManager
02-20 12:42:31.806  1811  1829 E ApplicationHelper: Fail to get PackageManager
02-20 12:42:31.806  1811  1829 E ApplicationHelper: Fail to get PackageManager
02-20 12:42:31.836  1811  1829 E ApplicationHelper: Fail to get PackageManager
02-20 12:42:31.836  1811  1829 E ApplicationHelper: Fail to get PackageManager
02-20 12:42:31.836  1811  1829 E ApplicationHelper: Fail to get PackageManager
02-20 12:42:31.836  1811  1829 E ApplicationHelper: Fail to get PackageManager
02-20 12:42:31.885  1811  1829 E ApplicationHelper: Fail to get PackageManager
02-20 12:42:31.885  1811  1829 E ApplicationHelper: Fail to get PackageManager
02-20 12:42:31.890  1811  1829 E ApplicationHelper: Fail to get PackageManager
02-20 12:42:31.890  1811  1829 E ApplicationHelper: Fail to get PackageManager
02-20 12:42:31.902  1811  1829 E ApplicationHelper: Fail to get PackageManager
02-20 12:42:31.905  1811  1829 E ApplicationHelper: Fail to get PackageManager
02-20 12:42:31.905  1811  1829 E ApplicationHelper: Fail to get PackageManager
02-20 12:42:31.905  1811  1829 E ApplicationHelper: Fail to get PackageManager
02-20 12:42:31.905  1811  1829 E ApplicationHelper: Fail to get PackageManager
02-20 12:42:31.918  1811  1829 E ApplicationHelper: Fail to get PackageManager
02-20 12:42:31.919  1811  1829 E ApplicationHelper: Fail to get PackageManager
02-20 12:42:31.919  1811  1829 E ApplicationHelper: Fail to get PackageManager
02-20 12:42:31.920  1811  1829 E ApplicationHelper: Fail to get PackageManager
02-20 12:42:31.924  1811  1829 E ApplicationHelper: Fail to get PackageManager
02-20 12:42:31.924  1811  1829 E ApplicationHelper: Fail to get PackageManager
02-20 12:42:31.930  1811  1829 E ApplicationHelper: Fail to get PackageManager
02-20 12:42:31.930  1811  1829 E ApplicationHelper: Fail to get PackageManager
02-20 12:42:31.986  1811  1829 E ApplicationHelper: Fail to get PackageManager
02-20 12:42:31.986  1811  1829 E ApplicationHelper: Fail to get PackageManager
02-20 12:42:32.001  1811  1829 E ApplicationHelper: Fail to get PackageManager
02-20 12:42:32.001  1811  1829 E ApplicationHelper: Fail to get PackageManager
02-20 12:42:32.006  1811  1829 E ApplicationHelper: Fail to get PackageManager
02-20 12:42:32.006  1811  1829 E ApplicationHelper: Fail to get PackageManager
02-20 12:42:32.021  1811  1829 E ApplicationHelper: Fail to get PackageManager
02-20 12:42:32.026  1811  1829 E ApplicationHelper: Fail to get PackageManager
02-20 12:42:32.038  1811  1829 E ApplicationHelper: Fail to get PackageManager
02-20 12:42:32.052  1811  1829 E ApplicationHelper: Fail to get PackageManager
02-20 12:42:32.052  1811  1829 E ApplicationHelper: Fail to get PackageManager
02-20 12:42:32.052  1811  1829 E ApplicationHelper: Fail to get PackageManager
02-20 12:42:32.055  1811  1829 E ApplicationHelper: Fail to get PackageManager
02-20 12:42:32.055  1811  1829 E ApplicationHelper: Fail to get PackageManager
02-20 12:42:32.055  1811  1829 E ApplicationHelper: Fail to get PackageManager
02-20 12:42:32.056  1811  1829 E ApplicationHelper: Fail to get PackageManager
02-20 12:42:32.056  1811  1829 E ApplicationHelper: Fail to get PackageManager
02-20 12:42:32.056  1811  1829 E ApplicationHelper: Fail to get PackageManager
02-20 12:42:32.058  1811  1829 E ApplicationHelper: Fail to get PackageManager
02-20 12:42:32.058  1811  1829 E ApplicationHelper: Fail to get PackageManager
02-20 12:42:32.058  1811  1829 E ApplicationHelper: Fail to get PackageManager
02-20 12:42:32.059  1811  1829 E ApplicationHelper: Fail to get PackageManager
02-20 12:42:32.059  1811  1829 E ApplicationHelper: Fail to get PackageManager
02-20 12:42:32.059  1811  1829 E ApplicationHelper: Fail to get PackageManager
02-20 12:42:32.060  1811  1829 E ApplicationHelper: Fail to get PackageManager
02-20 12:42:32.060  1811  1829 E ApplicationHelper: Fail to get PackageManager
02-20 12:42:32.060  1811  1829 E ApplicationHelper: Fail to get PackageManager
02-20 12:42:32.077  1811  1829 E ApplicationHelper: Fail to get PackageManager
02-20 12:42:32.077  1811  1829 E ApplicationHelper: Fail to get PackageManager
02-20 12:42:32.077  1811  1829 E ApplicationHelper: Fail to get PackageManager
02-20 12:42:32.079  1811  1829 E ApplicationHelper: Fail to get PackageManager
02-20 12:42:32.079  1811  1829 E ApplicationHelper: Fail to get PackageManager
02-20 12:42:32.079  1811  1829 E ApplicationHelper: Fail to get PackageManager
02-20 12:42:32.088  1811  1829 E ApplicationHelper: Fail to get PackageManager
02-20 12:42:32.088  1811  1829 E ApplicationHelper: Fail to get PackageManager
02-20 12:42:32.088  1811  1829 E ApplicationHelper: Fail to get PackageManager
02-20 12:42:32.089  1811  1829 E ApplicationHelper: Fail to get PackageManager
02-20 12:42:32.089  1811  1829 E ApplicationHelper: Fail to get PackageManager
02-20 12:42:32.089  1811  1829 E ApplicationHelper: Fail to get PackageManager
02-20 12:42:32.100  1811  1829 E ApplicationHelper: Fail to get PackageManager
02-20 12:42:32.101  1811  1829 E ApplicationHelper: Fail to get PackageManager
02-20 12:42:32.101  1811  1829 E ApplicationHelper: Fail to get PackageManager
02-20 12:42:32.101  1811  1829 E ApplicationHelper: Fail to get PackageManager
02-20 12:42:32.101  1811  1829 E ApplicationHelper: Fail to get PackageManager
02-20 12:42:32.101  1811  1829 E ApplicationHelper: Fail to get PackageManager
02-20 12:42:32.168  1811  1829 E ApplicationHelper: Fail to get PackageManager
02-20 12:42:32.168  1811  1829 E ApplicationHelper: Fail to get PackageManager
02-20 12:42:32.168  1811  1829 E ApplicationHelper: Fail to get PackageManager
02-20 12:42:32.168  1811  1829 E ApplicationHelper: Fail to get PackageManager
02-20 12:42:32.168  1811  1829 E ApplicationHelper: Fail to get PackageManager
02-20 12:42:32.169  1811  1829 E ApplicationHelper: Fail to get PackageManager
02-20 12:42:32.179  1811  1829 E ApplicationHelper: Fail to get PackageManager
02-20 12:42:32.179  1811  1829 E ApplicationHelper: Fail to get PackageManager
02-20 12:42:32.179  1811  1829 E ApplicationHelper: Fail to get PackageManager
02-20 12:42:32.179  1811  1829 E ApplicationHelper: Fail to get PackageManager
02-20 12:42:32.179  1811  1829 E ApplicationHelper: Fail to get PackageManager
02-20 12:42:32.179  1811  1829 E ApplicationHelper: Fail to get PackageManager
02-20 12:42:32.190  1811  1829 E ApplicationHelper: Fail to get PackageManager
02-20 12:42:32.190  1811  1829 E ApplicationHelper: Fail to get PackageManager
02-20 12:42:32.190  1811  1829 E ApplicationHelper: Fail to get PackageManager
02-20 12:42:32.191  1811  1829 E ApplicationHelper: Fail to get PackageManager
02-20 12:42:32.191  1811  1829 E ApplicationHelper: Fail to get PackageManager
02-20 12:42:32.191  1811  1829 E ApplicationHelper: Fail to get PackageManager
02-20 12:42:32.204  1811  1829 E ApplicationHelper: Fail to get PackageManager
02-20 12:42:32.204  1811  1829 E ApplicationHelper: Fail to get PackageManager
02-20 12:42:32.204  1811  1829 E ApplicationHelper: Fail to get PackageManager
02-20 12:42:32.205  1811  1829 E ApplicationHelper: Fail to get PackageManager
02-20 12:42:32.205  1811  1829 E ApplicationHelper: Fail to get PackageManager
02-20 12:42:32.205  1811  1829 E ApplicationHelper: Fail to get PackageManager
02-20 12:42:32.225  1811  1829 E ApplicationHelper: Fail to get PackageManager
02-20 12:42:32.225  1811  1829 E ApplicationHelper: Fail to get PackageManager
02-20 12:42:32.225  1811  1829 E ApplicationHelper: Fail to get PackageManager
02-20 12:42:32.225  1811  1829 E ApplicationHelper: Fail to get PackageManager
02-20 12:42:32.225  1811  1829 E ApplicationHelper: Fail to get PackageManager
02-20 12:42:32.225  1811  1829 E ApplicationHelper: Fail to get PackageManager
02-20 12:42:32.256  1811  1829 E ApplicationHelper: Fail to get PackageManager
02-20 12:42:32.256  1811  1829 E ApplicationHelper: Fail to get PackageManager
02-20 12:42:32.256  1811  1829 E ApplicationHelper: Fail to get PackageManager
02-20 12:42:32.257  1811  1829 E ApplicationHelper: Fail to get PackageManager
02-20 12:42:32.257  1811  1829 E ApplicationHelper: Fail to get PackageManager
02-20 12:42:32.257  1811  1829 E ApplicationHelper: Fail to get PackageManager
02-20 12:42:32.285  1811  1829 E ApplicationHelper: Fail to get PackageManager
02-20 12:42:32.285  1811  1829 E ApplicationHelper: Fail to get PackageManager
02-20 12:42:32.285  1811  1829 E ApplicationHelper: Fail to get PackageManager
02-20 12:42:32.285  1811  1829 E ApplicationHelper: Fail to get PackageManager
02-20 12:42:32.285  1811  1829 E ApplicationHelper: Fail to get PackageManager
02-20 12:42:32.285  1811  1829 E ApplicationHelper: Fail to get PackageManager
02-20 12:42:32.287  1811  1829 E ApplicationHelper: Fail to get PackageManager
02-20 12:42:32.287  1811  1829 E ApplicationHelper: Fail to get PackageManager
02-20 12:42:32.287  1811  1829 E ApplicationHelper: Fail to get PackageManager
02-20 12:42:32.289  1811  1829 E ApplicationHelper: Fail to get PackageManager
02-20 12:42:32.289  1811  1829 E ApplicationHelper: Fail to get PackageManager
02-20 12:42:32.289  1811  1829 E ApplicationHelper: Fail to get PackageManager
02-20 12:42:32.302  1811  1829 E ApplicationHelper: Fail to get PackageManager
02-20 12:42:32.302  1811  1829 E ApplicationHelper: Fail to get PackageManager
02-20 12:42:32.302  1811  1829 E ApplicationHelper: Fail to get PackageManager
02-20 12:42:32.302  1811  1829 E ApplicationHelper: Fail to get PackageManager
02-20 12:42:32.302  1811  1829 E ApplicationHelper: Fail to get PackageManager
02-20 12:42:32.302  1811  1829 E ApplicationHelper: Fail to get PackageManager
02-20 12:42:32.383  1811  1829 E ApplicationHelper: Fail to get PackageManager
02-20 12:42:32.383  1811  1829 E ApplicationHelper: Fail to get PackageManager
02-20 12:42:32.383  1811  1829 E ApplicationHelper: Fail to get PackageManager
02-20 12:42:32.383  1811  1829 E ApplicationHelper: Fail to get PackageManager
02-20 12:42:32.383  1811  1829 E ApplicationHelper: Fail to get PackageManager
02-20 12:42:32.383  1811  1829 E ApplicationHelper: Fail to get PackageManager
02-20 12:42:32.716  1811  1829 E ApplicationHelper: Fail to get PackageManager
02-20 12:42:32.720  1811  1829 E ApplicationHelper: Fail to get PackageManager
02-20 12:42:32.738  1811  1829 E ApplicationHelper: Fail to get PackageManager
02-20 12:42:32.747  1811  1829 E ApplicationHelper: Fail to get PackageManager
02-20 12:42:32.989  1811  1829 E ApplicationHelper: Fail to get PackageManager
02-20 12:42:32.989  1811  1829 E ApplicationHelper: Fail to get PackageManager
02-20 12:42:32.989  1811  1829 E ApplicationHelper: Fail to get PackageManager
02-20 12:42:32.990  1811  1829 E ApplicationHelper: Fail to get PackageManager
02-20 12:42:32.991  1811  1829 E ApplicationHelper: Fail to get PackageManager
02-20 12:42:32.991  1811  1829 E ApplicationHelper: Fail to get PackageManager
02-20 12:42:33.034  1811  1829 E ApplicationHelper: Fail to get PackageManager
02-20 12:42:33.034  1811  1829 E ApplicationHelper: Fail to get PackageManager
02-20 12:42:33.034  1811  1829 E ApplicationHelper: Fail to get PackageManager
02-20 12:42:33.036  1811  1829 E ApplicationHelper: Fail to get PackageManager
02-20 12:42:33.036  1811  1829 E ApplicationHelper: Fail to get PackageManager
02-20 12:42:33.036  1811  1829 E ApplicationHelper: Fail to get PackageManager
02-20 12:42:33.077  1811  3487 W ActivityManager: Unable to start service Intent { act=com.google.android.gms.mdocstore.service.MDOC_STORE pkg=com.google.android.gms } U=0: not found
02-20 12:42:33.077  1811  3487 W ActivityManager: Unbind failed: could not find connection for android.os.BinderProxy@903d9b2
02-20 12:42:33.081  1811  3487 W ActivityManager: Unable to start service Intent { act=com.google.android.gms.mdocstore.service.MDOC_STORE pkg=com.google.android.gms } U=0: not found
02-20 12:42:33.081  1811  3487 W ActivityManager: Unbind failed: could not find connection for android.os.BinderProxy@685cab9
02-20 12:42:33.086  1811  3487 W ActivityManager: Unable to start service Intent { act=com.google.android.gms.mdocstore.service.MDOC_STORE pkg=com.google.android.gms } U=0: not found
02-20 12:42:33.087  1811  3487 W ActivityManager: Unbind failed: could not find connection for android.os.BinderProxy@ed1defe
02-20 12:42:33.090  1811  1829 E ApplicationHelper: Fail to get PackageManager
02-20 12:42:33.090  1811  1829 E ApplicationHelper: Fail to get PackageManager
02-20 12:42:33.090  1811  1829 E ApplicationHelper: Fail to get PackageManager
02-20 12:42:33.093  1811  1829 E ApplicationHelper: Fail to get PackageManager
02-20 12:42:33.093  1811  1829 E ApplicationHelper: Fail to get PackageManager
02-20 12:42:33.093  1811  1829 E ApplicationHelper: Fail to get PackageManager
02-20 12:42:33.096  1811  3487 W ActivityManager: Unable to start service Intent { act=com.google.android.gms.mdocstore.service.MDOC_STORE pkg=com.google.android.gms } U=0: not found
02-20 12:42:33.096  1811  3487 W ActivityManager: Unbind failed: could not find connection for android.os.BinderProxy@de8ed0a
02-20 12:42:33.185  1811  1829 E ApplicationHelper: Fail to get PackageManager
02-20 12:42:33.185  1811  1829 E ApplicationHelper: Fail to get PackageManager
02-20 12:42:33.185  1811  1829 E ApplicationHelper: Fail to get PackageManager
02-20 12:42:33.187  1811  1829 E ApplicationHelper: Fail to get PackageManager
02-20 12:42:33.187  1811  1829 E ApplicationHelper: Fail to get PackageManager
02-20 12:42:33.187  1811  1829 E ApplicationHelper: Fail to get PackageManager
02-20 12:42:33.192 26357 28395 E ActivityThread: Failed to find provider info for gmail-ofls
02-20 12:42:33.196 26357 28395 E ActivityThread: Failed to find provider info for gmail-ofls
02-20 12:42:33.220  1811  1829 E ApplicationHelper: Fail to get PackageManager
02-20 12:42:33.220  1811  1829 E ApplicationHelper: Fail to get PackageManager
02-20 12:42:33.220  1811  1829 E ApplicationHelper: Fail to get PackageManager
02-20 12:42:33.223  1811  1829 E ApplicationHelper: Fail to get PackageManager
02-20 12:42:33.223  1811  1829 E ApplicationHelper: Fail to get PackageManager
02-20 12:42:33.223  1811  1829 E ApplicationHelper: Fail to get PackageManager
02-20 12:42:33.588  1811  1829 E ApplicationHelper: Fail to get PackageManager
02-20 12:42:33.588  1811  1829 E ApplicationHelper: Fail to get PackageManager
02-20 12:42:33.588  1811  1829 E ApplicationHelper: Fail to get PackageManager
02-20 12:42:33.589  1811  1829 E ApplicationHelper: Fail to get PackageManager
02-20 12:42:33.589  1811  1829 E ApplicationHelper: Fail to get PackageManager
02-20 12:42:33.589  1811  1829 E ApplicationHelper: Fail to get PackageManager
02-20 12:42:33.634  1811  1829 E ApplicationHelper: Fail to get PackageManager
02-20 12:42:33.634  1811  1829 E ApplicationHelper: Fail to get PackageManager
02-20 12:42:33.634  1811  1829 E ApplicationHelper: Fail to get PackageManager
02-20 12:42:33.635  1811  1829 E ApplicationHelper: Fail to get PackageManager
02-20 12:42:33.635  1811  1829 E ApplicationHelper: Fail to get PackageManager
02-20 12:42:33.635  1811  1829 E ApplicationHelper: Fail to get PackageManager
02-20 12:42:33.835  1811  1829 E ApplicationHelper: Fail to get PackageManager
02-20 12:42:33.844  1811  1829 E ApplicationHelper: Fail to get PackageManager
02-20 12:42:33.847  1811  1829 E ApplicationHelper: Fail to get PackageManager
02-20 12:42:33.849  1811  1829 E ApplicationHelper: Fail to get PackageManager
02-20 12:42:33.885  1811  1829 E ApplicationHelper: Fail to get PackageManager
02-20 12:42:33.886  1811  1829 E ApplicationHelper: Fail to get PackageManager
02-20 12:42:33.888  1811  1829 E ApplicationHelper: Fail to get PackageManager
02-20 12:42:33.888  1811  1829 E ApplicationHelper: Fail to get PackageManager
02-20 12:42:33.893  1811  1829 E ApplicationHelper: Fail to get PackageManager
02-20 12:42:33.894  1811  1829 E ApplicationHelper: Fail to get PackageManager
02-20 12:42:34.375  1811  1829 E ApplicationHelper: Fail to get PackageManager
02-20 12:42:34.377  1811  1829 E ApplicationHelper: Fail to get PackageManager
02-20 12:42:34.405  1811  1829 E ApplicationHelper: Fail to get PackageManager
02-20 12:42:34.405  1811  1829 E ApplicationHelper: Fail to get PackageManager
02-20 12:42:34.405  1811  1829 E ApplicationHelper: Fail to get PackageManager
02-20 12:42:34.408  1811  1829 E ApplicationHelper: Fail to get PackageManager
02-20 12:42:34.408  1811  1829 E ApplicationHelper: Fail to get PackageManager
02-20 12:42:34.408  1811  1829 E ApplicationHelper: Fail to get PackageManager
02-20 12:42:34.410  1811  1829 E ApplicationHelper: Fail to get PackageManager
02-20 12:42:34.410  1811  1829 E ApplicationHelper: Fail to get PackageManager
02-20 12:42:34.410  1811  1829 E ApplicationHelper: Fail to get PackageManager
02-20 12:42:34.411  1811  1829 E ApplicationHelper: Fail to get PackageManager
02-20 12:42:34.412  1811  1829 E ApplicationHelper: Fail to get PackageManager
02-20 12:42:34.412  1811  1829 E ApplicationHelper: Fail to get PackageManager
02-20 12:42:34.551  1811  1829 E ApplicationHelper: Fail to get PackageManager
02-20 12:42:34.551  1811  1829 E ApplicationHelper: Fail to get PackageManager
02-20 12:42:34.551  1811  1829 E ApplicationHelper: Fail to get PackageManager
02-20 12:42:34.555  1811  1829 E ApplicationHelper: Fail to get PackageManager
02-20 12:42:34.555  1811  1829 E ApplicationHelper: Fail to get PackageManager
02-20 12:42:34.555  1811  1829 E ApplicationHelper: Fail to get PackageManager
02-20 12:42:34.555 26357 21649 E ActivityThread: Failed to find provider info for gmail-ofls
02-20 12:42:34.581  1811  1829 E ApplicationHelper: Fail to get PackageManager
02-20 12:42:34.581  1811  1829 E ApplicationHelper: Fail to get PackageManager
02-20 12:42:34.581  1811  1829 E ApplicationHelper: Fail to get PackageManager
02-20 12:42:34.585  1811  1829 E ApplicationHelper: Fail to get PackageManager
02-20 12:42:34.585  1811  1829 E ApplicationHelper: Fail to get PackageManager
02-20 12:42:34.585  1811  1829 E ApplicationHelper: Fail to get PackageManager
02-20 12:42:34.800  1811  1829 E ApplicationHelper: Fail to get PackageManager
02-20 12:42:34.800  1811  1829 E ApplicationHelper: Fail to get PackageManager
02-20 12:42:34.800  1811  1829 E ApplicationHelper: Fail to get PackageManager
02-20 12:42:34.801  1811  1829 E ApplicationHelper: Fail to get PackageManager
02-20 12:42:34.801  1811  1829 E ApplicationHelper: Fail to get PackageManager
02-20 12:42:34.801  1811  1829 E ApplicationHelper: Fail to get PackageManager
02-20 12:42:34.803  1811  1829 E ApplicationHelper: Fail to get PackageManager
02-20 12:42:34.803  1811  1829 E ApplicationHelper: Fail to get PackageManager
02-20 12:42:34.803  1811  1829 E ApplicationHelper: Fail to get PackageManager
02-20 12:42:34.807  1811  1829 E ApplicationHelper: Fail to get PackageManager
02-20 12:42:34.807  1811  1829 E ApplicationHelper: Fail to get PackageManager
02-20 12:42:34.807  1811  1829 E ApplicationHelper: Fail to get PackageManager
02-20 12:42:34.878  1811  1829 E ApplicationHelper: Fail to get PackageManager
02-20 12:42:34.878  1811  1829 E ApplicationHelper: Fail to get PackageManager
02-20 12:42:34.878  1811  1829 E ApplicationHelper: Fail to get PackageManager
02-20 12:42:34.879  1811  1829 E ApplicationHelper: Fail to get PackageManager
02-20 12:42:34.880  1811  1829 E ApplicationHelper: Fail to get PackageManager
02-20 12:42:34.880  1811  1829 E ApplicationHelper: Fail to get PackageManager
02-20 12:42:34.920  1811  1829 E ApplicationHelper: Fail to get PackageManager
02-20 12:42:34.920  1811  1829 E ApplicationHelper: Fail to get PackageManager
02-20 12:42:34.920  1811  1829 E ApplicationHelper: Fail to get PackageManager
02-20 12:42:34.922  1811  1829 E ApplicationHelper: Fail to get PackageManager
02-20 12:42:34.922  1811  1829 E ApplicationHelper: Fail to get PackageManager
02-20 12:42:34.922  1811  1829 E ApplicationHelper: Fail to get PackageManager
02-20 12:42:34.988  1811  1829 E ApplicationHelper: Fail to get PackageManager
02-20 12:42:34.988  1811  1829 E ApplicationHelper: Fail to get PackageManager
02-20 12:42:34.988  1811  1829 E ApplicationHelper: Fail to get PackageManager
02-20 12:42:34.990  1811  1829 E ApplicationHelper: Fail to get PackageManager
02-20 12:42:34.990  1811  1829 E ApplicationHelper: Fail to get PackageManager
02-20 12:42:34.990  1811  1829 E ApplicationHelper: Fail to get PackageManager
02-20 12:42:35.077  1811  1829 E ApplicationHelper: Fail to get PackageManager
02-20 12:42:35.077  1811  1829 E ApplicationHelper: Fail to get PackageManager
02-20 12:42:35.077  1811  1829 E ApplicationHelper: Fail to get PackageManager
02-20 12:42:35.077  1811  1829 E ApplicationHelper: Fail to get PackageManager
02-20 12:42:35.077  1811  1829 E ApplicationHelper: Fail to get PackageManager
02-20 12:42:35.077  1811  1829 E ApplicationHelper: Fail to get PackageManager
02-20 12:42:35.086  1811  1829 E ApplicationHelper: Fail to get PackageManager
02-20 12:42:35.086  1811  1829 E ApplicationHelper: Fail to get PackageManager
02-20 12:42:35.086  1811  1829 E ApplicationHelper: Fail to get PackageManager
02-20 12:42:35.089  1811  1829 E ApplicationHelper: Fail to get PackageManager
02-20 12:42:35.089  1811  1829 E ApplicationHelper: Fail to get PackageManager
02-20 12:42:35.089  1811  1829 E ApplicationHelper: Fail to get PackageManager
02-20 12:42:35.112  1811  1829 E ApplicationHelper: Fail to get PackageManager
02-20 12:42:35.112  1811  1829 E ApplicationHelper: Fail to get PackageManager
02-20 12:42:35.112  1811  1829 E ApplicationHelper: Fail to get PackageManager
02-20 12:42:35.113  1811  1829 E ApplicationHelper: Fail to get PackageManager
02-20 12:42:35.113  1811  1829 E ApplicationHelper: Fail to get PackageManager
02-20 12:42:35.113  1811  1829 E ApplicationHelper: Fail to get PackageManager
02-20 12:42:35.141  1811  1829 E ApplicationHelper: Fail to get PackageManager
02-20 12:42:35.141  1811  1829 E ApplicationHelper: Fail to get PackageManager
02-20 12:42:35.141  1811  1829 E ApplicationHelper: Fail to get PackageManager
02-20 12:42:35.143  1811  1829 E ApplicationHelper: Fail to get PackageManager
02-20 12:42:35.144  1811  1829 E ApplicationHelper: Fail to get PackageManager
02-20 12:42:35.144  1811  1829 E ApplicationHelper: Fail to get PackageManager
02-20 12:42:35.187  1811  1829 E ApplicationHelper: Fail to get PackageManager
02-20 12:42:35.188  1811  1829 E ApplicationHelper: Fail to get PackageManager
02-20 12:42:35.188  1811  1829 E ApplicationHelper: Fail to get PackageManager
02-20 12:42:35.191  1811  1829 E ApplicationHelper: Fail to get PackageManager
02-20 12:42:35.191  1811  1829 E ApplicationHelper: Fail to get PackageManager
02-20 12:42:35.191  1811  1829 E ApplicationHelper: Fail to get PackageManager
02-20 12:42:35.471  1811  1829 E ApplicationHelper: Fail to get PackageManager
02-20 12:42:35.471  1811  1829 E ApplicationHelper: Fail to get PackageManager
02-20 12:42:35.471  1811  1829 E ApplicationHelper: Fail to get PackageManager
02-20 12:42:35.472  1811  2299 I ActivityManager: Killing 19956:com.google.android.webview:webview_service/u0a137 (adj 965): empty #17
02-20 12:42:35.476  1811  1829 E ApplicationHelper: Fail to get PackageManager
02-20 12:42:35.476  1811  1829 E ApplicationHelper: Fail to get PackageManager
02-20 12:42:35.476  1811  1829 E ApplicationHelper: Fail to get PackageManager
02-20 12:42:35.483  1811  1829 E ApplicationHelper: Fail to get PackageManager
02-20 12:42:35.483  1811  1829 E ApplicationHelper: Fail to get PackageManager
02-20 12:42:35.483  1811  1829 E ApplicationHelper: Fail to get PackageManager
02-20 12:42:35.484  1811  1829 E ApplicationHelper: Fail to get PackageManager
02-20 12:42:35.484  1811  1829 E ApplicationHelper: Fail to get PackageManager
02-20 12:42:35.484  1811  1829 E ApplicationHelper: Fail to get PackageManager
02-20 12:42:35.503  1811  1829 E ApplicationHelper: Fail to get PackageManager
02-20 12:42:35.503  1811  1829 E ApplicationHelper: Fail to get PackageManager
02-20 12:42:35.503  1811  1829 E ApplicationHelper: Fail to get PackageManager
02-20 12:42:35.513  1811  1829 E ApplicationHelper: Fail to get PackageManager
02-20 12:42:35.514  1811  1829 E ApplicationHelper: Fail to get PackageManager
02-20 12:42:35.514  1811  1829 E ApplicationHelper: Fail to get PackageManager
02-20 12:42:35.523  1811  1829 E ApplicationHelper: Fail to get PackageManager
02-20 12:42:35.523  1811  1829 E ApplicationHelper: Fail to get PackageManager
02-20 12:42:35.523  1811  1829 E ApplicationHelper: Fail to get PackageManager
02-20 12:42:35.531  1811  1829 E ApplicationHelper: Fail to get PackageManager
02-20 12:42:35.531  1811  1829 E ApplicationHelper: Fail to get PackageManager
02-20 12:42:35.531  1811  1829 E ApplicationHelper: Fail to get PackageManager
02-20 12:42:35.538  1811  1829 E ApplicationHelper: Fail to get PackageManager
02-20 12:42:35.538  1811  1829 E ApplicationHelper: Fail to get PackageManager
02-20 12:42:35.538  1811  1829 E ApplicationHelper: Fail to get PackageManager
02-20 12:42:35.539  1811  1829 E ApplicationHelper: Fail to get PackageManager
02-20 12:42:35.539  1811  1829 E ApplicationHelper: Fail to get PackageManager
02-20 12:42:35.539  1811  1829 E ApplicationHelper: Fail to get PackageManager
02-20 12:42:35.580  1811  1829 E ApplicationHelper: Fail to get PackageManager
02-20 12:42:35.580  1811  1829 E ApplicationHelper: Fail to get PackageManager
02-20 12:42:35.580  1811  1829 E ApplicationHelper: Fail to get PackageManager
02-20 12:42:35.584  1811  1829 E ApplicationHelper: Fail to get PackageManager
02-20 12:42:35.584  1811  1829 E ApplicationHelper: Fail to get PackageManager
02-20 12:42:35.584  1811  1829 E ApplicationHelper: Fail to get PackageManager
02-20 12:42:35.587  1811  1829 E ApplicationHelper: Fail to get PackageManager
02-20 12:42:35.587  1811  1829 E ApplicationHelper: Fail to get PackageManager
02-20 12:42:35.587  1811  1829 E ApplicationHelper: Fail to get PackageManager
02-20 12:42:35.591  1811  1829 E ApplicationHelper: Fail to get PackageManager
02-20 12:42:35.592  1811  1829 E ApplicationHelper: Fail to get PackageManager
02-20 12:42:35.592  1811  1829 E ApplicationHelper: Fail to get PackageManager
02-20 12:42:35.612  1811  1829 E ApplicationHelper: Fail to get PackageManager
02-20 12:42:35.612  1811  1829 E ApplicationHelper: Fail to get PackageManager
02-20 12:42:35.612  1811  1829 E ApplicationHelper: Fail to get PackageManager
02-20 12:42:35.617  1811  1829 E ApplicationHelper: Fail to get PackageManager
02-20 12:42:35.617  1811  1829 E ApplicationHelper: Fail to get PackageManager
02-20 12:42:35.617  1811  1829 E ApplicationHelper: Fail to get PackageManager
02-20 12:42:35.620  1811  1829 E ApplicationHelper: Fail to get PackageManager
02-20 12:42:35.620  1811  1829 E ApplicationHelper: Fail to get PackageManager
02-20 12:42:35.620  1811  1829 E ApplicationHelper: Fail to get PackageManager
02-20 12:42:35.622  1811  1829 E ApplicationHelper: Fail to get PackageManager
02-20 12:42:35.622  1811  1829 E ApplicationHelper: Fail to get PackageManager
02-20 12:42:35.622  1811  1829 E ApplicationHelper: Fail to get PackageManager
02-20 12:42:35.630  1811  1829 E ApplicationHelper: Fail to get PackageManager
02-20 12:42:35.630  1811  1829 E ApplicationHelper: Fail to get PackageManager
02-20 12:42:35.630  1811  1829 E ApplicationHelper: Fail to get PackageManager
02-20 12:42:35.636  1811  1829 E ApplicationHelper: Fail to get PackageManager
02-20 12:42:35.636  1811  1829 E ApplicationHelper: Fail to get PackageManager
02-20 12:42:35.637  1811  1829 E ApplicationHelper: Fail to get PackageManager
02-20 12:42:35.640  1811  1829 E ApplicationHelper: Fail to get PackageManager
02-20 12:42:35.640  1811  1829 E ApplicationHelper: Fail to get PackageManager
02-20 12:42:35.640  1811  1829 E ApplicationHelper: Fail to get PackageManager
02-20 12:42:35.642  1811  1829 E ApplicationHelper: Fail to get PackageManager
02-20 12:42:35.642  1811  1829 E ApplicationHelper: Fail to get PackageManager
02-20 12:42:35.642  1811  1829 E ApplicationHelper: Fail to get PackageManager
02-20 12:42:35.670  1811  1829 E ApplicationHelper: Fail to get PackageManager
02-20 12:42:35.670  1811  1829 E ApplicationHelper: Fail to get PackageManager
02-20 12:42:35.670  1811  1829 E ApplicationHelper: Fail to get PackageManager
02-20 12:42:35.673  1811  1829 E ApplicationHelper: Fail to get PackageManager
02-20 12:42:35.673  1811  1829 E ApplicationHelper: Fail to get PackageManager
02-20 12:42:35.673  1811  1829 E ApplicationHelper: Fail to get PackageManager
02-20 12:42:35.676  1811  1829 E ApplicationHelper: Fail to get PackageManager
02-20 12:42:35.676  1811  1829 E ApplicationHelper: Fail to get PackageManager
02-20 12:42:35.676  1811  1829 E ApplicationHelper: Fail to get PackageManager
02-20 12:42:35.677  1811  1829 E ApplicationHelper: Fail to get PackageManager
02-20 12:42:35.677  1811  1829 E ApplicationHelper: Fail to get PackageManager
02-20 12:42:35.677  1811  1829 E ApplicationHelper: Fail to get PackageManager
02-20 12:42:35.679  1811  1829 E ApplicationHelper: Fail to get PackageManager
02-20 12:42:35.679  1811  1829 E ApplicationHelper: Fail to get PackageManager
02-20 12:42:35.679  1811  1829 E ApplicationHelper: Fail to get PackageManager
02-20 12:42:35.682  1811  1829 E ApplicationHelper: Fail to get PackageManager
02-20 12:42:35.682  1811  1829 E ApplicationHelper: Fail to get PackageManager
