02-20 16:01:14.343  1446  1532 E mtk_storageproxyd: mtk.ufs.trustonic.ta: ipc connect failed (-12)
02-20 16:01:14.551  1276  1276 I BufferQueueProducer: [app.validator.intelligence/app.validator.intelligence.MainActivity#3190](this:0xb400007b1faa43d0,id:-1,api:0,p:-1,c:1276) queueBuffer: fps=115.38 dur=1005.40 max=16.88 min=7.67
02-20 16:01:14.643  1229  1229 I hwcomposer: [HWCDisplay] [Display_0 (type:1, mode:2)] fps:115.431473,dur:1004.93,max:17.75,min:5.57  
02-20 16:01:14.668  2055  2062 I WifiHAL : LLS RSP: data=0xb40000753b9d3030, len=4868
02-20 16:01:14.669  2055  2062 I WifiHAL : LLS check_data_sanity: 1821: current_radio_stat->num_channels=43
02-20 16:01:14.669  2055  2062 I WifiHAL : LLS check_data_sanity: 1821: current_radio_stat->num_channels=17
02-20 16:01:14.669  2055  2062 I WifiHAL : LLS check_data_sanity: confirmed_size=4868, len=4868
02-20 16:01:14.682  2055  2062 I WifiHAL : feature_set=0x8489341a
02-20 16:01:15.050  1248  1309 I libPerfCtl: xgfGetFPS pid:2194 fps:-1
02-20 16:01:15.050  1248  1309 I libPerfCtl: xgfGetFPS pid:6384 fps:-1
02-20 16:01:15.555  1276  1276 I BufferQueueProducer: [app.validator.intelligence/app.validator.intelligence.MainActivity#3190](this:0xb400007b1faa43d0,id:-1,api:0,p:-1,c:1276) queueBuffer: fps=113.51 dur=1004.34 max=24.73 min=7.14
02-20 16:01:15.648  1229  1229 I hwcomposer: [HWCDisplay] [Display_0 (type:1, mode:2)] fps:113.442146,dur:1004.92,max:24.79,min:6.36  
02-20 16:01:16.050  1248  1309 I libPerfCtl: xgfGetFPS pid:2194 fps:-1
02-20 16:01:16.050  1248  1309 I libPerfCtl: xgfGetFPS pid:6384 fps:-1
02-20 16:01:16.560  1276  1276 I BufferQueueProducer: [app.validator.intelligence/app.validator.intelligence.MainActivity#3190](this:0xb400007b1faa43d0,id:-1,api:0,p:-1,c:1276) queueBuffer: fps=115.39 dur=1005.31 max=17.00 min=7.59
02-20 16:01:16.638  1211  1710 I netd    : setProcSysNet(4, 2, wlan0, retrans_time_ms, 750) <0.24ms>
02-20 16:01:16.639  1211  1710 I netd    : setProcSysNet(4, 2, wlan0, ucast_solicit, 10) <0.14ms>
02-20 16:01:16.640  1211  1710 I netd    : setProcSysNet(6, 2, wlan0, retrans_time_ms, 750) <0.18ms>
02-20 16:01:16.641  1211  1710 I netd    : setProcSysNet(6, 2, wlan0, ucast_solicit, 10) <0.28ms>
02-20 16:01:16.652  1229  1229 I hwcomposer: [HWCDisplay] [Display_0 (type:1, mode:2)] fps:114.498436,dur:1004.38,max:17.76,min:6.27  
02-20 16:01:16.939 10211  6506 I BugleRcsEngine: getConfigServerUrl without simId [CONTEXT log_prefix="ProvisioningServerUtil" thread_id=155 ]
02-20 16:01:16.942  1811  1829 E ApplicationHelper: Fail to get PackageManager
02-20 16:01:16.957 10211  6506 I BugleRcsEngine: Using config server URL from dpjr [CONTEXT log_prefix="ProvisioningServerUtil" thread_id=155 ]
02-20 16:01:17.051  1248  1309 I libPerfCtl: xgfGetFPS pid:2194 fps:-1
02-20 16:01:17.051  1248  1309 I libPerfCtl: xgfGetFPS pid:6384 fps:-1
02-20 16:01:17.345  1446  1532 E mtk_storageproxyd: ipc-trustonic: ipc_trustonic_connect: Unable to resolve family name (-12)
02-20 16:01:17.565  1276  1276 I BufferQueueProducer: [app.validator.intelligence/app.validator.intelligence.MainActivity#3190](this:0xb400007b1faa43d0,id:-1,api:0,p:-1,c:1276) queueBuffer: fps=112.50 dur=1004.42 max=17.00 min=7.35
02-20 16:01:17.659  1229  1229 I hwcomposer: [HWCDisplay] [Display_0 (type:1, mode:2)] fps:113.306900,dur:1006.12,max:17.70,min:6.29  
02-20 16:01:17.698  2055  2062 I WifiHAL : LLS RSP: data=0xb40000753b9d3030, len=4868
02-20 16:01:17.698  2055  2062 I WifiHAL : LLS check_data_sanity: 1821: current_radio_stat->num_channels=43
02-20 16:01:17.698  2055  2062 I WifiHAL : LLS check_data_sanity: 1821: current_radio_stat->num_channels=17
02-20 16:01:17.698  2055  2062 I WifiHAL : LLS check_data_sanity: confirmed_size=4868, len=4868
02-20 16:01:17.710  2055  2061 I WifiHAL : feature_set=0x8489341a
02-20 16:01:18.051  1248  1309 I libPerfCtl: xgfGetFPS pid:2194 fps:-1
02-20 16:01:18.051  1248  1309 I libPerfCtl: xgfGetFPS pid:6384 fps:-1
02-20 16:01:18.349  1446  1532 E mtk_storageproxyd: ipc-trustonic: ipc_trustonic_connect: retry left 9
02-20 16:01:18.350  1446  1532 E mtk_storageproxyd: ipc-trustonic: ipc_trustonic_connect: Unable to resolve family name (-12)
02-20 16:01:18.531  1811  1860 I DisplayPowerController2[0]: BrightnessEvent: disp=0, physDisp=local:4627039422300187648, displayState=ON, displayPolicy=DIM, brt=0.0, initBrt=0.027559055, rcmdBrt=0.027559055, preBrt=NaN, lux=0.0, preLux=NaN, hbmMax=1.0, hbmMode=off, rbcStrength=50, thrmMax=1.0, powerFactor=1.0, wasShortTermModelActive=false, flags=, reason=automatic [ dim ], autoBrightness=true, strategy=InvalidBrightnessStrategy, autoBrightnessMode=default
02-20 16:01:18.539  1229  1229 E hwcomposer: [LEDDEV] brightness_val(63)  
02-20 16:01:18.547  1229  1229 E hwcomposer: [LEDDEV] brightness_val(60)  
02-20 16:01:18.555  1229  1229 E hwcomposer: [LEDDEV] brightness_val(58)  
02-20 16:01:18.563  1229  1229 E hwcomposer: [LEDDEV] brightness_val(56)  
02-20 16:01:18.569  1276  1276 I BufferQueueProducer: [app.validator.intelligence/app.validator.intelligence.MainActivity#3190](this:0xb400007b1faa43d0,id:-1,api:0,p:-1,c:1276) queueBuffer: fps=116.45 dur=1004.74 max=17.01 min=7.34
02-20 16:01:18.571  1229  1229 E hwcomposer: [LEDDEV] brightness_val(53)  
02-20 16:01:18.579  1229  1229 E hwcomposer: [LEDDEV] brightness_val(51)  
02-20 16:01:18.587  1229  1229 E hwcomposer: [LEDDEV] brightness_val(49)  
02-20 16:01:18.596  1229  1229 E hwcomposer: [LEDDEV] brightness_val(47)  
02-20 16:01:18.604  1229  1229 E hwcomposer: [LEDDEV] brightness_val(45)  
02-20 16:01:18.613  1229  1229 E hwcomposer: [LEDDEV] brightness_val(43)  
02-20 16:01:18.621  1229  1229 E hwcomposer: [LEDDEV] brightness_val(41)  
02-20 16:01:18.629  1229  1229 E hwcomposer: [LEDDEV] brightness_val(39)  
02-20 16:01:18.638  1229  1229 E hwcomposer: [LEDDEV] brightness_val(37)  
02-20 16:01:18.646  1229  1229 E hwcomposer: [LEDDEV] brightness_val(35)  
02-20 16:01:18.654  1229  1229 E hwcomposer: [LEDDEV] brightness_val(33)  
02-20 16:01:18.662  1229  1229 E hwcomposer: [LEDDEV] brightness_val(31)  
02-20 16:01:18.663  1229  1229 I hwcomposer: [HWCDisplay] [Display_0 (type:1, mode:2)] fps:116.512238,dur:1004.19,max:17.96,min:6.00  
02-20 16:01:18.670  1229  1229 E hwcomposer: [LEDDEV] brightness_val(30)  
02-20 16:01:18.679  1229  1229 E hwcomposer: [LEDDEV] brightness_val(28)  
02-20 16:01:18.688  1229  1229 E hwcomposer: [LEDDEV] brightness_val(27)  
02-20 16:01:18.696  1229  1229 E hwcomposer: [LEDDEV] brightness_val(25)  
02-20 16:01:18.704  1229  1229 E hwcomposer: [LEDDEV] brightness_val(24)  
02-20 16:01:18.712  1229  1229 E hwcomposer: [LEDDEV] brightness_val(22)  
02-20 16:01:18.720  1229  1229 E hwcomposer: [LEDDEV] brightness_val(21)  
02-20 16:01:18.728  1229  1229 E hwcomposer: [LEDDEV] brightness_val(20)  
02-20 16:01:18.737  1229  1229 E hwcomposer: [LEDDEV] brightness_val(18)  
02-20 16:01:18.746  1229  1229 E hwcomposer: [LEDDEV] brightness_val(17)  
02-20 16:01:18.762  1229  1229 E hwcomposer: [LEDDEV] brightness_val(15)  
02-20 16:01:18.772  1229  1229 E hwcomposer: [LEDDEV] brightness_val(14)  
02-20 16:01:18.779  1229  1229 E hwcomposer: [LEDDEV] brightness_val(13)  
02-20 16:01:18.788  1229  1229 E hwcomposer: [LEDDEV] brightness_val(12)  
02-20 16:01:18.795  1229  1229 E hwcomposer: [LEDDEV] brightness_val(11)  
02-20 16:01:18.803  1229  1229 E hwcomposer: [LEDDEV] brightness_val(10)  
02-20 16:01:18.812  1229  1229 E hwcomposer: [LEDDEV] brightness_val(9)  
02-20 16:01:18.820  1229  1229 E hwcomposer: [LEDDEV] brightness_val(9)  
02-20 16:01:18.829  1229  1229 E hwcomposer: [LEDDEV] brightness_val(8)  
02-20 16:01:18.837  1229  1229 E hwcomposer: [LEDDEV] brightness_val(7)  
02-20 16:01:18.845  1229  1229 E hwcomposer: [LEDDEV] brightness_val(7)  
02-20 16:01:18.853  1229  1229 E hwcomposer: [LEDDEV] brightness_val(6)  
02-20 16:01:18.861  1229  1229 E hwcomposer: [LEDDEV] brightness_val(6)  
02-20 16:01:18.870  1229  1229 E hwcomposer: [LEDDEV] brightness_val(5)  
02-20 16:01:18.878  1229  1229 E hwcomposer: [LEDDEV] brightness_val(5)  
02-20 16:01:18.887  1229  1229 E hwcomposer: [LEDDEV] brightness_val(4)  
02-20 16:01:18.896  1229  1229 E hwcomposer: [LEDDEV] brightness_val(4)  
02-20 16:01:18.903  1229  1229 E hwcomposer: [LEDDEV] brightness_val(4)  
02-20 16:01:18.912  1229  1229 E hwcomposer: [LEDDEV] brightness_val(4)  
02-20 16:01:18.921  1229  1229 E hwcomposer: [LEDDEV] brightness_val(4)  
02-20 16:01:18.928  1229  1229 E hwcomposer: [LEDDEV] brightness_val(4)  
02-20 16:01:18.937  1229  1229 E hwcomposer: [LEDDEV] brightness_val(4)  
02-20 16:01:19.051  1248  1309 I libPerfCtl: xgfGetFPS pid:2194 fps:-1
02-20 16:01:19.052  1248  1309 I libPerfCtl: xgfGetFPS pid:6384 fps:-1
02-20 16:01:19.351  1446  1532 E mtk_storageproxyd: ipc-trustonic: ipc_trustonic_connect: retry left 8
02-20 16:01:19.353  1446  1532 E mtk_storageproxyd: ipc-trustonic: ipc_trustonic_connect: Unable to resolve family name (-12)
02-20 16:01:19.575  1276  1276 I BufferQueueProducer: [app.validator.intelligence/app.validator.intelligence.MainActivity#3190](this:0xb400007b1faa43d0,id:-1,api:0,p:-1,c:1276) queueBuffer: fps=115.36 dur=1005.55 max=16.99 min=7.38
02-20 16:01:19.668  1229  1229 I hwcomposer: [HWCDisplay] [Display_0 (type:1, mode:2)] fps:116.417114,dur:1005.01,max:18.19,min:6.31  
02-20 16:01:20.052  1248  1309 I libPerfCtl: xgfGetFPS pid:2194 fps:-1
02-20 16:01:20.052  1248  1309 I libPerfCtl: xgfGetFPS pid:6384 fps:-1
02-20 16:01:20.353  1446  1532 E mtk_storageproxyd: ipc-trustonic: ipc_trustonic_connect: retry left 7
02-20 16:01:20.360  1446  1532 E mtk_storageproxyd: ipc-trustonic: ipc_trustonic_connect: Unable to resolve family name (-12)
02-20 16:01:20.580  1276  1276 I BufferQueueProducer: [app.validator.intelligence/app.validator.intelligence.MainActivity#3190](this:0xb400007b1faa43d0,id:-1,api:0,p:-1,c:1276) queueBuffer: fps=119.45 dur=1004.59 max=17.45 min=7.39
02-20 16:01:20.673  1229  1229 I hwcomposer: [HWCDisplay] [Display_0 (type:1, mode:2)] fps:120.391373,dur:1005.06,max:10.56,min:6.09  
02-20 16:01:20.728  2055  2061 I WifiHAL : LLS RSP: data=0xb40000753b9d67d0, len=4868
02-20 16:01:20.728  2055  2061 I WifiHAL : LLS check_data_sanity: 1821: current_radio_stat->num_channels=43
02-20 16:01:20.728  2055  2061 I WifiHAL : LLS check_data_sanity: 1821: current_radio_stat->num_channels=17
02-20 16:01:20.728  2055  2061 I WifiHAL : LLS check_data_sanity: confirmed_size=4868, len=4868
02-20 16:01:20.738  2055  2062 I WifiHAL : feature_set=0x8489341a
02-20 16:01:21.052  1248  1309 I libPerfCtl: xgfGetFPS pid:2194 fps:-1
02-20 16:01:21.052  1248  1309 I libPerfCtl: xgfGetFPS pid:6384 fps:-1
02-20 16:01:21.361  1446  1532 E mtk_storageproxyd: ipc-trustonic: ipc_trustonic_connect: retry left 6
02-20 16:01:21.362  1446  1532 E mtk_storageproxyd: ipc-trustonic: ipc_trustonic_connect: Unable to resolve family name (-12)
02-20 16:01:21.585  1276  1276 I BufferQueueProducer: [app.validator.intelligence/app.validator.intelligence.MainActivity#3190](this:0xb400007b1faa43d0,id:-1,api:0,p:-1,c:1276) queueBuffer: fps=119.40 dur=1005.03 max=17.47 min=7.61
02-20 16:01:21.679  1229  1229 I hwcomposer: [HWCDisplay] [Display_0 (type:1, mode:2)] fps:119.279411,dur:1006.04,max:20.14,min:5.98  
02-20 16:01:22.053  1248  1309 I libPerfCtl: xgfGetFPS pid:2194 fps:-1
02-20 16:01:22.055  1248  1309 I libPerfCtl: xgfGetFPS pid:6384 fps:-1
02-20 16:01:22.363  1446  1532 E mtk_storageproxyd: ipc-trustonic: ipc_trustonic_connect: retry left 5
02-20 16:01:22.364  1446  1532 E mtk_storageproxyd: ipc-trustonic: ipc_trustonic_connect: Unable to resolve family name (-12)
02-20 16:01:22.589  1276  1276 I BufferQueueProducer: [app.validator.intelligence/app.validator.intelligence.MainActivity#3190](this:0xb400007b1faa43d0,id:-1,api:0,p:-1,c:1276) queueBuffer: fps=118.44 dur=1004.75 max=16.61 min=7.33
02-20 16:01:22.682  1229  1229 I hwcomposer: [HWCDisplay] [Display_0 (type:1, mode:2)] fps:116.637062,dur:1003.11,max:17.69,min:5.99  
02-20 16:01:22.991  1811  1829 E ApplicationHelper: Fail to get PackageManager
02-20 16:01:23.052  1248  1309 I libPerfCtl: xgfGetFPS pid:2194 fps:-1
02-20 16:01:23.053  1248  1309 I libPerfCtl: xgfGetFPS pid:6384 fps:-1
02-20 16:01:23.364  1446  1532 E mtk_storageproxyd: ipc-trustonic: ipc_trustonic_connect: retry left 4
02-20 16:01:23.368  1446  1532 E mtk_storageproxyd: ipc-trustonic: ipc_trustonic_connect: Unable to resolve family name (-12)
02-20 16:01:23.594  1276  1276 I BufferQueueProducer: [app.validator.intelligence/app.validator.intelligence.MainActivity#3190](this:0xb400007b1faa43d0,id:-1,api:0,p:-1,c:1276) queueBuffer: fps=116.44 dur=1004.78 max=17.53 min=7.57
02-20 16:01:23.688  1229  1229 I hwcomposer: [HWCDisplay] [Display_0 (type:1, mode:2)] fps:118.321129,dur:1005.74,max:17.00,min:6.07  
02-20 16:01:23.744  2055  2062 I WifiHAL : LLS RSP: data=0xb40000753b9d3030, len=4868
02-20 16:01:23.744  2055  2062 I WifiHAL : LLS check_data_sanity: 1821: current_radio_stat->num_channels=43
02-20 16:01:23.744  2055  2062 I WifiHAL : LLS check_data_sanity: 1821: current_radio_stat->num_channels=17
02-20 16:01:23.744  2055  2062 I WifiHAL : LLS check_data_sanity: confirmed_size=4868, len=4868
02-20 16:01:23.752  2055  2062 I WifiHAL : feature_set=0x8489341a
02-20 16:01:24.052  1248  1309 I libPerfCtl: xgfGetFPS pid:2194 fps:-1
02-20 16:01:24.052  1248  1309 I libPerfCtl: xgfGetFPS pid:6384 fps:-1
02-20 16:01:24.369  1446  1532 E mtk_storageproxyd: ipc-trustonic: ipc_trustonic_connect: retry left 3
02-20 16:01:24.372  1446  1532 E mtk_storageproxyd: ipc-trustonic: ipc_trustonic_connect: Unable to resolve family name (-12)
02-20 16:01:24.599  1276  1276 I BufferQueueProducer: [app.validator.intelligence/app.validator.intelligence.MainActivity#3190](this:0xb400007b1faa43d0,id:-1,api:0,p:-1,c:1276) queueBuffer: fps=113.44 dur=1004.94 max=17.20 min=7.55
02-20 16:01:24.692  1229  1229 I hwcomposer: [HWCDisplay] [Display_0 (type:1, mode:2)] fps:113.495697,dur:1004.44,max:17.98,min:5.55  
02-20 16:01:25.053  1248  1309 I libPerfCtl: xgfGetFPS pid:2194 fps:-1
02-20 16:01:25.053  1248  1309 I libPerfCtl: xgfGetFPS pid:6384 fps:-1
02-20 16:01:25.373  1446  1532 E mtk_storageproxyd: ipc-trustonic: ipc_trustonic_connect: retry left 2
02-20 16:01:25.375  1446  1532 E mtk_storageproxyd: ipc-trustonic: ipc_trustonic_connect: Unable to resolve family name (-12)
02-20 16:01:25.520  1811  1860 I PowerGroup: Powering off display group due to timeout (groupId= 0, uid= 1000, millisSinceLastUserActivity=60000, lastUserActivityEvent=touch)...
02-20 16:01:25.521  1811  1860 I PowerManagerService: Going to sleep due to timeout (uid 1000, screenOffTimeout=60000, activityTimeoutWM=-1, maxDimRatio=0.20000005, maxDimDur=7000)...
02-20 16:01:25.528  1811  1829 E ApplicationHelper: Fail to get PackageManager
02-20 16:01:25.528  1811  1829 E ApplicationHelper: Fail to get PackageManager
02-20 16:01:25.528  1811  1829 E ApplicationHelper: Fail to get PackageManager
02-20 16:01:25.528  1811  1829 E ApplicationHelper: Fail to get PackageManager
02-20 16:01:25.528  1811  1829 E ApplicationHelper: Fail to get PackageManager
02-20 16:01:25.528  1811  1829 E ApplicationHelper: Fail to get PackageManager
02-20 16:01:25.528  1811  1829 E ApplicationHelper: Fail to get PackageManager
02-20 16:01:25.528  1811  1829 E ApplicationHelper: Fail to get PackageManager
02-20 16:01:25.528  1811  1829 E ApplicationHelper: Fail to get PackageManager
02-20 16:01:25.528  1811  1829 E ApplicationHelper: Fail to get PackageManager
02-20 16:01:25.529  1811  1829 E ApplicationHelper: Fail to get PackageManager
02-20 16:01:25.529  1811  1829 E ApplicationHelper: Fail to get PackageManager
02-20 16:01:25.529  1811  1829 E ApplicationHelper: Fail to get PackageManager
02-20 16:01:25.529  1811  1829 E ApplicationHelper: Fail to get PackageManager
02-20 16:01:25.529  1811  1829 E ApplicationHelper: Fail to get PackageManager
02-20 16:01:25.529  1811  1829 E ApplicationHelper: Fail to get PackageManager
02-20 16:01:25.531  1811  1829 E ApplicationHelper: Fail to get PackageManager
02-20 16:01:25.531  1811  1829 E ApplicationHelper: Fail to get PackageManager
02-20 16:01:25.531  1811  1829 E ApplicationHelper: Fail to get PackageManager
02-20 16:01:25.531  1811  1829 E ApplicationHelper: Fail to get PackageManager
02-20 16:01:25.531  1811  1829 E ApplicationHelper: Fail to get PackageManager
02-20 16:01:25.539  1276  1676 I BufferQueueDebug: [ColorFade#3196](this:0xb400007b1f9babb0,id:-1,api:0,p:-1,c:-1) BufferQueue core=(1276:/system/bin/surfaceflinger)
02-20 16:01:25.541  1276  1350 I BufferQueueDebug: [ColorFade BLAST#3197](this:0xb400007b1fa2f7c0,id:-1,api:0,p:-1,c:-1) BufferQueue core=(1276:/system/bin/surfaceflinger)
02-20 16:01:25.541 32178 32178 I GoogleInputMethodService: GoogleInputMethodService.onFinishInput():2113 
02-20 16:01:25.544 32178 32178 I Module  : DeviceLockedStatusModuleProvider$Module.updateDeviceLockedStatus():103 repeatCheckTimes = 0, locked = false
02-20 16:01:25.551  1519  1519 I android.hardware.biometrics.fingerprint-service: authenticate
02-20 16:01:25.551  1519  1668 I focaltech:hal:proxy: fingerprint_authenticate(dev = 0xb4000077522f4130, operation_id = 0x0, gid = 0).
02-20 16:01:25.552  1235  1235 I OriginChannel: batch: [5,200000000,0]
02-20 16:01:25.554  2194  2194 I KeyguardTransitionRepository: STARTED transition: TransitionStep(from=GONE, to=DOZING, value=0.0, transitionState=STARTED, ownerName=FromGoneTransitionInteractor(Sleep transition triggered))
02-20 16:01:25.555  1811  1860 I DisplayPowerController2[0]: BrightnessEvent: disp=0, physDisp=local:4627039422300187648, displayState=ON, displayPolicy=OFF, brt=0.027559055, initBrt=0.0, rcmdBrt=0.027559055, preBrt=NaN, lux=0.0, preLux=NaN, hbmMax=1.0, hbmMode=off, rbcStrength=50, thrmMax=1.0, powerFactor=1.0, wasShortTermModelActive=false, flags=, reason=automatic, autoBrightness=true, strategy=InvalidBrightnessStrategy, autoBrightnessMode=default
02-20 16:01:25.555  1276  1276 I BufferQueueProducer: [NavigationBar0#84](this:0xb400007b1fa10290,id:-1,api:0,p:-1,c:1276) queueBuffer: fps=0.20 dur=75424.99 max=74926.87 min=7.99
02-20 16:01:25.558  1235  1235 I OriginChannel: batch: [5,250000000,0]
02-20 16:01:25.562  2194  2194 I vol.VolumeDialogImpl: mDialog.dismiss() reason: volume_controller from: com.android.systemui.volume.VolumeDialogImpl$7.onDismissRequested:3
02-20 16:01:25.569  1519  1668 I focaltech:ta:trans: 'ff_trustlet_message_dispatch' enter.
02-20 16:01:25.569  1519  1668 I focaltech:template: 'ff_template_new' dlen = 590794
02-20 16:01:25.569  1519  1668 I focaltech:template: 'ff_template_new' fid_index = 0
02-20 16:01:25.569  1519  1668 I focaltech:ta:core: '__save_template_data'402 g_context->current_fid_index = 0
02-20 16:01:25.569  1519  1668 I focaltech:template: 'ff_template_new' dlen = 783988
02-20 16:01:25.569  1519  1668 I focaltech:template: 'ff_template_new' fid_index = 0
02-20 16:01:25.604  1276  1276 I BufferQueueProducer: [app.validator.intelligence/app.validator.intelligence.MainActivity#3190](this:0xb400007b1faa43d0,id:-1,api:0,p:-1,c:1276) queueBuffer: fps=114.45 dur=1004.81 max=18.13 min=6.65
02-20 16:01:25.660  1811  1860 I DisplayPowerController2[0]: Blocking screen off
02-20 16:01:25.660  1811  1860 I DisplayPowerController2[0]: Unblocked screen off after 0 ms
02-20 16:01:25.675  1811  1860 I PowerHalWrapper: amsBoostNotify pid:6384,activity:app.validator.intelligence.MainActivity, package:app.validator.intelligence, mProcessCreatePackapp.validator.intelligence 
02-20 16:01:25.675  1811  1860 I PowerHalWrapper: state: 0 
02-20 16:01:25.676  1811  1860 I ScnModule: [GameDetection] packname: app.validator.intelligence, apkSize: 14868233. 
02-20 16:01:25.676  1811  1860 I mtkpower_client: [PowerHal_Wrap_notifyAppState] app.validator.intelligence/app.validator.intelligence.MainActivity pid=6384 activityId:215317547 state:0
02-20 16:01:25.676  1248  1248 I IPCThreadState: oneway function results for code 2 on binder at 0xb400007d68e9a1d0 will be dropped but finished with status UNKNOWN_TRANSACTION
02-20 16:01:25.677  1248  1248 I vendor.mediatek.hardware.mtkpower_applist-service.mediatek: packName: app.validator.intelligence actName: app.validator.intelligence.MainActivity pid: 6384 uid: 10228 state: 0
02-20 16:01:25.677  1248  1248 I MTK_APPList: [notifyAPPstate] app.validator.intelligence/app.validator.intelligence.MainActivity, pid=6384, uid=10228, state:PAUSED, fps:-1, win:0
02-20 16:01:25.677  1248  1248 I MTK_APPList: [notifyAPPstate] multi_resumed_app_count: 0
02-20 16:01:25.677  1248  1248 I MTK_APPList: [getForegroundAPPCount] 1
02-20 16:01:25.677  1248  1248 I MTK_APPList: [notifyNetdUID] 10228
02-20 16:01:25.678  1811  1860 I PowerHalWrapper: amsBoostNotify AMS_BOOST_PROCESS_CREATE_BOOST:true 
02-20 16:01:25.678  1811  1811 E MBrainLocalService: notifyAppSwitch failed
02-20 16:01:25.679  1248  1248 I MTK_APPList: [notifyPID] 6384
02-20 16:01:25.679  1811  1831 W ProcessStats: Tracking association SourceState{b576ee6 app.validator.intelligence/10228 Top #71224} whose proc state 1 is better than process ProcessState{f07b793 com.google.android.webview:sandboxed_process0:org.chromium.content.app.SandboxedProcessService0:0/10228 pkg=app.validator.intelligence} proc state 2 (0 skipped)
02-20 16:01:25.680  1253  1316 I libPowerHal: [perfSetSysInfo] pid type:24, 6384
02-20 16:01:25.680  1811  1860 I DisplayBrightnessStrategySelector: Changing the DisplayBrightnessStrategy from InvalidBrightnessStrategy to ScreenOffBrightnessStrategy for display 0
02-20 16:01:25.681  1235  1235 I OriginChannel: activate: [5,0]
02-20 16:01:25.683  1235  1235 I OriginChannel: activate: [27,0]
02-20 16:01:25.684  1811  1829 E ApplicationHelper: Fail to get PackageManager
02-20 16:01:25.684  1811  1829 E ApplicationHelper: Fail to get PackageManager
02-20 16:01:25.686  1211  1710 I netd    : tetherGetStats() -> {[]} <1.38ms>
02-20 16:01:25.687  1811  1860 I DisplayPowerController2[0]: BrightnessEvent: disp=0, physDisp=local:4627039422300187648, displayState=OFF, displayPolicy=OFF, brt=0.0, initBrt=0.027559055, rcmdBrt=NaN, preBrt=NaN, lux=0.0, preLux=0.0, hbmMax=1.0, hbmMode=off, rbcStrength=50, thrmMax=1.0, powerFactor=1.0, wasShortTermModelActive=false, flags=, reason=screen_off, autoBrightness=true, strategy=ScreenOffBrightnessStrategy, autoBrightnessMode=default
02-20 16:01:25.688  1811  1831 I DisplayDeviceRepository: Display device changed state: "Built-in Screen", OFF
02-20 16:01:25.693  1811  1831 I InputManager-JNI: Viewport [0] to add: local:4627039422300187648, isActive: false
02-20 16:01:25.695  1811  1924 I InputReader: Reconfiguring input devices, changes=DISPLAY_INFO
02-20 16:01:25.695  1811  1924 I InputReader: Disabling synaptics_tcm_touch (device 4) because the associated viewport is not active
02-20 16:01:25.695  1811  1924 I InputReader: Device reconfigured: id=4, name='synaptics_tcm_touch', size 1200x2670, orientation Rotation0, mode DISABLED, display id 0
02-20 16:01:25.696  1221  2010 E AudioALSAStreamManager: setScreenState, mStreamInVector[0]->getInputFlags() = 0x0
02-20 16:01:25.697  1811  1829 W SurfaceControl: Invalid layer stack -1
02-20 16:01:25.697  1229  1229 I hwcomposer: [HWC] displaySetPowerMode display:0 mode:0 (flow_seq:102)  
02-20 16:01:25.697  1811  1829 I DisplayDevice: [0] Layerstack set to -1 for local:4627039422300187648
02-20 16:01:25.698  1229  1229 I hwcomposer: [HWCDisplay] Display(0) SetPowerMode(0) current mode(2), scene(0)  
02-20 16:01:25.698  1811  1829 E ApplicationHelper: Fail to get PackageManager
02-20 16:01:25.701 32178 32178 I PkDeviceHelper: PkDeviceHelper.refreshDevices():87 refreshing devices
02-20 16:01:25.703 29283   967 I NearbySharing: Screen is locked
02-20 16:01:25.704 29283   967 I NearbySharing: Stopping scanning because the screen is locked.
02-20 16:01:25.704 29283   967 I NearbySharing: Stopping Fast Init advertisement because Bluetooth is off.
02-20 16:01:25.705 29283   967 I NearbySharing: Stopping advertising because Bluetooth is disabled.
02-20 16:01:25.705 29283   967 I NearbySharing: Stopping FastInitiation scanning because the screen is locked.
02-20 16:01:25.707  1253  1316 I libPowerHal: [perfLockAcq] idx:0 hdl:3660 hint:44 pid:1253 tid:1253 duration:268435455 lock_user:vendor.mediatek => ret_hdl:3660
02-20 16:01:25.707  1253  1316 I libPowerHal: [setClusterFreq] MTKPOWER_HINT_AUDIO_POWER_UL set cpufreq[0] min:500000 max:-1 cpufreq[1] min:-1 max:-1 
02-20 16:01:25.707  1253  1316 I libPowerHal: [setClusterFreq]  set cpu_ctrl cpufreq: 500000 -1 -1 -1 
02-20 16:01:25.709 29283   967 I NearbySharing: Fast Initiation Scanning has stopped
02-20 16:01:25.712  1811  1899 W JobServiceContext: Sending onNetworkChanged for a job that isn't started. JobStatus{6fa1046 androidx.work.systemjobscheduler:u0a216/3291 @androidx.work.systemjobscheduler@com.uprock.mining/androidx.work.impl.background.systemjob.SystemJobService u=0 s=10216 TIME=-24s809ms:none NET READY}
02-20 16:01:25.712 29283   967 I NearbySharing: Dismissing HUN as there's no device nearby.
02-20 16:01:25.719  1811  1829 E ApplicationHelper: Fail to get PackageManager
02-20 16:01:25.723  1519  1543 I focaltech:hal:device: got 'FF_DRI_EVT_SCREEN_OFF' event.
02-20 16:01:25.724  1519  1543 I focaltech:ta:trans: 'ff_trustlet_message_dispatch' enter.
02-20 16:01:25.724  1519  1543 I focaltech:template: 'ff_template_new' dlen = 590794
02-20 16:01:25.724  1519  1543 I focaltech:template: 'ff_template_new' fid_index = 0
02-20 16:01:25.724  1519  1543 I focaltech:ta:core: '__save_template_data'402 g_context->current_fid_index = 0
02-20 16:01:25.724  1519  1543 I focaltech:template: 'ff_template_new' dlen = 783988
02-20 16:01:25.724  1519  1543 I focaltech:template: 'ff_template_new' fid_index = 0
02-20 16:01:25.736  1811  1829 E ApplicationHelper: Fail to get PackageManager
02-20 16:01:25.736  1811  1829 E ApplicationHelper: Fail to get PackageManager
02-20 16:01:25.736  1811  1829 E ApplicationHelper: Fail to get PackageManager
02-20 16:01:25.736  1811  1829 E ApplicationHelper: Fail to get PackageManager
02-20 16:01:25.736  1811  1829 E ApplicationHelper: Fail to get PackageManager
02-20 16:01:25.739  1811  5708 W WindowManager: Changing focus from Window{918ba4a u0 app.validator.intelligence/app.validator.intelligence.MainActivity} to null displayId=0 Callers=com.android.server.wm.RootWindowContainer.updateFocusedWindowLocked:468 com.android.server.wm.WindowManagerService.updateFocusedWindowLocked:6623 com.android.server.wm.ActivityRecord.commitVisibility:5880 com.android.server.wm.ActivityRecord.commitVisibility:5891 
02-20 16:01:25.741  1811  1829 E ApplicationHelper: Fail to get PackageManager
02-20 16:01:25.741  1811  1829 E ApplicationHelper: Fail to get PackageManager
02-20 16:01:25.742  1811  1831 I PowerHalWrapper: amsBoostNotify pid:6384,activity:app.validator.intelligence.MainActivity, package:app.validator.intelligence, mProcessCreatePackapp.validator.intelligence 
02-20 16:01:25.742  1811  1831 I PowerHalWrapper: state: 0 
02-20 16:01:25.742  1811  1829 E ApplicationHelper: Fail to get PackageManager
02-20 16:01:25.742 22411 22411 I Finsky  : [2] Memory trim requested to level 40
02-20 16:01:25.742 22411 22411 I Finsky  : [2] Flushing in-memory image cache
02-20 16:01:25.742  1811  1831 I ScnModule: [GameDetection] packname: app.validator.intelligence, apkSize: 14868233. 
02-20 16:01:25.742  1811  1831 I mtkpower_client: [PowerHal_Wrap_notifyAppState] app.validator.intelligence/app.validator.intelligence.MainActivity pid=6384 activityId:215317547 state:0
02-20 16:01:25.742  1811  1829 E ApplicationHelper: Fail to get PackageManager
02-20 16:01:25.743  1248  1248 I IPCThreadState: oneway function results for code 2 on binder at 0xb400007d68e9a1d0 will be dropped but finished with status UNKNOWN_TRANSACTION
02-20 16:01:25.743  1248  1248 I vendor.mediatek.hardware.mtkpower_applist-service.mediatek: packName: app.validator.intelligence actName: app.validator.intelligence.MainActivity pid: 6384 uid: 10228 state: 0
02-20 16:01:25.743  1248  1248 I MTK_APPList: [notifyAPPstate] app.validator.intelligence/app.validator.intelligence.MainActivity, pid=6384, uid=10228, state:PAUSED, fps:-1, win:0
02-20 16:01:25.743  1248  1248 I MTK_APPList: [notifyAPPstate] multi_resumed_app_count: 0
02-20 16:01:25.743  1248  1248 I MTK_APPList: [getForegroundAPPCount] 1
02-20 16:01:25.743  1248  1248 I MTK_APPList: [notifyNetdUID] 10228
02-20 16:01:25.743  4513  4513 I Finsky:background: [2] Memory trim requested to level 40
02-20 16:01:25.743  1248  1248 I MTK_APPList: [notifyPID] 6384
02-20 16:01:25.743  1811  1831 I PowerHalWrapper: amsBoostNotify AMS_BOOST_PROCESS_CREATE_BOOST:true 
02-20 16:01:25.744  1253  1316 I libPowerHal: [perfSetSysInfo] pid type:24, 6384
02-20 16:01:25.744  1811  1829 E ApplicationHelper: Fail to get PackageManager
02-20 16:01:25.744  1811  1829 E ApplicationHelper: Fail to get PackageManager
02-20 16:01:25.744  1811  1829 E ApplicationHelper: Fail to get PackageManager
02-20 16:01:25.745  1811  1829 E ApplicationHelper: Fail to get PackageManager
02-20 16:01:25.745  1811  1829 E ApplicationHelper: Fail to get PackageManager
02-20 16:01:25.745  1811  1829 E ApplicationHelper: Fail to get PackageManager
02-20 16:01:25.745  1811  1829 E ApplicationHelper: Fail to get PackageManager
02-20 16:01:25.767 20048 20136 I WM-WorkerWrapper: Worker result SUCCESS for Work [ id=a9f74a28-2ce2-47dc-bab2-21275b2c616a, tags={ com.uprock.mining.speedtest.work.SpeedTestSubmissionWorker,speed-test-submit-tag } ]
02-20 16:01:25.767 26182 26674 I cr_BindingManager: onTrimMemory: level=40, size=0
02-20 16:01:25.771  1811  1829 E ApplicationHelper: Fail to get PackageManager
02-20 16:01:25.772  1811  1829 E ApplicationHelper: Fail to get PackageManager
02-20 16:01:25.778 20048 20157 I PlayCore: UID: [10216]  PID: [20048] StandardIntegrity : requestExpressIntegrityToken(-460415768081037825)
02-20 16:01:25.778 20048 20162 I PlayCore: UID: [10216]  PID: [20048] StandardIntegrity : Initiate binding to the service.
02-20 16:01:25.785 20048 20048 I PlayCore: UID: [10216]  PID: [20048] StandardIntegrity : ServiceConnectionImpl.onServiceConnected(ComponentInfo{com.android.vending/com.google.android.finsky.expressintegrityservice.ExpressIntegrityService})
02-20 16:01:25.785 20048 20162 I PlayCore: UID: [10216]  PID: [20048] StandardIntegrity : linkToDeath
02-20 16:01:25.788  1811  1829 E ApplicationHelper: Fail to get PackageManager
02-20 16:01:25.788  1811  1829 E ApplicationHelper: Fail to get PackageManager
02-20 16:01:25.788  1811  1829 E ApplicationHelper: Fail to get PackageManager
02-20 16:01:25.788  1811  1829 E ApplicationHelper: Fail to get PackageManager
02-20 16:01:25.788  1811  1829 E ApplicationHelper: Fail to get PackageManager
02-20 16:01:25.788  1811  1829 E ApplicationHelper: Fail to get PackageManager
02-20 16:01:25.788  1811  1829 E ApplicationHelper: Fail to get PackageManager
02-20 16:01:25.788  1811  1829 E ApplicationHelper: Fail to get PackageManager
02-20 16:01:25.788  1811  1829 E ApplicationHelper: Fail to get PackageManager
02-20 16:01:25.814 20048 20057 I PlayCore: UID: [10216]  PID: [20048] OnRequestIntegrityTokenCallback : onRequestExpressIntegrityToken
02-20 16:01:25.814 20048 20162 I PlayCore: UID: [10216]  PID: [20048] StandardIntegrity : Unbind from service.
02-20 16:01:25.817  1811  1829 E ApplicationHelper: Fail to get PackageManager
02-20 16:01:25.820  1811  1829 E ApplicationHelper: Fail to get PackageManager
02-20 16:01:25.820  4513  4513 I Finsky:background: [2] Memory trim requested to level 40
02-20 16:01:25.820 22411 22411 I Finsky  : [2] Memory trim requested to level 40
02-20 16:01:25.820 22411 22411 I Finsky  : [2] Flushing in-memory image cache
02-20 16:01:25.823  1211  6518 I resolv  : GetAddrInfoHandler::run: {100 100 100 983140 10216 0}
02-20 16:01:25.824  1211  6519 I resolv  : res_nmkquery: (QUERY, IN, A)
02-20 16:01:25.857  1811  1821 I system_server: NativeAlloc concurrent mark compact GC freed 76MB AllocSpace bytes, 67(4360KB) LOS objects, 66% free, 47MB/143MB, paused 1.316ms,2.218ms total 175.923ms
02-20 16:01:25.857  1811  1822 I BpBinder: onLastStrongRef automatically unlinking death recipients: 
02-20 16:01:25.858  1211  6519 I resolv  : res_nsend: used send_dg 51 terrno: 0
02-20 16:01:25.858  1211  6519 I resolv  : doQuery: rcode=0, ancount=1, return value=51
02-20 16:01:25.868  1811  1823 W System  : A resource failed to call HardwareBuffer.close. 
02-20 16:01:25.868  1811  1823 W System  : A resource failed to call release. 
02-20 16:01:25.869  1811  1823 W System  : A resource failed to call HardwareBuffer.close. 
02-20 16:01:25.869  1811  1823 W System  : A resource failed to call HardwareBuffer.close. 
02-20 16:01:25.869  1811  1823 W System  : A resource failed to call release. 
02-20 16:01:25.869  1811  1823 W System  : A resource failed to call HardwareBuffer.close. 
02-20 16:01:25.869  1811  1823 W System  : A resource failed to call HardwareBuffer.close. 
02-20 16:01:25.870  1811  1823 W system_server: ApkAssets: Deleting an ApkAssets object '<empty> and /data/app/~~mz76JILrd6bwf083NXEwFQ==/com.google.android.gms-DlTt3UZKhqIkxuDnF9STQQ==/base.apk' with 1 weak references
02-20 16:01:25.871  1811  1823 W system_server: ApkAssets: Deleting an ApkAssets object '<empty> and /data/app/~~mz76JILrd6bwf083NXEwFQ==/com.google.android.gms-DlTt3UZKhqIkxuDnF9STQQ==/split_AdsDynamite_installtime.apk' with 1 weak references
02-20 16:01:25.871  1811  1823 W system_server: ApkAssets: Deleting an ApkAssets object '<empty> and /data/app/~~mz76JILrd6bwf083NXEwFQ==/com.google.android.gms-DlTt3UZKhqIkxuDnF9STQQ==/split_CronetDynamite_installtime.apk' with 1 weak references
02-20 16:01:25.871  1811  1823 W system_server: ApkAssets: Deleting an ApkAssets object '<empty> and /data/app/~~mz76JILrd6bwf083NXEwFQ==/com.google.android.gms-DlTt3UZKhqIkxuDnF9STQQ==/split_DynamiteLoader_installtime.apk' with 1 weak references
02-20 16:01:25.871  1811  1823 W system_server: ApkAssets: Deleting an ApkAssets object '<empty> and /data/app/~~mz76JILrd6bwf083NXEwFQ==/com.google.android.gms-DlTt3UZKhqIkxuDnF9STQQ==/split_DynamiteModulesA_installtime.apk' with 1 weak references
02-20 16:01:25.871  1811  1823 W system_server: ApkAssets: Deleting an ApkAssets object '<empty> and /data/app/~~mz76JILrd6bwf083NXEwFQ==/com.google.android.gms-DlTt3UZKhqIkxuDnF9STQQ==/split_DynamiteModulesC_installtime.apk' with 1 weak references
02-20 16:01:25.871  1811  1823 W system_server: ApkAssets: Deleting an ApkAssets object '<empty> and /data/app/~~mz76JILrd6bwf083NXEwFQ==/com.google.android.gms-DlTt3UZKhqIkxuDnF9STQQ==/split_GoogleCertificates_installtime.apk' with 1 weak references
02-20 16:01:25.871  1811  1823 W system_server: ApkAssets: Deleting an ApkAssets object '<empty> and /data/app/~~mz76JILrd6bwf083NXEwFQ==/com.google.android.gms-DlTt3UZKhqIkxuDnF9STQQ==/split_MapsDynamite_installtime.apk' with 1 weak references
02-20 16:01:25.871  1811  1823 W system_server: ApkAssets: Deleting an ApkAssets object '<empty> and /data/app/~~mz76JILrd6bwf083NXEwFQ==/com.google.android.gms-DlTt3UZKhqIkxuDnF9STQQ==/split_MeasurementDynamite_installtime.apk' with 1 weak references
02-20 16:01:25.871  1811  1823 W system_server: ApkAssets: Deleting an ApkAssets object '<empty> and /data/app/~~mz76JILrd6bwf083NXEwFQ==/com.google.android.gms-DlTt3UZKhqIkxuDnF9STQQ==/split_config.en.apk' with 1 weak references
02-20 16:01:25.871  1811  1823 W system_server: ApkAssets: Deleting an ApkAssets object '<empty> and /data/app/~~mz76JILrd6bwf083NXEwFQ==/com.google.android.gms-DlTt3UZKhqIkxuDnF9STQQ==/split_config.xxhdpi.apk' with 1 weak references
02-20 16:01:25.872  1811  1823 W System  : A resource failed to call HardwareBuffer.close. 
02-20 16:01:25.872  1811  1823 W System  : A resource failed to call HardwareBuffer.close. 
02-20 16:01:25.872  1811  1823 W System  : A resource failed to call release. 
02-20 16:01:25.872  1811  1823 W System  : A resource failed to call HardwareBuffer.close. 
02-20 16:01:25.951  1229  1229 I hwcomposer: [HWC] handlePowerModeChange(), spend time: 253473538  
02-20 16:01:25.953  1253  1284 I mtkpower@impl: [setMode] type:9, enabled:1
02-20 16:01:25.953  1253  1284 E mtkpower@impl: [setMode] unknown type
02-20 16:01:25.957  1276  1276 I SurfaceFlinger: onHandleDestroyed: name=ac01c7a ActivityRecordInputSink app.validator.intelligence/.MainActivity#3186, layerId=3186, parentId=0
02-20 16:01:25.958  1253  1284 I mtkpower@impl: [setMode] type:7, enabled:0
02-20 16:01:25.958  1811  1860 W DreamManagerService: Dream ComponentInfo{com.android.dreams.alwaysondisplay/com.android.dreams.alwaysondisplay.AlwaysOnDisplay} does not exist
02-20 16:01:25.958  1811  1860 I PowerGroup: Sleeping power group (groupId=0, uid=1000, reason=timeout)...
02-20 16:01:25.958  1811  1860 I PowerManagerService: Sleeping (uid 1000)...
02-20 16:01:25.959  1253  1316 I libPowerHal: [perfUserScnDisableAll] 
02-20 16:01:25.959  1253  1316 I libPowerHal: [setInteractive] enable: 0
02-20 16:01:25.959  1253  1284 I mtkpower@impl: [setMode] Disable All
02-20 16:01:25.965  1221  2010 E AudioALSAStreamManager: setScreenState, mStreamInVector[0]->getInputFlags() = 0x0
02-20 16:01:25.966  1276  1276 I BufferQueueDebug: [ac01c7a ActivityRecordInputSink app.validator.intelligence/.MainActivity#3186](this:0xb400007b1fa6e220,id:-1,api:0,p:-1,c:1276) onDestructor()
02-20 16:01:25.970  1811  1811 E ScreenIntentReceiver: notifyChange failed
02-20 16:01:25.971  1276  1349 I SurfaceFlinger: onHandleDestroyed: name=app.validator.intelligence/app.validator.intelligence.MainActivity#3190, layerId=3190, parentId=0
02-20 16:01:25.972   583   593 I android.hardware.nfc-service.nxp: write
02-20 16:01:25.973   583  3533 I NxpNciX : len =   7 > 20020401020100
02-20 16:01:25.974  1811  1811 I PowerManagerService: onFlip(): Face up.
02-20 16:01:25.974   583  3532 I NxpNciR : len =   5 > 4002020000
02-20 16:01:25.976   583   593 I android.hardware.nfc-service.nxp: write
02-20 16:01:25.977   583  3533 I NxpNciX : len =   4 > 20090101
02-20 16:01:25.978   583  3532 I NxpNciR : len =   4 > 40090100
02-20 16:01:25.979  1276  1276 I BufferQueueDebug: [app.validator.intelligence/app.validator.intelligence.MainActivity#3190](this:0xb400007b1faa43d0,id:-1,api:0,p:-1,c:1276) onDestructor()
02-20 16:01:25.979  1811  1829 E ApplicationHelper: Fail to get PackageManager
02-20 16:01:25.983  1811  2031 I MR2ServiceImpl: Updating composite discovery preference | preference: RouteDiscoveryRequest{ preferredFeatures={}, activeScan=false }, active routers: []
02-20 16:01:25.983  1811  1829 E ApplicationHelper: Fail to get PackageManager
02-20 16:01:25.984 32178  6522 I DeviceStatusMonitor: DeviceStatusMonitor.handleBroadcast():138 onReceive() : Action = android.intent.action.SCREEN_OFF
02-20 16:01:25.984 32178  6522 I DeviceStatusMonitor: DeviceStatusMonitor.updateCountryInfo():154 updateCountryInfo(), notifyAnyway = false
02-20 16:01:25.984  1811  1829 E ApplicationHelper: Fail to get PackageManager
02-20 16:01:25.985 32178 32178 I Module  : DeviceLockedStatusModuleProvider$Module.updateDeviceLockedStatus():103 repeatCheckTimes = 0, locked = false
02-20 16:01:25.985 32178 32178 I InputBundle: InputBundle.consumeEvent():1037 Skip consuming an event as imeStatus is INACTIVE
02-20 16:01:25.986  1811  1829 E ApplicationHelper: Fail to get PackageManager
02-20 16:01:25.987  1811  1829 E ApplicationHelper: Fail to get PackageManager
02-20 16:01:25.988  1811  1829 E ApplicationHelper: Fail to get PackageManager
02-20 16:01:25.988  1811  1829 E ApplicationHelper: Fail to get PackageManager
02-20 16:01:25.988  1811  1829 E ApplicationHelper: Fail to get PackageManager
02-20 16:01:25.991  1811  1829 E ApplicationHelper: Fail to get PackageManager
02-20 16:01:25.991 10532 10532 I eayy    : (REDACTED) received broadcast: %s
02-20 16:01:25.992 10532 10605 I eaza    : (REDACTED) received broadcast: %s
02-20 16:01:25.992 10532 10605 I earv    : #onScreenStatusUpdate
02-20 16:01:25.992 10532 10605 I eatz    : (REDACTED) #onConfigUpdate. requester: %s
02-20 16:01:25.993 10532 10595 I eatz    : #onConfigUpdate inside sequencer
02-20 16:01:25.993 10532 10595 I eatz    : (REDACTED) getAllConfigAndTakeAction called because of %s
02-20 16:01:25.994 10532 10604 I ebcm    : (REDACTED) hotword running %s
02-20 16:01:25.994 10532 10595 W KeyphraseEnrollmentInfo: No enrollment application supports the given keyphrase/locale: 'X Google'/en_US
02-20 16:01:25.994 10532 10595 W KeyphraseEnrollmentInfo: No enrollment application supports the given keyphrase/locale: 'X Google'/en_US
02-20 16:01:25.994 10532 10595 W KeyphraseEnrollmentInfo: No enrollment application supports the given keyphrase/locale: 'X Google'/ar_EG
02-20 16:01:25.994 10532 10595 W KeyphraseEnrollmentInfo: No enrollment application supports the given keyphrase/locale: 'X Google'/en_US
02-20 16:01:25.994 10532 10595 W eawt    : (REDACTED) #getDspEnrollmentFallbackLocale cannot find a fallback locale for %s.
02-20 16:01:25.995 10532 10595 W KeyphraseEnrollmentInfo: No enrollment application supports the given keyphrase/locale: 'Ok Google'/en_US
02-20 16:01:25.995 10532 10595 W KeyphraseEnrollmentInfo: No enrollment application supports the given keyphrase/locale: 'Ok Google'/ar_EG
02-20 16:01:25.995 10532 10595 W KeyphraseEnrollmentInfo: No enrollment application supports the given keyphrase/locale: 'Ok Google'/en_US
02-20 16:01:25.995 10532 10595 W eawt    : (REDACTED) #getDspEnrollmentFallbackLocale cannot find a fallback locale for %s.
02-20 16:01:25.995 10532 10595 I eawz    : (REDACTED) #getDspAvailableResult locale : %s, dsp locale : %s, keyphrase : %s, DSP keyphrase : %s, isKeyphraseAndLocaleSupported : %b, canUseDownloadDspModel : %b. forceUniversalDspHotwordModel : %b
02-20 16:01:25.995 10532 10595 W KeyphraseEnrollmentInfo: No enrollment application supports the given keyphrase/locale: 'Y Google'/en_US
02-20 16:01:25.995 10532 10597 I eawz    : (REDACTED) isDspHotwordSupportedByPlatform = %s, isDspHotwordModelAvailable = %s
02-20 16:01:25.995 10532 10597 I eatz    : (REDACTED) getAllConfigAndTakeAction dspAvailable: %b, disableDspInTest: %b
02-20 16:01:25.996 10532 10597 I earz    : (REDACTED) hotword enrollment state is enrolled:  %b, speakerId model exist: %b.
02-20 16:01:25.996  1811  1829 E ApplicationHelper: Fail to get PackageManager
02-20 16:01:25.998 10532 10597 I earz    : (REDACTED) Hotword enrollment state : %s.
02-20 16:01:25.998 10532 10597 I eatz    : Registering for screen on/off intent ...
02-20 16:01:25.999 10532 10597 I earz    : (REDACTED) Hotword enrollment state : %s.
02-20 16:01:26.001  1811  1829 E ApplicationHelper: Fail to get PackageManager
02-20 16:01:26.001  2055  2062 I WifiHAL : LLS RSP: data=0xb40000753b9d3030, len=4868
02-20 16:01:26.001  2055  2062 I WifiHAL : LLS check_data_sanity: 1821: current_radio_stat->num_channels=43
02-20 16:01:26.001  2055  2062 I WifiHAL : LLS check_data_sanity: 1821: current_radio_stat->num_channels=17
02-20 16:01:26.001  2055  2062 I WifiHAL : LLS check_data_sanity: confirmed_size=4868, len=4868
02-20 16:01:26.004  2091  2091 I wpa_supplicant: wpa_driver_nl80211_driver_cmd: wlan0 recv cmd SETSUSPENDMODE 1
02-20 16:01:26.005  1811  1829 E ApplicationHelper: Fail to get PackageManager
02-20 16:01:26.005  2091  2091 I wpa_supplicant: wpa_driver_nl80211_driver_cmd: ret = 0 used = 2 total = 512 buf = 
02-20 16:01:26.007 10532 10597 I eava    : (REDACTED) Operational mode passed in HotwordConfig is %s
02-20 16:01:26.007 10532 10597 I earz    : (REDACTED) Hotword enrollment state : %s.
02-20 16:01:26.007 10532 10597 I eaus    : (REDACTED) DefaultPersonalDecisionMaker#getNextAction. Voice match enabled: %b. incomplete enrollment state: %b, screen on: %b, screen locked: %b dsp available: %b
02-20 16:01:26.007 10532 10597 I eaus    : (REDACTED) Stop hotword detection. Voice match enabled : %b, Is screen on : %b.
02-20 16:01:26.013  5236  5236 I ewcg    : (REDACTED) Created gRPC endpoint for service %s
02-20 16:01:26.013 10532 10597 I easp    : Reconfig not needed.
02-20 16:01:26.013 10532 10597 I eatz    : (REDACTED) currentReconfigCheckerResult %s
02-20 16:01:26.014 10532 10597 I ebav    : (REDACTED) #setSpeakerIdRequired: %s
02-20 16:01:26.014 10532 10597 I eatz    : (REDACTED) Get the next action %s for requester %s.
02-20 16:01:26.014 10532 10597 I eatz    : (REDACTED) Hotword detection is running %b, try to stop it
02-20 16:01:26.014 10532 10597 I eatz    : #stopHotwordDetection
02-20 16:01:26.014 10532 10597 I ebcm    : #stopHotwordDetection
02-20 16:01:26.014 10532 10598 I ebcm    : #setSpeakerIdRequired inside sequencer
02-20 16:01:26.015 10532 10598 I ebcm    : No change in speaker-id requirement, so no need to update.
02-20 16:01:26.015 10532 10597 I ebcm    : #stopHotwordDetection inside sequencer
02-20 16:01:26.016 29283 29283 I RCNService: updateRcnState to isNetworkAvailable: true, isRcnSettingsEnabled: true, isScreenOn: false
02-20 16:01:26.016 10532 10597 I ebcm    : Successfully stop hotwordDetector
02-20 16:01:26.016 10532 10597 I eazo    : #stopForwarding
02-20 16:01:26.016 10532 10597 I eazo    : (REDACTED) #stopForwarding internal: isReadingAudio? %b
02-20 16:01:26.016 10532 10597 I eatz    : (REDACTED) #onSodaStop received %s
02-20 16:01:26.016 10532 10597 I eatz    : (REDACTED) #onSodaStop inside sequentialExecutor %s
02-20 16:01:26.016 10532 10597 W eatz    : (REDACTED) %s. Completer is null; It could be set earlier or we ware not waiting for the disconnect signal.
02-20 16:01:26.017  1811  1829 E ApplicationHelper: Fail to get PackageManager
02-20 16:01:26.017 10532 10604 W ebav    : (REDACTED) Soda is not running but receive a stop request %s
02-20 16:01:26.017 10532 10595 I eatz    : Hotword Stopped
02-20 16:01:26.017 10532 10595 I eatz    : #logRequestHandlingNonErrorEndEvent. Reset requestIdOfFirstError, firstStartErrorCausesRetry and numOfRetriesDoneForHotwordDetectorStartErrors!
02-20 16:01:26.018 13791 13912 W ProxyAndroidLoggerBackend: Too many Flogger logs received before configuration. Dropping old logs.
02-20 16:01:26.018 29283 29283 W ChimeraUtils: Module com.google.android.gms.cast missing resource cast_module_display_name(0)
02-20 16:01:26.018 10532 10597 I dnei    : (REDACTED) HDM event received: %s
02-20 16:01:26.018 13791 13888 I native  : I0000 00:00:1771621286.018494   13888 soda_async_impl.cc:1038] SODA stopped processing audio, mics audio processed in millis: 80680, loopback audio processed in millis: 0
02-20 16:01:26.018 10532 10597 I dnaq    : (REDACTED) Platform configuration for connection(%s) has changed(@%s):%s
02-20 16:01:26.018 10532 10597 I dmym    : (REDACTED) On platform configuration update(@%s) in connection(%s).
02-20 16:01:26.018 10532 10595 I aflp    : (REDACTED) On platform configuration update(%s).
02-20 16:01:26.019 10532 10595 I afkx    : Received ConfigurationUpdate from Triggering API
02-20 16:01:26.019 29283 29283 W DiscoveryManager: BroadcastReceiver is already registered
02-20 16:01:26.019 13791 13888 I native  : I0000 00:00:1771621286.019681   13888 soda_async_impl.cc:1050] Audio readers are stopped.
02-20 16:01:26.020 29283  6495 I DiscoveryManager: Discovery state (DiscoveryState{filterCriteria=[674A0243, 8E6C866D], categoryToCriteria={com.google.android.gms.cast.CATEGORY_CAST/8E6C866D///ALLOW_IPV6=[8E6C866D], com.google.android.gms.cast.CATEGORY_CAST/674A0243///ALLOW_IPV6=[674A0243]}, activeScan=false, activeScanWithScreenOff=false, discoveryRequestSupportsDynamicSession=false})
02-20 16:01:26.021 13791 13888 I native  : I0000 00:00:1771621286.021130   13888 soda_async_impl.cc:1113] SODA session stopped due to: STOP_CALLED
02-20 16:01:26.021 13791 13889 W ProxyAndroidLoggerBackend: Too many Flogger logs received before configuration. Dropping old logs.
02-20 16:01:26.022  1811  1999 I serviceDiscovery: [MdnsDiscoveryManager] Unregistering listener for serviceType:_googlecast._tcp.local
02-20 16:01:26.022  1811  1999 I serviceDiscovery: [MdnsDiscoveryManager] Unregistering listener for serviceType:_googlecast._tcp.local
02-20 16:01:26.022  1811  1999 I serviceDiscovery: [MdnsDiscoveryManager] Unregistering listener for serviceType:_googlecast._tcp.local
02-20 16:01:26.022  1811  5712 I WifiService: releaseMulticastLock uid=10115 lockTag=MdnsServiceBrowserImpl
02-20 16:01:26.023  1811  1999 I serviceDiscovery: [MdnsDiscoveryManager] Unregistering listener for serviceType:_googlecast._tcp.local
02-20 16:01:26.023  1811  1999 I serviceDiscovery: [MdnsDiscoveryManager] Unregistering listener for serviceType:_googlecast._tcp.local
02-20 16:01:26.024 13791 13912 W ProxyAndroidLoggerBackend: Too many Flogger logs received before configuration. Dropping old logs.
02-20 16:01:26.024  1811  1999 I serviceDiscovery: [MdnsSocketProvider] Stop monitoring sockets.
02-20 16:01:26.024  1811  1999 I TetheringManager: unregisterTetheringEventCallback caller:android
02-20 16:01:26.027  2314  2518 E ProcfsParsingUtils: failed to read /sys/class/net/wlan0/mtu
02-20 16:01:26.027  2314  2518 E ProcfsParsingUtils: java.nio.file.AccessDeniedException: /sys/class/net/wlan0/mtu
02-20 16:01:26.027  2314  2518 E ProcfsParsingUtils: 	at sun.nio.fs.UnixFileSystemProvider.newByteChannel(UnixFileSystemProvider.java:220)
02-20 16:01:26.027  2314  2518 E ProcfsParsingUtils: 	at java.nio.file.Files.newByteChannel(Files.java:371)
02-20 16:01:26.027  2314  2518 E ProcfsParsingUtils: 	at java.nio.file.Files.newByteChannel(Files.java:422)
02-20 16:01:26.027  2314  2518 E ProcfsParsingUtils: 	at java.nio.file.spi.FileSystemProvider.newInputStream(FileSystemProvider.java:420)
02-20 16:01:26.027  2314  2518 E ProcfsParsingUtils: 	at java.nio.file.Files.newInputStream(Files.java:156)
02-20 16:01:26.027  2314  2518 E ProcfsParsingUtils: 	at java.nio.file.Files.newBufferedReader(Files.java:2844)
