02-20 16:37:22.632  5236  5270 I ymt     : (REDACTED) locationAssistantEligible: %s
02-20 16:37:22.632  5236  5270 I ymm     : (REDACTED) GoogleKidsSpaceCheckerImpl#isGoogleKidsSpaceInstalled completed in %s millis
02-20 16:37:22.632  5236  5270 I ymm     : (REDACTED) GoogleKidsSpaceCheckerImpl#isGoogleKidsSpaceActive completed in %s millis
02-20 16:37:22.633  5236  5270 I ymt     : (REDACTED) googleKidsSpaceActive: %s
02-20 16:37:22.633  5236  5270 I ymt     : (REDACTED) isTngMaEligible: %s
02-20 16:37:22.633  5236  5270 I ymt     : (REDACTED) TngMaEligibilityCheckerImpl#isEligible completed in %s millis
02-20 16:37:22.633  5236  5253 I bist    : (REDACTED) update normal widget [%s] started.
02-20 16:37:22.633  5236  5270 I SS3PSurfacesSuggestAggr: (REDACTED) Smartspace card update to %s successfully.
02-20 16:37:22.633  5236  5266 I bivl    : (REDACTED) %s Success.
02-20 16:37:22.633  5236  5267 I bhpm    : (REDACTED) Updating user context. Event: %s
02-20 16:37:22.634  5236  5262 I bibf    : Successfully logged card impression and maybe settings
02-20 16:37:22.634  5236  5262 I bibf    : Successfully logged card impression and maybe settings
02-20 16:37:22.634  5236  5262 I bibf    : Successfully logged card impression and maybe settings
02-20 16:37:22.634  5236  5262 I bibf    : Successfully logged card impression and maybe settings
02-20 16:37:22.634  5236  5262 I bibf    : Successfully logged card impression and maybe settings
02-20 16:37:22.635  5236  5253 I bist    : (REDACTED) #AAG update widget [%s] with widget data
02-20 16:37:22.635  5236  5261 I bibf    : Successfully logged card impression and maybe settings
02-20 16:37:22.635  5236  5261 I bibf    : Successfully logged card impression and maybe settings
02-20 16:37:22.636  5236  5270 I SS3PSurfacesSuggestAggr: (REDACTED) For %s:
02-20 16:37:22.636  5236  5262 I bibf    : Successfully logged card impression and maybe settings
02-20 16:37:22.637  5236  5270 I SS3PSurfacesSuggestAggr: (REDACTED) cardId: %d, card type: %s, pre event title: %s, event start time: %s, update time: %s, expireTime: %s, is from work profile: %b
02-20 16:37:22.640  5236  5270 I SS3PSurfacesSuggestAggr: (REDACTED) cardId: %d, card type: %s, pre event title: %s, event start time: %s, update time: %s, expireTime: %s, is from work profile: %b
02-20 16:37:22.640  5236  5270 I SS3PSurfacesSuggestAggr: (REDACTED) cardId: %d, card type: %s, pre event title: %s, event start time: %s, update time: %s, expireTime: %s, is from work profile: %b
02-20 16:37:22.640  5236  5270 I SS3PSurfacesSuggestAggr: (REDACTED) cardId: %d, card type: %s, pre event title: %s, event start time: %s, update time: %s, expireTime: %s, is from work profile: %b
02-20 16:37:22.640  5236  5270 I SS3PSurfacesSuggestAggr: (REDACTED) cardId: %d, card type: %s, pre event title: %s, event start time: %s, update time: %s, expireTime: %s, is from work profile: %b
02-20 16:37:22.640  5236  5270 I SS3PSurfacesSuggestAggr: (REDACTED) cardId: %d, card type: %s, pre event title: %s, event start time: %s, update time: %s, expireTime: %s, is from work profile: %b
02-20 16:37:22.640  5236  5270 I SS3PSurfacesSuggestAggr: (REDACTED) cardId: %d, card type: %s, pre event title: %s, event start time: %s, update time: %s, expireTime: %s, is from work profile: %b
02-20 16:37:22.640  5236  5270 I SS3PSurfacesSuggestAggr: (REDACTED) cardId: %d, card type: %s, pre event title: %s, event start time: %s, update time: %s, expireTime: %s, is from work profile: %b
02-20 16:37:22.647  1276  1276 I BufferQueueProducer: [FloatingRotationButton#3403](this:0xb400007b1faa1640,id:-1,api:0,p:-1,c:1276) queueBuffer: fps=109.54 dur=1004.22 max=65.74 min=7.56
02-20 16:37:22.650  5236  8066 I crtm    : (REDACTED) Writing data of size=%d bytes with N=%d keys to Geller corpus %s at ts=%d
02-20 16:37:22.667  1811  1829 E ApplicationHelper: Fail to get PackageManager
02-20 16:37:22.668  1811  1829 E ApplicationHelper: Fail to get PackageManager
02-20 16:37:22.669  1811  1829 E ApplicationHelper: Fail to get PackageManager
02-20 16:37:22.669  1811  1829 E ApplicationHelper: Fail to get PackageManager
02-20 16:37:22.672  1446  1532 E mtk_storageproxyd: ipc-trustonic: ipc_trustonic_connect: Unable to resolve family name (-12)
02-20 16:37:22.672  5236  5267 I cmrv    : (REDACTED) #entry Fetching proactive suggestions for [%s]
02-20 16:37:22.673  1211  1710 I netd    : tetherGetStats() -> {[]} <1.75ms>
02-20 16:37:22.674  5236  5267 I xco     : (REDACTED) %s getProactiveContent: %s
02-20 16:37:22.675  5236  5268 I DebugExecutorService: execute() called with Runnable: cbvv@6f595fd
02-20 16:37:22.675  5236  5268 I DebugExecutorService: cbvv@6f595fd finished on thread
02-20 16:37:22.675  5236  5267 I BcSsSuggestionAgg: TNG Bluechip smartspace not enabled.
02-20 16:37:22.675  5236  5267 W bhmm    : Triggering event does not contain a headphone connection.
02-20 16:37:22.675  5236  5268 I xdu     : (REDACTED) #getLastReturnedProactiveData for client type %s and proactive data type %s
02-20 16:37:22.676  5236  8064 I DebugExecutorService: execute() called with Runnable: cbvy@a498d33
02-20 16:37:22.676  5236  8064 I DebugExecutorService: cbvy@a498d33 finished on thread
02-20 16:37:22.676  5236  8064 I CrossProfileSender: tryMakeAsyncCalls
02-20 16:37:22.676  5236  8064 I DebugExecutorService: execute() called with Runnable: cbvw@2c8d8f0
02-20 16:37:22.676  5236  8064 I DebugExecutorService: cbvw@2c8d8f0 finished on thread
02-20 16:37:22.676  5236  8064 I CrossProfileSender: Attempting to bind
02-20 16:37:22.676  5236  5268 I xei     : (REDACTED) #getLastReturnedProactiveData for client type %s and proactive data type %s
02-20 16:37:22.677  5236  8064 I CrossProfileSender: Binding attempt failed: Permission not granted
02-20 16:37:22.677  5236  5268 I xei     : (REDACTED) #getLastReturnedProactiveData for client type %s and proactive data type %s
02-20 16:37:22.677  5236  8064 I DebugExecutorService: execute() called with Runnable: cbvz@54fa402
02-20 16:37:22.678  5236  8064 I DebugExecutorService: cbvz@54fa402 finished on thread
02-20 16:37:22.678  5236  5264 I xqb     : #updateLastReturnedDatabase
02-20 16:37:22.678  5236  5308 I bjaz    : OEM Device doesn't enable Smartspace Integration.
02-20 16:37:22.678  5236  5264 I xel     : #putNewReturnedDataQuery
02-20 16:37:22.679  5236  5264 I xei     : #putNewReturnedDataQuery
02-20 16:37:22.679  5236  5262 I xdu     : #putNewReturnedDataQuery
02-20 16:37:22.680  5236  5262 I xei     : #putNewReturnedDataQuery
02-20 16:37:22.680  5236  5308 I A       : Air Quality is disabled in TNG.
02-20 16:37:22.680  5236  5308 I biyh    : Hotel feature is disabled.
02-20 16:37:22.680  5236  5308 I biyo    : Hotel feature is disabled.
02-20 16:37:22.680  5236  5308 I bjed    : Time to leave feature is disabled via ProactiveDataList producer.
02-20 16:37:22.680  5236  5308 I bjdu    : Tips feature is disabled for smartspace TNG.
02-20 16:37:22.681  5236  5308 I A       : Weather Alert is disabled in TNG via ProactiveDataList producer.
02-20 16:37:22.681  5236  5308 I A       : Weather is disabled in TNG via ProactiveDataList producer.
02-20 16:37:22.692  5236  5269 I cnof    : (REDACTED) getUpcomingEvents(%s, %s)
02-20 16:37:22.697  5236  8069 I xpc     : (REDACTED) filterInvalidEvents pre-filter size=%s
02-20 16:37:22.698  5236  8069 I xpc     : (REDACTED) post-filter events size=%s
02-20 16:37:22.706  5236  5269 I xpc     : (REDACTED) filterInvalidEvents pre-filter size=%s
02-20 16:37:22.706  5236  5269 I xpc     : (REDACTED) post-filter events size=%s
02-20 16:37:22.714  5236  5268 I A       : AQI from Pixel Weather is disabled.
02-20 16:37:22.714  5236  5268 I biwu    : Commute time feature is disabled via ProactiveSuggestions producer.
02-20 16:37:22.715  5236  5268 I bjed    : Time to leave feature is disabled via ProactiveSuggestions producer.
02-20 16:37:22.715  5236  5268 I TemplateParserPvdImpl: (REDACTED) UI template for: %s for surfacce: %s is disabled. Skipping...
02-20 16:37:22.715  5236  5268 I A       : #Generate weather data.
02-20 16:37:22.716  5236  5268 I bikx    : Create TNG weather or weather daily forecast or weather timely reminder wrapped click intent.
02-20 16:37:22.716  5236  5268 I birb    : #createWrappedClickIntent: Put account
02-20 16:37:22.716  5236  5268 I bikx    : Create card explanation intent
02-20 16:37:22.716  5236  5268 I birb    : #createWrappedClickIntent: Account is missing
02-20 16:37:22.716  5236  5268 I A       : (REDACTED) #TNG createSmartspaceCard enable_reminder: %b, enable_forecast: %b, showTimelyReminderForPrecipitationType presents: %b
02-20 16:37:22.717  5236  5268 I bikx    : Create TNG weather or weather daily forecast or weather timely reminder wrapped click intent.
02-20 16:37:22.717  5236  5268 I birb    : #createWrappedClickIntent: Put account
02-20 16:37:22.717  5236  5270 I cmho    : (REDACTED) remove request for trigger key: %s, isClientInitiated: %s
02-20 16:37:22.717  5236  5268 I bikx    : Create TNG weather or weather daily forecast or weather timely reminder wrapped click intent.
02-20 16:37:22.717  5236  5268 I birb    : #createWrappedClickIntent: Put account
02-20 16:37:22.717  5236  5268 I A       : (REDACTED) #TNG high temperature: %s, low temperature: %s, show weather daily forecast: %b in AAG widget.
02-20 16:37:22.717  5236  5268 I bikx    : Create card explanation intent
02-20 16:37:22.717  5236  5268 I birb    : #createWrappedClickIntent: Account is missing
02-20 16:37:22.717  5236  5268 I A       : (REDACTED) #TNG createSmartspaceCard enable_reminder: %b, enable_forecast: %b, showTimelyReminderForPrecipitationType presents: %b
02-20 16:37:22.718  5236  5268 I bikx    : Create TNG weather or weather daily forecast or weather timely reminder wrapped click intent.
02-20 16:37:22.718  5236  5268 I birb    : #createWrappedClickIntent: Put account
02-20 16:37:22.718  5236  5268 I bikx    : Create TNG weather or weather daily forecast or weather timely reminder wrapped click intent.
02-20 16:37:22.718  5236  5268 I birb    : #createWrappedClickIntent: Put account
02-20 16:37:22.718  5236  5268 I A       : (REDACTED) #TNG high temperature: %s, low temperature: %s, show weather daily forecast: %b in AAG widget.
02-20 16:37:22.718  5236  5268 I bikx    : Create card explanation intent
02-20 16:37:22.718  5236  5268 I birb    : #createWrappedClickIntent: Account is missing
02-20 16:37:22.718  5236  5268 I A       : (REDACTED) #TNG createSmartspaceCard enable_reminder: %b, enable_forecast: %b, showTimelyReminderForPrecipitationType presents: %b
02-20 16:37:22.719  5236  5268 I bikx    : Create TNG weather or weather daily forecast or weather timely reminder wrapped click intent.
02-20 16:37:22.719  5236  5268 I birb    : #createWrappedClickIntent: Put account
02-20 16:37:22.719  5236  5268 I bikx    : Create TNG weather or weather daily forecast or weather timely reminder wrapped click intent.
02-20 16:37:22.719  5236  5268 I birb    : #createWrappedClickIntent: Put account
02-20 16:37:22.719  5236  5268 I A       : (REDACTED) #TNG high temperature: %s, low temperature: %s, show weather daily forecast: %b in AAG widget.
02-20 16:37:22.719  5236  5268 I bikx    : Create card explanation intent
02-20 16:37:22.720  5236  5268 I birb    : #createWrappedClickIntent: Account is missing
02-20 16:37:22.720  5236  5268 I A       : (REDACTED) #TNG createSmartspaceCard enable_reminder: %b, enable_forecast: %b, showTimelyReminderForPrecipitationType presents: %b
02-20 16:37:22.720  5236  5268 I bikx    : Create TNG weather or weather daily forecast or weather timely reminder wrapped click intent.
02-20 16:37:22.720  5236  5268 I birb    : #createWrappedClickIntent: Put account
02-20 16:37:22.720  5236  5268 I bikx    : Create TNG weather or weather daily forecast or weather timely reminder wrapped click intent.
02-20 16:37:22.720  5236  5268 I birb    : #createWrappedClickIntent: Put account
02-20 16:37:22.720  5236  5268 I A       : (REDACTED) #TNG high temperature: %s, low temperature: %s, show weather daily forecast: %b in AAG widget.
02-20 16:37:22.721  5236  5268 I bikx    : Create card explanation intent
02-20 16:37:22.721  5236  5268 I birb    : #createWrappedClickIntent: Account is missing
02-20 16:37:22.721  5236  5268 I A       : (REDACTED) #TNG createSmartspaceCard enable_reminder: %b, enable_forecast: %b, showTimelyReminderForPrecipitationType presents: %b
02-20 16:37:22.721  5236  5268 I bikx    : Create TNG weather or weather daily forecast or weather timely reminder wrapped click intent.
02-20 16:37:22.721  5236  5268 I birb    : #createWrappedClickIntent: Put account
02-20 16:37:22.722  5236  5268 I bikx    : Create TNG weather or weather daily forecast or weather timely reminder wrapped click intent.
02-20 16:37:22.722  5236  5268 I birb    : #createWrappedClickIntent: Put account
02-20 16:37:22.722  5236  5268 I A       : (REDACTED) #TNG high temperature: %s, low temperature: %s, show weather daily forecast: %b in AAG widget.
02-20 16:37:22.722  5236  5268 I bikx    : Create card explanation intent
02-20 16:37:22.722  5236  5268 I birb    : #createWrappedClickIntent: Account is missing
02-20 16:37:22.722  5236  5268 I A       : (REDACTED) #TNG createSmartspaceCard enable_reminder: %b, enable_forecast: %b, showTimelyReminderForPrecipitationType presents: %b
02-20 16:37:22.723  5236  5268 I bikx    : Create TNG weather or weather daily forecast or weather timely reminder wrapped click intent.
02-20 16:37:22.723  5236  5268 I birb    : #createWrappedClickIntent: Put account
02-20 16:37:22.723  5236  5268 I bikx    : Create TNG weather or weather daily forecast or weather timely reminder wrapped click intent.
02-20 16:37:22.723  5236  5268 I birb    : #createWrappedClickIntent: Put account
02-20 16:37:22.723  5236  5268 I A       : (REDACTED) #TNG high temperature: %s, low temperature: %s, show weather daily forecast: %b in AAG widget.
02-20 16:37:22.724  5236  5270 I cmjo    : (REDACTED) #remove: subTriggerId=%s
02-20 16:37:22.724  5236  5266 I birb    : #createWrappedClickIntent: Put account
02-20 16:37:22.724  5236  5266 I bikw    : (REDACTED) #getIconFromCard: %s
02-20 16:37:22.724  5236  5268 I bikx    : Create card explanation intent
02-20 16:37:22.724  5236  5268 I birb    : #createWrappedClickIntent: Account is missing
02-20 16:37:22.725  5236  5268 I A       : (REDACTED) #TNG createSmartspaceCard enable_reminder: %b, enable_forecast: %b, showTimelyReminderForPrecipitationType presents: %b
02-20 16:37:22.725  5236  5268 I bikx    : Create TNG weather or weather daily forecast or weather timely reminder wrapped click intent.
02-20 16:37:22.725  5236  5268 I birb    : #createWrappedClickIntent: Put account
02-20 16:37:22.725  5236  5268 I bikx    : Create TNG weather or weather daily forecast or weather timely reminder wrapped click intent.
02-20 16:37:22.726  5236  5268 I birb    : #createWrappedClickIntent: Put account
02-20 16:37:22.726  5236  5268 I A       : (REDACTED) #TNG high temperature: %s, low temperature: %s, show weather daily forecast: %b in AAG widget.
02-20 16:37:22.726  5236  5268 I bikw    : (REDACTED) #getIconFromCard: %s
02-20 16:37:22.726  5236  5268 W bikw    : (REDACTED) cardType: %s has no icon.
02-20 16:37:22.726  5236  5268 I bikw    : (REDACTED) #getIconFromCard: %s
02-20 16:37:22.726  5236  5264 I bikw    : load card icon from url
02-20 16:37:22.726  5236  5268 W bikw    : (REDACTED) cardType: %s has no icon.
02-20 16:37:22.726  5236  5268 I bikw    : (REDACTED) #getIconFromCard: %s
02-20 16:37:22.726  5236  5264 I bikw    : load card icon from url
02-20 16:37:22.726  5236  5268 W bikw    : (REDACTED) cardType: %s has no icon.
02-20 16:37:22.726  5236  5268 I bikw    : (REDACTED) #getIconFromCard: %s
02-20 16:37:22.727  5236  5264 I bikw    : load card icon from url
02-20 16:37:22.727  5236  5268 W bikw    : (REDACTED) cardType: %s has no icon.
02-20 16:37:22.727  5236  5268 I bikw    : (REDACTED) #getIconFromCard: %s
02-20 16:37:22.727  5236  5268 W bikw    : (REDACTED) cardType: %s has no icon.
02-20 16:37:22.727  5236  5268 I bikw    : (REDACTED) #getIconFromCard: %s
02-20 16:37:22.727  5236  5253 I bikw    : load card icon from url
02-20 16:37:22.727  5236  5268 W bikw    : (REDACTED) cardType: %s has no icon.
02-20 16:37:22.727  5236  5268 I bikw    : (REDACTED) #getIconFromCard: %s
02-20 16:37:22.727  5236  5268 W bikw    : (REDACTED) cardType: %s has no icon.
02-20 16:37:22.727  5236  5253 I bikw    : load card icon from url
02-20 16:37:22.727  5236  5268 I A       : Generate weather tomorrow forecast data.
02-20 16:37:22.728  5236  5264 I bikw    : load card icon from url
02-20 16:37:22.728  5236  5270 E A       : UI template failed to generate weather tomorrow forecast card
02-20 16:37:22.728  5236  5262 I bikw    : load card icon from url
02-20 16:37:22.728  1248  1309 I libPerfCtl: xgfGetFPS pid:1811 fps:-1
02-20 16:37:22.728  1248  1309 I libPerfCtl: xgfGetFPS pid:2194 fps:120
02-20 16:37:22.728  1248  1309 I libPerfCtl: xgfGetFPS pid:7807 fps:-1
02-20 16:37:22.728  1248  1309 I libPerfCtl: xgfGetFPS pid:7860 fps:-1
02-20 16:37:22.728  5236  5266 I WeatherTempParser: (REDACTED) #getParsedCard: UI template weather card, cardId: %s
02-20 16:37:22.729  5236  5268 I WeatherTempParser: (REDACTED) #getParsedCard: UI template weather card, cardId: %s
02-20 16:37:22.729  5236  5308 I WeatherTempParser: (REDACTED) #getParsedCard: UI template weather card, cardId: %s
02-20 16:37:22.729  5236  5264 I bikx    : Create card explanation intent
02-20 16:37:22.729  5236  5308 I WeatherTempParser: (REDACTED) #getParsedCard: UI template weather card, cardId: %s
02-20 16:37:22.730  5236  5264 I birb    : #createWrappedClickIntent: Account is missing
02-20 16:37:22.730  5236  5308 I WeatherTempParser: (REDACTED) #getParsedCard: UI template weather card, cardId: %s
02-20 16:37:22.730  5236  5266 I WeatherTempParser: (REDACTED) #getParsedCard: UI template weather card, cardId: %s
02-20 16:37:22.731  5236  5268 I WeatherTempParser: (REDACTED) #getParsedCard: UI template weather card, cardId: %s
02-20 16:37:22.731  5236  5266 I cmjo    : (REDACTED) #maybeCreateTimeTrigger: time trigger= %s with start time=%d, stop time=%d in seconds.
02-20 16:37:22.732  5236  5268 I biif    : #filterNoMapsConsentCards: Flag is off. Return UnfilteredCards
02-20 16:37:22.733  5236  5308 I ymb     : TNG:MA eligibility is used in AssistantEligibilityCheckerTNGImpl.
02-20 16:37:22.733  5236  5308 I agaj    : (REDACTED) #FCF: Managed profile check status : %s
02-20 16:37:22.733  5236  5270 I ymb     : TNG:MA eligibility is used in AssistantEligibilityCheckerTNGImpl.
02-20 16:37:22.734  5236  5308 I agae    : (REDACTED) #FCF: Demo mode check status : %s
02-20 16:37:22.734  5236  5267 I ymb     : TNG:MA eligibility is used in AssistantEligibilityCheckerTNGImpl.
02-20 16:37:22.734  5236  5268 I ymb     : TNG:MA eligibility is used in AssistantEligibilityCheckerTNGImpl.
02-20 16:37:22.734  5236  5270 I agdd    : (REDACTED) #FCF evaluate: %s
02-20 16:37:22.734  5236  5270 I agdd    : (REDACTED) TngMaStatusChecker#evaluateInternal completed in %s millis
02-20 16:37:22.734  5236  5268 I ymb     : TNG:MA eligibility is used in AssistantEligibilityCheckerTNGImpl.
02-20 16:37:22.734  5236  5270 I agaj    : (REDACTED) #FCF: Managed profile check status : %s
02-20 16:37:22.734  5236  5270 I ymt     : (REDACTED) tngMaFeatureEnabled: %s
02-20 16:37:22.734  5236  5268 I agae    : (REDACTED) #FCF: Demo mode check status : %s
02-20 16:37:22.734  5236  5268 I ymb     : TNG:MA eligibility is used in AssistantEligibilityCheckerTNGImpl.
02-20 16:37:22.734  5236  5270 I agdd    : (REDACTED) #FCF evaluate: %s
02-20 16:37:22.734  5236  5269 I agaj    : (REDACTED) #FCF: Managed profile check status : %s
02-20 16:37:22.734  5236  5268 I agae    : (REDACTED) #FCF: Demo mode check status : %s
02-20 16:37:22.734  5236  5270 I agdd    : (REDACTED) TngMaStatusChecker#evaluateInternal completed in %s millis
02-20 16:37:22.734  5236  5268 I ymb     : TNG:MA eligibility is used in AssistantEligibilityCheckerTNGImpl.
02-20 16:37:22.734  5236  5269 W GlanceWidgetHelper: No valid UI template data for event block
02-20 16:37:22.734  5236  5268 I agdd    : (REDACTED) #FCF evaluate: %s
02-20 16:37:22.734  5236  5270 I ymo     : (REDACTED) LocaleAssistantEligibilityCheckerImpl#isLocationAssistantEligible completed in %s millis
02-20 16:37:22.734  5236  5267 I agaj    : (REDACTED) #FCF: Managed profile check status : %s
02-20 16:37:22.734  5236  5268 I agdd    : (REDACTED) TngMaStatusChecker#evaluateInternal completed in %s millis
02-20 16:37:22.734  5236  5270 I ymt     : (REDACTED) locationAssistantEligible: %s
02-20 16:37:22.734  5236  5268 I agae    : (REDACTED) #FCF: Demo mode check status : %s
02-20 16:37:22.735  5236  5268 I ymt     : (REDACTED) tngMaFeatureEnabled: %s
02-20 16:37:22.735  5236  5268 I ymt     : (REDACTED) tngMaFeatureEnabled: %s
02-20 16:37:22.735  5236  5268 I agaj    : (REDACTED) #FCF: Managed profile check status : %s
02-20 16:37:22.735  5236  5267 I agae    : (REDACTED) #FCF: Demo mode check status : %s
02-20 16:37:22.735  5236  5267 I agae    : (REDACTED) #FCF: Demo mode check status : %s
02-20 16:37:22.735  5236  5269 I TngSSWidgetRndr: Send AAG widget update.
02-20 16:37:22.735  5236  5270 I ymm     : (REDACTED) GoogleKidsSpaceCheckerImpl#isGoogleKidsSpaceInstalled completed in %s millis
02-20 16:37:22.735  5236  5270 I ymm     : (REDACTED) GoogleKidsSpaceCheckerImpl#isGoogleKidsSpaceActive completed in %s millis
02-20 16:37:22.735  5236  5270 I ymt     : (REDACTED) googleKidsSpaceActive: %s
02-20 16:37:22.735  5236  5270 I ymt     : (REDACTED) isTngMaEligible: %s
02-20 16:37:22.735  5236  5270 I ymt     : (REDACTED) TngMaEligibilityCheckerImpl#isEligible completed in %s millis
02-20 16:37:22.735  5236  5269 I agdd    : (REDACTED) #FCF evaluate: %s
02-20 16:37:22.735  5236  5266 I agdd    : (REDACTED) #FCF evaluate: %s
02-20 16:37:22.735  5236  5269 I agdd    : (REDACTED) TngMaStatusChecker#evaluateInternal completed in %s millis
02-20 16:37:22.735  5236  5268 I agaj    : (REDACTED) #FCF: Managed profile check status : %s
02-20 16:37:22.735  5236  5266 I agdd    : (REDACTED) TngMaStatusChecker#evaluateInternal completed in %s millis
02-20 16:37:22.735  5236  5269 I agae    : (REDACTED) #FCF: Demo mode check status : %s
02-20 16:37:22.735  5236  5268 I ymo     : (REDACTED) LocaleAssistantEligibilityCheckerImpl#isLocationAssistantEligible completed in %s millis
02-20 16:37:22.735  5236  5269 I ymt     : (REDACTED) tngMaFeatureEnabled: %s
02-20 16:37:22.735  5236  5268 I ymt     : (REDACTED) locationAssistantEligible: %s
02-20 16:37:22.735  5236  5269 I agdd    : (REDACTED) #FCF evaluate: %s
02-20 16:37:22.735  5236  5269 I agdd    : (REDACTED) TngMaStatusChecker#evaluateInternal completed in %s millis
02-20 16:37:22.736  5236  5269 I ymt     : (REDACTED) tngMaFeatureEnabled: %s
02-20 16:37:22.736  5236  5269 I ymt     : (REDACTED) tngMaFeatureEnabled: %s
02-20 16:37:22.736  5236  5269 I ymo     : (REDACTED) LocaleAssistantEligibilityCheckerImpl#isLocationAssistantEligible completed in %s millis
02-20 16:37:22.736  5236  5269 I ymt     : (REDACTED) locationAssistantEligible: %s
02-20 16:37:22.736  5236  5266 I ymo     : (REDACTED) LocaleAssistantEligibilityCheckerImpl#isLocationAssistantEligible completed in %s millis
02-20 16:37:22.736  5236  5266 I ymt     : (REDACTED) locationAssistantEligible: %s
02-20 16:37:22.736  5236  5267 I ymo     : (REDACTED) LocaleAssistantEligibilityCheckerImpl#isLocationAssistantEligible completed in %s millis
02-20 16:37:22.736  5236  5267 I ymt     : (REDACTED) locationAssistantEligible: %s
02-20 16:37:22.736  5236  5268 I ymm     : (REDACTED) GoogleKidsSpaceCheckerImpl#isGoogleKidsSpaceInstalled completed in %s millis
02-20 16:37:22.736  5236  5268 I ymm     : (REDACTED) GoogleKidsSpaceCheckerImpl#isGoogleKidsSpaceActive completed in %s millis
02-20 16:37:22.736  5236  5268 I ymt     : (REDACTED) googleKidsSpaceActive: %s
02-20 16:37:22.736  5236  5268 I ymt     : (REDACTED) isTngMaEligible: %s
02-20 16:37:22.736  5236  5268 I ymt     : (REDACTED) TngMaEligibilityCheckerImpl#isEligible completed in %s millis
02-20 16:37:22.736  5236  5308 I ymb     : TNG:MA eligibility is used in AssistantEligibilityCheckerTNGImpl.
02-20 16:37:22.736  5236  5267 I ymm     : (REDACTED) GoogleKidsSpaceCheckerImpl#isGoogleKidsSpaceInstalled completed in %s millis
02-20 16:37:22.736  5236  5267 I ymm     : (REDACTED) GoogleKidsSpaceCheckerImpl#isGoogleKidsSpaceActive completed in %s millis
02-20 16:37:22.736  5236  5268 I ymo     : (REDACTED) LocaleAssistantEligibilityCheckerImpl#isLocationAssistantEligible completed in %s millis
02-20 16:37:22.736  5236  5267 I ymt     : (REDACTED) googleKidsSpaceActive: %s
02-20 16:37:22.736  5236  5268 I ymt     : (REDACTED) locationAssistantEligible: %s
02-20 16:37:22.736  5236  5270 I agaj    : (REDACTED) #FCF: Managed profile check status : %s
02-20 16:37:22.737  5236  5270 I agdd    : (REDACTED) #FCF evaluate: %s
02-20 16:37:22.737  5236  5270 I agdd    : (REDACTED) TngMaStatusChecker#evaluateInternal completed in %s millis
02-20 16:37:22.737  5236  5270 I agaj    : (REDACTED) #FCF: Managed profile check status : %s
02-20 16:37:22.737  5236  5270 I ymt     : (REDACTED) tngMaFeatureEnabled: %s
02-20 16:37:22.737  5236  5308 I agae    : (REDACTED) #FCF: Demo mode check status : %s
02-20 16:37:22.737  5236  5270 I agdd    : (REDACTED) #FCF evaluate: %s
02-20 16:37:22.737  5236  5270 I agdd    : (REDACTED) TngMaStatusChecker#evaluateInternal completed in %s millis
02-20 16:37:22.737  5236  5270 I ymt     : (REDACTED) tngMaFeatureEnabled: %s
02-20 16:37:22.737  5236  5308 I ymo     : (REDACTED) LocaleAssistantEligibilityCheckerImpl#isLocationAssistantEligible completed in %s millis
02-20 16:37:22.737  5236  5270 I ymo     : (REDACTED) LocaleAssistantEligibilityCheckerImpl#isLocationAssistantEligible completed in %s millis
02-20 16:37:22.737  5236  5267 I ymt     : (REDACTED) isTngMaEligible: %s
02-20 16:37:22.737  5236  5308 I ymt     : (REDACTED) locationAssistantEligible: %s
02-20 16:37:22.737  5236  5267 I ymt     : (REDACTED) TngMaEligibilityCheckerImpl#isEligible completed in %s millis
02-20 16:37:22.737  5236  8066 I GlanceWidgetHelper: (REDACTED) build main window from message for card type: %s.
02-20 16:37:22.737  5236  5270 I ymt     : (REDACTED) locationAssistantEligible: %s
02-20 16:37:22.737  5236  5269 I ymm     : (REDACTED) GoogleKidsSpaceCheckerImpl#isGoogleKidsSpaceInstalled completed in %s millis
02-20 16:37:22.737  5236  5269 I ymm     : (REDACTED) GoogleKidsSpaceCheckerImpl#isGoogleKidsSpaceActive completed in %s millis
02-20 16:37:22.737  5236  5269 I ymt     : (REDACTED) googleKidsSpaceActive: %s
02-20 16:37:22.737  5236  5269 I ymt     : (REDACTED) isTngMaEligible: %s
02-20 16:37:22.738  5236  5269 I ymt     : (REDACTED) TngMaEligibilityCheckerImpl#isEligible completed in %s millis
02-20 16:37:22.738  5236  5266 I ymm     : (REDACTED) GoogleKidsSpaceCheckerImpl#isGoogleKidsSpaceInstalled completed in %s millis
02-20 16:37:22.738  5236  5270 I ymm     : (REDACTED) GoogleKidsSpaceCheckerImpl#isGoogleKidsSpaceInstalled completed in %s millis
02-20 16:37:22.738  5236  5270 I ymm     : (REDACTED) GoogleKidsSpaceCheckerImpl#isGoogleKidsSpaceActive completed in %s millis
02-20 16:37:22.738  5236  5270 I ymt     : (REDACTED) googleKidsSpaceActive: %s
02-20 16:37:22.738  5236  5270 I ymt     : (REDACTED) isTngMaEligible: %s
02-20 16:37:22.738  5236  5270 I ymt     : (REDACTED) TngMaEligibilityCheckerImpl#isEligible completed in %s millis
02-20 16:37:22.738  5236  5266 I ymm     : (REDACTED) GoogleKidsSpaceCheckerImpl#isGoogleKidsSpaceActive completed in %s millis
02-20 16:37:22.738  5236  5266 I ymt     : (REDACTED) googleKidsSpaceActive: %s
02-20 16:37:22.738  5236  5308 I ymm     : (REDACTED) GoogleKidsSpaceCheckerImpl#isGoogleKidsSpaceInstalled completed in %s millis
02-20 16:37:22.738  5236  5266 I ymt     : (REDACTED) isTngMaEligible: %s
02-20 16:37:22.738  5236  5266 I ymt     : (REDACTED) TngMaEligibilityCheckerImpl#isEligible completed in %s millis
02-20 16:37:22.738  5236  5308 I ymm     : (REDACTED) GoogleKidsSpaceCheckerImpl#isGoogleKidsSpaceActive completed in %s millis
02-20 16:37:22.738  5236  5308 I ymt     : (REDACTED) googleKidsSpaceActive: %s
02-20 16:37:22.738  5236  5308 I ymt     : (REDACTED) isTngMaEligible: %s
02-20 16:37:22.738  5236  5308 I ymt     : (REDACTED) TngMaEligibilityCheckerImpl#isEligible completed in %s millis
02-20 16:37:22.738  5236  5268 I ymm     : (REDACTED) GoogleKidsSpaceCheckerImpl#isGoogleKidsSpaceInstalled completed in %s millis
02-20 16:37:22.738  5236  5268 I ymm     : (REDACTED) GoogleKidsSpaceCheckerImpl#isGoogleKidsSpaceActive completed in %s millis
02-20 16:37:22.738  5236  5268 I ymt     : (REDACTED) googleKidsSpaceActive: %s
02-20 16:37:22.738  5236  5268 I ymt     : (REDACTED) isTngMaEligible: %s
02-20 16:37:22.738  5236  5268 I ymt     : (REDACTED) TngMaEligibilityCheckerImpl#isEligible completed in %s millis
02-20 16:37:22.738  5236  5264 I bibf    : Successfully logged card impression and maybe settings
02-20 16:37:22.739  5236  5253 I bibf    : Successfully logged card impression and maybe settings
02-20 16:37:22.739  5236  5253 I bibf    : Successfully logged card impression and maybe settings
02-20 16:37:22.739  5236  5262 I bibf    : Successfully logged card impression and maybe settings
02-20 16:37:22.739  5236  5262 I bibf    : Successfully logged card impression and maybe settings
02-20 16:37:22.739  5236  5261 I bibf    : Successfully logged card impression and maybe settings
02-20 16:37:22.739  5236  5262 I bibf    : Successfully logged card impression and maybe settings
02-20 16:37:22.739  5236  5262 I bibf    : Successfully logged card impression and maybe settings
02-20 16:37:22.741  5236  5262 I bist    : (REDACTED) update normal widget [%s] started.
02-20 16:37:22.741  5236  5266 I SS3PSurfacesSuggestAggr: (REDACTED) Smartspace card update to %s successfully.
02-20 16:37:22.741  5236  5266 I SS3PSurfacesSuggestAggr: (REDACTED) For %s:
02-20 16:37:22.742  5236  5266 I SS3PSurfacesSuggestAggr: (REDACTED) cardId: %d, card type: %s, pre event title: %s, event start time: %s, update time: %s, expireTime: %s, is from work profile: %b
02-20 16:37:22.742  5236  5266 I SS3PSurfacesSuggestAggr: (REDACTED) cardId: %d, card type: %s, pre event title: %s, event start time: %s, update time: %s, expireTime: %s, is from work profile: %b
02-20 16:37:22.742  5236  5266 I SS3PSurfacesSuggestAggr: (REDACTED) cardId: %d, card type: %s, pre event title: %s, event start time: %s, update time: %s, expireTime: %s, is from work profile: %b
02-20 16:37:22.742  5236  5262 I bist    : (REDACTED) #AAG update widget [%s] with widget data
02-20 16:37:22.742  5236  5266 I SS3PSurfacesSuggestAggr: (REDACTED) cardId: %d, card type: %s, pre event title: %s, event start time: %s, update time: %s, expireTime: %s, is from work profile: %b
02-20 16:37:22.742  5236  5266 I SS3PSurfacesSuggestAggr: (REDACTED) cardId: %d, card type: %s, pre event title: %s, event start time: %s, update time: %s, expireTime: %s, is from work profile: %b
02-20 16:37:22.742  5236  5266 I SS3PSurfacesSuggestAggr: (REDACTED) cardId: %d, card type: %s, pre event title: %s, event start time: %s, update time: %s, expireTime: %s, is from work profile: %b
02-20 16:37:22.742  5236  5266 I SS3PSurfacesSuggestAggr: (REDACTED) cardId: %d, card type: %s, pre event title: %s, event start time: %s, update time: %s, expireTime: %s, is from work profile: %b
02-20 16:37:22.742  5236  5266 I SS3PSurfacesSuggestAggr: (REDACTED) cardId: %d, card type: %s, pre event title: %s, event start time: %s, update time: %s, expireTime: %s, is from work profile: %b
02-20 16:37:22.755  1276  1276 I BufferQueueProducer: [app.validator.intelligence/app.validator.intelligence.MainActivity#3376](this:0xb400007b1f9f6880,id:-1,api:0,p:-1,c:1276) queueBuffer: fps=115.45 dur=1004.76 max=33.02 min=7.49
02-20 16:37:22.867 29283 29709 W WearableService: onGetService: Wear is not available on this device.
02-20 16:37:22.879  1811  1829 E ApplicationHelper: Fail to get PackageManager
02-20 16:37:22.880  1811  1829 E ApplicationHelper: Fail to get PackageManager
02-20 16:37:22.881  7364  7364 W ojx     : [Gmail] MailSyncAdapterService: MailSyncAdapterService is destroyed! [CONTEXT android_log_tag="MailSyncAdapterService" ]
02-20 16:37:22.893  1811  1829 E ApplicationHelper: Fail to get PackageManager
02-20 16:37:22.893  1811  1829 E ApplicationHelper: Fail to get PackageManager
02-20 16:37:22.894  5236  5236 I birt    : (REDACTED) Add weather metadata element to card explanation data: %s
02-20 16:37:22.897  5236  5236 I birt    : (REDACTED) Add weather metadata element to card explanation data: %s
02-20 16:37:23.146  1229  1263 I hwcomposer: [HWCDisplay] [Display_0 (type:1, mode:2)] fps:120.731148,dur:1002.23,max:10.40,min:5.84  
02-20 16:37:23.652  1276  1276 I BufferQueueProducer: [FloatingRotationButton#3403](this:0xb400007b1faa1640,id:-1,api:0,p:-1,c:1276) queueBuffer: fps=120.36 dur=1005.28 max=9.12 min=7.71
02-20 16:37:23.672  1446  1532 E mtk_storageproxyd: ipc-trustonic: ipc_trustonic_connect: retry left 9
02-20 16:37:23.675  1446  1532 E mtk_storageproxyd: ipc-trustonic: ipc_trustonic_connect: Unable to resolve family name (-12)
02-20 16:37:23.678  5236  8064 I CrossProfileSender: Attempting to bind
02-20 16:37:23.678  5236  8064 I CrossProfileSender: Binding attempt failed: Not trying to bind
02-20 16:37:23.679  5236  8064 I CrossProfileSender: Unbind
02-20 16:37:23.728  1248  1309 I libPerfCtl: xgfGetFPS pid:1811 fps:-1
02-20 16:37:23.728  1248  1309 I libPerfCtl: xgfGetFPS pid:2194 fps:120
02-20 16:37:23.729  1248  1309 I libPerfCtl: xgfGetFPS pid:7807 fps:-1
02-20 16:37:23.729  1248  1309 I libPerfCtl: xgfGetFPS pid:7860 fps:-1
02-20 16:37:23.760  1276  1276 I BufferQueueProducer: [app.validator.intelligence/app.validator.intelligence.MainActivity#3376](this:0xb400007b1f9f6880,id:-1,api:0,p:-1,c:1276) queueBuffer: fps=119.38 dur=1005.21 max=16.45 min=7.69
02-20 16:37:24.153  1229  1263 I hwcomposer: [HWCDisplay] [Display_0 (type:1, mode:2)] fps:120.150566,dur:1007.07,max:10.47,min:5.99  
02-20 16:37:24.192  1811  1829 E ApplicationHelper: Fail to get PackageManager
02-20 16:37:24.203  1211  1710 I netd    : tetherGetStats() -> {[]} <4.24ms>
02-20 16:37:24.206  1811  1829 E ApplicationHelper: Fail to get PackageManager
02-20 16:37:24.210  3317  8145 I Authzen : [DeviceStateSyncManager] The server is in sync with current state. Nothing to do
02-20 16:37:24.212  1211  1710 I netd    : bandwidthSetGlobalAlert(2097152) <0.92ms>
02-20 16:37:24.657  1276  1276 I BufferQueueProducer: [FloatingRotationButton#3403](this:0xb400007b1faa1640,id:-1,api:0,p:-1,c:1276) queueBuffer: fps=120.41 dur=1004.88 max=9.15 min=7.29
02-20 16:37:24.676  1446  1532 E mtk_storageproxyd: ipc-trustonic: ipc_trustonic_connect: retry left 8
02-20 16:37:24.678  1446  1532 E mtk_storageproxyd: ipc-trustonic: ipc_trustonic_connect: Unable to resolve family name (-12)
02-20 16:37:24.728  1248  1309 I libPerfCtl: xgfGetFPS pid:2194 fps:120
02-20 16:37:24.729  1248  1309 I libPerfCtl: xgfGetFPS pid:7860 fps:-1
02-20 16:37:24.765  1276  1276 I BufferQueueProducer: [app.validator.intelligence/app.validator.intelligence.MainActivity#3376](this:0xb400007b1f9f6880,id:-1,api:0,p:-1,c:1276) queueBuffer: fps=120.41 dur=1004.93 max=9.26 min=7.11
02-20 16:37:25.051  2055  2062 I WifiHAL : LLS RSP: data=0xb40000753b9d3030, len=4868
02-20 16:37:25.051  2055  2062 I WifiHAL : LLS check_data_sanity: 1821: current_radio_stat->num_channels=43
02-20 16:37:25.051  2055  2062 I WifiHAL : LLS check_data_sanity: 1821: current_radio_stat->num_channels=17
02-20 16:37:25.051  2055  2062 I WifiHAL : LLS check_data_sanity: confirmed_size=4868, len=4868
02-20 16:37:25.056  2055  2062 I WifiHAL : feature_set=0x8489341a
02-20 16:37:25.157  1229  1263 I hwcomposer: [HWCDisplay] [Display_0 (type:1, mode:2)] fps:120.526749,dur:1003.93,max:10.87,min:6.24  
02-20 16:37:25.662  1276  1276 I BufferQueueProducer: [FloatingRotationButton#3403](this:0xb400007b1faa1640,id:-1,api:0,p:-1,c:1276) queueBuffer: fps=119.43 dur=1004.81 max=16.75 min=7.48
02-20 16:37:25.679  1446  1532 E mtk_storageproxyd: ipc-trustonic: ipc_trustonic_connect: retry left 7
02-20 16:37:25.680  1446  1532 E mtk_storageproxyd: ipc-trustonic: ipc_trustonic_connect: Unable to resolve family name (-12)
02-20 16:37:25.729  1248  1309 I libPerfCtl: xgfGetFPS pid:2194 fps:120
02-20 16:37:25.729  1248  1309 I libPerfCtl: xgfGetFPS pid:7860 fps:-1
02-20 16:37:25.770  1276  1276 I BufferQueueProducer: [app.validator.intelligence/app.validator.intelligence.MainActivity#3376](this:0xb400007b1f9f6880,id:-1,api:0,p:-1,c:1276) queueBuffer: fps=120.39 dur=1005.03 max=9.39 min=7.22
02-20 16:37:26.163  1229  1263 I hwcomposer: [HWCDisplay] [Display_0 (type:1, mode:2)] fps:120.227631,dur:1006.42,max:10.44,min:5.59  
02-20 16:37:26.436  1811  1829 E ApplicationHelper: Fail to get PackageManager
02-20 16:37:26.440  1811  1829 E ApplicationHelper: Fail to get PackageManager
02-20 16:37:26.666  1276  1276 I BufferQueueProducer: [FloatingRotationButton#3403](this:0xb400007b1faa1640,id:-1,api:0,p:-1,c:1276) queueBuffer: fps=120.47 dur=1004.41 max=9.28 min=7.24
02-20 16:37:26.681  1446  1532 E mtk_storageproxyd: ipc-trustonic: ipc_trustonic_connect: retry left 6
02-20 16:37:26.683  1446  1532 E mtk_storageproxyd: ipc-trustonic: ipc_trustonic_connect: Unable to resolve family name (-12)
02-20 16:37:26.705  1811  5647 W InputManager-JNI: Input channel object 'cd5ce8d FloatingRotationButton (client)' was disposed without first being removed with the input manager!
02-20 16:37:26.726  1276  1276 I SurfaceFlinger: onHandleDestroyed: name=WindowToken{b529324 type=2024 android.os.BinderProxy@e21bfb7}#3401, layerId=3401, parentId=0
02-20 16:37:26.726  1276  1276 I SurfaceFlinger: onHandleDestroyed: name=cd5ce8d FloatingRotationButton#3402, layerId=3402, parentId=0
02-20 16:37:26.726  1276  1276 I SurfaceFlinger: onHandleDestroyed: name=FloatingRotationButton#3403, layerId=3403, parentId=0
02-20 16:37:26.729  1248  1309 I libPerfCtl: xgfGetFPS pid:2194 fps:-1
02-20 16:37:26.731  1248  1309 I libPerfCtl: xgfGetFPS pid:7860 fps:-1
02-20 16:37:26.734  1276  1276 I BufferQueueDebug: [cd5ce8d FloatingRotationButton#3402](this:0xb400007b1fa8d750,id:-1,api:0,p:-1,c:1276) onDestructor()
02-20 16:37:26.734  1276  1276 I BufferQueueDebug: [WindowToken{b529324 type=2024 android.os.BinderProxy@e21bfb7}#3401](this:0xb400007b1fa9e8b0,id:-1,api:0,p:-1,c:1276) onDestructor()
02-20 16:37:26.735  1276  1276 I BufferQueueDebug: [FloatingRotationButton#3403](this:0xb400007b1faa1640,id:-1,api:0,p:-1,c:1276) onDestructor()
02-20 16:37:26.774  1276  1276 I BufferQueueProducer: [app.validator.intelligence/app.validator.intelligence.MainActivity#3376](this:0xb400007b1f9f6880,id:-1,api:0,p:-1,c:1276) queueBuffer: fps=120.44 dur=1004.64 max=9.26 min=7.25
02-20 16:37:26.940  1811  1829 E ApplicationHelper: Fail to get PackageManager
02-20 16:37:26.942  1811  1829 E ApplicationHelper: Fail to get PackageManager
02-20 16:37:27.167  1229  1263 I hwcomposer: [HWCDisplay] [Display_0 (type:1, mode:2)] fps:120.557648,dur:1003.67,max:10.67,min:4.86  
02-20 16:37:27.684  1446  1532 E mtk_storageproxyd: ipc-trustonic: ipc_trustonic_connect: retry left 5
02-20 16:37:27.686  1446  1532 E mtk_storageproxyd: ipc-trustonic: ipc_trustonic_connect: Unable to resolve family name (-12)
02-20 16:37:27.734  1248  1309 I libPerfCtl: xgfGetFPS pid:2194 fps:-1
02-20 16:37:27.734  1248  1309 I libPerfCtl: xgfGetFPS pid:7860 fps:-1
02-20 16:37:27.780  1276  1276 I BufferQueueProducer: [app.validator.intelligence/app.validator.intelligence.MainActivity#3376](this:0xb400007b1f9f6880,id:-1,api:0,p:-1,c:1276) queueBuffer: fps=120.38 dur=1005.17 max=9.28 min=7.35
02-20 16:37:27.947 13791 13888 I native  : I0000 00:00:1771623447.947354   13888 soda_async_impl.cc:1411] Current audio timestamp: 1771623447806571
02-20 16:37:27.965 13791 13953 W ProxyAndroidLoggerBackend: Too many Flogger logs received before configuration. Dropping old logs.
02-20 16:37:28.065  2055  2062 I WifiHAL : LLS RSP: data=0xb40000753b9d3030, len=4868
02-20 16:37:28.065  2055  2062 I WifiHAL : LLS check_data_sanity: 1821: current_radio_stat->num_channels=43
02-20 16:37:28.065  2055  2062 I WifiHAL : LLS check_data_sanity: 1821: current_radio_stat->num_channels=17
02-20 16:37:28.065  2055  2062 I WifiHAL : LLS check_data_sanity: confirmed_size=4868, len=4868
02-20 16:37:28.075  2055  2062 I WifiHAL : feature_set=0x8489341a
02-20 16:37:28.171  1229  1263 I hwcomposer: [HWCDisplay] [Display_0 (type:1, mode:2)] fps:120.457710,dur:1004.50,max:10.09,min:6.44  
02-20 16:37:28.686  1446  1532 E mtk_storageproxyd: ipc-trustonic: ipc_trustonic_connect: retry left 4
02-20 16:37:28.687  1446  1532 E mtk_storageproxyd: ipc-trustonic: ipc_trustonic_connect: Unable to resolve family name (-12)
02-20 16:37:28.708  1811  1829 E ApplicationHelper: Fail to get PackageManager
02-20 16:37:28.717  1211  1710 I netd    : tetherGetStats() -> {[]} <3.02ms>
02-20 16:37:28.734  1248  1309 I libPerfCtl: xgfGetFPS pid:2194 fps:-1
02-20 16:37:28.734  1248  1309 I libPerfCtl: xgfGetFPS pid:7860 fps:-1
02-20 16:37:28.785  1276  1276 I BufferQueueProducer: [app.validator.intelligence/app.validator.intelligence.MainActivity#3376](this:0xb400007b1f9f6880,id:-1,api:0,p:-1,c:1276) queueBuffer: fps=120.39 dur=1005.03 max=8.92 min=7.45
02-20 16:37:29.177  1229  1263 I hwcomposer: [HWCDisplay] [Display_0 (type:1, mode:2)] fps:120.370110,dur:1005.23,max:9.37,min:7.12  
02-20 16:37:29.688  1446  1532 E mtk_storageproxyd: ipc-trustonic: ipc_trustonic_connect: retry left 3
02-20 16:37:29.689  1446  1532 E mtk_storageproxyd: ipc-trustonic: ipc_trustonic_connect: Unable to resolve family name (-12)
02-20 16:37:29.734  1248  1309 I libPerfCtl: xgfGetFPS pid:2194 fps:-1
02-20 16:37:29.734  1248  1309 I libPerfCtl: xgfGetFPS pid:7860 fps:-1
02-20 16:37:29.790  1276  1276 I BufferQueueProducer: [app.validator.intelligence/app.validator.intelligence.MainActivity#3376](this:0xb400007b1f9f6880,id:-1,api:0,p:-1,c:1276) queueBuffer: fps=120.39 dur=1005.04 max=9.12 min=7.45
02-20 16:37:30.181  1229  1263 I hwcomposer: [HWCDisplay] [Display_0 (type:1, mode:2)] fps:120.433075,dur:1004.71,max:10.43,min:6.27  
02-20 16:37:30.690  1446  1532 E mtk_storageproxyd: ipc-trustonic: ipc_trustonic_connect: retry left 2
02-20 16:37:30.691  1446  1532 E mtk_storageproxyd: ipc-trustonic: ipc_trustonic_connect: Unable to resolve family name (-12)
02-20 16:37:30.734  1248  1309 I libPerfCtl: xgfGetFPS pid:2194 fps:-1
02-20 16:37:30.734  1248  1309 I libPerfCtl: xgfGetFPS pid:7860 fps:-1
02-20 16:37:30.794  1276  1276 I BufferQueueProducer: [app.validator.intelligence/app.validator.intelligence.MainActivity#3376](this:0xb400007b1f9f6880,id:-1,api:0,p:-1,c:1276) queueBuffer: fps=120.44 dur=1004.65 max=8.95 min=7.38
02-20 16:37:30.878  7888  7891 W ocessService0:0: userfaultfd: MOVE ioctl seems unsupported: Connection timed out
02-20 16:37:31.095  2055  2062 I WifiHAL : LLS RSP: data=0xb40000753b9d3030, len=4868
02-20 16:37:31.095  2055  2062 I WifiHAL : LLS check_data_sanity: 1821: current_radio_stat->num_channels=43
02-20 16:37:31.095  2055  2062 I WifiHAL : LLS check_data_sanity: 1821: current_radio_stat->num_channels=17
02-20 16:37:31.095  2055  2062 I WifiHAL : LLS check_data_sanity: confirmed_size=4868, len=4868
02-20 16:37:31.107  2055  2062 I WifiHAL : feature_set=0x8489341a
02-20 16:37:31.186  1229  1263 I hwcomposer: [HWCDisplay] [Display_0 (type:1, mode:2)] fps:120.384743,dur:1005.11,max:10.28,min:6.23  
02-20 16:37:31.692  1446  1532 E mtk_storageproxyd: ipc-trustonic: ipc_trustonic_connect: retry left 1
02-20 16:37:31.694  1446  1532 E mtk_storageproxyd: ipc-trustonic: ipc_trustonic_connect: Unable to resolve family name (-12)
02-20 16:37:31.734  1248  1309 I libPerfCtl: xgfGetFPS pid:2194 fps:-1
02-20 16:37:31.735  1248  1309 I libPerfCtl: xgfGetFPS pid:7860 fps:-1
02-20 16:37:31.799  1276  1276 I BufferQueueProducer: [app.validator.intelligence/app.validator.intelligence.MainActivity#3376](this:0xb400007b1f9f6880,id:-1,api:0,p:-1,c:1276) queueBuffer: fps=120.38 dur=1005.12 max=9.14 min=7.36
02-20 16:37:32.191  1229  1263 I hwcomposer: [HWCDisplay] [Display_0 (type:1, mode:2)] fps:120.490974,dur:1004.22,max:10.32,min:6.40  
02-20 16:37:32.696  1446  1532 E mtk_storageproxyd: ipc-trustonic: ipc_trustonic_connect: retry left 0
02-20 16:37:32.696  1446  1532 E mtk_storageproxyd: mtk.ufs.trustonic.ta: ipc connect failed (-12)
02-20 16:37:32.735  1248  1309 I libPerfCtl: xgfGetFPS pid:2194 fps:-1
02-20 16:37:32.735  1248  1309 I libPerfCtl: xgfGetFPS pid:7860 fps:-1
02-20 16:37:32.805  1276  1276 I BufferQueueProducer: [app.validator.intelligence/app.validator.intelligence.MainActivity#3376](this:0xb400007b1f9f6880,id:-1,api:0,p:-1,c:1276) queueBuffer: fps=120.33 dur=1005.60 max=8.92 min=7.65
02-20 16:37:33.195  1229  1263 I hwcomposer: [HWCDisplay] [Display_0 (type:1, mode:2)] fps:120.425636,dur:1004.77,max:10.31,min:6.44  
02-20 16:37:33.735  1248  1309 I libPerfCtl: xgfGetFPS pid:2194 fps:-1
02-20 16:37:33.736  1248  1309 I libPerfCtl: xgfGetFPS pid:7860 fps:-1
02-20 16:37:33.810  1276  1276 I BufferQueueProducer: [app.validator.intelligence/app.validator.intelligence.MainActivity#3376](this:0xb400007b1f9f6880,id:-1,api:0,p:-1,c:1276) queueBuffer: fps=120.40 dur=1004.99 max=9.37 min=7.25
02-20 16:37:34.128  2055  2062 I WifiHAL : LLS RSP: data=0xb40000753b9d3030, len=4868
02-20 16:37:34.129  2055  2062 I WifiHAL : LLS check_data_sanity: 1821: current_radio_stat->num_channels=43
02-20 16:37:34.129  2055  2062 I WifiHAL : LLS check_data_sanity: 1821: current_radio_stat->num_channels=17
02-20 16:37:34.129  2055  2062 I WifiHAL : LLS check_data_sanity: confirmed_size=4868, len=4868
02-20 16:37:34.148  2055  2062 I WifiHAL : feature_set=0x8489341a
02-20 16:37:34.202  1229  1263 I hwcomposer: [HWCDisplay] [Display_0 (type:1, mode:2)] fps:120.246399,dur:1006.27,max:10.64,min:5.99  
02-20 16:37:34.735  1248  1309 I libPerfCtl: xgfGetFPS pid:2194 fps:-1
02-20 16:37:34.736  1248  1309 I libPerfCtl: xgfGetFPS pid:7860 fps:-1
02-20 16:37:34.815  1276  1276 I BufferQueueProducer: [app.validator.intelligence/app.validator.intelligence.MainActivity#3376](this:0xb400007b1f9f6880,id:-1,api:0,p:-1,c:1276) queueBuffer: fps=120.45 dur=1004.55 max=9.11 min=7.50
02-20 16:37:35.093 23173 23203 I RustStdoutStderr: StateManager::update_state: finished: "OPEN"
02-20 16:37:35.208  1229  1263 I hwcomposer: [HWCDisplay] [Display_0 (type:1, mode:2)] fps:120.252213,dur:1006.22,max:10.17,min:6.20  
02-20 16:37:35.698  1446  1532 E mtk_storageproxyd: ipc-trustonic: ipc_trustonic_connect: Unable to resolve family name (-12)
02-20 16:37:35.736  1248  1309 I libPerfCtl: xgfGetFPS pid:2194 fps:-1
02-20 16:37:35.736  1248  1309 I libPerfCtl: xgfGetFPS pid:7860 fps:-1
02-20 16:37:35.819  1276  1276 I BufferQueueProducer: [app.validator.intelligence/app.validator.intelligence.MainActivity#3376](this:0xb400007b1f9f6880,id:-1,api:0,p:-1,c:1276) queueBuffer: fps=120.42 dur=1004.79 max=9.71 min=6.78
02-20 16:37:36.212  1229  1263 I hwcomposer: [HWCDisplay] [Display_0 (type:1, mode:2)] fps:120.486656,dur:1004.26,max:10.69,min:5.88  
02-20 16:37:36.699  1446  1532 E mtk_storageproxyd: ipc-trustonic: ipc_trustonic_connect: retry left 9
02-20 16:37:36.706  1446  1532 E mtk_storageproxyd: ipc-trustonic: ipc_trustonic_connect: Unable to resolve family name (-12)
02-20 16:37:36.715  1811  1829 E ApplicationHelper: Fail to get PackageManager
02-20 16:37:36.716  1811  1829 E ApplicationHelper: Fail to get PackageManager
02-20 16:37:36.736  1248  1309 I libPerfCtl: xgfGetFPS pid:2194 fps:-1
02-20 16:37:36.736  1248  1309 I libPerfCtl: xgfGetFPS pid:7860 fps:-1
02-20 16:37:36.780  1811  1829 E ApplicationHelper: Fail to get PackageManager
02-20 16:37:36.783  1811  1829 E ApplicationHelper: Fail to get PackageManager
02-20 16:37:36.812  1811  1829 E ApplicationHelper: Fail to get PackageManager
02-20 16:37:36.825  1276  1276 I BufferQueueProducer: [app.validator.intelligence/app.validator.intelligence.MainActivity#3376](this:0xb400007b1f9f6880,id:-1,api:0,p:-1,c:1276) queueBuffer: fps=120.37 dur=1005.22 max=9.29 min=7.43
02-20 16:37:36.825  1811  1829 E ApplicationHelper: Fail to get PackageManager
02-20 16:37:36.853  1811  1829 E ApplicationHelper: Fail to get PackageManager
02-20 16:37:36.859  1811  1829 E ApplicationHelper: Fail to get PackageManager
02-20 16:37:37.159  2055  2062 I WifiHAL : LLS RSP: data=0xb40000753b9d3030, len=4868
02-20 16:37:37.159  2055  2062 I WifiHAL : LLS check_data_sanity: 1821: current_radio_stat->num_channels=43
02-20 16:37:37.159  2055  2062 I WifiHAL : LLS check_data_sanity: 1821: current_radio_stat->num_channels=17
02-20 16:37:37.159  2055  2062 I WifiHAL : LLS check_data_sanity: confirmed_size=4868, len=4868
02-20 16:37:37.184  2055  2062 I WifiHAL : feature_set=0x8489341a
02-20 16:37:37.216  1229  1263 I hwcomposer: [HWCDisplay] [Display_0 (type:1, mode:2)] fps:120.523987,dur:1003.95,max:10.24,min:6.27  
02-20 16:37:37.707  1446  1532 E mtk_storageproxyd: ipc-trustonic: ipc_trustonic_connect: retry left 8
02-20 16:37:37.712  1446  1532 E mtk_storageproxyd: ipc-trustonic: ipc_trustonic_connect: Unable to resolve family name (-12)
02-20 16:37:37.717  1253  1316 I mtkpower@impl: [powerd_req] TIMER_MSG_PERF_LOCK_TIMEOUT hdl:3863
02-20 16:37:37.717  1253  1316 I libPowerHal: [perfLockRel] hdl:3863, idx:2
02-20 16:37:37.717  1253  1316 I libPowerHal: [PD] MTKPOWER_HINT_EXT_LAUNCH update cmd:1408300 param:0
02-20 16:37:37.720  1253  1316 I libPowerHal: [PD] MTKPOWER_HINT_EXT_LAUNCH update cmd:1000000 param:-1
