02-20 12:10:31.782  1811  1811 I BrightnessSynchronizer: Completed Update: {[246] 0.04502714(f), mUpdatedTypes=1, mConfirmedTypes=1, mTimeUpdated=23840098}
02-20 12:10:32.181  1811  1829 E ApplicationHelper: Fail to get PackageManager
02-20 12:10:32.181  1811  1829 E ApplicationHelper: Fail to get PackageManager
02-20 12:10:32.181  1811  1829 E ApplicationHelper: Fail to get PackageManager
02-20 12:10:32.198  1811  1829 E ApplicationHelper: Fail to get PackageManager
02-20 12:10:32.200  1811  1829 E ApplicationHelper: Fail to get PackageManager
02-20 12:10:32.726  1811  1811 E MBrainLocalService: notifyAppSwitch failed
02-20 12:10:32.728  1811  1811 E MBrainLocalService: notifyAppSwitch failed
02-20 12:10:32.734  1811  1811 E MBrainLocalService: notifyAppSwitch failed
02-20 12:10:32.736  1811  4696 W UserManagerService: Requested status bar icon for non-badged user 0
02-20 12:10:32.742  1811  1831 I ActivityManager: Killing 19863:com.android.providers.calendar/u0a52 (adj 975): empty #17
02-20 12:10:32.742  1811  1829 E ApplicationHelper: Fail to get PackageManager
02-20 12:10:32.742  1811  1829 E ApplicationHelper: Fail to get PackageManager
02-20 12:10:32.742  1811  1829 E ApplicationHelper: Fail to get PackageManager
02-20 12:10:32.742  1811  1829 E ApplicationHelper: Fail to get PackageManager
02-20 12:10:32.742  1811  1829 E ApplicationHelper: Fail to get PackageManager
02-20 12:10:32.742  1811  1829 E ApplicationHelper: Fail to get PackageManager
02-20 12:10:32.742  1811  1829 E ApplicationHelper: Fail to get PackageManager
02-20 12:10:32.742  1811  1829 E ApplicationHelper: Fail to get PackageManager
02-20 12:10:32.742  1811  1829 E ApplicationHelper: Fail to get PackageManager
02-20 12:10:32.742  1811  1829 E ApplicationHelper: Fail to get PackageManager
02-20 12:10:32.742  1811  1829 E ApplicationHelper: Fail to get PackageManager
02-20 12:10:32.742  1811  1829 E ApplicationHelper: Fail to get PackageManager
02-20 12:10:32.742  1811  1829 E ApplicationHelper: Fail to get PackageManager
02-20 12:10:32.742  1811  1829 E ApplicationHelper: Fail to get PackageManager
02-20 12:10:32.742  1811  1829 E ApplicationHelper: Fail to get PackageManager
02-20 12:10:32.742  1811  1829 E ApplicationHelper: Fail to get PackageManager
02-20 12:10:32.742  1811  1829 E ApplicationHelper: Fail to get PackageManager
02-20 12:10:32.742  1811  1829 E ApplicationHelper: Fail to get PackageManager
02-20 12:10:32.743  1811  1829 E ApplicationHelper: Fail to get PackageManager
02-20 12:10:32.743  1811  1829 E ApplicationHelper: Fail to get PackageManager
02-20 12:10:32.743  1811  1829 E ApplicationHelper: Fail to get PackageManager
02-20 12:10:32.743  1811  1829 E ApplicationHelper: Fail to get PackageManager
02-20 12:10:32.743  1811  1829 E ApplicationHelper: Fail to get PackageManager
02-20 12:10:32.743  1811  1829 E ApplicationHelper: Fail to get PackageManager
02-20 12:10:32.743  1811  1829 E ApplicationHelper: Fail to get PackageManager
02-20 12:10:32.743  1811  1829 E ApplicationHelper: Fail to get PackageManager
02-20 12:10:32.743  1811  1829 E ApplicationHelper: Fail to get PackageManager
02-20 12:10:32.746  1811  3487 W UserManagerService: Requested status bar icon for non-badged user 0
02-20 12:10:32.747  1811  2514 W UserManagerService: Requested status bar icon for non-badged user 0
02-20 12:10:32.751  1811  3487 W PackageConfigPersister: App-specific configuration not found for packageName: com.android.launcher3 and userId: 0
02-20 12:10:32.872  1811  1829 E ApplicationHelper: Fail to get PackageManager
02-20 12:10:32.885  1811  1829 E ApplicationHelper: Fail to get PackageManager
02-20 12:10:32.887  1811  3487 I ActivityManager: Killing 21097:com.google.android.webview:sandboxed_process0:org.chromium.content.app.SandboxedProcessService0:0/u0a228i67 (adj 0): isolated not needed
02-20 12:10:32.888  1811  1829 E ApplicationHelper: Fail to get PackageManager
02-20 12:10:32.923  1811  1829 E ApplicationHelper: Fail to get PackageManager
02-20 12:10:32.923  1811  1829 E ApplicationHelper: Fail to get PackageManager
02-20 12:10:32.923  1811  1829 E ApplicationHelper: Fail to get PackageManager
02-20 12:10:32.923  1811  1829 E ApplicationHelper: Fail to get PackageManager
02-20 12:10:32.923  1811  1829 E ApplicationHelper: Fail to get PackageManager
02-20 12:10:33.066  1811  1831 I ActivityManager: Killing 21063:app.validator.intelligence/u0a228 (adj 905): remove task
02-20 12:10:33.068  1811  1829 E ApplicationHelper: Fail to get PackageManager
02-20 12:10:33.070  1811  1829 E ApplicationHelper: Fail to get PackageManager
02-20 12:10:33.070  1811  1829 E ApplicationHelper: Fail to get PackageManager
02-20 12:10:33.070  1811  1829 E ApplicationHelper: Fail to get PackageManager
02-20 12:10:33.070  1811  1829 E ApplicationHelper: Fail to get PackageManager
02-20 12:10:33.070  1811  1829 E ApplicationHelper: Fail to get PackageManager
02-20 12:10:33.070  1811  1829 E ApplicationHelper: Fail to get PackageManager
02-20 12:10:33.191  1811  1829 E ApplicationHelper: Fail to get PackageManager
02-20 12:10:33.196  1811  1831 W ActivityManager: setHasOverlayUi called on unknown pid: 21063
02-20 12:10:33.200  1811  1829 E ApplicationHelper: Fail to get PackageManager
02-20 12:10:35.569   570 21256 I keystore2: system/security/keystore2/watchdog/src/lib.rs:319 - Watchdog thread idle -> terminating. Have a great day.
02-20 12:10:37.025  1811  1860 I DisplayPowerController2[0]: BrightnessEvent: disp=0, physDisp=local:4627039422300187648, displayState=ON, displayPolicy=BRIGHT, brt=0.07661459, initBrt=0.04502714, rcmdBrt=0.07661459, preBrt=0.04502714, lux=27.565298, preLux=10.0, hbmMax=1.0, hbmMode=off, rbcStrength=50, thrmMax=1.0, powerFactor=1.0, wasShortTermModelActive=false, flags=, reason=automatic, autoBrightness=true, strategy=InvalidBrightnessStrategy, autoBrightnessMode=default
02-20 12:10:37.030  1811  1811 I BrightnessSynchronizer: [247] New Update 0.07661459(f) set brightness values:  20(i)
02-20 12:10:37.032  1811  1811 I BrightnessSynchronizer: Swallowing update of 20(i) by update: {[247] 0.07661459(f), mUpdatedTypes=1, mConfirmedTypes=1, mTimeUpdated=23845348}
02-20 12:10:37.032  1811  1811 I BrightnessSynchronizer: Completed Update: {[247] 0.07661459(f), mUpdatedTypes=1, mConfirmedTypes=1, mTimeUpdated=23845348}
02-20 12:10:42.024  1811  1860 I DisplayPowerController2[0]: BrightnessEvent: disp=0, physDisp=local:4627039422300187648, displayState=ON, displayPolicy=BRIGHT, brt=0.086316414, initBrt=0.07661459, rcmdBrt=0.086316414, preBrt=0.07661459, lux=32.879963, preLux=27.565298, hbmMax=1.0, hbmMode=off, rbcStrength=50, thrmMax=1.0, powerFactor=1.0, wasShortTermModelActive=false, flags=, reason=automatic, autoBrightness=true, strategy=InvalidBrightnessStrategy, autoBrightnessMode=default
02-20 12:10:42.027  1811  1811 I BrightnessSynchronizer: [248] New Update 0.086316414(f) set brightness values:  23(i)
02-20 12:10:42.029  1811  1811 I BrightnessSynchronizer: Swallowing update of 23(i) by update: {[248] 0.086316414(f), mUpdatedTypes=1, mConfirmedTypes=1, mTimeUpdated=23850345}
02-20 12:10:42.030  1811  1811 I BrightnessSynchronizer: Completed Update: {[248] 0.086316414(f), mUpdatedTypes=1, mConfirmedTypes=1, mTimeUpdated=23850345}
02-20 12:10:49.082  1811  1829 E ApplicationHelper: Fail to get PackageManager
02-20 12:10:49.087  1811  1829 E ApplicationHelper: Fail to get PackageManager
02-20 12:10:49.112  1811  1829 E ApplicationHelper: Fail to get PackageManager
02-20 12:10:49.126  1811  1829 E ApplicationHelper: Fail to get PackageManager
02-20 12:10:49.126  1811  1882 W ProcessStats: Tracking association SourceState{1369f71 com.google.android.gms.persistent/10115 BTop #61252} whose proc state 2 is better than process ProcessState{b28331c com.google.android.gms.unstable/10115 pkg=com.google.android.gms} proc state 14 (0 skipped)
02-20 12:10:54.597  1811  1829 E ApplicationHelper: Fail to get PackageManager
02-20 12:10:54.601  1811  1829 E ApplicationHelper: Fail to get PackageManager
02-20 12:11:02.486  1811  1839 I ProcessStatsService: Pruning old procstats: /data/system/procstats/state-v2-2026-01-09-22-44-57.bin
02-20 12:11:04.485  1811  5647 W ContextImpl: Calling a method in the system process without a qualified user: android.app.ContextImpl.sendBroadcastMultiplePermissions:1299 android.content.Context.sendBroadcastMultiplePermissions:2522 com.android.server.TelephonyRegistry.broadcastServiceStateChanged:3701 com.android.server.TelephonyRegistry.notifyServiceStateForPhoneId:1763 com.android.internal.telephony.ITelephonyRegistry$Stub.onTransact:546 
02-20 12:11:04.488  1811  5647 W ContextImpl: Calling a method in the system process without a qualified user: android.app.ContextImpl.sendBroadcastMultiplePermissions:1332 com.android.server.TelephonyRegistry.broadcastServiceStateChanged:3706 com.android.server.TelephonyRegistry.notifyServiceStateForPhoneId:1763 com.android.internal.telephony.ITelephonyRegistry$Stub.onTransact:546 android.os.Binder.execTransactInternal:1505 
02-20 12:11:04.490  1811  5647 W ContextImpl: Calling a method in the system process without a qualified user: android.app.ContextImpl.sendBroadcastMultiplePermissions:1332 com.android.server.TelephonyRegistry.broadcastServiceStateChanged:3715 com.android.server.TelephonyRegistry.notifyServiceStateForPhoneId:1763 com.android.internal.telephony.ITelephonyRegistry$Stub.onTransact:546 android.os.Binder.execTransactInternal:1505 
02-20 12:11:04.492  1811  5647 W ContextImpl: Calling a method in the system process without a qualified user: android.app.ContextImpl.sendBroadcastMultiplePermissions:1332 com.android.server.TelephonyRegistry.broadcastServiceStateChanged:3721 com.android.server.TelephonyRegistry.notifyServiceStateForPhoneId:1763 com.android.internal.telephony.ITelephonyRegistry$Stub.onTransact:546 android.os.Binder.execTransactInternal:1505 
02-20 12:11:04.497  1811  1829 E ApplicationHelper: Fail to get PackageManager
02-20 12:11:04.498  2194  2194 I EmergencyButton: show = true
02-20 12:11:04.503  1811  1829 E ApplicationHelper: Fail to get PackageManager
02-20 12:11:27.565  1811  1860 I DisplayPowerController2[0]: BrightnessEvent: disp=0, physDisp=local:4627039422300187648, displayState=ON, displayPolicy=DIM, brt=0.046316415, initBrt=0.086316414, rcmdBrt=0.086316414, preBrt=0.07661459, lux=32.879963, preLux=27.565298, hbmMax=1.0, hbmMode=off, rbcStrength=50, thrmMax=1.0, powerFactor=1.0, wasShortTermModelActive=false, flags=, reason=automatic [ dim ], autoBrightness=true, strategy=InvalidBrightnessStrategy, autoBrightnessMode=default
02-20 12:11:32.749  1811  1829 E ApplicationHelper: Fail to get PackageManager
02-20 12:11:32.749  1811  1829 E ApplicationHelper: Fail to get PackageManager
02-20 12:11:34.557  1811  1860 I PowerGroup: Powering off display group due to timeout (groupId= 0, uid= 1000, millisSinceLastUserActivity=60001, lastUserActivityEvent=touch)...
02-20 12:11:34.558  1811  1860 I PowerManagerService: Going to sleep due to timeout (uid 1000, screenOffTimeout=60000, activityTimeoutWM=-1, maxDimRatio=0.20000005, maxDimDur=7000)...
02-20 12:11:34.576  1811  1829 E ApplicationHelper: Fail to get PackageManager
02-20 12:11:34.577  1811  1829 E ApplicationHelper: Fail to get PackageManager
02-20 12:11:34.577  1811  1829 E ApplicationHelper: Fail to get PackageManager
02-20 12:11:34.577  1811  1829 E ApplicationHelper: Fail to get PackageManager
02-20 12:11:34.577  1811  1829 E ApplicationHelper: Fail to get PackageManager
02-20 12:11:34.606  1811  1860 I DisplayPowerController2[0]: BrightnessEvent: disp=0, physDisp=local:4627039422300187648, displayState=ON, displayPolicy=OFF, brt=0.086316414, initBrt=0.046316415, rcmdBrt=0.086316414, preBrt=0.07661459, lux=32.879963, preLux=27.565298, hbmMax=1.0, hbmMode=off, rbcStrength=50, thrmMax=1.0, powerFactor=1.0, wasShortTermModelActive=false, flags=, reason=automatic, autoBrightness=true, strategy=InvalidBrightnessStrategy, autoBrightnessMode=default
02-20 12:11:34.721  1811  1860 I DisplayPowerController2[0]: Blocking screen off
02-20 12:11:34.721  1811  1860 I DisplayPowerController2[0]: Unblocked screen off after 1 ms
02-20 12:11:34.747  1811  1811 E MBrainLocalService: notifyAppSwitch failed
02-20 12:11:34.752  1811  1860 I DisplayBrightnessStrategySelector: Changing the DisplayBrightnessStrategy from InvalidBrightnessStrategy to ScreenOffBrightnessStrategy for display 0
02-20 12:11:34.752  1811  1882 W WindowManager: Changing focus from Window{ac1137b u0 com.android.launcher3/com.android.searchlauncher.SearchLauncher} to null displayId=0 Callers=com.android.server.wm.RootWindowContainer.updateFocusedWindowLocked:468 com.android.server.wm.WindowManagerService.updateFocusedWindowLocked:6623 com.android.server.wm.ActivityRecord.commitVisibility:5880 com.android.server.wm.ActivityRecord.commitVisibility:5891 
02-20 12:11:34.759  1811  1829 E ApplicationHelper: Fail to get PackageManager
02-20 12:11:34.759  1811  1829 E ApplicationHelper: Fail to get PackageManager
02-20 12:11:34.759  1811  1829 E ApplicationHelper: Fail to get PackageManager
02-20 12:11:34.759  1811  1829 E ApplicationHelper: Fail to get PackageManager
02-20 12:11:34.759  1811  1860 I DisplayPowerController2[0]: BrightnessEvent: disp=0, physDisp=local:4627039422300187648, displayState=OFF, displayPolicy=OFF, brt=0.0, initBrt=0.086316414, rcmdBrt=NaN, preBrt=NaN, lux=0.0, preLux=0.0, hbmMax=1.0, hbmMode=off, rbcStrength=50, thrmMax=1.0, powerFactor=1.0, wasShortTermModelActive=false, flags=, reason=screen_off, autoBrightness=true, strategy=ScreenOffBrightnessStrategy, autoBrightnessMode=default
02-20 12:11:34.764  1811  1831 I DisplayDeviceRepository: Display device changed state: "Built-in Screen", OFF
02-20 12:11:34.767  1811  5644 I DisplayDevice: [0] Layerstack set to -1 for local:4627039422300187648
02-20 12:11:34.772  1811  1829 E ApplicationHelper: Fail to get PackageManager
02-20 12:11:34.774  1811  1899 W JobServiceContext: Sending onNetworkChanged for a job that isn't started. JobStatus{102e64c #u0a216/-1840500861 com.uprock.mining/com.google.android.datatransport.runtime.scheduling.jobscheduling.JobInfoSchedulerService u=0 s=10216 TIME=-46s806ms:none NET READY}
02-20 12:11:34.785  1811  1829 E ApplicationHelper: Fail to get PackageManager
02-20 12:11:34.785  1811  1829 E ApplicationHelper: Fail to get PackageManager
02-20 12:11:34.785  1811  1829 E ApplicationHelper: Fail to get PackageManager
02-20 12:11:34.785  1811  2296 W ProcessStats: Tracking association SourceState{63cec09 system/1000 ImpBg #61273} whose proc state 6 is better than process ProcessState{45e5894 com.uprock.mining/10216 pkg=com.uprock.mining} proc state 14 (4 skipped)
02-20 12:11:34.785  1811  1829 E ApplicationHelper: Fail to get PackageManager
02-20 12:11:34.809  1811  1829 E ApplicationHelper: Fail to get PackageManager
02-20 12:11:34.809  1811  1829 E ApplicationHelper: Fail to get PackageManager
02-20 12:11:34.809  1811  1829 E ApplicationHelper: Fail to get PackageManager
02-20 12:11:34.809  1811  1829 E ApplicationHelper: Fail to get PackageManager
02-20 12:11:35.015  1811  1829 E ApplicationHelper: Fail to get PackageManager
02-20 12:11:35.018  1811  1829 E ApplicationHelper: Fail to get PackageManager
02-20 12:11:35.024  1811  1860 W DreamManagerService: Dream ComponentInfo{com.android.dreams.alwaysondisplay/com.android.dreams.alwaysondisplay.AlwaysOnDisplay} does not exist
02-20 12:11:35.024  1811  1860 I PowerGroup: Sleeping power group (groupId=0, uid=1000, reason=timeout)...
02-20 12:11:35.024  1811  1860 I PowerManagerService: Sleeping (uid 1000)...
02-20 12:11:35.043  1811  1811 E ScreenIntentReceiver: notifyChange failed
02-20 12:11:35.045  1811  1811 I PowerManagerService: onFlip(): Face up.
02-20 12:11:35.049  1811  1829 E ApplicationHelper: Fail to get PackageManager
02-20 12:11:35.054  1811  2031 I MR2ServiceImpl: Updating composite discovery preference | preference: RouteDiscoveryRequest{ preferredFeatures={}, activeScan=false }, active routers: []
02-20 12:11:35.057  1811  1829 E ApplicationHelper: Fail to get PackageManager
02-20 12:11:35.060  1811  1829 E ApplicationHelper: Fail to get PackageManager
02-20 12:11:35.060  1811  1829 E ApplicationHelper: Fail to get PackageManager
02-20 12:11:35.063  1811  1829 E ApplicationHelper: Fail to get PackageManager
02-20 12:11:35.063  1811  1829 E ApplicationHelper: Fail to get PackageManager
02-20 12:11:35.063  1811  1829 E ApplicationHelper: Fail to get PackageManager
02-20 12:11:35.064  1811  1829 E ApplicationHelper: Fail to get PackageManager
02-20 12:11:35.064  1811  1829 E ApplicationHelper: Fail to get PackageManager
02-20 12:11:35.068  1811  1829 E ApplicationHelper: Fail to get PackageManager
02-20 12:11:35.070 10532 10597 W KeyphraseEnrollmentInfo: No enrollment application supports the given keyphrase/locale: 'X Google'/en_US
02-20 12:11:35.070 10532 10597 W KeyphraseEnrollmentInfo: No enrollment application supports the given keyphrase/locale: 'X Google'/en_US
02-20 12:11:35.071 10532 10597 W KeyphraseEnrollmentInfo: No enrollment application supports the given keyphrase/locale: 'X Google'/ar_EG
02-20 12:11:35.071 10532 10597 W KeyphraseEnrollmentInfo: No enrollment application supports the given keyphrase/locale: 'X Google'/en_US
02-20 12:11:35.072 10532 10597 W KeyphraseEnrollmentInfo: No enrollment application supports the given keyphrase/locale: 'Ok Google'/en_US
02-20 12:11:35.072 10532 10597 W KeyphraseEnrollmentInfo: No enrollment application supports the given keyphrase/locale: 'Ok Google'/ar_EG
02-20 12:11:35.072 10532 10597 W KeyphraseEnrollmentInfo: No enrollment application supports the given keyphrase/locale: 'Ok Google'/en_US
02-20 12:11:35.072 10532 10597 W KeyphraseEnrollmentInfo: No enrollment application supports the given keyphrase/locale: 'Y Google'/en_US
02-20 12:11:35.083  1811  1829 E ApplicationHelper: Fail to get PackageManager
02-20 12:11:35.094  1811  1829 E ApplicationHelper: Fail to get PackageManager
02-20 12:11:35.105  1811  1829 E ApplicationHelper: Fail to get PackageManager
02-20 12:11:35.753  1811  1882 W Transition: Transition already started id=188 state=2
02-20 12:11:35.758  1811  1882 W UserManagerService: Requested status bar icon for non-badged user 0
02-20 12:11:39.600   570   570 I keystore2: system/security/keystore2/src/authorization.rs:155 - on_device_locked(user_id=0, unlocking_sids=[354827238758675181], weak_unlock_enabled=false)
02-20 12:11:39.607  1811  1829 E ApplicationHelper: Fail to get PackageManager
02-20 12:11:39.608  1811  2031 I MR2ServiceImpl: Updating composite discovery preference | preference: RouteDiscoveryRequest{ preferredFeatures={}, activeScan=false }, active routers: []
02-20 12:11:39.612   570   570 I keystore2: system/security/keystore2/src/super_key.rs:976 - UnlockedDeviceRequired super keys for user 0 are biometric-encrypted.
02-20 12:11:39.618  1811  2296 W UserManagerService: Requested status bar icon for non-badged user 0
02-20 12:11:39.648  1811  5647 W WindowManager: Changing focus from null to Window{ef6e4e0 u0 NotificationShade} displayId=0 Callers=com.android.server.wm.RootWindowContainer.updateFocusedWindowLocked:468 com.android.server.wm.WindowManagerService.updateFocusedWindowLocked:6623 com.android.server.wm.WindowManagerService.relayoutWindowInner:2691 com.android.server.wm.WindowManagerService.relayoutWindow:2361 
02-20 12:11:39.654  1811  5647 I WindowManager: Relayout Window{ef6e4e0 u0 NotificationShade}: oldVis=4 newVis=0 focusMayChange = true requestedWidth = 1200 requestedHeight = 2670 outFrames = ClientWindowFrames{frame=[0,0][1200,2670] display=[0,0][1200,2670] parentFrame=[0,0][0,0]} outSurfaceControl = Surface(name=NotificationShade)/@0x24ec704
02-20 12:11:39.750  1811  1829 E ApplicationHelper: Fail to get PackageManager
02-20 12:11:44.668  1811  1829 E ApplicationHelper: Fail to get PackageManager
02-20 12:11:44.671  1811  1829 E ApplicationHelper: Fail to get PackageManager
02-20 12:11:44.677  1811  1829 E ApplicationHelper: Fail to get PackageManager
02-20 12:11:44.677  1811  1829 E ApplicationHelper: Fail to get PackageManager
02-20 12:11:44.896  1811  2296 W ProcessStats: Tracking association SourceState{45533a6 com.google.android.googlequicksearchbox:interactor/10117 BFgs #61295} whose proc state 4 is better than process ProcessState{3e1dfae com.google.android.googlequicksearchbox:search/10117 pkg=com.google.android.googlequicksearchbox} proc state 14 (2 skipped)
02-20 12:11:44.909  1811  1829 E ApplicationHelper: Fail to get PackageManager
02-20 12:11:44.909  1811  2296 W JobScheduler: Job didn't exist in JobStore: 3c6068b {androidx.work.systemjobscheduler} #u0a117/17671 @androidx.work.systemjobscheduler@com.google.android.googlequicksearchbox/androidx.work.impl.background.systemjob.SystemJobService
02-20 12:11:44.910  1811  1829 E ApplicationHelper: Fail to get PackageManager
02-20 12:11:44.912  1811  1829 E ApplicationHelper: Fail to get PackageManager
02-20 12:11:44.913  1811  1829 E ApplicationHelper: Fail to get PackageManager
02-20 12:11:44.913  1811  1829 E ApplicationHelper: Fail to get PackageManager
02-20 12:11:44.913  1811  1829 E ApplicationHelper: Fail to get PackageManager
02-20 12:11:50.122   570 21353 I keystore2: system/security/keystore2/watchdog/src/lib.rs:319 - Watchdog thread idle -> terminating. Have a great day.
02-20 12:11:54.802  1811  1829 E ApplicationHelper: Fail to get PackageManager
02-20 12:11:54.804  1811  1829 E ApplicationHelper: Fail to get PackageManager
02-20 12:11:57.884  1811  1829 E ApplicationHelper: Fail to get PackageManager
02-20 12:11:57.885  1811  1829 E ApplicationHelper: Fail to get PackageManager
02-20 12:11:57.892  1811  1829 E ApplicationHelper: Fail to get PackageManager
02-20 12:11:57.893  1811  1829 E ApplicationHelper: Fail to get PackageManager
02-20 12:11:58.048  1811  1829 E ApplicationHelper: Fail to get PackageManager
02-20 12:11:58.049  1811  1829 E ApplicationHelper: Fail to get PackageManager
02-20 12:11:58.050  1811  1829 E ApplicationHelper: Fail to get PackageManager
02-20 12:11:58.051  1811  1829 E ApplicationHelper: Fail to get PackageManager
02-20 12:11:58.054  1811  1840 W ProcessStats: Tracking association SourceState{45533a6 com.google.android.googlequicksearchbox:interactor/10117 BFgs #61314} whose proc state 4 is better than process ProcessState{3e1dfae com.google.android.googlequicksearchbox:search/10117 pkg=com.google.android.googlequicksearchbox} proc state 14 (3 skipped)
02-20 12:11:58.055  1811  1829 E ApplicationHelper: Fail to get PackageManager
02-20 12:11:58.065  1811  1829 E ApplicationHelper: Fail to get PackageManager
02-20 12:12:39.762  1811  1829 E ApplicationHelper: Fail to get PackageManager
02-20 12:12:39.763  1811  1829 E ApplicationHelper: Fail to get PackageManager
02-20 12:12:40.114  1811  1829 E ApplicationHelper: Fail to get PackageManager
02-20 12:12:40.118  1811  1829 E ApplicationHelper: Fail to get PackageManager
02-20 12:12:44.915  1811  1829 E ApplicationHelper: Fail to get PackageManager
02-20 12:13:33.874  1811  1829 E ApplicationHelper: Fail to get PackageManager
02-20 12:13:33.877  1811  1829 E ApplicationHelper: Fail to get PackageManager
02-20 12:13:41.397  1811  1898 I UsageStatsService: User[0] Flushing usage stats to disk
02-20 12:13:44.078  1811  1829 E ApplicationHelper: Fail to get PackageManager
02-20 12:13:44.126  1811  1829 E ApplicationHelper: Fail to get PackageManager
02-20 12:13:44.127  1811  1829 E ApplicationHelper: Fail to get PackageManager
02-20 12:13:44.181  1811  1829 E ApplicationHelper: Fail to get PackageManager
02-20 12:13:44.182  1811  1829 E ApplicationHelper: Fail to get PackageManager
02-20 12:13:44.182  1811  1829 E ApplicationHelper: Fail to get PackageManager
02-20 12:13:48.942  1811  1829 E ApplicationHelper: Fail to get PackageManager
02-20 12:13:48.951  1811  1829 E ApplicationHelper: Fail to get PackageManager
02-20 12:13:48.959  1811  1829 E ApplicationHelper: Fail to get PackageManager
02-20 12:13:48.963  1811  1829 E ApplicationHelper: Fail to get PackageManager
02-20 12:13:49.001  1811  1829 E ApplicationHelper: Fail to get PackageManager
02-20 12:14:04.038  1811  1829 E ApplicationHelper: Fail to get PackageManager
02-20 12:14:04.052  1811  1829 E ApplicationHelper: Fail to get PackageManager
02-20 12:17:04.473  1811  4696 W ContextImpl: Calling a method in the system process without a qualified user: android.app.ContextImpl.sendBroadcastMultiplePermissions:1299 android.content.Context.sendBroadcastMultiplePermissions:2522 com.android.server.TelephonyRegistry.broadcastServiceStateChanged:3701 com.android.server.TelephonyRegistry.notifyServiceStateForPhoneId:1763 com.android.internal.telephony.ITelephonyRegistry$Stub.onTransact:546 
02-20 12:17:04.477  1811  4696 W ContextImpl: Calling a method in the system process without a qualified user: android.app.ContextImpl.sendBroadcastMultiplePermissions:1332 com.android.server.TelephonyRegistry.broadcastServiceStateChanged:3706 com.android.server.TelephonyRegistry.notifyServiceStateForPhoneId:1763 com.android.internal.telephony.ITelephonyRegistry$Stub.onTransact:546 android.os.Binder.execTransactInternal:1505 
02-20 12:17:04.481  1811  4696 W ContextImpl: Calling a method in the system process without a qualified user: android.app.ContextImpl.sendBroadcastMultiplePermissions:1332 com.android.server.TelephonyRegistry.broadcastServiceStateChanged:3715 com.android.server.TelephonyRegistry.notifyServiceStateForPhoneId:1763 com.android.internal.telephony.ITelephonyRegistry$Stub.onTransact:546 android.os.Binder.execTransactInternal:1505 
02-20 12:17:04.483  1811  4696 W ContextImpl: Calling a method in the system process without a qualified user: android.app.ContextImpl.sendBroadcastMultiplePermissions:1332 com.android.server.TelephonyRegistry.broadcastServiceStateChanged:3721 com.android.server.TelephonyRegistry.notifyServiceStateForPhoneId:1763 com.android.internal.telephony.ITelephonyRegistry$Stub.onTransact:546 android.os.Binder.execTransactInternal:1505 
02-20 12:17:04.488  1811  1829 E ApplicationHelper: Fail to get PackageManager
02-20 12:17:04.488  2194  2194 I EmergencyButton: show = true
02-20 12:17:04.493  1811  1829 E ApplicationHelper: Fail to get PackageManager
02-20 12:18:18.967  1811  5644 W ContextImpl: Calling a method in the system process without a qualified user: android.app.ContextImpl.sendBroadcastMultiplePermissions:1299 android.content.Context.sendBroadcastMultiplePermissions:2522 com.android.server.TelephonyRegistry.broadcastServiceStateChanged:3701 com.android.server.TelephonyRegistry.notifyServiceStateForPhoneId:1763 com.android.internal.telephony.ITelephonyRegistry$Stub.onTransact:546 
02-20 12:18:18.970  1811  5644 W ContextImpl: Calling a method in the system process without a qualified user: android.app.ContextImpl.sendBroadcastMultiplePermissions:1332 com.android.server.TelephonyRegistry.broadcastServiceStateChanged:3706 com.android.server.TelephonyRegistry.notifyServiceStateForPhoneId:1763 com.android.internal.telephony.ITelephonyRegistry$Stub.onTransact:546 android.os.Binder.execTransactInternal:1505 
02-20 12:18:18.973  1811  5644 W ContextImpl: Calling a method in the system process without a qualified user: android.app.ContextImpl.sendBroadcastMultiplePermissions:1332 com.android.server.TelephonyRegistry.broadcastServiceStateChanged:3715 com.android.server.TelephonyRegistry.notifyServiceStateForPhoneId:1763 com.android.internal.telephony.ITelephonyRegistry$Stub.onTransact:546 android.os.Binder.execTransactInternal:1505 
02-20 12:18:18.975  1811  5644 W ContextImpl: Calling a method in the system process without a qualified user: android.app.ContextImpl.sendBroadcastMultiplePermissions:1332 com.android.server.TelephonyRegistry.broadcastServiceStateChanged:3721 com.android.server.TelephonyRegistry.notifyServiceStateForPhoneId:1763 com.android.internal.telephony.ITelephonyRegistry$Stub.onTransact:546 android.os.Binder.execTransactInternal:1505 
02-20 12:18:18.984  1811  1829 E ApplicationHelper: Fail to get PackageManager
02-20 12:18:18.985  2194  2194 I EmergencyButton: show = true
02-20 12:18:18.988  1811  1829 E ApplicationHelper: Fail to get PackageManager
02-20 12:19:00.022  1811  1829 E ApplicationHelper: Fail to get PackageManager
02-20 12:19:00.037  1811  1811 W ProcessStats: Tracking association SourceState{651e14d system/1000 ImpBg #61355} whose proc state 6 is better than process ProcessState{3e1dfae com.google.android.googlequicksearchbox:search/10117 pkg=com.google.android.googlequicksearchbox} proc state 14 (1 skipped)
02-20 12:19:00.043  1811  1829 E ApplicationHelper: Fail to get PackageManager
02-20 12:19:00.052  1811  1829 E ApplicationHelper: Fail to get PackageManager
02-20 12:19:00.052  1811  1829 E ApplicationHelper: Fail to get PackageManager
02-20 12:19:00.057  1811  1829 E ApplicationHelper: Fail to get PackageManager
02-20 12:19:00.057  1811  1829 E ApplicationHelper: Fail to get PackageManager
02-20 12:19:00.085  1811  1829 E ApplicationHelper: Fail to get PackageManager
02-20 12:19:00.085  1811  1829 E ApplicationHelper: Fail to get PackageManager
02-20 12:19:00.089  1811  1829 E ApplicationHelper: Fail to get PackageManager
02-20 12:19:00.089  1811  1829 E ApplicationHelper: Fail to get PackageManager
02-20 12:21:35.405  1811  4696 W ProcessStats: Tracking association SourceState{384d4f com.google.android.gms.persistent/10115 BFgs #61367} whose proc state 4 is better than process ProcessState{7faffef com.google.android.gms/10115 pkg=com.google.android.gms} proc state 14 (2 skipped)
02-20 12:21:35.405  1811  1829 E ApplicationHelper: Fail to get PackageManager
02-20 12:21:35.417  1811  1829 E ApplicationHelper: Fail to get PackageManager
02-20 12:21:50.513  1811  1829 E ApplicationHelper: Fail to get PackageManager
02-20 12:21:50.516  1811  1829 E ApplicationHelper: Fail to get PackageManager
02-20 12:22:35.405  1811  1829 E ApplicationHelper: Fail to get PackageManager
02-20 12:22:35.407  1811  1829 E ApplicationHelper: Fail to get PackageManager
02-20 12:23:33.982  1811  1829 E ApplicationHelper: Fail to get PackageManager
02-20 12:23:33.992  1811  1829 E ApplicationHelper: Fail to get PackageManager
02-20 12:23:34.002  1811  1829 E ApplicationHelper: Fail to get PackageManager
02-20 12:23:34.008  1811  2296 W ProcessStats: Tracking association SourceState{384d4f com.google.android.gms.persistent/10115 BFgs #61378} whose proc state 4 is better than process ProcessState{7faffef com.google.android.gms/10115 pkg=com.google.android.gms} proc state 14 (1 skipped)
02-20 12:23:34.012  1811  1829 E ApplicationHelper: Fail to get PackageManager
02-20 12:23:34.014  1811  1829 E ApplicationHelper: Fail to get PackageManager
02-20 12:23:34.016  1811  1829 E ApplicationHelper: Fail to get PackageManager
02-20 12:23:34.017  1811  1829 E ApplicationHelper: Fail to get PackageManager
02-20 12:23:34.021  1811  1829 E ApplicationHelper: Fail to get PackageManager
02-20 12:23:34.031  1811  1829 E ApplicationHelper: Fail to get PackageManager
02-20 12:23:34.034  1811  1829 E ApplicationHelper: Fail to get PackageManager
02-20 12:23:39.041  1811  1829 E ApplicationHelper: Fail to get PackageManager
02-20 12:23:39.043  1811  1829 E ApplicationHelper: Fail to get PackageManager
02-20 12:23:49.059  1811  4696 W ProcessStats: Tracking association SourceState{384d4f com.google.android.gms.persistent/10115 BFgs #61391} whose proc state 4 is better than process ProcessState{7faffef com.google.android.gms/10115 pkg=com.google.android.gms} proc state 14 (12 skipped)
02-20 12:23:49.059  1811  1829 E ApplicationHelper: Fail to get PackageManager
02-20 12:23:49.061  1811  1829 E ApplicationHelper: Fail to get PackageManager
02-20 12:23:49.063  1811  1829 E ApplicationHelper: Fail to get PackageManager
02-20 12:23:49.066  1811  1829 E ApplicationHelper: Fail to get PackageManager
02-20 12:24:18.950  1811  1882 W ContextImpl: Calling a method in the system process without a qualified user: android.app.ContextImpl.sendBroadcastMultiplePermissions:1299 android.content.Context.sendBroadcastMultiplePermissions:2522 com.android.server.TelephonyRegistry.broadcastServiceStateChanged:3701 com.android.server.TelephonyRegistry.notifyServiceStateForPhoneId:1763 com.android.internal.telephony.ITelephonyRegistry$Stub.onTransact:546 
02-20 12:24:18.951  1811  1882 W ContextImpl: Calling a method in the system process without a qualified user: android.app.ContextImpl.sendBroadcastMultiplePermissions:1332 com.android.server.TelephonyRegistry.broadcastServiceStateChanged:3706 com.android.server.TelephonyRegistry.notifyServiceStateForPhoneId:1763 com.android.internal.telephony.ITelephonyRegistry$Stub.onTransact:546 android.os.Binder.execTransactInternal:1505 
02-20 12:24:18.952  1811  1882 W ContextImpl: Calling a method in the system process without a qualified user: android.app.ContextImpl.sendBroadcastMultiplePermissions:1332 com.android.server.TelephonyRegistry.broadcastServiceStateChanged:3715 com.android.server.TelephonyRegistry.notifyServiceStateForPhoneId:1763 com.android.internal.telephony.ITelephonyRegistry$Stub.onTransact:546 android.os.Binder.execTransactInternal:1505 
02-20 12:24:18.953  1811  1882 W ContextImpl: Calling a method in the system process without a qualified user: android.app.ContextImpl.sendBroadcastMultiplePermissions:1332 com.android.server.TelephonyRegistry.broadcastServiceStateChanged:3721 com.android.server.TelephonyRegistry.notifyServiceStateForPhoneId:1763 com.android.internal.telephony.ITelephonyRegistry$Stub.onTransact:546 android.os.Binder.execTransactInternal:1505 
02-20 12:24:18.957  2194  2194 I EmergencyButton: show = true
02-20 12:24:18.957  1811  1829 E ApplicationHelper: Fail to get PackageManager
02-20 12:24:18.960  1811  1829 E ApplicationHelper: Fail to get PackageManager
02-20 12:25:31.936  1811  1829 E ApplicationHelper: Fail to get PackageManager
02-20 12:25:31.946  1811  1829 E ApplicationHelper: Fail to get PackageManager
02-20 12:25:31.957  1811  1829 E ApplicationHelper: Fail to get PackageManager
02-20 12:25:31.961  1811  4696 W ProcessStats: Tracking association SourceState{384d4f com.google.android.gms.persistent/10115 BFgs #61404} whose proc state 4 is better than process ProcessState{7faffef com.google.android.gms/10115 pkg=com.google.android.gms} proc state 14 (1 skipped)
02-20 12:25:31.966  1811  1829 E ApplicationHelper: Fail to get PackageManager
02-20 12:25:35.234  1811  2296 W ContextImpl: Calling a method in the system process without a qualified user: android.app.ContextImpl.sendBroadcastMultiplePermissions:1299 android.content.Context.sendBroadcastMultiplePermissions:2522 com.android.server.TelephonyRegistry.broadcastServiceStateChanged:3701 com.android.server.TelephonyRegistry.notifyServiceStateForPhoneId:1763 com.android.internal.telephony.ITelephonyRegistry$Stub.onTransact:546 
02-20 12:25:35.236  1811  2296 W ContextImpl: Calling a method in the system process without a qualified user: android.app.ContextImpl.sendBroadcastMultiplePermissions:1332 com.android.server.TelephonyRegistry.broadcastServiceStateChanged:3706 com.android.server.TelephonyRegistry.notifyServiceStateForPhoneId:1763 com.android.internal.telephony.ITelephonyRegistry$Stub.onTransact:546 android.os.Binder.execTransactInternal:1505 
02-20 12:25:35.239  1811  2296 W ContextImpl: Calling a method in the system process without a qualified user: android.app.ContextImpl.sendBroadcastMultiplePermissions:1332 com.android.server.TelephonyRegistry.broadcastServiceStateChanged:3715 com.android.server.TelephonyRegistry.notifyServiceStateForPhoneId:1763 com.android.internal.telephony.ITelephonyRegistry$Stub.onTransact:546 android.os.Binder.execTransactInternal:1505 
02-20 12:25:35.242  1811  2296 W ContextImpl: Calling a method in the system process without a qualified user: android.app.ContextImpl.sendBroadcastMultiplePermissions:1332 com.android.server.TelephonyRegistry.broadcastServiceStateChanged:3721 com.android.server.TelephonyRegistry.notifyServiceStateForPhoneId:1763 com.android.internal.telephony.ITelephonyRegistry$Stub.onTransact:546 android.os.Binder.execTransactInternal:1505 
02-20 12:25:35.249  2194  2194 I EmergencyButton: show = true
02-20 12:25:35.251  1811  1829 E ApplicationHelper: Fail to get PackageManager
02-20 12:25:35.254  1811  1829 E ApplicationHelper: Fail to get PackageManager
02-20 12:25:37.003  1811  1829 E ApplicationHelper: Fail to get PackageManager
02-20 12:25:37.006  1811  1829 E ApplicationHelper: Fail to get PackageManager
02-20 12:31:35.235  1811  5644 W ContextImpl: Calling a method in the system process without a qualified user: android.app.ContextImpl.sendBroadcastMultiplePermissions:1299 android.content.Context.sendBroadcastMultiplePermissions:2522 com.android.server.TelephonyRegistry.broadcastServiceStateChanged:3701 com.android.server.TelephonyRegistry.notifyServiceStateForPhoneId:1763 com.android.internal.telephony.ITelephonyRegistry$Stub.onTransact:546 
02-20 12:31:35.237  1811  5644 W ContextImpl: Calling a method in the system process without a qualified user: android.app.ContextImpl.sendBroadcastMultiplePermissions:1332 com.android.server.TelephonyRegistry.broadcastServiceStateChanged:3706 com.android.server.TelephonyRegistry.notifyServiceStateForPhoneId:1763 com.android.internal.telephony.ITelephonyRegistry$Stub.onTransact:546 android.os.Binder.execTransactInternal:1505 
02-20 12:31:35.238  1811  5644 W ContextImpl: Calling a method in the system process without a qualified user: android.app.ContextImpl.sendBroadcastMultiplePermissions:1332 com.android.server.TelephonyRegistry.broadcastServiceStateChanged:3715 com.android.server.TelephonyRegistry.notifyServiceStateForPhoneId:1763 com.android.internal.telephony.ITelephonyRegistry$Stub.onTransact:546 android.os.Binder.execTransactInternal:1505 
02-20 12:31:35.239  1811  5644 W ContextImpl: Calling a method in the system process without a qualified user: android.app.ContextImpl.sendBroadcastMultiplePermissions:1332 com.android.server.TelephonyRegistry.broadcastServiceStateChanged:3721 com.android.server.TelephonyRegistry.notifyServiceStateForPhoneId:1763 com.android.internal.telephony.ITelephonyRegistry$Stub.onTransact:546 android.os.Binder.execTransactInternal:1505 
02-20 12:31:35.242  1811  1829 E ApplicationHelper: Fail to get PackageManager
02-20 12:31:35.244  2194  2194 I EmergencyButton: show = true
02-20 12:31:35.246  1811  1829 E ApplicationHelper: Fail to get PackageManager
02-20 12:31:35.513  1811  1829 E ApplicationHelper: Fail to get PackageManager
02-20 12:31:35.514  1811  5644 W ProcessStats: Tracking association SourceState{384d4f com.google.android.gms.persistent/10115 BFgs #61419} whose proc state 4 is better than process ProcessState{7faffef com.google.android.gms/10115 pkg=com.google.android.gms} proc state 14 (2 skipped)
02-20 12:31:35.525  1811  1829 E ApplicationHelper: Fail to get PackageManager
02-20 12:31:50.599  1811  1829 E ApplicationHelper: Fail to get PackageManager
02-20 12:31:50.600  1811  1829 E ApplicationHelper: Fail to get PackageManager
02-20 12:32:35.509  1811  1829 E ApplicationHelper: Fail to get PackageManager
02-20 12:32:35.511  1811  1829 E ApplicationHelper: Fail to get PackageManager
02-20 12:32:47.059  1811  5645 W ContextImpl: Calling a method in the system process without a qualified user: android.app.ContextImpl.sendBroadcastMultiplePermissions:1299 android.content.Context.sendBroadcastMultiplePermissions:2522 com.android.server.TelephonyRegistry.broadcastServiceStateChanged:3701 com.android.server.TelephonyRegistry.notifyServiceStateForPhoneId:1763 com.android.internal.telephony.ITelephonyRegistry$Stub.onTransact:546 
02-20 12:32:47.061  1811  5645 W ContextImpl: Calling a method in the system process without a qualified user: android.app.ContextImpl.sendBroadcastMultiplePermissions:1332 com.android.server.TelephonyRegistry.broadcastServiceStateChanged:3706 com.android.server.TelephonyRegistry.notifyServiceStateForPhoneId:1763 com.android.internal.telephony.ITelephonyRegistry$Stub.onTransact:546 android.os.Binder.execTransactInternal:1505 
02-20 12:32:47.064  1811  5645 W ContextImpl: Calling a method in the system process without a qualified user: android.app.ContextImpl.sendBroadcastMultiplePermissions:1332 com.android.server.TelephonyRegistry.broadcastServiceStateChanged:3715 com.android.server.TelephonyRegistry.notifyServiceStateForPhoneId:1763 com.android.internal.telephony.ITelephonyRegistry$Stub.onTransact:546 android.os.Binder.execTransactInternal:1505 
02-20 12:32:47.066  1811  5645 W ContextImpl: Calling a method in the system process without a qualified user: android.app.ContextImpl.sendBroadcastMultiplePermissions:1332 com.android.server.TelephonyRegistry.broadcastServiceStateChanged:3721 com.android.server.TelephonyRegistry.notifyServiceStateForPhoneId:1763 com.android.internal.telephony.ITelephonyRegistry$Stub.onTransact:546 android.os.Binder.execTransactInternal:1505 
02-20 12:32:47.076  1811  1829 E ApplicationHelper: Fail to get PackageManager
02-20 12:32:47.076  2194  2194 I EmergencyButton: show = true
02-20 12:32:47.080  1811  1829 E ApplicationHelper: Fail to get PackageManager
02-20 12:33:11.754  1811  1849 W BatteryExternalStatsWorker: error reading Bluetooth stats: 9
02-20 12:33:34.089  1811  1829 E ApplicationHelper: Fail to get PackageManager
02-20 12:33:34.092  1811  1829 E ApplicationHelper: Fail to get PackageManager
02-20 12:33:41.550  1811  1898 I UsageStatsService: User[0] Flushing usage stats to disk
02-20 12:38:47.044  1811  5645 W ContextImpl: Calling a method in the system process without a qualified user: android.app.ContextImpl.sendBroadcastMultiplePermissions:1299 android.content.Context.sendBroadcastMultiplePermissions:2522 com.android.server.TelephonyRegistry.broadcastServiceStateChanged:3701 com.android.server.TelephonyRegistry.notifyServiceStateForPhoneId:1763 com.android.internal.telephony.ITelephonyRegistry$Stub.onTransact:546 
02-20 12:38:47.046  1811  5645 W ContextImpl: Calling a method in the system process without a qualified user: android.app.ContextImpl.sendBroadcastMultiplePermissions:1332 com.android.server.TelephonyRegistry.broadcastServiceStateChanged:3706 com.android.server.TelephonyRegistry.notifyServiceStateForPhoneId:1763 com.android.internal.telephony.ITelephonyRegistry$Stub.onTransact:546 android.os.Binder.execTransactInternal:1505 
02-20 12:38:47.049  1811  5645 W ContextImpl: Calling a method in the system process without a qualified user: android.app.ContextImpl.sendBroadcastMultiplePermissions:1332 com.android.server.TelephonyRegistry.broadcastServiceStateChanged:3715 com.android.server.TelephonyRegistry.notifyServiceStateForPhoneId:1763 com.android.internal.telephony.ITelephonyRegistry$Stub.onTransact:546 android.os.Binder.execTransactInternal:1505 
02-20 12:38:47.050  1811  5645 W ContextImpl: Calling a method in the system process without a qualified user: android.app.ContextImpl.sendBroadcastMultiplePermissions:1332 com.android.server.TelephonyRegistry.broadcastServiceStateChanged:3721 com.android.server.TelephonyRegistry.notifyServiceStateForPhoneId:1763 com.android.internal.telephony.ITelephonyRegistry$Stub.onTransact:546 android.os.Binder.execTransactInternal:1505 
02-20 12:38:47.059  1811  1829 E ApplicationHelper: Fail to get PackageManager
02-20 12:38:47.058  2194  2194 I EmergencyButton: show = true
02-20 12:38:47.061  1811  1829 E ApplicationHelper: Fail to get PackageManager
02-20 12:39:47.063  1811  1849 W BatteryExternalStatsWorker: error reading Bluetooth stats: 9
02-20 12:40:01.432  1811  5645 W ContextImpl: Calling a method in the system process without a qualified user: android.app.ContextImpl.sendBroadcastMultiplePermissions:1299 android.content.Context.sendBroadcastMultiplePermissions:2522 com.android.server.TelephonyRegistry.broadcastServiceStateChanged:3701 com.android.server.TelephonyRegistry.notifyServiceStateForPhoneId:1763 com.android.internal.telephony.ITelephonyRegistry$Stub.onTransact:546 
02-20 12:40:01.434  1811  5645 W ContextImpl: Calling a method in the system process without a qualified user: android.app.ContextImpl.sendBroadcastMultiplePermissions:1332 com.android.server.TelephonyRegistry.broadcastServiceStateChanged:3706 com.android.server.TelephonyRegistry.notifyServiceStateForPhoneId:1763 com.android.internal.telephony.ITelephonyRegistry$Stub.onTransact:546 android.os.Binder.execTransactInternal:1505 
02-20 12:40:01.436  1811  5645 W ContextImpl: Calling a method in the system process without a qualified user: android.app.ContextImpl.sendBroadcastMultiplePermissions:1332 com.android.server.TelephonyRegistry.broadcastServiceStateChanged:3715 com.android.server.TelephonyRegistry.notifyServiceStateForPhoneId:1763 com.android.internal.telephony.ITelephonyRegistry$Stub.onTransact:546 android.os.Binder.execTransactInternal:1505 
02-20 12:40:01.437  1811  5645 W ContextImpl: Calling a method in the system process without a qualified user: android.app.ContextImpl.sendBroadcastMultiplePermissions:1332 com.android.server.TelephonyRegistry.broadcastServiceStateChanged:3721 com.android.server.TelephonyRegistry.notifyServiceStateForPhoneId:1763 com.android.internal.telephony.ITelephonyRegistry$Stub.onTransact:546 android.os.Binder.execTransactInternal:1505 
02-20 12:40:01.444  1811  1829 E ApplicationHelper: Fail to get PackageManager
02-20 12:40:01.444  2194  2194 I EmergencyButton: show = true
02-20 12:40:01.448  1811  1829 E ApplicationHelper: Fail to get PackageManager
02-20 12:41:35.615  1811  1829 E ApplicationHelper: Fail to get PackageManager
02-20 12:41:35.629  1811  5645 W ProcessStats: Tracking association SourceState{384d4f com.google.android.gms.persistent/10115 BFgs #61436} whose proc state 4 is better than process ProcessState{7faffef com.google.android.gms/10115 pkg=com.google.android.gms} proc state 14 (1 skipped)
02-20 12:41:35.630  1811  1829 E ApplicationHelper: Fail to get PackageManager
02-20 12:41:50.722  1811  1829 E ApplicationHelper: Fail to get PackageManager
02-20 12:41:50.726  1811  1829 E ApplicationHelper: Fail to get PackageManager
02-20 12:42:30.019  1811  1829 E ApplicationHelper: Fail to get PackageManager
02-20 12:42:30.039  1811  1829 E ApplicationHelper: Fail to get PackageManager
02-20 12:42:30.049  1811  1829 E ApplicationHelper: Fail to get PackageManager
02-20 12:42:30.053  1811  1829 E ApplicationHelper: Fail to get PackageManager
02-20 12:42:30.053  1811  1841 I ActivityManager: Start proc 21538:com.google.android.permissioncontroller/u0a185 for service {com.google.android.permissioncontroller/com.android.permissioncontroller.privacysources.NotificationListenerCheckJobService}
02-20 12:42:30.055  1811  1829 E ApplicationHelper: Fail to get PackageManager
02-20 12:42:30.067  1811  1829 E ApplicationHelper: Fail to get PackageManager
02-20 12:42:30.072  1811  1841 I ActivityManager: Start proc 21547:com.google.android.partnersetup/u0a104 for service {com.google.android.partnersetup/com.google.android.partnersetup.InstalledAppJobService}
02-20 12:42:30.078  1811  1829 E ApplicationHelper: Fail to get PackageManager
02-20 12:42:30.079  1811  1829 E ApplicationHelper: Fail to get PackageManager
02-20 12:42:30.079  1811  2296 W ProcessStats: Tracking association SourceState{9ab489b system/1000 ImpBg #61449} whose proc state 6 is better than process ProcessState{45e5894 com.uprock.mining/10216 pkg=com.uprock.mining} proc state 14 (0 skipped)
02-20 12:42:30.081  1811  1841 I ActivityManager: Start proc 21558:com.google.android.apps.turbo:aab/u0a114 for service {com.google.android.apps.turbo/com.google.android.libraries.smartbattery.appusage.library.InferAppBucketsJob}
02-20 12:42:30.083  1811  1899 W JobServiceContext: Sending onNetworkChanged for a job that isn't started. JobStatus{42a4e9b androidx.work.systemjobscheduler:u0a216/3273 @androidx.work.systemjobscheduler@com.uprock.mining/androidx.work.impl.background.systemjob.SystemJobService u=0 s=10216 TIME=-7m23s364ms:none NET READY}
02-20 12:42:30.088   468   468 W vold    : Cannot find dev sysfs path
02-20 12:42:30.088  1811 21562 W StorageManagerService: Failed to get storage lifetime
02-20 12:42:30.088  1811 21562 I StorageManagerService: Turn off gc_urgent based on checking lifetime and charge status
02-20 12:42:30.088  1811 21562 I StorageManagerService: Set smart idle maintenance: latest write amount: 141, average write amount: 0, min segment threshold: 512, dirty reclaim rate: 0.5, segment reclaim weight: 2.0, period(min): 60, min gc sleep time(ms): 5000, target dirty ratio: 100
02-20 12:42:30.089   468   468 I vold    : Enough free segments: 47420
02-20 12:42:30.090  1811 21562 I SmartStorageMaintIdler: Got smart storage maintenance service completion callback
02-20 12:42:30.090  1811  1829 E ApplicationHelper: Fail to get PackageManager
02-20 12:42:30.096  1811  1829 E ApplicationHelper: Fail to get PackageManager
02-20 12:42:30.102  1811  1829 E ApplicationHelper: Fail to get PackageManager
02-20 12:42:30.107  1811  1829 E ApplicationHelper: Fail to get PackageManager
02-20 12:42:30.108  1811  1829 E ApplicationHelper: Fail to get PackageManager
02-20 12:42:30.109  1811  1829 E ApplicationHelper: Fail to get PackageManager
02-20 12:42:30.111  1811  1829 E ApplicationHelper: Fail to get PackageManager
02-20 12:42:30.173  1811  1829 E ApplicationHelper: Fail to get PackageManager
02-20 12:42:30.185  1811  1829 E ApplicationHelper: Fail to get PackageManager
02-20 12:42:30.187  1811  1829 E ApplicationHelper: Fail to get PackageManager
02-20 12:42:30.197  1811  1829 E ApplicationHelper: Fail to get PackageManager
02-20 12:42:30.198  1811  1829 E ApplicationHelper: Fail to get PackageManager
02-20 12:42:30.200  1811  1829 E ApplicationHelper: Fail to get PackageManager
