02-20 13:00:19.053  1811  1829 E ApplicationHelper: Fail to get PackageManager
02-20 13:00:21.576  1811  3458 W AppOps  : Noting op not finished: uid 10115 pkg com.google.android.gms code 113 startTime of in progress event=1771605016235
02-20 13:00:21.579  1811  1829 E ApplicationHelper: Fail to get PackageManager
02-20 13:00:21.579  1811  3458 W AppOps  : Noting op not finished: uid 10115 pkg com.google.android.gms code 113 startTime of in progress event=1771605016235
02-20 13:00:21.585  1811  1829 E ApplicationHelper: Fail to get PackageManager
02-20 13:00:21.590  1811  1829 E ApplicationHelper: Fail to get PackageManager
02-20 13:00:21.591  1811  5689 W AppOps  : Noting op not finished: uid 10115 pkg com.google.android.gms code 113 startTime of in progress event=1771605016235
02-20 13:00:21.594  1811  3458 W AppOps  : Noting op not finished: uid 10115 pkg com.google.android.gms code 113 startTime of in progress event=1771605016235
02-20 13:00:21.598  1811  1829 E ApplicationHelper: Fail to get PackageManager
02-20 13:00:21.601  1811  1860 I DisplayPowerController2[0]: BrightnessEvent: disp=0, physDisp=local:4627039422300187648, displayState=ON, displayPolicy=BRIGHT, brt=0.07586868, initBrt=0.055217937, rcmdBrt=0.07586868, preBrt=0.055217937, lux=27.155617, preLux=18.486082, hbmMax=1.0, hbmMode=off, rbcStrength=50, thrmMax=1.0, powerFactor=1.0, wasShortTermModelActive=false, flags=, reason=automatic, autoBrightness=true, strategy=InvalidBrightnessStrategy, autoBrightnessMode=default
02-20 13:00:21.603  1811  1811 I BrightnessSynchronizer: [265] New Update 0.07586868(f) set brightness values:  20(i)
02-20 13:00:21.604  1811  1811 I BrightnessSynchronizer: Swallowing update of 20(i) by update: {[265] 0.07586868(f), mUpdatedTypes=1, mConfirmedTypes=1, mTimeUpdated=26829922}
02-20 13:00:21.604  1811  1811 I BrightnessSynchronizer: Completed Update: {[265] 0.07586868(f), mUpdatedTypes=1, mConfirmedTypes=1, mTimeUpdated=26829922}
02-20 13:00:21.732  1811  1829 E ApplicationHelper: Fail to get PackageManager
02-20 13:00:22.245  1811  1829 E ApplicationHelper: Fail to get PackageManager
02-20 13:00:26.061   570 24701 I keystore2: system/security/keystore2/watchdog/src/lib.rs:319 - Watchdog thread idle -> terminating. Have a great day.
02-20 13:00:27.030  1811  1829 E ApplicationHelper: Fail to get PackageManager
02-20 13:00:27.033  1811  1829 E ApplicationHelper: Fail to get PackageManager
02-20 13:00:30.641  1811  1829 E ApplicationHelper: Fail to get PackageManager
02-20 13:00:35.762  1811  1825 W ContextImpl: Calling a method in the system process without a qualified user: android.app.ContextImpl.sendBroadcastMultiplePermissions:1299 android.content.Context.sendBroadcastMultiplePermissions:2522 com.android.server.TelephonyRegistry.broadcastServiceStateChanged:3701 com.android.server.TelephonyRegistry.notifyServiceStateForPhoneId:1763 com.android.internal.telephony.ITelephonyRegistry$Stub.onTransact:546 
02-20 13:00:35.763  1811  1825 W ContextImpl: Calling a method in the system process without a qualified user: android.app.ContextImpl.sendBroadcastMultiplePermissions:1332 com.android.server.TelephonyRegistry.broadcastServiceStateChanged:3706 com.android.server.TelephonyRegistry.notifyServiceStateForPhoneId:1763 com.android.internal.telephony.ITelephonyRegistry$Stub.onTransact:546 android.os.Binder.execTransactInternal:1505 
02-20 13:00:35.764  1811  1825 W ContextImpl: Calling a method in the system process without a qualified user: android.app.ContextImpl.sendBroadcastMultiplePermissions:1332 com.android.server.TelephonyRegistry.broadcastServiceStateChanged:3715 com.android.server.TelephonyRegistry.notifyServiceStateForPhoneId:1763 com.android.internal.telephony.ITelephonyRegistry$Stub.onTransact:546 android.os.Binder.execTransactInternal:1505 
02-20 13:00:35.765  1811  1825 W ContextImpl: Calling a method in the system process without a qualified user: android.app.ContextImpl.sendBroadcastMultiplePermissions:1332 com.android.server.TelephonyRegistry.broadcastServiceStateChanged:3721 com.android.server.TelephonyRegistry.notifyServiceStateForPhoneId:1763 com.android.internal.telephony.ITelephonyRegistry$Stub.onTransact:546 android.os.Binder.execTransactInternal:1505 
02-20 13:00:35.774  2194  2194 I EmergencyButton: show = true
02-20 13:00:35.781  1811  1841 I ActivityManager: Start proc 24796:com.google.android.cellbroadcastreceiver/u0a201 for broadcast {com.google.android.cellbroadcastreceiver/com.android.cellbroadcastreceiver.CellBroadcastReceiver}
02-20 13:00:35.815  1811  1829 E ApplicationHelper: Fail to get PackageManager
02-20 13:00:35.903  1811  1829 E ApplicationHelper: Fail to get PackageManager
02-20 13:00:35.922  1811  1829 E ApplicationHelper: Fail to get PackageManager
02-20 13:00:36.118  1811  1826 W OptProp : Cannot read opt property android.window.PROPERTY_COMPAT_ALLOW_ORIENTATION_OVERRIDE
02-20 13:00:36.119  1811  1826 W OptProp : Cannot read opt property android.window.PROPERTY_COMPAT_ALLOW_RESIZEABLE_ACTIVITY_OVERRIDES
02-20 13:00:36.119  1811  1826 W OptProp : Cannot read opt property android.window.PROPERTY_COMPAT_ALLOW_MIN_ASPECT_RATIO_OVERRIDE
02-20 13:00:36.132  1811  1841 I ActivityManager: Start proc 24811:com.android.chrome:sandboxed_process0:org.chromium.content.app.SandboxedProcessService0:19/u0ai19 for  {com.android.chrome/org.chromium.content.app.SandboxedProcessService0:19}
02-20 13:00:36.135  1811  1811 E MBrainLocalService: notifyAppSwitch failed
02-20 13:00:36.135  1811  1826 I ActivityTaskManager: START u0 {act=android.intent.action.VIEW cat=[android.intent.category.BROWSABLE] dat=solana-wallet:/... flg=0x14000000 cmp=com.solanamobile.wallet/.MWABottomSheetActivity (has extras)} with LAUNCH_SINGLE_TASK from uid 10122 (BAL_ALLOW_VISIBLE_WINDOW) result code=0
02-20 13:00:36.145  1811  1829 E ApplicationHelper: Fail to get PackageManager
02-20 13:00:36.153  1811  1825 W WindowManager: Changing focus from Window{640d35b u0 com.android.chrome/org.chromium.chrome.browser.customtabs.CustomTabActivity} to null displayId=0 Callers=com.android.server.wm.RootWindowContainer.updateFocusedWindowLocked:468 com.android.server.wm.WindowManagerService.updateFocusedWindowLocked:6623 com.android.server.wm.ActivityTaskManagerService.setLastResumedActivityUncheckLocked:5047 com.android.server.wm.ActivityTaskSupervisor.updateTopResumedActivityIfNeeded:2326 
02-20 13:00:36.156  1811  1811 E MBrainLocalService: notifyAppSwitch failed
02-20 13:00:36.165  1811  1829 E ApplicationHelper: Fail to get PackageManager
02-20 13:00:36.165  1811  1829 E ApplicationHelper: Fail to get PackageManager
02-20 13:00:36.174  1811  1829 E ApplicationHelper: Fail to get PackageManager
02-20 13:00:36.180  1811  1826 I ActivityManager: Killing 24811:com.android.chrome:sandboxed_process0:org.chromium.content.app.SandboxedProcessService0:19/u0a122i-8981 (adj 0): isolated not needed
02-20 13:00:36.181  1811  1829 E ApplicationHelper: Fail to get PackageManager
02-20 13:00:36.302  1811  3458 W WindowManager: Changing focus from null to Window{1a7d5ea u0 com.solanamobile.wallet/com.solanamobile.wallet.MWABottomSheetActivity} displayId=0 Callers=com.android.server.wm.RootWindowContainer.updateFocusedWindowLocked:468 com.android.server.wm.WindowManagerService.updateFocusedWindowLocked:6623 com.android.server.wm.WindowManagerService.relayoutWindowInner:2691 com.android.server.wm.WindowManagerService.relayoutWindow:2361 
02-20 13:00:36.304  1811  3458 I WindowManager: Relayout Window{1a7d5ea u0 com.solanamobile.wallet/com.solanamobile.wallet.MWABottomSheetActivity}: oldVis=4 newVis=0 focusMayChange = true requestedWidth = 1200 requestedHeight = 2488 outFrames = ClientWindowFrames{frame=[0,110][1200,2598] display=[0,78][1200,2598] parentFrame=[0,0][0,0]} outSurfaceControl = Surface(name=com.solanamobile.wallet/com.solanamobile.wallet.MWABottomSheetActivity)/@0x8c16e8d
02-20 13:00:36.334  1811  1826 W ActivityTaskManager: Request to remove task ignored for non-existent task 701
02-20 13:00:36.336  1811  1829 E ApplicationHelper: Fail to get PackageManager
02-20 13:00:36.336  1811  1829 E ApplicationHelper: Fail to get PackageManager
02-20 13:00:36.336  1811  1829 E ApplicationHelper: Fail to get PackageManager
02-20 13:00:36.336  1811  1829 E ApplicationHelper: Fail to get PackageManager
02-20 13:00:36.336  1811  1829 E ApplicationHelper: Fail to get PackageManager
02-20 13:00:36.336  1811  1829 E ApplicationHelper: Fail to get PackageManager
02-20 13:00:36.336  1811  1829 E ApplicationHelper: Fail to get PackageManager
02-20 13:00:36.338  1811  1882 W UserManagerService: Requested status bar icon for non-badged user 0
02-20 13:00:36.375  1811  1826 W PackageConfigPersister: App-specific configuration not found for packageName: com.solanamobile.wallet and userId: 0
02-20 13:00:36.648  1811  1829 E ApplicationHelper: Fail to get PackageManager
02-20 13:00:36.649  1811  1829 E ApplicationHelper: Fail to get PackageManager
02-20 13:00:36.651  1811  3458 W UserManagerService: Requested status bar icon for non-badged user 0
02-20 13:00:37.330  1811  1829 E ApplicationHelper: Fail to get PackageManager
02-20 13:00:41.818  1811  1811 E MBrainLocalService: notifyAppSwitch failed
02-20 13:00:41.824  1811  5689 W ActivityTaskManager: Finishing task with all activities already finished
02-20 13:00:41.824  1811  5689 W ActivityTaskManager: Duplicate finish request for r=ActivityRecord{4257ccf u0 com.solanamobile.wallet/.MWABottomSheetActivity t703 f}}
02-20 13:00:41.834  1811  1826 W WindowManager: Changing focus from Window{1a7d5ea u0 com.solanamobile.wallet/com.solanamobile.wallet.MWABottomSheetActivity} to Window{640d35b u0 com.android.chrome/org.chromium.chrome.browser.customtabs.CustomTabActivity} displayId=0 Callers=com.android.server.wm.RootWindowContainer.updateFocusedWindowLocked:468 com.android.server.wm.WindowManagerService.updateFocusedWindowLocked:6623 com.android.server.wm.ActivityTaskManagerService.setLastResumedActivityUncheckLocked:5047 com.android.server.wm.ActivityTaskSupervisor.updateTopResumedActivityIfNeeded:2326 
02-20 13:00:41.839  1811  1811 E MBrainLocalService: notifyAppSwitch failed
02-20 13:00:41.848  1811  1829 E ApplicationHelper: Fail to get PackageManager
02-20 13:00:41.848  1811  1829 E ApplicationHelper: Fail to get PackageManager
02-20 13:00:41.848  1811  1829 E ApplicationHelper: Fail to get PackageManager
02-20 13:00:41.849  1811  1829 E ApplicationHelper: Fail to get PackageManager
02-20 13:00:41.849  1811  1829 E ApplicationHelper: Fail to get PackageManager
02-20 13:00:41.851  1811  1829 E ApplicationHelper: Fail to get PackageManager
02-20 13:00:41.851  1811  1829 E ApplicationHelper: Fail to get PackageManager
02-20 13:00:41.851  1811  1829 E ApplicationHelper: Fail to get PackageManager
02-20 13:00:41.851  1811  1829 E ApplicationHelper: Fail to get PackageManager
02-20 13:00:41.851  1811  1829 E ApplicationHelper: Fail to get PackageManager
02-20 13:00:41.857  1811  3458 W UserManagerService: Requested status bar icon for non-badged user 0
02-20 13:00:41.860  1811  1829 E ApplicationHelper: Fail to get PackageManager
02-20 13:00:41.860  1811  1829 E ApplicationHelper: Fail to get PackageManager
02-20 13:00:41.860  1811  1829 E ApplicationHelper: Fail to get PackageManager
02-20 13:00:41.860  1811  1829 E ApplicationHelper: Fail to get PackageManager
02-20 13:00:41.860  1811  1829 E ApplicationHelper: Fail to get PackageManager
02-20 13:00:41.860  1811  1829 E ApplicationHelper: Fail to get PackageManager
02-20 13:00:41.860  1811  1829 E ApplicationHelper: Fail to get PackageManager
02-20 13:00:41.867  1811  1825 W PackageConfigPersister: App-specific configuration not found for packageName: com.android.chrome and userId: 0
02-20 13:00:42.106  1811  1829 E ApplicationHelper: Fail to get PackageManager
02-20 13:00:42.110  1811  1829 E ApplicationHelper: Fail to get PackageManager
02-20 13:00:42.110  1811  1829 E ApplicationHelper: Fail to get PackageManager
02-20 13:00:42.110  1811  3458 W UserManagerService: Requested status bar icon for non-badged user 0
02-20 13:00:42.110  1811  1829 E ApplicationHelper: Fail to get PackageManager
02-20 13:00:42.111  1811  1829 E ApplicationHelper: Fail to get PackageManager
02-20 13:00:42.111  1811  1829 E ApplicationHelper: Fail to get PackageManager
02-20 13:00:42.111  1811  1829 E ApplicationHelper: Fail to get PackageManager
02-20 13:00:42.111  1811  1829 E ApplicationHelper: Fail to get PackageManager
02-20 13:00:42.111  1811  1829 E ApplicationHelper: Fail to get PackageManager
02-20 13:00:42.111  1811  1829 E ApplicationHelper: Fail to get PackageManager
02-20 13:00:42.111  1811  1829 E ApplicationHelper: Fail to get PackageManager
02-20 13:00:42.111  1811  1829 E ApplicationHelper: Fail to get PackageManager
02-20 13:00:48.237   570 24874 I keystore2: system/security/keystore2/watchdog/src/lib.rs:319 - Watchdog thread idle -> terminating. Have a great day.
02-20 13:00:52.187  1811  1829 E ApplicationHelper: Fail to get PackageManager
02-20 13:00:54.102  1811  1860 I DisplayPowerController2[0]: BrightnessEvent: disp=0, physDisp=local:4627039422300187648, displayState=ON, displayPolicy=BRIGHT, brt=0.056570582, initBrt=0.07586868, rcmdBrt=0.056570582, preBrt=0.07586868, lux=16.480137, preLux=27.155617, hbmMax=1.0, hbmMode=off, rbcStrength=50, thrmMax=1.0, powerFactor=1.0, wasShortTermModelActive=false, flags=, reason=automatic, autoBrightness=true, strategy=InvalidBrightnessStrategy, autoBrightnessMode=default
02-20 13:00:54.106  1811  1811 I BrightnessSynchronizer: [266] New Update 0.056570582(f) set brightness values:  15(i)
02-20 13:00:54.112  1811  1811 I BrightnessSynchronizer: Swallowing update of 15(i) by update: {[266] 0.056570582(f), mUpdatedTypes=1, mConfirmedTypes=1, mTimeUpdated=26862425}
02-20 13:00:54.112  1811  1811 I BrightnessSynchronizer: Completed Update: {[266] 0.056570582(f), mUpdatedTypes=1, mConfirmedTypes=1, mTimeUpdated=26862425}
02-20 13:00:54.635  1811  1829 E ApplicationHelper: Fail to get PackageManager
02-20 13:00:54.635  1811  1829 E ApplicationHelper: Fail to get PackageManager
02-20 13:00:54.638  1811  1829 E ApplicationHelper: Fail to get PackageManager
02-20 13:00:54.639  1811  1811 E MBrainLocalService: notifyAppSwitch failed
02-20 13:00:54.643  1811  1825 I WindowManager: Relayout Window{91555cd u0 com.android.launcher3/com.android.searchlauncher.SearchLauncher}: oldVis=8 newVis=0 focusMayChange = true requestedWidth = 1200 requestedHeight = 2670 outFrames = ClientWindowFrames{frame=[0,0][1200,2670] display=[0,0][1200,2670] parentFrame=[0,0][0,0]} outSurfaceControl = Surface(name=com.android.launcher3/com.android.searchlauncher.SearchLauncher)/@0x184f813
02-20 13:00:54.646  1811  1825 I WindowManager: Relayout Window{ac1137b u0 com.android.launcher3/com.android.searchlauncher.SearchLauncher}: oldVis=8 newVis=0 focusMayChange = true requestedWidth = 1200 requestedHeight = 2670 outFrames = ClientWindowFrames{frame=[0,0][1200,2670] display=[0,0][1200,2670] parentFrame=[0,0][0,0]} outSurfaceControl = Surface(name=com.android.launcher3/com.android.searchlauncher.SearchLauncher)/@0x2a74449
02-20 13:00:54.651  1811  1829 E ApplicationHelper: Fail to get PackageManager
02-20 13:00:54.674  1811  1831 W ProcessStats: Tracking association SourceState{7486cbf system/1000 ImpBg #64255} whose proc state 6 is better than process ProcessState{f42ab12 com.solanamobile.wallet/10058 pkg=com.solanamobile.wallet} proc state 14 (0 skipped)
02-20 13:00:54.674  1811  1829 E ApplicationHelper: Fail to get PackageManager
02-20 13:00:54.674  1811  1829 E ApplicationHelper: Fail to get PackageManager
02-20 13:00:54.674  1811  1829 E ApplicationHelper: Fail to get PackageManager
02-20 13:00:54.674  1811  1829 E ApplicationHelper: Fail to get PackageManager
02-20 13:00:54.674  1811  1829 E ApplicationHelper: Fail to get PackageManager
02-20 13:00:54.674  1811  1829 E ApplicationHelper: Fail to get PackageManager
02-20 13:00:54.674  1811  1829 E ApplicationHelper: Fail to get PackageManager
02-20 13:00:54.674  1811  1829 E ApplicationHelper: Fail to get PackageManager
02-20 13:00:54.674  1811  1829 E ApplicationHelper: Fail to get PackageManager
02-20 13:00:54.674  1811  1829 E ApplicationHelper: Fail to get PackageManager
02-20 13:00:54.674  1811  1829 E ApplicationHelper: Fail to get PackageManager
02-20 13:00:54.674  1811  1829 E ApplicationHelper: Fail to get PackageManager
02-20 13:00:54.677  1811  1882 W UserManagerService: Requested status bar icon for non-badged user 0
02-20 13:00:54.678  1811  1829 E ApplicationHelper: Fail to get PackageManager
02-20 13:00:54.678  1811  3458 W WindowManager: Changing focus from Window{640d35b u0 com.android.chrome/org.chromium.chrome.browser.customtabs.CustomTabActivity} to Window{ac1137b u0 com.android.launcher3/com.android.searchlauncher.SearchLauncher} displayId=0 Callers=com.android.server.wm.RootWindowContainer.updateFocusedWindowLocked:468 com.android.server.wm.WindowManagerService.updateFocusedWindowLocked:6623 com.android.server.wm.ActivityTaskManagerService.setLastResumedActivityUncheckLocked:5047 com.android.server.wm.ActivityTaskManagerService.setFocusedTask:2087 
02-20 13:00:54.683  1811  1930 E HandwritingModeController: Cannot get requestId: Handwriting was not initialized.
02-20 13:00:54.881  1811  1829 E ApplicationHelper: Fail to get PackageManager
02-20 13:00:54.883  1811  1829 E ApplicationHelper: Fail to get PackageManager
02-20 13:00:55.108  1811  1829 E ApplicationHelper: Fail to get PackageManager
02-20 13:00:55.108  1811  1829 E ApplicationHelper: Fail to get PackageManager
02-20 13:00:55.114  1811  1829 E ApplicationHelper: Fail to get PackageManager
02-20 13:00:55.122  1811  1829 E ApplicationHelper: Fail to get PackageManager
02-20 13:00:55.131  1811  1829 E ApplicationHelper: Fail to get PackageManager
02-20 13:00:55.133  1811  1829 E ApplicationHelper: Fail to get PackageManager
02-20 13:00:55.956  1811  1811 E MBrainLocalService: notifyAppSwitch failed
02-20 13:00:55.958  1811  1829 E ApplicationHelper: Fail to get PackageManager
02-20 13:00:55.959  1811  1829 E ApplicationHelper: Fail to get PackageManager
02-20 13:00:55.959  1811  1829 E ApplicationHelper: Fail to get PackageManager
02-20 13:00:55.959  1811  1829 E ApplicationHelper: Fail to get PackageManager
02-20 13:00:55.959  1811  1829 E ApplicationHelper: Fail to get PackageManager
02-20 13:00:55.959  1811  1829 E ApplicationHelper: Fail to get PackageManager
02-20 13:00:55.959  1811  1829 E ApplicationHelper: Fail to get PackageManager
02-20 13:00:55.959  1811  1829 E ApplicationHelper: Fail to get PackageManager
02-20 13:00:55.959  1811  1829 E ApplicationHelper: Fail to get PackageManager
02-20 13:00:55.962  1811  3487 W UserManagerService: Requested status bar icon for non-badged user 0
02-20 13:00:55.963  1811  3487 W UserManagerService: Requested status bar icon for non-badged user 0
02-20 13:00:55.963  1811  1829 E ApplicationHelper: Fail to get PackageManager
02-20 13:00:55.963  1811  1829 E ApplicationHelper: Fail to get PackageManager
02-20 13:00:55.963  1811  1829 E ApplicationHelper: Fail to get PackageManager
02-20 13:00:55.980  1811  3487 W PackageConfigPersister: App-specific configuration not found for packageName: com.android.launcher3 and userId: 0
02-20 13:00:56.075  1811  1829 E ApplicationHelper: Fail to get PackageManager
02-20 13:00:56.192  1811  1930 W InputMethodManagerService: Ignoring hideSoftInput of uid 10122 : com.android.internal.inputmethod.IInputMethodClient$Stub$Proxy@775279d
02-20 13:00:56.198  1811  1829 E ApplicationHelper: Fail to get PackageManager
02-20 13:00:56.199  1811  1882 E ProcessStats: Executing service ServiceState{a03be63 org.chromium.content.app.SandboxedProcessService0 pkg=com.android.chrome proc=2e807bd} without owner
02-20 13:00:56.201  1811  1882 E ProcessStats: Binding service ServiceState{a03be63 org.chromium.content.app.SandboxedProcessService0 pkg=com.android.chrome proc=2e807bd} without owner
02-20 13:00:56.202  1811  1882 E ProcessStats: Starting service ServiceState{a03be63 org.chromium.content.app.SandboxedProcessService0 pkg=com.android.chrome proc=2e807bd} without owner
02-20 13:00:56.203  1811  1882 E ProcessStats: Binding service ServiceState{a03be63 org.chromium.content.app.SandboxedProcessService0 pkg=com.android.chrome proc=2e807bd} without owner
02-20 13:00:56.203  1811  1882 I ActivityManager: Killing 24503:com.android.chrome:sandboxed_process0:org.chromium.content.app.SandboxedProcessService0:17/u0a122i-8983 (adj 0): isolated not needed
02-20 13:00:56.204  1811  1829 E ApplicationHelper: Fail to get PackageManager
02-20 13:00:56.225  1811  1831 I ActivityManager: Killing 24372:supply.ore.app/u0a88 (adj 900): remove task
02-20 13:00:56.227  1811  1829 E ApplicationHelper: Fail to get PackageManager
02-20 13:00:56.228  1811  1829 E ApplicationHelper: Fail to get PackageManager
02-20 13:00:56.250  1811  1829 E ApplicationHelper: Fail to get PackageManager
02-20 13:00:56.250  1811  1829 E ApplicationHelper: Fail to get PackageManager
02-20 13:00:56.250  1811  1829 E ApplicationHelper: Fail to get PackageManager
02-20 13:00:56.250  1811  1829 E ApplicationHelper: Fail to get PackageManager
02-20 13:00:56.250  1811  1829 E ApplicationHelper: Fail to get PackageManager
02-20 13:00:56.250  1811  1829 E ApplicationHelper: Fail to get PackageManager
02-20 13:00:56.250  1811  1829 E ApplicationHelper: Fail to get PackageManager
02-20 13:00:56.250  1811  1829 E ApplicationHelper: Fail to get PackageManager
02-20 13:00:56.250  1811  1829 E ApplicationHelper: Fail to get PackageManager
02-20 13:00:56.250  1811  1829 E ApplicationHelper: Fail to get PackageManager
02-20 13:00:56.251  1811  1829 E ApplicationHelper: Fail to get PackageManager
02-20 13:00:56.251  1811  1829 E ApplicationHelper: Fail to get PackageManager
02-20 13:00:56.251  1811  1829 E ApplicationHelper: Fail to get PackageManager
02-20 13:00:56.251  1811  1829 E ApplicationHelper: Fail to get PackageManager
02-20 13:00:56.251  1811  1829 E ApplicationHelper: Fail to get PackageManager
02-20 13:00:56.251  1811  1829 E ApplicationHelper: Fail to get PackageManager
02-20 13:00:56.287  1811  1831 W ActivityManager: setHasOverlayUi called on unknown pid: 24372
02-20 13:00:57.846  1811  1829 E ApplicationHelper: Fail to get PackageManager
02-20 13:00:58.583  1811  1829 E ApplicationHelper: Fail to get PackageManager
02-20 13:00:58.587  1811  1829 E ApplicationHelper: Fail to get PackageManager
02-20 13:01:01.139  1811  1829 E ApplicationHelper: Fail to get PackageManager
02-20 13:01:01.352  1811  1860 I DisplayPowerController2[0]: BrightnessEvent: disp=0, physDisp=local:4627039422300187648, displayState=ON, displayPolicy=BRIGHT, brt=0.17347926, initBrt=0.056570582, rcmdBrt=0.17347926, preBrt=0.056570582, lux=81.01982, preLux=16.480137, hbmMax=1.0, hbmMode=off, rbcStrength=50, thrmMax=1.0, powerFactor=1.0, wasShortTermModelActive=false, flags=, reason=automatic, autoBrightness=true, strategy=InvalidBrightnessStrategy, autoBrightnessMode=default
02-20 13:01:01.357  1811  1811 I BrightnessSynchronizer: [267] New Update 0.17347926(f) set brightness values:  45(i)
02-20 13:01:01.358  1811  1811 I BrightnessSynchronizer: Swallowing update of 45(i) by update: {[267] 0.17347926(f), mUpdatedTypes=1, mConfirmedTypes=1, mTimeUpdated=26869676}
02-20 13:01:01.358  1811  1811 I BrightnessSynchronizer: Completed Update: {[267] 0.17347926(f), mUpdatedTypes=1, mConfirmedTypes=1, mTimeUpdated=26869676}
02-20 13:01:03.867  1811  1829 E ApplicationHelper: Fail to get PackageManager
02-20 13:01:10.745  1811  1849 W BatteryExternalStatsWorker: error reading Bluetooth stats: 9
02-20 13:01:12.151  1811  1829 E ApplicationHelper: Fail to get PackageManager
02-20 13:01:16.938  1811  1829 E ApplicationHelper: Fail to get PackageManager
02-20 13:01:22.985  1811  1829 E ApplicationHelper: Fail to get PackageManager
02-20 13:01:35.817  1811  1829 E ApplicationHelper: Fail to get PackageManager
02-20 13:01:41.854  1811  1829 E ApplicationHelper: Fail to get PackageManager
02-20 13:01:41.854  1811  1829 E ApplicationHelper: Fail to get PackageManager
02-20 13:01:49.016  1811  1860 I DisplayPowerController2[0]: BrightnessEvent: disp=0, physDisp=local:4627039422300187648, displayState=ON, displayPolicy=DIM, brt=0.05, initBrt=0.17347926, rcmdBrt=0.17347926, preBrt=0.056570582, lux=81.01982, preLux=16.480137, hbmMax=1.0, hbmMode=off, rbcStrength=50, thrmMax=1.0, powerFactor=1.0, wasShortTermModelActive=false, flags=, reason=automatic [ dim ], autoBrightness=true, strategy=InvalidBrightnessStrategy, autoBrightnessMode=default
02-20 13:01:55.461  1811  1829 E ApplicationHelper: Fail to get PackageManager
02-20 13:01:55.696  1811  1882 W ContextImpl: Calling a method in the system process without a qualified user: android.app.ContextImpl.sendBroadcastMultiplePermissions:1299 android.content.Context.sendBroadcastMultiplePermissions:2522 com.android.server.TelephonyRegistry.broadcastServiceStateChanged:3701 com.android.server.TelephonyRegistry.notifyServiceStateForPhoneId:1763 com.android.internal.telephony.ITelephonyRegistry$Stub.onTransact:546 
02-20 13:01:55.699  1811  1882 W ContextImpl: Calling a method in the system process without a qualified user: android.app.ContextImpl.sendBroadcastMultiplePermissions:1332 com.android.server.TelephonyRegistry.broadcastServiceStateChanged:3706 com.android.server.TelephonyRegistry.notifyServiceStateForPhoneId:1763 com.android.internal.telephony.ITelephonyRegistry$Stub.onTransact:546 android.os.Binder.execTransactInternal:1505 
02-20 13:01:55.702  1811  1882 W ContextImpl: Calling a method in the system process without a qualified user: android.app.ContextImpl.sendBroadcastMultiplePermissions:1332 com.android.server.TelephonyRegistry.broadcastServiceStateChanged:3715 com.android.server.TelephonyRegistry.notifyServiceStateForPhoneId:1763 com.android.internal.telephony.ITelephonyRegistry$Stub.onTransact:546 android.os.Binder.execTransactInternal:1505 
02-20 13:01:55.704  1811  1882 W ContextImpl: Calling a method in the system process without a qualified user: android.app.ContextImpl.sendBroadcastMultiplePermissions:1332 com.android.server.TelephonyRegistry.broadcastServiceStateChanged:3721 com.android.server.TelephonyRegistry.notifyServiceStateForPhoneId:1763 com.android.internal.telephony.ITelephonyRegistry$Stub.onTransact:546 android.os.Binder.execTransactInternal:1505 
02-20 13:01:55.712  1811  1829 E ApplicationHelper: Fail to get PackageManager
02-20 13:01:55.713  2194  2194 I EmergencyButton: show = true
02-20 13:01:55.817  1811  1829 E ApplicationHelper: Fail to get PackageManager
02-20 13:01:55.958  1811  1829 E ApplicationHelper: Fail to get PackageManager
02-20 13:01:55.959  1811  1829 E ApplicationHelper: Fail to get PackageManager
02-20 13:01:56.008  1811  1860 I PowerGroup: Powering off display group due to timeout (groupId= 0, uid= 1000, millisSinceLastUserActivity=60000, lastUserActivityEvent=touch)...
02-20 13:01:56.009  1811  1860 I PowerManagerService: Going to sleep due to timeout (uid 1000, screenOffTimeout=60000, activityTimeoutWM=-1, maxDimRatio=0.20000005, maxDimDur=7000)...
02-20 13:01:56.023  1811  1829 E ApplicationHelper: Fail to get PackageManager
02-20 13:01:56.024  1811  1829 E ApplicationHelper: Fail to get PackageManager
02-20 13:01:56.024  1811  1829 E ApplicationHelper: Fail to get PackageManager
02-20 13:01:56.024  1811  1829 E ApplicationHelper: Fail to get PackageManager
02-20 13:01:56.024  1811  1829 E ApplicationHelper: Fail to get PackageManager
02-20 13:01:56.024  1811  1829 E ApplicationHelper: Fail to get PackageManager
02-20 13:01:56.024  1811  1829 E ApplicationHelper: Fail to get PackageManager
02-20 13:01:56.024  1811  1829 E ApplicationHelper: Fail to get PackageManager
02-20 13:01:56.024  1811  1829 E ApplicationHelper: Fail to get PackageManager
02-20 13:01:56.053  1811  1860 I DisplayPowerController2[0]: BrightnessEvent: disp=0, physDisp=local:4627039422300187648, displayState=ON, displayPolicy=OFF, brt=0.17347926, initBrt=0.05, rcmdBrt=0.17347926, preBrt=0.056570582, lux=81.01982, preLux=16.480137, hbmMax=1.0, hbmMode=off, rbcStrength=50, thrmMax=1.0, powerFactor=1.0, wasShortTermModelActive=false, flags=, reason=automatic, autoBrightness=true, strategy=InvalidBrightnessStrategy, autoBrightnessMode=default
02-20 13:01:56.163  1811  1860 I DisplayPowerController2[0]: Blocking screen off
02-20 13:01:56.163  1811  1860 I DisplayPowerController2[0]: Unblocked screen off after 0 ms
02-20 13:01:56.187  1811  1811 E MBrainLocalService: notifyAppSwitch failed
02-20 13:01:56.193  1811  1829 E ApplicationHelper: Fail to get PackageManager
02-20 13:01:56.194  1811  1829 E ApplicationHelper: Fail to get PackageManager
02-20 13:01:56.194  1811  1829 E ApplicationHelper: Fail to get PackageManager
02-20 13:01:56.194  1811  1829 E ApplicationHelper: Fail to get PackageManager
02-20 13:01:56.195  1811  1860 I DisplayBrightnessStrategySelector: Changing the DisplayBrightnessStrategy from InvalidBrightnessStrategy to ScreenOffBrightnessStrategy for display 0
02-20 13:01:56.196  1811  2513 W WindowManager: Changing focus from Window{ac1137b u0 com.android.launcher3/com.android.searchlauncher.SearchLauncher} to null displayId=0 Callers=com.android.server.wm.RootWindowContainer.updateFocusedWindowLocked:468 com.android.server.wm.WindowManagerService.updateFocusedWindowLocked:6623 com.android.server.wm.ActivityRecord.commitVisibility:5880 com.android.server.wm.ActivityRecord.commitVisibility:5891 
02-20 13:01:56.198  1811  1860 I DisplayPowerController2[0]: BrightnessEvent: disp=0, physDisp=local:4627039422300187648, displayState=OFF, displayPolicy=OFF, brt=0.0, initBrt=0.17347926, rcmdBrt=NaN, preBrt=NaN, lux=0.0, preLux=0.0, hbmMax=1.0, hbmMode=off, rbcStrength=50, thrmMax=1.0, powerFactor=1.0, wasShortTermModelActive=false, flags=, reason=screen_off, autoBrightness=true, strategy=ScreenOffBrightnessStrategy, autoBrightnessMode=default
02-20 13:01:56.202  1811  1831 I DisplayDeviceRepository: Display device changed state: "Built-in Screen", OFF
02-20 13:01:56.206  1811  1829 E ApplicationHelper: Fail to get PackageManager
02-20 13:01:56.207  1811  1829 E ApplicationHelper: Fail to get PackageManager
02-20 13:01:56.207  1811  1829 E ApplicationHelper: Fail to get PackageManager
02-20 13:01:56.207  1811  1829 E ApplicationHelper: Fail to get PackageManager
02-20 13:01:56.207  1811  1829 E ApplicationHelper: Fail to get PackageManager
02-20 13:01:56.209  1811  1829 I DisplayDevice: [0] Layerstack set to -1 for local:4627039422300187648
02-20 13:01:56.217  1811  1899 W JobServiceContext: Sending onNetworkChanged for a job that isn't started. JobStatus{ef114e6 androidx.work.systemjobscheduler:u0a216/3275 @androidx.work.systemjobscheduler@com.uprock.mining/androidx.work.impl.background.systemjob.SystemJobService u=0 s=10216 TIME=-23s850ms:none NET READY}
02-20 13:01:56.217  1811  1899 W JobServiceContext: Sending onNetworkChanged for a job that isn't started. JobStatus{71ed67d androidx.work.systemjobscheduler:u0a216/3276 @androidx.work.systemjobscheduler@com.uprock.mining/androidx.work.impl.background.systemjob.SystemJobService u=0 s=10216 TIME=-23s836ms:none NET READY}
02-20 13:01:56.235  1811  1826 I ActivityManager: Killing 17748:android.process.acore/u0a40 (adj 975): empty #17
02-20 13:01:56.235  1811  1829 E ApplicationHelper: Fail to get PackageManager
02-20 13:01:56.236  1811  1829 E ApplicationHelper: Fail to get PackageManager
02-20 13:01:56.236  1811  1829 E ApplicationHelper: Fail to get PackageManager
02-20 13:01:56.250  1811  3487 W ProcessStats: Tracking association SourceState{9ab489b system/1000 ImpBg #64298} whose proc state 6 is better than process ProcessState{45e5894 com.uprock.mining/10216 pkg=com.uprock.mining} proc state 14 (1 skipped)
02-20 13:01:56.250  1811  1829 E ApplicationHelper: Fail to get PackageManager
02-20 13:01:56.256  1811  1829 E ApplicationHelper: Fail to get PackageManager
02-20 13:01:56.256  1811  1829 E ApplicationHelper: Fail to get PackageManager
02-20 13:01:56.256  1811  1829 E ApplicationHelper: Fail to get PackageManager
02-20 13:01:56.256  1811  1829 E ApplicationHelper: Fail to get PackageManager
02-20 13:01:56.256  1811  1829 E ApplicationHelper: Fail to get PackageManager
02-20 13:01:56.256  1811  1829 E ApplicationHelper: Fail to get PackageManager
02-20 13:01:56.256  1811  1829 E ApplicationHelper: Fail to get PackageManager
02-20 13:01:56.256  1811  1829 E ApplicationHelper: Fail to get PackageManager
02-20 13:01:56.256  1811  1829 E ApplicationHelper: Fail to get PackageManager
02-20 13:01:56.256  1811  1829 E ApplicationHelper: Fail to get PackageManager
02-20 13:01:56.256  1811  1829 E ApplicationHelper: Fail to get PackageManager
02-20 13:01:56.460  1811  1860 W DreamManagerService: Dream ComponentInfo{com.android.dreams.alwaysondisplay/com.android.dreams.alwaysondisplay.AlwaysOnDisplay} does not exist
02-20 13:01:56.460  1811  1860 I PowerGroup: Sleeping power group (groupId=0, uid=1000, reason=timeout)...
02-20 13:01:56.460  1811  1860 I PowerManagerService: Sleeping (uid 1000)...
02-20 13:01:56.469  1811  1811 E ScreenIntentReceiver: notifyChange failed
02-20 13:01:56.471  1811  1811 I PowerManagerService: onFlip(): Face up.
02-20 13:01:56.475  1811  1829 E ApplicationHelper: Fail to get PackageManager
02-20 13:01:56.476  1811  1829 E ApplicationHelper: Fail to get PackageManager
02-20 13:01:56.477  1811  1829 E ApplicationHelper: Fail to get PackageManager
02-20 13:01:56.478  1811  1829 E ApplicationHelper: Fail to get PackageManager
02-20 13:01:56.480  1811  1829 E ApplicationHelper: Fail to get PackageManager
02-20 13:01:56.480  1811  1829 E ApplicationHelper: Fail to get PackageManager
02-20 13:01:56.480  1811  1829 E ApplicationHelper: Fail to get PackageManager
02-20 13:01:56.480  1811  1829 E ApplicationHelper: Fail to get PackageManager
02-20 13:01:56.481  1811  2031 I MR2ServiceImpl: Updating composite discovery preference | preference: RouteDiscoveryRequest{ preferredFeatures={}, activeScan=false }, active routers: []
02-20 13:01:56.482  1811  1829 E ApplicationHelper: Fail to get PackageManager
02-20 13:01:56.484 10532 10597 W KeyphraseEnrollmentInfo: No enrollment application supports the given keyphrase/locale: 'X Google'/en_US
02-20 13:01:56.484 10532 10597 W KeyphraseEnrollmentInfo: No enrollment application supports the given keyphrase/locale: 'X Google'/en_US
02-20 13:01:56.484 10532 10597 W KeyphraseEnrollmentInfo: No enrollment application supports the given keyphrase/locale: 'X Google'/ar_EG
02-20 13:01:56.484 10532 10597 W KeyphraseEnrollmentInfo: No enrollment application supports the given keyphrase/locale: 'X Google'/en_US
02-20 13:01:56.484 10532 10597 W KeyphraseEnrollmentInfo: No enrollment application supports the given keyphrase/locale: 'Ok Google'/en_US
02-20 13:01:56.484 10532 10597 W KeyphraseEnrollmentInfo: No enrollment application supports the given keyphrase/locale: 'Ok Google'/ar_EG
02-20 13:01:56.484 10532 10597 W KeyphraseEnrollmentInfo: No enrollment application supports the given keyphrase/locale: 'Ok Google'/en_US
02-20 13:01:56.484 10532 10597 W KeyphraseEnrollmentInfo: No enrollment application supports the given keyphrase/locale: 'Y Google'/en_US
02-20 13:01:56.485  1811  1829 E ApplicationHelper: Fail to get PackageManager
02-20 13:01:56.499  1811  1829 E ApplicationHelper: Fail to get PackageManager
02-20 13:01:56.504  1811  1829 E ApplicationHelper: Fail to get PackageManager
02-20 13:01:56.512  1811  1829 E ApplicationHelper: Fail to get PackageManager
02-20 13:01:56.552  1811  5644 W AppOps  : Noting op not finished: uid 10115 pkg com.google.android.gms code 113 startTime of in progress event=1771605016235
02-20 13:01:56.553  1811  1829 E ApplicationHelper: Fail to get PackageManager
02-20 13:01:56.554  1811  2296 W AppOps  : Noting op not finished: uid 10115 pkg com.google.android.gms code 113 startTime of in progress event=1771605016235
02-20 13:01:56.557  1811  5644 W AppOps  : Noting op not finished: uid 10115 pkg com.google.android.gms code 113 startTime of in progress event=1771605016235
02-20 13:01:56.558  1811  1882 W AppOps  : Noting op not finished: uid 10115 pkg com.google.android.gms code 113 startTime of in progress event=1771605016235
02-20 13:01:56.564  1811  1829 E ApplicationHelper: Fail to get PackageManager
02-20 13:01:57.190  1811  1882 W Transition: Transition already started id=222 state=2
02-20 13:01:57.196  1811  2296 W UserManagerService: Requested status bar icon for non-badged user 0
02-20 13:02:01.051   570   605 I keystore2: system/security/keystore2/src/authorization.rs:155 - on_device_locked(user_id=0, unlocking_sids=[354827238758675181], weak_unlock_enabled=false)
02-20 13:02:01.052  1811  1829 E ApplicationHelper: Fail to get PackageManager
02-20 13:02:01.053  1811  2031 I MR2ServiceImpl: Updating composite discovery preference | preference: RouteDiscoveryRequest{ preferredFeatures={}, activeScan=false }, active routers: []
02-20 13:02:01.056   570   605 I keystore2: system/security/keystore2/src/super_key.rs:976 - UnlockedDeviceRequired super keys for user 0 are biometric-encrypted.
02-20 13:02:01.060  1811  3487 W UserManagerService: Requested status bar icon for non-badged user 0
02-20 13:02:01.090  1811  2296 W WindowManager: Changing focus from null to Window{ef6e4e0 u0 NotificationShade} displayId=0 Callers=com.android.server.wm.RootWindowContainer.updateFocusedWindowLocked:468 com.android.server.wm.WindowManagerService.updateFocusedWindowLocked:6623 com.android.server.wm.WindowManagerService.relayoutWindowInner:2691 com.android.server.wm.WindowManagerService.relayoutWindow:2361 
02-20 13:02:01.093  1811  2296 I WindowManager: Relayout Window{ef6e4e0 u0 NotificationShade}: oldVis=4 newVis=0 focusMayChange = true requestedWidth = 1200 requestedHeight = 2670 outFrames = ClientWindowFrames{frame=[0,0][1200,2670] display=[0,0][1200,2670] parentFrame=[0,0][0,0]} outSurfaceControl = Surface(name=NotificationShade)/@0xe5ad39
02-20 13:02:01.162  1811  1829 E ApplicationHelper: Fail to get PackageManager
02-20 13:02:01.162  1811  1829 E ApplicationHelper: Fail to get PackageManager
02-20 13:02:01.499  1811  1829 E ApplicationHelper: Fail to get PackageManager
02-20 13:02:07.170  1811  1829 E ApplicationHelper: Fail to get PackageManager
02-20 13:02:07.171  1811  3487 W ProcessStats: Tracking association SourceState{9ab489b system/1000 ImpBg #64328} whose proc state 6 is better than process ProcessState{45e5894 com.uprock.mining/10216 pkg=com.uprock.mining} proc state 14 (3 skipped)
02-20 13:02:07.256  1811  1829 E ApplicationHelper: Fail to get PackageManager
02-20 13:02:07.260  1811  1829 E ApplicationHelper: Fail to get PackageManager
02-20 13:02:07.261  1811  1829 E ApplicationHelper: Fail to get PackageManager
02-20 13:02:07.293  1811  1829 E ApplicationHelper: Fail to get PackageManager
02-20 13:02:07.361  1811  1829 E ApplicationHelper: Fail to get PackageManager
02-20 13:02:07.364  1811  1829 E ApplicationHelper: Fail to get PackageManager
02-20 13:02:11.549  1811  1829 E ApplicationHelper: Fail to get PackageManager
02-20 13:02:11.553  1811  1829 E ApplicationHelper: Fail to get PackageManager
02-20 13:02:11.562   570 25074 I keystore2: system/security/keystore2/watchdog/src/lib.rs:319 - Watchdog thread idle -> terminating. Have a great day.
02-20 13:02:16.211  1811  1829 E ApplicationHelper: Fail to get PackageManager
02-20 13:02:16.213  1811  1829 E ApplicationHelper: Fail to get PackageManager
02-20 13:03:01.171  1811  1829 E ApplicationHelper: Fail to get PackageManager
02-20 13:03:01.172  1811  1829 E ApplicationHelper: Fail to get PackageManager
02-20 13:03:01.517  1811  1829 E ApplicationHelper: Fail to get PackageManager
02-20 13:03:01.521  1811  1829 E ApplicationHelper: Fail to get PackageManager
02-20 13:03:11.758  1811  1849 W BatteryExternalStatsWorker: error reading Bluetooth stats: 9
02-20 13:03:16.213  1811  1829 E ApplicationHelper: Fail to get PackageManager
02-20 13:03:42.167  1811  1849 W BatteryExternalStatsWorker: error reading Bluetooth stats: 9
02-20 13:03:42.174  1811  1860 I PowerGroup: Waking up power group from Asleep (groupId=0, uid=1000, reason=WAKE_REASON_PLUGGED_IN, details=android.server.power:PLUGGED:false)...
02-20 13:03:42.176  1811  1860 I PowerManagerService: Waking up from Asleep (uid=1000, reason=WAKE_REASON_PLUGGED_IN, details=android.server.power:PLUGGED:false)...
02-20 13:03:42.176  1811  1811 E ChargeIntentReceiver: notifyChange failed
02-20 13:03:42.181  1811  2513 I UsbPortManager: AIDL UsbDataStatus:1
02-20 13:03:42.181  1811  2513 I UsbPortManager: ClientCallback AIDL V1: port0
02-20 13:03:42.181  1811  2513 I UsbPortManager: AIDL UsbDataStatus:1
02-20 13:03:42.181  1811  2513 I UsbPortManager: ClientCallback AIDL V1: port0
02-20 13:03:42.182  1811  2513 I UsbPortManager: AIDL UsbDataStatus:1
02-20 13:03:42.182  1811  2513 I UsbPortManager: ClientCallback AIDL V1: port0
02-20 13:03:42.183  1811  1860 I DisplayPowerController2[0]: Blocking screen on until initial contents have been drawn.
02-20 13:03:42.184  1811  1828 I UsbPortManager: USB port changed: port=UsbPort{id=port0, supportedModes=dual, supportedContaminantProtectionModes=0, supportsEnableContaminantPresenceProtection=false, supportsEnableContaminantPresenceDetection=false, supportsComplianceWarnings=false, status=UsbPortStatus{connected=false, currentMode=none, currentPowerRole=no-power, currentDataRole=no-data, supportedRoleCombinations=[no-power:no-data], contaminantDetectionStatus=0, contaminantProtectionStatus=0, usbDataStatus=enabled, isPowerTransferLimited=false, powerBrickConnectionStatus=unknown, complianceWarnings=[], plugState=0, displayPortAltModeInfo=null}, canChangeMode=true, canChangePowerRole=false, canChangeDataRole=false, connectedAtMillis=0, lastConnectDurationMillis=16268721
02-20 13:03:42.187  1811  1829 E ApplicationHelper: Fail to get PackageManager
02-20 13:03:42.188  1811  1829 E ApplicationHelper: Fail to get PackageManager
02-20 13:03:42.188  1811  1829 E ApplicationHelper: Fail to get PackageManager
02-20 13:03:42.189  1811  2031 I MR2ServiceImpl: Updating composite discovery preference | preference: RouteDiscoveryRequest{ preferredFeatures={}, activeScan=false }, active routers: []
02-20 13:03:42.190  1811  1860 I DisplayBrightnessStrategySelector: Changing the DisplayBrightnessStrategy from ScreenOffBrightnessStrategy to InvalidBrightnessStrategy for display 0
02-20 13:03:42.193  1811  1860 I DisplayPowerController2[0]: BrightnessEvent: disp=0, physDisp=local:4627039422300187648, displayState=ON, displayPolicy=BRIGHT, brt=0.17347926, initBrt=0.0, rcmdBrt=NaN, preBrt=NaN, lux=NaN, preLux=NaN, hbmMax=1.0, hbmMode=off, rbcStrength=50, thrmMax=1.0, powerFactor=1.0, wasShortTermModelActive=false, flags=invalid_lux , reason=manual, autoBrightness=true, strategy=InvalidBrightnessStrategy, autoBrightnessMode=default
02-20 13:03:42.199  1811  1841 I ActivityManager: Start proc 25100:com.google.android.apps.turbo/u0a114 for broadcast {com.google.android.apps.turbo/com.google.android.apps.turbo.nudges.broadcasts.BatteryStatusChangedReceiver}
02-20 13:03:42.201  1811  1829 E ApplicationHelper: Fail to get PackageManager
02-20 13:03:42.203  1811  1899 W JobServiceContext: Sending onNetworkChanged for a job that isn't started. JobStatus{1ca2f91 #u0a216/-1840500861 com.uprock.mining/com.google.android.datatransport.runtime.scheduling.jobscheduling.JobInfoSchedulerService u=0 s=10216 TIME=-1m15s669ms:none NET READY}
02-20 13:03:42.205  1811  1829 E ApplicationHelper: Fail to get PackageManager
02-20 13:03:42.208  1811  1829 E ApplicationHelper: Fail to get PackageManager
02-20 13:03:42.208  1811  1831 I DisplayDeviceRepository: Display device changed state: "Built-in Screen", ON
02-20 13:03:42.212  1811  1829 I DisplayDevice: [0] Layerstack set to 0 for local:4627039422300187648
02-20 13:03:42.218  1811  1829 E ApplicationHelper: Fail to get PackageManager
02-20 13:03:42.218  1811  1829 E ApplicationHelper: Fail to get PackageManager
02-20 13:03:42.218  1811  1811 W ProcessStats: Tracking association SourceState{63cec09 system/1000 ImpBg #64355} whose proc state 6 is better than process ProcessState{45e5894 com.uprock.mining/10216 pkg=com.uprock.mining} proc state 14 (2 skipped)
02-20 13:03:42.218  1811  1829 E ApplicationHelper: Fail to get PackageManager
02-20 13:03:42.218  1811  1829 E ApplicationHelper: Fail to get PackageManager
02-20 13:03:42.218  1811  1829 E ApplicationHelper: Fail to get PackageManager
02-20 13:03:42.218  1811  1829 E ApplicationHelper: Fail to get PackageManager
02-20 13:03:42.219  1811  1829 E ApplicationHelper: Fail to get PackageManager
02-20 13:03:42.219  1811  1829 E ApplicationHelper: Fail to get PackageManager
02-20 13:03:42.219  1811  1829 E ApplicationHelper: Fail to get PackageManager
02-20 13:03:42.219  1811  1829 E ApplicationHelper: Fail to get PackageManager
02-20 13:03:42.219  1811  1829 E ApplicationHelper: Fail to get PackageManager
02-20 13:03:42.219  1811  1829 E ApplicationHelper: Fail to get PackageManager
02-20 13:03:42.225  1811  1829 E ApplicationHelper: Fail to get PackageManager
02-20 13:03:42.226  1811  1829 E ApplicationHelper: Fail to get PackageManager
02-20 13:03:42.229  1811  1811 E ScreenIntentReceiver: notifyChange failed
02-20 13:03:42.232  1811  1829 E ApplicationHelper: Fail to get PackageManager
02-20 13:03:42.234  1811  1829 E ApplicationHelper: Fail to get PackageManager
02-20 13:03:42.235  1811  2031 I MR2ServiceImpl: Updating composite discovery preference | preference: RouteDiscoveryRequest{ preferredFeatures={}, activeScan=false }, active routers: []
02-20 13:03:42.239  1811  1829 E ApplicationHelper: Fail to get PackageManager
02-20 13:03:42.241  1811  1829 E ApplicationHelper: Fail to get PackageManager
02-20 13:03:42.242  1811  1829 E ApplicationHelper: Fail to get PackageManager
02-20 13:03:42.242  1811  1829 E ApplicationHelper: Fail to get PackageManager
02-20 13:03:42.242  1811  1829 E ApplicationHelper: Fail to get PackageManager
02-20 13:03:42.242  1811  1829 E ApplicationHelper: Fail to get PackageManager
02-20 13:03:42.245 24528 24528 W ContextImpl: Calling a method in the system process without a qualified user: android.app.ContextImpl.sendBroadcast:1249 android.content.ContextWrapper.sendBroadcast:506 com.android.settings.fuelgauge.batteryusage.BootBroadcastReceiver.invokeJobRecheck:51 com.android.settings.fuelgauge.batteryusage.BatteryUsageBroadcastReceiver.tryToFetchUsageData:131 com.android.settings.fuelgauge.batteryusage.BatteryUsageBroadcastReceiver.onReceive:82 
02-20 13:03:42.255  1811  1860 I DisplayPowerController2[0]: BrightnessEvent: disp=0, physDisp=local:4627039422300187648, displayState=ON, displayPolicy=BRIGHT, brt=0.20558527, initBrt=0.17347926, rcmdBrt=0.20558527, preBrt=NaN, lux=100.0, preLux=NaN, hbmMax=1.0, hbmMode=off, rbcStrength=50, thrmMax=1.0, powerFactor=1.0, wasShortTermModelActive=false, flags=, reason=automatic, autoBrightness=true, strategy=InvalidBrightnessStrategy, autoBrightnessMode=default
02-20 13:03:42.257 10532 10597 W KeyphraseEnrollmentInfo: No enrollment application supports the given keyphrase/locale: 'X Google'/en_US
02-20 13:03:42.257 10532 10597 W KeyphraseEnrollmentInfo: No enrollment application supports the given keyphrase/locale: 'X Google'/en_US
02-20 13:03:42.257 10532 10597 W KeyphraseEnrollmentInfo: No enrollment application supports the given keyphrase/locale: 'X Google'/ar_EG
02-20 13:03:42.257 10532 10597 W KeyphraseEnrollmentInfo: No enrollment application supports the given keyphrase/locale: 'X Google'/en_US
02-20 13:03:42.257 10532 10597 W KeyphraseEnrollmentInfo: No enrollment application supports the given keyphrase/locale: 'Ok Google'/en_US
02-20 13:03:42.257 10532 10597 W KeyphraseEnrollmentInfo: No enrollment application supports the given keyphrase/locale: 'Ok Google'/ar_EG
02-20 13:03:42.258 10532 10597 W KeyphraseEnrollmentInfo: No enrollment application supports the given keyphrase/locale: 'Ok Google'/en_US
02-20 13:03:42.258 10532 10597 W KeyphraseEnrollmentInfo: No enrollment application supports the given keyphrase/locale: 'Y Google'/en_US
02-20 13:03:42.260  1811  1811 I BrightnessSynchronizer: [272] New Update 0.20558527(f) set brightness values:  53(i)
02-20 13:03:42.261  1811  1829 E ApplicationHelper: Fail to get PackageManager
02-20 13:03:42.261  1811  1829 E ApplicationHelper: Fail to get PackageManager
02-20 13:03:42.262  1811  1811 I BrightnessSynchronizer: Swallowing update of 53(i) by update: {[272] 0.20558527(f), mUpdatedTypes=1, mConfirmedTypes=1, mTimeUpdated=27030579}
02-20 13:03:42.262  1811  1811 I BrightnessSynchronizer: Completed Update: {[272] 0.20558527(f), mUpdatedTypes=1, mConfirmedTypes=1, mTimeUpdated=27030579}
02-20 13:03:42.264  1811  1860 I DisplayPowerController2[0]: Unblocked screen on after 81 ms
02-20 13:03:42.277  1811  1829 E ApplicationHelper: Fail to get PackageManager
02-20 13:03:42.283  1811  1829 E ApplicationHelper: Fail to get PackageManager
02-20 13:03:42.286  1811  1829 E ApplicationHelper: Fail to get PackageManager
02-20 13:03:42.300  1811  1829 E ApplicationHelper: Fail to get PackageManager
02-20 13:03:42.300  1811  1829 E ApplicationHelper: Fail to get PackageManager
02-20 13:03:42.308  1811  1829 E ApplicationHelper: Fail to get PackageManager
02-20 13:03:42.314  1811  1829 E ApplicationHelper: Fail to get PackageManager
02-20 13:03:42.319  1811  1829 E ApplicationHelper: Fail to get PackageManager
02-20 13:03:42.319  1811  1829 E ApplicationHelper: Fail to get PackageManager
02-20 13:03:42.322  1811  1829 E ApplicationHelper: Fail to get PackageManager
02-20 13:03:42.326  1811  1829 E ApplicationHelper: Fail to get PackageManager
02-20 13:03:42.330  1811  1829 E ApplicationHelper: Fail to get PackageManager
