02-20 18:32:39.269  3317  3317 D BoundBrokerSvc: onBind: Intent { act=com.google.android.gms.semanticlocationhistory.zeroparty.service.START dat=chimera-action:/... cmp=com.google.android.gms/.chimera.GmsApiService }
02-20 18:32:39.269  3317  3317 D BoundBrokerSvc: Loading bound service for intent: Intent { act=com.google.android.gms.semanticlocationhistory.zeroparty.service.START dat=chimera-action:/... cmp=com.google.android.gms/.chimera.GmsApiService }
02-20 18:32:44.297  3317  3317 D BoundBrokerSvc: onUnbind: Intent { act=com.google.android.gms.onboardingconsent.api.ConsentManagerApiService.START dat=chimera-action:/... cmp=com.google.android.gms/.chimera.GmsApiService }
02-20 18:32:54.321  3317  3317 D BoundBrokerSvc: onUnbind: Intent { act=com.google.android.gms.semanticlocationhistory.zeroparty.service.START dat=chimera-action:/... cmp=com.google.android.gms/.chimera.GmsApiService }
02-20 18:32:55.338 29283 29283 D BoundBrokerSvc: onUnbind: Intent { act=com.google.android.gms.libs.gmscorelogger.service.START dat=chimera-action:/... cmp=com.google.android.gms/.chimera.PersistentDirectBootAwareApiService }
02-20 18:33:11.806  1811  1849 W BatteryExternalStatsWorker: error reading Bluetooth stats: 9
02-20 18:33:26.373  3317  3317 D BoundBrokerSvc: onRebind: Intent { act=com.google.android.gms.onboardingconsent.api.ConsentManagerApiService.START dat=chimera-action:/... cmp=com.google.android.gms/.chimera.GmsApiService }
02-20 18:33:26.378 29283 15826 E jcvt    : java.lang.RuntimeException: ManagedChannel allocation site
02-20 18:33:26.548  3317  3317 D BoundBrokerSvc: onBind: Intent { act=com.google.android.mobstore.service.START pkg=com.google.android.gms }
02-20 18:33:26.548  3317  3317 D BoundBrokerSvc: Loading bound service for intent: Intent { act=com.google.android.mobstore.service.START pkg=com.google.android.gms }
02-20 18:33:26.559 29283 29542 I cn_CronetUrlRequestContext: destroyNativeStreamLocked org.chromium.net.impl.CronetBidirectionalStream@69e834e
02-20 18:33:26.620 29283 29283 D BoundBrokerSvc: onRebind: Intent { act=com.google.android.gms.common.telemetry.service.START dat=chimera-action:/... cmp=com.google.android.gms/.chimera.PersistentApiService }
02-20 18:33:26.829 16044 16141 E GoogleApiManager: java.lang.SecurityException: Unknown calling package name 'com.google.android.gms'.
02-20 18:33:26.829 16044 16141 E GoogleApiManager: 	at android.os.Parcel.createExceptionOrNull(Parcel.java:3242)
02-20 18:33:26.829 16044 16141 E GoogleApiManager: 	at android.os.Parcel.createException(Parcel.java:3226)
02-20 18:33:26.829 16044 16141 E GoogleApiManager: 	at android.os.Parcel.readException(Parcel.java:3209)
02-20 18:33:26.829 16044 16141 E GoogleApiManager: 	at android.os.Parcel.readException(Parcel.java:3151)
02-20 18:33:26.829 16044 16141 W GoogleApiManager: Not showing notification since connectionResult is not user-facing: ConnectionResult{statusCode=DEVELOPER_ERROR, resolution=null, message=null, clientMethodKey=null}
02-20 18:33:26.831 16044 16140 W FlagRegistrar: gach: 17: 17: API: Phenotype.API is not available on this device. Connection failed with: ConnectionResult{statusCode=DEVELOPER_ERROR, resolution=null, message=null, clientMethodKey=null}
02-20 18:33:26.831 16044 16140 W FlagRegistrar: Caused by: bduq: 17: API: Phenotype.API is not available on this device. Connection failed with: ConnectionResult{statusCode=DEVELOPER_ERROR, resolution=null, message=null, clientMethodKey=null}
02-20 18:33:29.490   583  3533 D NxpTml  : NFCC - Error in Write.....
02-20 18:33:29.490   583  3535 D NxpHal  : write error status = 0x1ff
02-20 18:33:29.503  1811  1811 E ScreenIntentReceiver: notifyChange failed
02-20 18:33:29.527 11968 11968 D Capacitor: App restarted
02-20 18:33:29.527 11968 11968 D Capacitor: App started
02-20 18:33:29.530 11968 11968 D Capacitor/AppPlugin: Firing change: true
02-20 18:33:29.530 11968 11968 V Capacitor/AppPlugin: Notifying listeners for event appStateChange
02-20 18:33:29.531 11968 11968 D Capacitor/AppPlugin: No listeners found for event appStateChange
02-20 18:33:29.531 11968 11968 V Capacitor/AppPlugin: Notifying listeners for event resume
02-20 18:33:29.531 11968 11968 D Capacitor/AppPlugin: No listeners found for event resume
02-20 18:33:29.539 11968 11968 D Capacitor: App resumed
02-20 18:33:29.552  1811  1828 V WindowManager:     startWCT=WindowContainerTransaction { changes = {} hops = [] errorCallbackToken=null taskFragmentOrganizer=null }
02-20 18:33:29.572  1811  1841 I ActivityManager: Start proc 16180:com.android.chrome/u0a122 for service {com.android.chrome/org.chromium.chrome.browser.customtabs.CustomTabsConnectionService}
02-20 18:33:29.586 32178 16193 I DeviceStatusMonitor: DeviceStatusMonitor.handleBroadcast():138 onReceive() : Action = android.intent.action.SCREEN_ON
02-20 18:33:29.596 11968 11968 W Capacitor/Console: File: https://validator-solana-intelligence.vercel.app/_next/static/chunks/871b92e97bf0e59a.js - Line 1 - Msg: Error fetching daily data TypeError: Failed to fetch
02-20 18:33:29.597 11968 11968 W Capacitor/Console: File: https://validator-solana-intelligence.vercel.app/_next/static/chunks/871b92e97bf0e59a.js - Line 1 - Msg: Error fetching daily data TypeError: Failed to fetch
02-20 18:33:29.630 10532 10596 I eatz    : Registering for screen on/off intent ...
02-20 18:33:29.685 10532 10602 I eatz    : #logRequestHandlingNonErrorEndEvent. Reset requestIdOfFirstError, firstStartErrorCausesRetry and numOfRetriesDoneForHotwordDetectorStartErrors!
02-20 18:33:29.694  1811  1811 E ScreenIntentReceiver: notifyChange failed
02-20 18:33:29.700 29283 31637 I NullBinder: NullBinder for android.net.action.RECOMMEND_NETWORKS triggering remote TransactionTooLargeException due to Service without Chimera impl, calling uid: 1000, calling pid: 0
02-20 18:33:29.741 29283 16042 I NearbyMediums: ModuleInitializer handles incoming intent android.intent.action.USER_PRESENT
02-20 18:33:29.754  3317  3317 D BoundBrokerSvc: onBind: Intent { act=com.google.android.gms.audit.service.START pkg=com.google.android.gms }
02-20 18:33:29.754  3317  3317 D BoundBrokerSvc: Loading bound service for intent: Intent { act=com.google.android.gms.audit.service.START pkg=com.google.android.gms }
02-20 18:33:29.770  1221  1292 W StreamHAL: Error from HAL stream in function set_microphone_direction: Function not implemented
02-20 18:33:29.771  1221  1292 W StreamHAL: Error from HAL stream in function set_microphone_field_dimension: Function not implemented
02-20 18:33:29.775  3317 16232 I PersonalSafety: ConnectivityProtectionLockingIntentOperation: cancelled task [CONTEXT service_id=310 ]
02-20 18:33:29.797  1221 16246 E AudioMTKGainController: setAdcPga(), Error: channel[2] get mixer ctl fail, PGA3 Volume
02-20 18:33:29.819  1221 16246 E AudioMTKGainController: setAdcPga(), Error: channel[2] get mixer ctl fail, PGA3 Volume
02-20 18:33:29.835   570 15821 E keystore2: system/security/keystore2/src/error.rs:171 - system/security/keystore2/src/security_level.rs:317
02-20 18:33:29.835   570 15821 E keystore2:     1: Error::Km(r#KEY_USER_NOT_AUTHENTICATED)
02-20 18:33:29.842 16180 16249 D nativeloader: Load /data/app/~~DTDxJyRoVrWTFe2hkg9aSg==/com.android.chrome-Y_tJBYDgI4TN7OaXPaaJ-g==/base.apk!/lib/arm64-v8a/libchromium_android_linker.so using class loader ns clns-8 (caller=/data/app/~~DTDxJyRoVrWTFe2hkg9aSg==/com.android.chrome-Y_tJBYDgI4TN7OaXPaaJ-g==/base.apk): ok
02-20 18:33:29.876  3317  3317 D BoundBrokerSvc: onBind: Intent { act=com.google.android.gms.checkin.START pkg=com.google.android.gms }
02-20 18:33:29.876  3317  3317 D BoundBrokerSvc: Loading bound service for intent: Intent { act=com.google.android.gms.checkin.START pkg=com.google.android.gms }
02-20 18:33:29.894 29283 29283 D BoundBrokerSvc: onRebind: Intent { act=com.google.android.gms.libs.gmscorelogger.service.START dat=chimera-action:/... cmp=com.google.android.gms/.chimera.PersistentDirectBootAwareApiService }
02-20 18:33:29.902  2314  2518 E ProcfsParsingUtils: java.nio.file.AccessDeniedException: /sys/class/net/wlan0/mtu
02-20 18:33:29.907  1811  1989 E WifiStaIfaceAidlImpl: setDtimMultiplier failed with service-specific exception: android.os.ServiceSpecificException:  (code 4)
02-20 18:33:29.914  2314  2518 E ProcfsParsingUtils: java.nio.file.AccessDeniedException: /sys/class/net/wlan0/mtu
02-20 18:33:29.921  1811  1989 E WifiStaIfaceAidlImpl: setDtimMultiplier failed with service-specific exception: android.os.ServiceSpecificException:  (code 4)
02-20 18:33:29.923  2314  2518 E ProcfsParsingUtils: java.nio.file.AccessDeniedException: /sys/class/net/wlan0/mtu
02-20 18:33:29.928  1811  1989 E WifiStaIfaceAidlImpl: setDtimMultiplier failed with service-specific exception: android.os.ServiceSpecificException:  (code 4)
02-20 18:33:30.050 16207 16276 I BugleRcs: android.content.pm.PackageManager$NameNotFoundException: com.google.android.ims
02-20 18:33:30.054 29283 16043 W Conscrypt: Could not set socket write timeout: java.net.SocketException: Socket closed
02-20 18:33:30.085  3317  3317 D BoundBrokerSvc: onBind: Intent { act=com.google.android.gms.safebrowsing.SafeBrowsingService.START dat=chimera-action:/... cmp=com.google.android.gms/.chimera.GmsBoundBrokerService }
02-20 18:33:30.085  3317  3317 D BoundBrokerSvc: Loading bound service for intent: Intent { act=com.google.android.gms.safebrowsing.SafeBrowsingService.START dat=chimera-action:/... cmp=com.google.android.gms/.chimera.GmsBoundBrokerService }
02-20 18:33:30.124 29283 16043 W Conscrypt: Could not set socket write timeout: java.net.SocketException: Socket closed
02-20 18:33:30.483 16180 16180 I chromium: [INFO:components/enterprise/browser/controller/chrome_browser_cloud_management_controller.cc:302] Deferring CBCM Controller Initialization until it is unblocked.
02-20 18:33:30.493  1811  1841 I ActivityManager: Start proc 16350:com.android.chrome:privileged_process0/u0a122 for service {com.android.chrome/org.chromium.content.app.PrivilegedProcessService0}
02-20 18:33:30.597 29283 29283 D BoundBrokerSvc: onUnbind: Intent { act=com.google.android.gms.play.integrity.api.service.IntegrityApiDisplayListenerApiService.START dat=chimera-action:/... cmp=com.google.android.gms/.chimera.PersistentApiServiceNoInstantApps }
02-20 18:33:30.652 16350 16371 D nativeloader: Load /data/app/~~DTDxJyRoVrWTFe2hkg9aSg==/com.android.chrome-Y_tJBYDgI4TN7OaXPaaJ-g==/base.apk!/lib/arm64-v8a/libchromium_android_linker.so using class loader ns clns-8 (caller=/data/app/~~DTDxJyRoVrWTFe2hkg9aSg==/com.android.chrome-Y_tJBYDgI4TN7OaXPaaJ-g==/base.apk): ok
02-20 18:33:30.677  2194  2250 V WindowManagerShell: Directly starting a new transition type=3 wct=WindowContainerTransaction { changes = {} hops = [{PendingIntent: options=Bundle[mParcelledData.dataSize=412]}] errorCallbackToken=null taskFragmentOrganizer=null } handler=com.android.wm.shell.recents.RecentsTransitionHandler@5b37e9d
02-20 18:33:30.707  7807  7807 I TopTaskTracker: onTaskMovedToFront: (moved taskInfo to front) taskId=645, baseIntent=Intent { act=android.intent.action.MAIN cat=[android.intent.category.HOME] flg=0x10000100 cmp=com.android.launcher3/com.android.searchlauncher.SearchLauncher }
02-20 18:33:30.737  1811  1828 V WindowManager:     startWCT=WindowContainerTransaction { changes = {} hops = [{PendingIntent: options=Bundle[{android.activity.splashScreenStyle=-1, android.activity.sourceInfo=android.app.ActivityOptions$SourceInfo@7997e48, android:activity.animAbortListener=null, android.activity.transientLaunch=true}]}] errorCallbackToken=null taskFragmentOrganizer=null }
02-20 18:33:30.743 16350 16371 W chromium: [WARNING:content/app/android/content_main_android.cc:82] android_setCpu already initialized
02-20 18:33:30.824 16180 16180 W chromium: [WARNING:components/gcm_driver/instance_id/instance_id_android.cc:101] Non-zero TTL requested for InstanceID token, while TTLs are not supported by Android Firebase IID API.
02-20 18:33:30.840 16180 16180 W chromium: [WARNING:components/gcm_driver/instance_id/instance_id_android.cc:101] Non-zero TTL requested for InstanceID token, while TTLs are not supported by Android Firebase IID API.
02-20 18:33:30.841 16180 16180 W chromium: [WARNING:components/gcm_driver/instance_id/instance_id_android.cc:101] Non-zero TTL requested for InstanceID token, while TTLs are not supported by Android Firebase IID API.
02-20 18:33:30.886  3317  3317 D BoundBrokerSvc: onBind: Intent { act=com.google.android.gms.auth.key.retrieval.service.START dat=chimera-action:/... cmp=com.google.android.gms/.chimera.GmsApiService }
02-20 18:33:30.887  3317  3317 D BoundBrokerSvc: Loading bound service for intent: Intent { act=com.google.android.gms.auth.key.retrieval.service.START dat=chimera-action:/... cmp=com.google.android.gms/.chimera.GmsApiService }
02-20 18:33:30.987  3317  3317 D BoundBrokerSvc: onBind: Intent { act=com.google.android.gms.credential.manager.service.firstparty.START dat=chimera-action:/... cmp=com.google.android.gms/.chimera.GmsApiService }
02-20 18:33:30.987  3317  3317 D BoundBrokerSvc: Loading bound service for intent: Intent { act=com.google.android.gms.credential.manager.service.firstparty.START dat=chimera-action:/... cmp=com.google.android.gms/.chimera.GmsApiService }
02-20 18:33:31.210 16350 16371 I chromium: [INFO:third_party/skia/src/gpu/vk/VulkanPreferredFeatures.cpp:421] WARNING: VulkanPreferredFeatures::addFeaturesToQuery() was not called
02-20 18:33:31.210 16350 16371 I chromium: 
02-20 18:33:31.210 16350 16371 I chromium: [INFO:third_party/skia/src/gpu/vk/VulkanPreferredFeatures.cpp:424] WARNING: VulkanPreferredFeatures::addFeaturesToEnable() was not called
02-20 18:33:31.210 16350 16371 I chromium: 
02-20 18:33:31.245  1811  4103 W ActivityManager: Unable to start service Intent { cmp=com.google.android.aicore/com.google.android.apps.aicore.service.multiuser.AiCoreMultiUserService } U=0: not found
02-20 18:33:31.254  1811  3487 W ActivityManager: Unable to start service Intent { cmp=com.google.android.aicore/com.google.android.apps.aicore.service.AiCoreService } U=0: not found
02-20 18:33:31.265 16180 16180 E cr_ChromeAiCoreWrapper: Failed to request downloadable feature with exception: 
02-20 18:33:31.265 16180 16180 E cr_ChromeAiCoreWrapper: com.google.android.apps.aicore.client.api.AiCoreException: AICore failed with error type 4-CONNECTION_ERROR and error code 601-BINDING_FAILURE: AiCore service failed to bind to primary or fallback.
02-20 18:33:31.265 16180 16180 E cr_ChromeAiCoreWrapper: 	at mp.a(chromium-TrichromeChromeGoogle6432.aab-stable-763210933:50)
02-20 18:33:31.265 16180 16180 E cr_ChromeAiCoreWrapper: 	at np.i(chromium-TrichromeChromeGoogle6432.aab-stable-763210933:43)
02-20 18:33:31.265 16180 16180 E cr_ChromeAiCoreWrapper: 	at np.e(chromium-TrichromeChromeGoogle6432.aab-stable-763210933:4)
02-20 18:33:31.265 16180 16180 E cr_ChromeAiCoreWrapper: 	at so.<init>(chromium-TrichromeChromeGoogle6432.aab-stable-763210933:116)
02-20 18:33:31.265 16180 16180 E cr_ChromeAiCoreWrapper: 	at xog.f(chromium-TrichromeChromeGoogle6432.aab-stable-763210933:3)
02-20 18:33:31.265 16180 16180 E cr_ChromeAiCoreWrapper: 	at org.chromium.on_device_model.OnDeviceModelBridge.createModelDownloader(chromium-TrichromeChromeGoogle6432.aab-stable-763210933:18)
02-20 18:33:31.331  3317  3317 D BoundBrokerSvc: onRebind: Intent { act=com.google.android.gms.inappreach.service.START dat=chimera-action:/... cmp=com.google.android.gms/.chimera.GmsApiService }
02-20 18:33:31.388  3317  3317 D BoundBrokerSvc: onUnbind: Intent { act=com.google.android.gms.onboardingconsent.api.ConsentManagerApiService.START dat=chimera-action:/... cmp=com.google.android.gms/.chimera.GmsApiService }
02-20 18:33:31.645 29283 29283 D BoundBrokerSvc: onUnbind: Intent { act=com.google.android.gms.common.telemetry.service.START dat=chimera-action:/... cmp=com.google.android.gms/.chimera.PersistentApiService }
02-20 18:33:31.651 16180 16345 W cr_media: registerBluetoothIntentsIfNeeded: Requires BLUETOOTH permission
02-20 18:33:31.690  1811  1841 W ZygoteProcess: Got error connecting to zygote, retrying. msg= Connection refused
02-20 18:33:31.770  3317  3317 D BoundBrokerSvc: onBind: Intent { act=com.google.android.gms.languageprofile.service.START pkg=com.google.android.gms }
02-20 18:33:31.770  3317  3317 D BoundBrokerSvc: Loading bound service for intent: Intent { act=com.google.android.gms.languageprofile.service.START pkg=com.google.android.gms }
02-20 18:33:31.791 16452 16452 D nativeloader: Load /data/app/~~DTDxJyRoVrWTFe2hkg9aSg==/com.android.chrome-Y_tJBYDgI4TN7OaXPaaJ-g==/base.apk!/lib/arm64-v8a/libchromium_android_linker.so using class loader ns clns-8 (caller=/data/app/~~DTDxJyRoVrWTFe2hkg9aSg==/com.android.chrome-Y_tJBYDgI4TN7OaXPaaJ-g==/base.apk): ok
02-20 18:33:31.841  1811  1841 I ActivityManager: Start proc 16471:com.android.chrome:sandboxed_process0:org.chromium.content.app.SandboxedProcessService0:0/u0ai0 for  {com.android.chrome/org.chromium.content.app.SandboxedProcessService0:0}
02-20 18:33:31.842 11968 11968 V Capacitor/AppPlugin: Notifying listeners for event pause
02-20 18:33:31.842 11968 11968 D Capacitor/AppPlugin: No listeners found for event pause
02-20 18:33:31.875 16471 16471 I cr_SplitCompatApp: version=145.0.7632.109 (763210933) minSdkVersion=29 processName=com.android.chrome:sandboxed_process0:org.chromium.content.app.SandboxedProcessService0:0 isIsolatedProcess=true splits=chrome,config.en,dev_ui,on_demand,stack_unwinder,test_dummy
02-20 18:33:31.916 11968 11968 D Capacitor: App paused
02-20 18:33:31.920  3317  3317 D BoundBrokerSvc: onRebind: Intent { act=com.google.android.gms.semanticlocationhistory.service.START dat=chimera-action:/... cmp=com.google.android.gms/.chimera.GmsApiService }
02-20 18:33:31.986 11968 11968 D Capacitor/AppPlugin: Firing change: false
02-20 18:33:31.987 11968 11968 V Capacitor/AppPlugin: Notifying listeners for event appStateChange
02-20 18:33:31.987 11968 11968 D Capacitor/AppPlugin: No listeners found for event appStateChange
02-20 18:33:31.987 11968 11968 D Capacitor: App stopped
02-20 18:33:31.989 11968 11968 D Capacitor: Saving instance state!
02-20 18:33:31.993 16471 16482 W chromium: [WARNING:content/app/android/content_main_android.cc:82] android_setCpu already initialized
02-20 18:33:31.994 11968 11968 D Capacitor: App destroyed
02-20 18:33:32.028  1811  1831 I ActivityManager: Killing 11997:com.google.android.webview:sandboxed_process0:org.chromium.content.app.SandboxedProcessService0:0/u0a228i94 (adj 905): remove task
02-20 18:33:32.063 29283 16174 W PhBaseOp: Phenotype API error. Event: # imqo@d7697fca, EventCode: GET_EXP [CONTEXT service_id=51 ]
02-20 18:33:32.064 29283 16174 W AsyncOperation: OperationException[Status{statusCode=No config packages for log source, or config package not registered, resolution=null}]
02-20 18:33:32.071 16180 16332 W chromium: [WARNING:net/cert/ev_root_ca_metadata.cc:118] Not implemented
02-20 18:33:32.134  1811  5708 W ActivityManager: Scheduling restart of crashed service app.validator.intelligence/org.chromium.content.app.SandboxedProcessService0:0 in 1000ms for connection
02-20 18:33:32.224 16180 16333 W chromium: [WARNING:net/cert/ev_root_ca_metadata.cc:118] Not implemented
02-20 18:33:32.359 16180 16342 W chromium: [WARNING:net/cert/ev_root_ca_metadata.cc:118] Not implemented
02-20 18:33:32.360 16180 16343 W chromium: [WARNING:net/cert/ev_root_ca_metadata.cc:118] Not implemented
02-20 18:33:32.859 16180 16332 W chromium: [WARNING:net/cert/ev_root_ca_metadata.cc:118] Not implemented
02-20 18:33:36.518  1811  5646 I ActivityTaskManager: START u0 {act=android.intent.action.MAIN cat=[android.intent.category.LAUNCHER] flg=0x10200000 cmp=app.validator.intelligence/.MainActivity bnds=[900,1171][1200,1531]} with LAUNCH_SINGLE_TASK from uid 10153 (BAL_ALLOW_VISIBLE_WINDOW) result code=0
02-20 18:33:36.522  2194  2250 V WindowManagerShell: Transition requested (#302): android.os.BinderProxy@bb9e0d9 TransitionRequestInfo { type = OPEN, triggerTask = TaskInfo{userId=0 taskId=723 displayId=0 isRunning=true baseIntent=Intent { act=android.intent.action.MAIN cat=[android.intent.category.LAUNCHER] flg=0x10200000 cmp=app.validator.intelligence/.MainActivity } baseActivity=ComponentInfo{app.validator.intelligence/app.validator.intelligence.MainActivity} topActivity=ComponentInfo{app.validator.intelligence/app.validator.intelligence.MainActivity} origActivity=null realActivity=ComponentInfo{app.validator.intelligence/app.validator.intelligence.MainActivity} numActivities=1 lastActiveTime=185790841 supportsMultiWindow=true resizeMode=1 isResizeable=true minWidth=-1 minHeight=-1 defaultMinSize=220 token=WCT{android.window.IWindowContainerToken$Stub$Proxy@17d0a9e} topActivityType=1 pictureInPictureParams=null shouldDockBigOverlays=false launchIntoPipHostTaskId=-1 lastParentTaskIdBeforePip=-1 displayCutoutSafeInsets=Rect(0, 78 - 0, 0) topActivityInfo=ActivityInfo{fadd97f app.validator.intelligence.MainActivity} launchCookies=[android.os.BinderProxy@c847d4c] positionInParent=Point(0, 0) parentTaskId=-1 isFocused=false isVisible=false isVisibleRequested=false isSleeping=false locusId=null displayAreaFeatureId=1 isTopActivityTransparent=false appCompatTaskInfo=AppCompatTaskInfo { topActivityInSizeCompat=false topActivityEligibleForLetterboxEducation= falseisLetterboxEducationEnabled= false isLetterboxDoubleTapEnabled= false topActivityEligibleForUserAspectRatioButton= false topActivityBoundsLetterboxed= false isFromLetterboxDoubleTap= false topActivityLetterboxVerticalPosition= -1 topActivityLetterboxHorizontalPosition= -1 topActivityLetterboxWidth=1200 topActivityLetterboxHeight=2670 isUserFullscreenOverrideEnabled=false isSystemFullscreenOverrideEnabled=false cameraCompatTaskInfo=CameraCompatTaskInfo { cameraCompatControlState=hidden freeformCameraCompatMode=inactive}}}, pipTask = null, remoteTransition = RemoteTransition { remoteTransition = android.window.IRemoteTransition$Stub$Proxy@75eb195, appThread = android.app.IApplicationThread$Stub$Proxy@bab32aa, debugName = QuickstepLaunch }, displayChange = null, flags = 0, debugId = 302 }
02-20 18:33:36.525  7807  7807 I TopTaskTracker: onTaskMovedToFront: (moved taskInfo to front) taskId=723, baseIntent=Intent { act=android.intent.action.MAIN cat=[android.intent.category.LAUNCHER] flg=0x10200000 cmp=app.validator.intelligence/.MainActivity }
02-20 18:33:36.559  2194  2250 V WindowManagerShell: Mixed transition for opening an intent with a remote transition and PIP #302
02-20 18:33:36.560  1811  1828 V WindowManager: Sent Transition (#302) createdAt=02-20 18:33:36.510 via request=TransitionRequestInfo { type = OPEN, triggerTask = TaskInfo{userId=0 taskId=723 displayId=0 isRunning=true baseIntent=Intent { act=android.intent.action.MAIN cat=[android.intent.category.LAUNCHER] flg=0x10200000 cmp=app.validator.intelligence/.MainActivity } baseActivity=ComponentInfo{app.validator.intelligence/app.validator.intelligence.MainActivity} topActivity=ComponentInfo{app.validator.intelligence/app.validator.intelligence.MainActivity} origActivity=null realActivity=ComponentInfo{app.validator.intelligence/app.validator.intelligence.MainActivity} numActivities=1 lastActiveTime=185790841 supportsMultiWindow=true resizeMode=1 isResizeable=true minWidth=-1 minHeight=-1 defaultMinSize=220 token=WCT{RemoteToken{fae173e Task{a306af #723 type=standard A=10228:app.validator.intelligence}}} topActivityType=1 pictureInPictureParams=null shouldDockBigOverlays=false launchIntoPipHostTaskId=-1 lastParentTaskIdBeforePip=-1 displayCutoutSafeInsets=Rect(0, 78 - 0, 0) topActivityInfo=ActivityInfo{28f99f app.validator.intelligence.MainActivity} launchCookies=[android.os.BinderProxy@d7aeaec] positionInParent=Point(0, 0) parentTaskId=-1 isFocused=false isVisible=false isVisibleRequested=false isSleeping=false locusId=null displayAreaFeatureId=1 isTopActivityTransparent=false appCompatTaskInfo=AppCompatTaskInfo { topActivityInSizeCompat=false topActivityEligibleForLetterboxEducation= falseisLetterboxEducationEnabled= false isLetterboxDoubleTapEnabled= false topActivityEligibleForUserAspectRatioButton= false topActivityBoundsLetterboxed= false isFromLetterboxDoubleTap= false topActivityLetterboxVerticalPosition= -1 topActivityLetterboxHorizontalPosition= -1 topActivityLetterboxWidth=1200 topActivityLetterboxHeight=2670 isUserFullscreenOverrideEnabled=false isSystemFullscreenOverrideEnabled=false cameraCompatTaskInfo=CameraCompatTaskInfo { cameraCompatControlState=hidden freeformCameraCompatMode=inactive}}}, pipTask = null, remoteTransition = RemoteTransition { remoteTransition = android.window.IRemoteTransition$Stub$Proxy@8ad90bb, appThread = android.app.IApplicationThread$Stub$Proxy@fa1c9d8, debugName = QuickstepLaunch }, displayChange = null, flags = 0, debugId = 302 }
02-20 18:33:36.560  1811  1828 V WindowManager:     startWCT=WindowContainerTransaction { changes = {} hops = [] errorCallbackToken=null taskFragmentOrganizer=null }
02-20 18:33:36.822 16509 16509 D nativeloader: Load /data/app/~~92BAQ6uJXezr4Kqqorgskw==/com.google.android.webview-xjkD-wtmmMqAkJU6Wnr8TQ==/base.apk!/lib/arm64-v8a/libwebviewchromium.so using class loader ns clns-8 (caller=/data/app/~~92BAQ6uJXezr4Kqqorgskw==/com.google.android.webview-xjkD-wtmmMqAkJU6Wnr8TQ==/base.apk): ok
02-20 18:33:36.824 16509 16509 D nativeloader: Load /system/lib64/libwebviewchromium_plat_support.so using class loader ns clns-8 (caller=/data/app/~~92BAQ6uJXezr4Kqqorgskw==/com.google.android.webview-xjkD-wtmmMqAkJU6Wnr8TQ==/base.apk): ok
02-20 18:33:36.828 16509 16532 I chromium: [0220/183336.828024:INFO:android_webview/browser/variations/variations_seed_loader.cc:67] Failed to open file for reading.: No such file or directory (2)
02-20 18:33:36.834 16044 16141 E GoogleApiManager: java.lang.SecurityException: Unknown calling package name 'com.google.android.gms'.
02-20 18:33:36.834 16044 16141 E GoogleApiManager: 	at android.os.Parcel.createExceptionOrNull(Parcel.java:3242)
02-20 18:33:36.834 16044 16141 E GoogleApiManager: 	at android.os.Parcel.createException(Parcel.java:3226)
02-20 18:33:36.834 16044 16141 E GoogleApiManager: 	at android.os.Parcel.readException(Parcel.java:3209)
02-20 18:33:36.834 16044 16141 E GoogleApiManager: 	at android.os.Parcel.readException(Parcel.java:3151)
02-20 18:33:36.834 16044 16141 W GoogleApiManager: Not showing notification since connectionResult is not user-facing: ConnectionResult{statusCode=DEVELOPER_ERROR, resolution=null, message=null, clientMethodKey=null}
02-20 18:33:36.849  1811  1841 I ActivityManager: Start proc 16537:com.google.android.webview:webview_service/u0a137 for service {com.google.android.webview/org.chromium.android_webview.services.VariationsSeedServer}
02-20 18:33:36.867  1811  1841 I ActivityManager: Start proc 16538:com.google.android.webview:sandboxed_process0:org.chromium.content.app.SandboxedProcessService0:0/u0i95 for  {app.validator.intelligence/org.chromium.content.app.SandboxedProcessService0:0}
02-20 18:33:36.873  3317  3317 D BoundBrokerSvc: onBind: Intent { act=com.google.android.gms.safetynet.service.START pkg=com.google.android.gms }
02-20 18:33:36.873  3317  3317 D BoundBrokerSvc: Loading bound service for intent: Intent { act=com.google.android.gms.safetynet.service.START pkg=com.google.android.gms }
02-20 18:33:36.901 16538 16538 I cr_WebViewApkApp: version=144.0.7559.132 (755913203) minSdkVersion=29 processName=com.google.android.webview:sandboxed_process0:org.chromium.content.app.SandboxedProcessService0:0 splits=<none>
02-20 18:33:36.910 16509 16560 W chromium: [WARNING:net/dns/dns_config_service_android.cc:69] Failed to read DnsConfig.
02-20 18:33:36.915 16509 16509 W chromium: [WARNING:android_webview/browser/network_service/net_helpers.cc:137] HTTP Cache size is: 158075838
02-20 18:33:36.939 29283 29283 D BoundBrokerSvc: onRebind: Intent { act=com.google.android.gms.time.trustedtime.service.START dat=chimera-action:/... cmp=com.google.android.gms/.chimera.PersistentApiService }
02-20 18:33:36.950 29283 29283 D BoundBrokerSvc: onBind: Intent { act=com.google.android.gms.time.trustedtime.singleuserapi.service.START dat=chimera-action:/... cmp=com.google.android.gms/.chimera.PersistentSingleUserInternalApiService }
02-20 18:33:36.950 29283 29283 D BoundBrokerSvc: Loading bound service for intent: Intent { act=com.google.android.gms.time.trustedtime.singleuserapi.service.START dat=chimera-action:/... cmp=com.google.android.gms/.chimera.PersistentSingleUserInternalApiService }
02-20 18:33:36.960 29283 29283 D BoundBrokerSvc: onRebind: Intent { act=com.google.android.gms.common.telemetry.service.START dat=chimera-action:/... cmp=com.google.android.gms/.chimera.PersistentApiService }
02-20 18:33:36.965 16509 16509 D Capacitor: Starting BridgeActivity
02-20 18:33:36.982 16509 16509 D Capacitor: Registering plugin instance: CapacitorCookies
02-20 18:33:36.985 16509 16509 D Capacitor: Registering plugin instance: WebView
02-20 18:33:36.987 16509 16509 D Capacitor: Registering plugin instance: CapacitorHttp
02-20 18:33:36.989 16509 16509 D Capacitor: Registering plugin instance: SystemBars
02-20 18:33:36.991 16509 16509 D Capacitor: Registering plugin instance: NativeIntent
02-20 18:33:36.993 16509 16509 D Capacitor: Registering plugin instance: App
02-20 18:33:36.994 16509 16509 D Capacitor: Registering plugin instance: Browser
02-20 18:33:37.014 16509 16509 W Capacitor: Unable to read file at path public/plugins
02-20 18:33:37.017 16509 16509 D Capacitor: Loading app at https://validator-solana-intelligence.vercel.app
02-20 18:33:37.038 16509 16567 W cr_media: registerBluetoothIntentsIfNeeded: Requires BLUETOOTH permission
02-20 18:33:37.052 16538 16565 W chromium: [WARNING:content/app/android/content_main_android.cc:82] android_setCpu already initialized
02-20 18:33:37.055 16509 16509 D Capacitor: App started
02-20 18:33:37.059 16509 16509 D Capacitor/AppPlugin: Firing change: true
02-20 18:33:37.059 16509 16509 V Capacitor/AppPlugin: Notifying listeners for event appStateChange
02-20 18:33:37.059 16509 16509 D Capacitor/AppPlugin: No listeners found for event appStateChange
02-20 18:33:37.065 16509 16509 V Capacitor/BrowserPlugin: Notifying listeners for event browserFinished
02-20 18:33:37.065 16509 16509 D Capacitor/BrowserPlugin: No listeners found for event browserFinished
02-20 18:33:37.066 16509 16509 D Capacitor: App resumed
02-20 18:33:37.076 16538 16565 W chromium: [WARNING:content/child/runtime_features.cc:561] Fenced frames cannot be enabled in this configuration. Use --enable-features=FencedFrames instead.
02-20 18:33:37.076 16538 16565 W chromium: [WARNING:content/child/runtime_features.cc:586] Topics cannot be enabled in this configuration. Use --enable-features=BrowsingTopics in addition.
02-20 18:33:37.076 16538 16565 W chromium: [WARNING:content/child/runtime_features.cc:607] SharedStorage cannot be enabled in this configuration. Use --enable-features=SharedStorageAPI in addition.
02-20 18:33:41.643  3317  3317 D BoundBrokerSvc: onUnbind: Intent { act=com.google.android.mobstore.service.START pkg=com.google.android.gms }
02-20 18:33:41.969 29283 29283 D BoundBrokerSvc: onUnbind: Intent { act=com.google.android.gms.common.telemetry.service.START dat=chimera-action:/... cmp=com.google.android.gms/.chimera.PersistentApiService }
02-20 18:33:44.787  3317  3317 D BoundBrokerSvc: onUnbind: Intent { act=com.google.android.gms.audit.service.START pkg=com.google.android.gms }
02-20 18:33:44.943  3317  3317 D BoundBrokerSvc: onUnbind: Intent { act=com.google.android.gms.checkin.START pkg=com.google.android.gms }
02-20 18:33:44.973 16207 16264 I BugleRcsEngine: Unexpected action: android.intent.action.SIM_STATE_CHANGED [CONTEXT log_prefix="(Sim)" thread_id=148 ]
02-20 18:33:44.985 16207 16276 I RcsProvisioningFlow: Received intent action: android.intent.action.SIM_STATE_CHANGED with extra SIM_STATE: LOADED
02-20 18:33:44.991 16207 16636 I BugleRcsEngine: Processing an intent [CONTEXT log_prefix="(Sim)" thread_id=179 ]
02-20 18:33:45.168  3317  3317 D BoundBrokerSvc: onBind: Intent { act=com.google.android.gms.notifications.capping.api.NotificationsCappingApiService.START dat=chimera-action:/... cmp=com.google.android.gms/.chimera.GmsApiService }
02-20 18:33:45.168  3317  3317 D BoundBrokerSvc: Loading bound service for intent: Intent { act=com.google.android.gms.notifications.capping.api.NotificationsCappingApiService.START dat=chimera-action:/... cmp=com.google.android.gms/.chimera.GmsApiService }
02-20 18:33:45.306 16207 16639 I BugleRcsJibe: RcsServiceConnectionException was raised while waiting to connect to RcsEngineLifecycleServiceV2
02-20 18:33:45.319 16207 16639 I BugleRcsJibe: RcsServiceConnectionException was raised while waiting to connect to RcsEngineLifecycleServiceV2
02-20 18:33:45.365 29283 29283 D BoundBrokerSvc: onRebind: Intent { act=com.google.android.gms.common.telemetry.service.START dat=chimera-action:/... cmp=com.google.android.gms/.chimera.PersistentApiService }
02-20 18:33:45.369 16207 16302 I BugleRcsJibe: RcsServiceConnectionException was raised while waiting to connect to RcsEngineLifecycleServiceV2
02-20 18:33:45.679 16207 16301 I BugleRcsJibe: RcsServiceConnectionException was raised while waiting to connect to RcsEngineLifecycleServiceV2
02-20 18:33:46.929  3317  3317 D BoundBrokerSvc: onUnbind: Intent { act=com.google.android.gms.semanticlocationhistory.service.START dat=chimera-action:/... cmp=com.google.android.gms/.chimera.GmsApiService }
02-20 18:33:47.084  3317  3317 D BoundBrokerSvc: onUnbind: Intent { act=com.google.android.gms.auth.key.retrieval.service.START dat=chimera-action:/... cmp=com.google.android.gms/.chimera.GmsApiService }
02-20 18:33:47.153  3317  3317 D BoundBrokerSvc: onUnbind: Intent { act=com.google.android.gms.credential.manager.service.firstparty.START dat=chimera-action:/... cmp=com.google.android.gms/.chimera.GmsApiService }
02-20 18:33:47.200  3317  3317 D BoundBrokerSvc: onUnbind: Intent { act=com.google.android.gms.languageprofile.service.START pkg=com.google.android.gms }
02-20 18:33:50.391 29283 29283 D BoundBrokerSvc: onUnbind: Intent { act=com.google.android.gms.common.telemetry.service.START dat=chimera-action:/... cmp=com.google.android.gms/.chimera.PersistentApiService }
02-20 18:33:51.379 29283 29283 D BoundBrokerSvc: onUnbind: Intent { act=com.google.android.gms.libs.gmscorelogger.service.START dat=chimera-action:/... cmp=com.google.android.gms/.chimera.PersistentDirectBootAwareApiService }
02-20 18:33:51.962 29283 29283 D BoundBrokerSvc: onUnbind: Intent { act=com.google.android.gms.time.trustedtime.singleuserapi.service.START dat=chimera-action:/... cmp=com.google.android.gms/.chimera.PersistentSingleUserInternalApiService }
02-20 18:33:51.967 29283 29283 D BoundBrokerSvc: onUnbind: Intent { act=com.google.android.gms.time.trustedtime.service.START dat=chimera-action:/... cmp=com.google.android.gms/.chimera.PersistentApiService }
02-20 18:33:52.217  3317  3317 D BoundBrokerSvc: onUnbind: Intent { act=com.google.android.gms.safetynet.service.START pkg=com.google.android.gms }
02-20 18:33:52.220  3317  3317 D BoundBrokerSvc: onUnbind: Intent { act=com.google.android.gms.safebrowsing.SafeBrowsingService.START dat=chimera-action:/... cmp=com.google.android.gms/.chimera.GmsBoundBrokerService }
02-20 18:33:52.269  3317  3317 D BoundBrokerSvc: onUnbind: Intent { act=com.google.android.gms.inappreach.service.START dat=chimera-action:/... cmp=com.google.android.gms/.chimera.GmsApiService }
02-20 18:33:54.685 16509 16509 E Capacitor/Console: File: https://validator-solana-intelligence.vercel.app/_next/static/chunks/113102f79b853333.js - Line 137 - Msg: WalletConnectionError [object Object]
02-20 18:34:00.193  3317  3317 D BoundBrokerSvc: onUnbind: Intent { act=com.google.android.gms.notifications.capping.api.NotificationsCappingApiService.START dat=chimera-action:/... cmp=com.google.android.gms/.chimera.GmsApiService }
02-20 18:34:00.836  3317  3317 D BoundBrokerSvc: onBind: Intent { act=com.google.android.gms.chromesync.service.firstparty.START dat=chimera-action:/... cmp=com.google.android.gms/.chimera.GmsApiService }
02-20 18:34:00.837  3317  3317 D BoundBrokerSvc: Loading bound service for intent: Intent { act=com.google.android.gms.chromesync.service.firstparty.START dat=chimera-action:/... cmp=com.google.android.gms/.chimera.GmsApiService }
02-20 18:34:01.006 16180 16180 E chromium: [ERROR:chrome/browser/commerce/merchant_viewer/merchant_viewer_data_manager.cc:103] Clearing 1 merchants.
02-20 18:34:01.727 16180 16332 W chromium: [WARNING:net/cert/ev_root_ca_metadata.cc:118] Not implemented
02-20 18:34:05.281 16509 16509 E Capacitor/Console: File: https://validator-solana-intelligence.vercel.app/_next/static/chunks/113102f79b853333.js - Line 137 - Msg: WalletConnectionError [object Object]
02-20 18:34:07.515  2194  2250 V WindowManagerShell: Directly starting a new transition type=3 wct=WindowContainerTransaction { changes = {} hops = [{PendingIntent: options=Bundle[mParcelledData.dataSize=412]}] errorCallbackToken=null taskFragmentOrganizer=null } handler=com.android.wm.shell.recents.RecentsTransitionHandler@5b37e9d
02-20 18:34:07.533  7807  7807 I TopTaskTracker: onTaskMovedToFront: (moved taskInfo to front) taskId=645, baseIntent=Intent { act=android.intent.action.MAIN cat=[android.intent.category.HOME] flg=0x10000100 cmp=com.android.launcher3/com.android.searchlauncher.SearchLauncher }
02-20 18:34:07.568  1811  1828 V WindowManager:     startWCT=WindowContainerTransaction { changes = {} hops = [{PendingIntent: options=Bundle[{android.activity.splashScreenStyle=-1, android.activity.sourceInfo=android.app.ActivityOptions$SourceInfo@eaad6b, android:activity.animAbortListener=null, android.activity.transientLaunch=true}]}] errorCallbackToken=null taskFragmentOrganizer=null }
02-20 18:34:07.629  3317  3317 D BoundBrokerSvc: onRebind: Intent { act=com.google.android.gms.inappreach.service.START dat=chimera-action:/... cmp=com.google.android.gms/.chimera.GmsApiService }
02-20 18:34:08.250 16509 16509 V Capacitor/AppPlugin: Notifying listeners for event pause
02-20 18:34:08.250 16509 16509 D Capacitor/AppPlugin: No listeners found for event pause
02-20 18:34:08.268 16509 16509 D Capacitor: App paused
02-20 18:34:08.298 16509 16509 D Capacitor/AppPlugin: Firing change: false
02-20 18:34:08.299 16509 16509 V Capacitor/AppPlugin: Notifying listeners for event appStateChange
02-20 18:34:08.299 16509 16509 D Capacitor/AppPlugin: No listeners found for event appStateChange
02-20 18:34:08.299 16509 16509 D Capacitor: App stopped
02-20 18:34:08.300 16509 16509 D Capacitor: Saving instance state!
02-20 18:34:12.007 29283 31476 I NullBinder: NullBinder for android.net.action.RECOMMEND_NETWORKS triggering remote TransactionTooLargeException due to Service without Chimera impl, calling uid: 1000, calling pid: 0
02-20 18:34:18.083 29283 29313 I NullBinder: NullBinder for android.net.action.RECOMMEND_NETWORKS triggering remote TransactionTooLargeException due to Service without Chimera impl, calling uid: 1000, calling pid: 0
02-20 18:34:18.273  1811  1909 D ActivityManager: freezing 16471 com.android.chrome:sandboxed_process0:org.chromium.content.app.SandboxedProcessService0:0
02-20 18:34:21.133 29283 29293 I NullBinder: NullBinder for android.net.action.RECOMMEND_NETWORKS triggering remote TransactionTooLargeException due to Service without Chimera impl, calling uid: 1000, calling pid: 0
02-20 18:34:24.157 29283 29313 I NullBinder: NullBinder for android.net.action.RECOMMEND_NETWORKS triggering remote TransactionTooLargeException due to Service without Chimera impl, calling uid: 1000, calling pid: 0
02-20 18:34:26.367  1811  1849 W BatteryExternalStatsWorker: error reading Bluetooth stats: 9
02-20 18:34:27.205 29283 29313 I NullBinder: NullBinder for android.net.action.RECOMMEND_NETWORKS triggering remote TransactionTooLargeException due to Service without Chimera impl, calling uid: 1000, calling pid: 0
02-20 18:34:30.253 29283 29313 I NullBinder: NullBinder for android.net.action.RECOMMEND_NETWORKS triggering remote TransactionTooLargeException due to Service without Chimera impl, calling uid: 1000, calling pid: 0
02-20 18:34:33.297 29283 29313 I NullBinder: NullBinder for android.net.action.RECOMMEND_NETWORKS triggering remote TransactionTooLargeException due to Service without Chimera impl, calling uid: 1000, calling pid: 0
02-20 18:34:41.720 16509 16509 W Capacitor/Console: File: https://validator-solana-intelligence.vercel.app/_next/static/chunks/871b92e97bf0e59a.js - Line 1 - Msg: Error fetching daily data TypeError: Failed to fetch
02-20 18:35:10.287  1811  1811 E ScreenIntentReceiver: notifyChange failed
02-20 18:35:10.294   583  3533 D NxpTml  : NFCC - Error in Write.....
02-20 18:35:10.294   583  3535 D NxpHal  : write error status = 0x1ff
02-20 18:35:10.298 32178 16696 I DeviceStatusMonitor: DeviceStatusMonitor.handleBroadcast():138 onReceive() : Action = android.intent.action.SCREEN_OFF
02-20 18:35:10.314 10532 10604 I eatz    : Registering for screen on/off intent ...
02-20 18:35:10.330 10532 10604 I eatz    : #logRequestHandlingNonErrorEndEvent. Reset requestIdOfFirstError, firstStartErrorCausesRetry and numOfRetriesDoneForHotwordDetectorStartErrors!
02-20 18:35:10.334  2314  2518 E ProcfsParsingUtils: java.nio.file.AccessDeniedException: /sys/class/net/wlan0/mtu
02-20 18:35:10.336  1811  1989 E WifiStaIfaceAidlImpl: setDtimMultiplier failed with service-specific exception: android.os.ServiceSpecificException:  (code 4)
02-20 18:35:10.488  2194  2194 D VoiceWakeupManager: register voiceCommand fail errorid=1006 with pkgName=com.android.systemui
02-20 18:35:11.030 29283 29283 D BoundBrokerSvc: onRebind: Intent { act=com.google.android.gms.libs.gmscorelogger.service.START dat=chimera-action:/... cmp=com.google.android.gms/.chimera.PersistentDirectBootAwareApiService }
02-20 18:35:14.839   583  3533 D NxpTml  : NFCC - Error in Write.....
02-20 18:35:14.839   583  3535 D NxpHal  : write error status = 0x1ff
02-20 18:35:15.407 16708 16708 D CellBroadcastReceiver: onReceive Intent { act=android.intent.action.SERVICE_STATE flg=0x1000010 cmp=com.google.android.cellbroadcastreceiver/com.android.cellbroadcastreceiver.CellBroadcastReceiver (has extras) }
02-20 18:35:19.858  1811  1909 D ActivityManager: freezing 16538 com.google.android.webview:sandboxed_process0:org.chromium.content.app.SandboxedProcessService0:0
02-20 18:35:25.106  3317  3317 D BoundBrokerSvc: onUnbind: Intent { act=com.google.android.gms.inappreach.service.START dat=chimera-action:/... cmp=com.google.android.gms/.chimera.GmsApiService }
02-20 18:35:26.049 29283 29283 D BoundBrokerSvc: onUnbind: Intent { act=com.google.android.gms.libs.gmscorelogger.service.START dat=chimera-action:/... cmp=com.google.android.gms/.chimera.PersistentDirectBootAwareApiService }
02-20 18:35:39.752 29283 29283 D BoundBrokerSvc: onRebind: Intent { act=com.google.android.gms.common.telemetry.service.START dat=chimera-action:/... cmp=com.google.android.gms/.chimera.PersistentApiService }
02-20 18:35:39.773 29283 16697 E jcvt    : java.lang.RuntimeException: ManagedChannel allocation site
02-20 18:35:40.069 29283 16734 W Conscrypt: Could not set socket write timeout: java.net.SocketException: Socket closed
02-20 18:35:40.352 29283 16734 W Conscrypt: Could not set socket write timeout: java.net.SocketException: Socket closed
02-20 18:35:44.769 29283 29283 D BoundBrokerSvc: onUnbind: Intent { act=com.google.android.gms.common.telemetry.service.START dat=chimera-action:/... cmp=com.google.android.gms/.chimera.PersistentApiService }
02-20 18:36:15.419 29283 29283 D BoundBrokerSvc: onUnbind: Intent { act=com.google.android.gms.auth.aang.events.services.START dat=chimera-action:/... cmp=com.google.android.gms/.chimera.PersistentApiService }
02-20 18:36:15.419  3317  3317 D BoundBrokerSvc: onUnbind: Intent { act=com.google.android.gms.potokens.service.START dat=chimera-action:/... cmp=com.google.android.gms/.chimera.GmsApiService }
02-20 18:36:15.689 29283 29283 D BoundBrokerSvc: onRebind: Intent { act=com.google.android.gms.auth.aang.events.services.START dat=chimera-action:/... cmp=com.google.android.gms/.chimera.PersistentApiService }
02-20 18:36:16.693 29283 29283 D BoundBrokerSvc: onRebind: Intent { act=com.google.android.gms.libs.gmscorelogger.service.START dat=chimera-action:/... cmp=com.google.android.gms/.chimera.PersistentDirectBootAwareApiService }
02-20 18:36:30.718 29283 29283 D BoundBrokerSvc: onUnbind: Intent { act=com.google.android.gms.auth.aang.events.services.START dat=chimera-action:/... cmp=com.google.android.gms/.chimera.PersistentApiService }
02-20 18:36:31.714 29283 29283 D BoundBrokerSvc: onUnbind: Intent { act=com.google.android.gms.libs.gmscorelogger.service.START dat=chimera-action:/... cmp=com.google.android.gms/.chimera.PersistentDirectBootAwareApiService }
02-20 18:36:31.914 16708 16708 D CellBroadcastReceiver: onReceive Intent { act=android.intent.action.SERVICE_STATE flg=0x1000010 cmp=com.google.android.cellbroadcastreceiver/com.android.cellbroadcastreceiver.CellBroadcastReceiver (has extras) }
02-20 18:36:35.453 29283 29283 D BoundBrokerSvc: onRebind: Intent { act=com.google.android.gms.common.telemetry.service.START dat=chimera-action:/... cmp=com.google.android.gms/.chimera.PersistentApiService }
02-20 18:36:40.489 29283 29283 D BoundBrokerSvc: onUnbind: Intent { act=com.google.android.gms.common.telemetry.service.START dat=chimera-action:/... cmp=com.google.android.gms/.chimera.PersistentApiService }
02-20 18:40:11.747 29283 31155 I NullBinder: NullBinder for android.net.action.RECOMMEND_NETWORKS triggering remote TransactionTooLargeException due to Service without Chimera impl, calling uid: 1000, calling pid: 0
02-20 18:40:11.752 29283 31155 I NullBinder: NullBinder for android.net.action.RECOMMEND_NETWORKS triggering remote TransactionTooLargeException due to Service without Chimera impl, calling uid: 1000, calling pid: 0
02-20 18:42:31.831 16708 16708 D CellBroadcastReceiver: onReceive Intent { act=android.intent.action.SERVICE_STATE flg=0x1000010 cmp=com.google.android.cellbroadcastreceiver/com.android.cellbroadcastreceiver.CellBroadcastReceiver (has extras) }
02-20 18:42:39.360 29283 29283 D BoundBrokerSvc: onRebind: Intent { act=com.google.android.gms.auth.aang.events.services.START dat=chimera-action:/... cmp=com.google.android.gms/.chimera.PersistentApiService }
02-20 18:42:40.360 29283 29283 D BoundBrokerSvc: onRebind: Intent { act=com.google.android.gms.libs.gmscorelogger.service.START dat=chimera-action:/... cmp=com.google.android.gms/.chimera.PersistentDirectBootAwareApiService }
02-20 18:42:54.434 29283 29283 D BoundBrokerSvc: onUnbind: Intent { act=com.google.android.gms.auth.aang.events.services.START dat=chimera-action:/... cmp=com.google.android.gms/.chimera.PersistentApiService }
02-20 18:42:55.378 29283 29283 D BoundBrokerSvc: onUnbind: Intent { act=com.google.android.gms.libs.gmscorelogger.service.START dat=chimera-action:/... cmp=com.google.android.gms/.chimera.PersistentDirectBootAwareApiService }
02-20 18:43:47.318 16708 16708 D CellBroadcastReceiver: onReceive Intent { act=android.intent.action.SERVICE_STATE flg=0x1000010 cmp=com.google.android.cellbroadcastreceiver/com.android.cellbroadcastreceiver.CellBroadcastReceiver (has extras) }
02-20 18:46:20.305 29283 29283 D BoundBrokerSvc: onRebind: Intent { act=com.google.android.gms.common.telemetry.service.START dat=chimera-action:/... cmp=com.google.android.gms/.chimera.PersistentApiService }
02-20 18:46:20.618  3317  3317 D BoundBrokerSvc: onBind: Intent { act=com.google.android.gms.measurement.START pkg=com.google.android.gms }
02-20 18:46:20.618  3317  3317 D BoundBrokerSvc: Loading bound service for intent: Intent { act=com.google.android.gms.measurement.START pkg=com.google.android.gms }
02-20 18:46:20.623 16823 16866 W chromium: [0220/184620.622987:WARNING:net/dns/dns_config_service_android.cc:69] Failed to read DnsConfig.
02-20 18:46:20.736  3317  3317 D BoundBrokerSvc: onRebind: Intent { act=com.google.android.gms.potokens.service.START dat=chimera-action:/... cmp=com.google.android.gms/.chimera.GmsApiService }
02-20 18:46:20.785 29283 29283 D BoundBrokerSvc: onRebind: Intent { act=com.google.android.gms.auth.aang.events.services.START dat=chimera-action:/... cmp=com.google.android.gms/.chimera.PersistentApiService }
02-20 18:46:25.641 29283 29283 D BoundBrokerSvc: onUnbind: Intent { act=com.google.android.gms.common.telemetry.service.START dat=chimera-action:/... cmp=com.google.android.gms/.chimera.PersistentApiService }
02-20 18:46:30.304 29283 29283 D BoundBrokerSvc: onRebind: Intent { act=com.google.android.gms.libs.gmscorelogger.service.START dat=chimera-action:/... cmp=com.google.android.gms/.chimera.PersistentDirectBootAwareApiService }
02-20 18:46:30.787  3317  3317 D BoundBrokerSvc: onUnbind: Intent { act=com.google.android.gms.measurement.START pkg=com.google.android.gms }
02-20 18:46:45.334 29283 29283 D BoundBrokerSvc: onUnbind: Intent { act=com.google.android.gms.libs.gmscorelogger.service.START dat=chimera-action:/... cmp=com.google.android.gms/.chimera.PersistentDirectBootAwareApiService }
02-20 18:47:58.268 13704 13965 I dtmh    : Received an intent for GNP, won't process
02-20 18:47:58.303 15208 15303 I dtmh    : Received an intent for GNP, won't process
02-20 18:48:08.095 29283 29283 D BoundBrokerSvc: onRebind: Intent { act=com.google.android.gms.libs.gmscorelogger.service.START dat=chimera-action:/... cmp=com.google.android.gms/.chimera.PersistentDirectBootAwareApiService }
02-20 18:48:23.160 29283 29283 D BoundBrokerSvc: onUnbind: Intent { act=com.google.android.gms.libs.gmscorelogger.service.START dat=chimera-action:/... cmp=com.google.android.gms/.chimera.PersistentDirectBootAwareApiService }
