--------- beginning of main
02-20 16:00:25.526  1253  1316 I libPowerHal: [perfLockAcq] idx:1 hdl:3657 hint:-1 pid:1311 tid:1311 duration:2000 lock_user:touch_boost => ret_hdl:3657
02-20 16:00:25.526  1253  1316 I libPowerHal: [PU] scn:1, update
02-20 16:00:25.637  1253  1284 E libPowerHal: [getHintRscSize] hint_id 56 cannot be found in PowerScnTbl
02-20 16:00:25.641  1311  1311 I touch_boost: enable=0, boost_up=0, boost_down=1, render_deboost=0, active_time=100, duration=120, idleprefer(TA,FG)=(0,0), util(TA,FG)=(0,0), freq(c0,c1,c2)=(1800000,900000,0)
02-20 16:00:25.641  1311  1311 I mtkpower_client: perf_lock_rel, hdl:3658, tid:1311
02-20 16:00:25.642  1311  1311 I touch_boost: set_top_grp_aware
02-20 16:00:25.642  1311  1311 I mtkpower_client: perf_lock_acq, hdl:3657, dur:2000, num:4, pid:1311, tid:1311
02-20 16:00:25.642  1253  1316 I libPowerHal: [perfLockRel] hdl:3658, idx:0
02-20 16:00:25.642  1253  1316 I libPowerHal: [setClusterFreq]  set cpu_ctrl cpufreq: -1 -1 -1 -1 
02-20 16:00:25.642  1253  1316 I libPowerHal: [PD] touch_boost update cmd:1404100 param:0
02-20 16:00:25.643  1253  1316 I libPowerHal: [PD] touch_boost update cmd:1404300 param:0
02-20 16:00:25.643  1253  1316 I libPowerHal: [PD] touch_boost update cmd:1408100 param:0
02-20 16:00:25.644  1311  1311 I mtkpower_client: ret_hdl:3657
02-20 16:00:25.645  1253  1316 I libPowerHal: [perfLockAcq] idx:1 hdl:3657 hint:-1 pid:1311 tid:1311 duration:2000 lock_user:touch_boost => ret_hdl:3657
02-20 16:00:25.645  1253  1316 I libPowerHal: [PU] scn:1, update
02-20 16:00:26.035  1248  1309 I libPerfCtl: xgfGetFPS pid:2194 fps:-1
02-20 16:00:26.035  1248  1309 I libPerfCtl: xgfGetFPS pid:6384 fps:-1
--------- beginning of system
02-20 16:00:26.224  1811  1829 E ApplicationHelper: Fail to get PackageManager
02-20 16:00:26.224  2055  2062 I WifiHAL : LLS RSP: data=0xb40000753b9d3030, len=4868
02-20 16:00:26.224  2055  2062 I WifiHAL : LLS check_data_sanity: 1821: current_radio_stat->num_channels=43
02-20 16:00:26.224  2055  2062 I WifiHAL : LLS check_data_sanity: 1821: current_radio_stat->num_channels=17
02-20 16:00:26.224  2055  2062 I WifiHAL : LLS check_data_sanity: confirmed_size=4868, len=4868
02-20 16:00:26.225  1811  1829 E ApplicationHelper: Fail to get PackageManager
02-20 16:00:26.227  1446  1532 E mtk_storageproxyd: ipc-trustonic: ipc_trustonic_connect: retry left 9
02-20 16:00:26.228  1446  1532 E mtk_storageproxyd: ipc-trustonic: ipc_trustonic_connect: Unable to resolve family name (-12)
02-20 16:00:26.232  1811  1829 E ApplicationHelper: Fail to get PackageManager
02-20 16:00:26.233  2055  2062 I WifiHAL : feature_set=0x8489341a
02-20 16:00:26.234  1811  1829 E ApplicationHelper: Fail to get PackageManager
02-20 16:00:26.236  1811  1829 E ApplicationHelper: Fail to get PackageManager
02-20 16:00:26.239  1211  1710 I netd    : tetherGetStats() -> {[]} <1.67ms>
02-20 16:00:26.286  1811  1829 E ApplicationHelper: Fail to get PackageManager
02-20 16:00:26.292  1811  1829 E ApplicationHelper: Fail to get PackageManager
02-20 16:00:26.310  1276  1276 I BufferQueueProducer: [app.validator.intelligence/app.validator.intelligence.MainActivity#3190](this:0xb400007b1faa43d0,id:-1,api:0,p:-1,c:1276) queueBuffer: fps=118.38 dur=1005.22 max=17.00 min=7.54
02-20 16:00:26.403  1229  1229 I hwcomposer: [HWCDisplay] [Display_0 (type:1, mode:2)] fps:118.330910,dur:1005.65,max:17.50,min:6.66  
02-20 16:00:26.530  1811  1825 I mtkpower_client: perf_lock_acq, hdl:3655, dur:1, num:2, pid:1811, tid:1825
02-20 16:00:26.532  1811  1825 I mtkpower_client: ret_hdl:3659
02-20 16:00:26.534  6384  6479 I PowerHalMgrImpl: hdl:3659, pid:6384 
02-20 16:00:26.534  1811  2316 I mtkpower_client: perf_lock_rel, hdl:3659, tid:2316
02-20 16:00:26.538  1253  1316 I libPowerHal: [perfLockAcq] idx:0 hdl:3659 hint:-1 pid:1811 tid:1825 duration:1 lock_user:system_server => ret_hdl:3659
02-20 16:00:26.538  1253  1316 I libPowerHal: [PE] system_server update ONESHOT(set) cmd:1444300 param:6384
02-20 16:00:26.539  1253  1316 I mtkpower@impl: [powerd_req] TIMER_MSG_PERF_LOCK_TIMEOUT hdl:3659
02-20 16:00:26.539  1253  1316 I libPowerHal: [perfLockRel] hdl:3659, idx:0
02-20 16:00:26.540  1253  1316 I libPowerHal: [PD] system_server update ONESHOT(unset) cmd:1444300 param:6384
02-20 16:00:26.540  1253  1316 I libPowerHal: [perfLockRel] hdl:3659, idx:-1
02-20 16:00:27.036  1248  1309 I libPerfCtl: xgfGetFPS pid:2194 fps:-1
02-20 16:00:27.036  1248  1309 I libPerfCtl: xgfGetFPS pid:6384 fps:-1
02-20 16:00:27.228  1446  1532 E mtk_storageproxyd: ipc-trustonic: ipc_trustonic_connect: retry left 8
02-20 16:00:27.231  1446  1532 E mtk_storageproxyd: ipc-trustonic: ipc_trustonic_connect: Unable to resolve family name (-12)
02-20 16:00:27.314  1276  1276 I BufferQueueProducer: [app.validator.intelligence/app.validator.intelligence.MainActivity#3190](this:0xb400007b1faa43d0,id:-1,api:0,p:-1,c:1276) queueBuffer: fps=120.42 dur=1004.83 max=9.09 min=7.51
02-20 16:00:27.408  1229  1229 I hwcomposer: [HWCDisplay] [Display_0 (type:1, mode:2)] fps:120.377296,dur:1005.17,max:10.62,min:6.57  
02-20 16:00:27.652  1253  1316 I mtkpower@impl: [powerd_req] TIMER_MSG_PERF_LOCK_TIMEOUT hdl:3657
02-20 16:00:27.652  1253  1316 I libPowerHal: [perfLockRel] hdl:3657, idx:1
02-20 16:00:27.652  1253  1316 I libPowerHal: [PD] touch_boost update cmd:3409100, param:0
02-20 16:00:27.652  1253  1316 I libPowerHal: [PD] touch_boost update cmd:3409200, param:-1
02-20 16:00:28.035  1248  1309 I libPerfCtl: xgfGetFPS pid:2194 fps:-1
02-20 16:00:28.036  1248  1309 I libPerfCtl: xgfGetFPS pid:6384 fps:-1
02-20 16:00:28.232  1446  1532 E mtk_storageproxyd: ipc-trustonic: ipc_trustonic_connect: retry left 7
02-20 16:00:28.234  1446  1532 E mtk_storageproxyd: ipc-trustonic: ipc_trustonic_connect: Unable to resolve family name (-12)
02-20 16:00:28.319  1276  1276 I BufferQueueProducer: [app.validator.intelligence/app.validator.intelligence.MainActivity#3190](this:0xb400007b1faa43d0,id:-1,api:0,p:-1,c:1276) queueBuffer: fps=120.38 dur=1005.12 max=9.04 min=7.50
02-20 16:00:28.414  1229  1229 I hwcomposer: [HWCDisplay] [Display_0 (type:1, mode:2)] fps:120.332909,dur:1005.54,max:10.41,min:6.56  
02-20 16:00:28.935  1383  1411 E md_thermal: interval=40 temp: 36400 31900 30000 28900
02-20 16:00:29.036  1248  1309 I libPerfCtl: xgfGetFPS pid:2194 fps:-1
02-20 16:00:29.036  1248  1309 I libPerfCtl: xgfGetFPS pid:6384 fps:-1
02-20 16:00:29.235  1446  1532 E mtk_storageproxyd: ipc-trustonic: ipc_trustonic_connect: retry left 6
02-20 16:00:29.237  1446  1532 E mtk_storageproxyd: ipc-trustonic: ipc_trustonic_connect: Unable to resolve family name (-12)
02-20 16:00:29.245  2055  2062 I WifiHAL : LLS RSP: data=0xb40000753b9d3030, len=4868
02-20 16:00:29.245  2055  2062 I WifiHAL : LLS check_data_sanity: 1821: current_radio_stat->num_channels=43
02-20 16:00:29.245  2055  2062 I WifiHAL : LLS check_data_sanity: 1821: current_radio_stat->num_channels=17
02-20 16:00:29.245  2055  2062 I WifiHAL : LLS check_data_sanity: confirmed_size=4868, len=4868
02-20 16:00:29.262  2055  2062 I WifiHAL : feature_set=0x8489341a
02-20 16:00:29.324  1276  1276 I BufferQueueProducer: [app.validator.intelligence/app.validator.intelligence.MainActivity#3190](this:0xb400007b1faa43d0,id:-1,api:0,p:-1,c:1276) queueBuffer: fps=120.40 dur=1004.98 max=9.29 min=7.34
02-20 16:00:29.417  1229  1229 I hwcomposer: [HWCDisplay] [Display_0 (type:1, mode:2)] fps:120.521545,dur:1003.97,max:9.92,min:6.75  
02-20 16:00:30.036  1248  1309 I libPerfCtl: xgfGetFPS pid:2194 fps:-1
02-20 16:00:30.036  1248  1309 I libPerfCtl: xgfGetFPS pid:6384 fps:-1
02-20 16:00:30.238  1446  1532 E mtk_storageproxyd: ipc-trustonic: ipc_trustonic_connect: retry left 5
02-20 16:00:30.240  1446  1532 E mtk_storageproxyd: ipc-trustonic: ipc_trustonic_connect: Unable to resolve family name (-12)
02-20 16:00:30.329  1276  1276 I BufferQueueProducer: [app.validator.intelligence/app.validator.intelligence.MainActivity#3190](this:0xb400007b1faa43d0,id:-1,api:0,p:-1,c:1276) queueBuffer: fps=120.39 dur=1005.05 max=9.25 min=7.33
02-20 16:00:30.423  1229  1229 I hwcomposer: [HWCDisplay] [Display_0 (type:1, mode:2)] fps:120.275780,dur:1006.02,max:10.50,min:6.18  
02-20 16:00:31.036  1248  1309 I libPerfCtl: xgfGetFPS pid:2194 fps:-1
02-20 16:00:31.036  1248  1309 I libPerfCtl: xgfGetFPS pid:6384 fps:-1
02-20 16:00:31.240  1446  1532 E mtk_storageproxyd: ipc-trustonic: ipc_trustonic_connect: retry left 4
02-20 16:00:31.242  1446  1532 E mtk_storageproxyd: ipc-trustonic: ipc_trustonic_connect: Unable to resolve family name (-12)
02-20 16:00:31.335  1276  1276 I BufferQueueProducer: [app.validator.intelligence/app.validator.intelligence.MainActivity#3190](this:0xb400007b1faa43d0,id:-1,api:0,p:-1,c:1276) queueBuffer: fps=120.36 dur=1005.30 max=9.24 min=7.22
02-20 16:00:31.428  1229  1229 I hwcomposer: [HWCDisplay] [Display_0 (type:1, mode:2)] fps:120.511833,dur:1004.05,max:10.64,min:5.76  
02-20 16:00:31.882  1811  1829 E ApplicationHelper: Fail to get PackageManager
02-20 16:00:31.895  1811  1829 E ApplicationHelper: Fail to get PackageManager
02-20 16:00:31.906  3317  6489 I Authzen : [DeviceStateSyncManager] The server is in sync with current state. Nothing to do
02-20 16:00:32.037  1248  1309 I libPerfCtl: xgfGetFPS pid:2194 fps:-1
02-20 16:00:32.037  1248  1309 I libPerfCtl: xgfGetFPS pid:6384 fps:-1
02-20 16:00:32.243  1446  1532 E mtk_storageproxyd: ipc-trustonic: ipc_trustonic_connect: retry left 3
02-20 16:00:32.245  1446  1532 E mtk_storageproxyd: ipc-trustonic: ipc_trustonic_connect: Unable to resolve family name (-12)
02-20 16:00:32.276  2055  2062 I WifiHAL : LLS RSP: data=0xb40000753b9d3030, len=4868
02-20 16:00:32.276  2055  2062 I WifiHAL : LLS check_data_sanity: 1821: current_radio_stat->num_channels=43
02-20 16:00:32.276  2055  2062 I WifiHAL : LLS check_data_sanity: 1821: current_radio_stat->num_channels=17
02-20 16:00:32.276  2055  2062 I WifiHAL : LLS check_data_sanity: confirmed_size=4868, len=4868
02-20 16:00:32.285  2055  2062 I WifiHAL : feature_set=0x8489341a
02-20 16:00:32.340  1276  1276 I BufferQueueProducer: [app.validator.intelligence/app.validator.intelligence.MainActivity#3190](this:0xb400007b1faa43d0,id:-1,api:0,p:-1,c:1276) queueBuffer: fps=120.39 dur=1005.09 max=9.13 min=7.38
02-20 16:00:32.432  1229  1229 I hwcomposer: [HWCDisplay] [Display_0 (type:1, mode:2)] fps:120.445213,dur:1004.61,max:10.51,min:6.13  
02-20 16:00:33.037  1248  1309 I libPerfCtl: xgfGetFPS pid:2194 fps:-1
02-20 16:00:33.037  1248  1309 I libPerfCtl: xgfGetFPS pid:6384 fps:-1
02-20 16:00:33.246  1446  1532 E mtk_storageproxyd: ipc-trustonic: ipc_trustonic_connect: retry left 2
02-20 16:00:33.249  1446  1532 E mtk_storageproxyd: ipc-trustonic: ipc_trustonic_connect: Unable to resolve family name (-12)
02-20 16:00:33.345  1276  1276 I BufferQueueProducer: [app.validator.intelligence/app.validator.intelligence.MainActivity#3190](this:0xb400007b1faa43d0,id:-1,api:0,p:-1,c:1276) queueBuffer: fps=120.44 dur=1004.65 max=9.30 min=7.51
02-20 16:00:33.438  1229  1229 I hwcomposer: [HWCDisplay] [Display_0 (type:1, mode:2)] fps:120.298836,dur:1005.83,max:10.68,min:6.10  
02-20 16:00:34.037  1248  1309 I libPerfCtl: xgfGetFPS pid:2194 fps:-1
02-20 16:00:34.038  1248  1309 I libPerfCtl: xgfGetFPS pid:6384 fps:-1
02-20 16:00:34.250  1446  1532 E mtk_storageproxyd: ipc-trustonic: ipc_trustonic_connect: retry left 1
02-20 16:00:34.252  1446  1532 E mtk_storageproxyd: ipc-trustonic: ipc_trustonic_connect: Unable to resolve family name (-12)
02-20 16:00:34.350  1276  1276 I BufferQueueProducer: [app.validator.intelligence/app.validator.intelligence.MainActivity#3190](this:0xb400007b1faa43d0,id:-1,api:0,p:-1,c:1276) queueBuffer: fps=120.33 dur=1005.59 max=9.00 min=7.35
02-20 16:00:34.445  1229  1229 I hwcomposer: [HWCDisplay] [Display_0 (type:1, mode:2)] fps:120.185883,dur:1006.77,max:10.98,min:6.19  
02-20 16:00:35.038  1248  1309 I libPerfCtl: xgfGetFPS pid:2194 fps:-1
02-20 16:00:35.039  1248  1309 I libPerfCtl: xgfGetFPS pid:6384 fps:-1
02-20 16:00:35.089 23173 23203 I RustStdoutStderr: StateManager::update_state: finished: "OPEN"
02-20 16:00:35.232 13791 13888 I native  : I0000 00:00:1771621235.231450   13888 soda_async_impl.cc:1411] Current audio timestamp: 1771621235079098
02-20 16:00:35.248 13791 13953 W ProxyAndroidLoggerBackend: Too many Flogger logs received before configuration. Dropping old logs.
02-20 16:00:35.253  1446  1532 E mtk_storageproxyd: ipc-trustonic: ipc_trustonic_connect: retry left 0
02-20 16:00:35.253  1446  1532 E mtk_storageproxyd: mtk.ufs.trustonic.ta: ipc connect failed (-12)
02-20 16:00:35.301  2055  2062 I WifiHAL : LLS RSP: data=0xb40000753b9d3030, len=4868
02-20 16:00:35.301  2055  2062 I WifiHAL : LLS check_data_sanity: 1821: current_radio_stat->num_channels=43
02-20 16:00:35.301  2055  2062 I WifiHAL : LLS check_data_sanity: 1821: current_radio_stat->num_channels=17
02-20 16:00:35.301  2055  2062 I WifiHAL : LLS check_data_sanity: confirmed_size=4868, len=4868
02-20 16:00:35.317  2055  2062 I WifiHAL : feature_set=0x8489341a
02-20 16:00:35.355  1276  1276 I BufferQueueProducer: [app.validator.intelligence/app.validator.intelligence.MainActivity#3190](this:0xb400007b1faa43d0,id:-1,api:0,p:-1,c:1276) queueBuffer: fps=120.44 dur=1004.62 max=9.45 min=7.21
02-20 16:00:35.449  1229  1229 I hwcomposer: [HWCDisplay] [Display_0 (type:1, mode:2)] fps:120.473839,dur:1004.37,max:10.37,min:5.90  
02-20 16:00:36.039  1248  1309 I libPerfCtl: xgfGetFPS pid:2194 fps:-1
02-20 16:00:36.039  1248  1309 I libPerfCtl: xgfGetFPS pid:6384 fps:-1
02-20 16:00:36.360  1276  1276 I BufferQueueProducer: [app.validator.intelligence/app.validator.intelligence.MainActivity#3190](this:0xb400007b1faa43d0,id:-1,api:0,p:-1,c:1276) queueBuffer: fps=120.42 dur=1004.79 max=9.49 min=7.17
02-20 16:00:36.453  1229  1229 I hwcomposer: [HWCDisplay] [Display_0 (type:1, mode:2)] fps:120.572502,dur:1003.55,max:10.21,min:6.19  
02-20 16:00:37.039  1248  1309 I libPerfCtl: xgfGetFPS pid:2194 fps:-1
02-20 16:00:37.040  1248  1309 I libPerfCtl: xgfGetFPS pid:6384 fps:-1
02-20 16:00:37.365  1276  1276 I BufferQueueProducer: [app.validator.intelligence/app.validator.intelligence.MainActivity#3190](this:0xb400007b1faa43d0,id:-1,api:0,p:-1,c:1276) queueBuffer: fps=120.37 dur=1005.25 max=9.45 min=7.49
02-20 16:00:37.458  1229  1229 I hwcomposer: [HWCDisplay] [Display_0 (type:1, mode:2)] fps:120.408630,dur:1004.91,max:10.00,min:6.59  
02-20 16:00:38.040  1248  1309 I libPerfCtl: xgfGetFPS pid:2194 fps:-1
02-20 16:00:38.040  1248  1309 I libPerfCtl: xgfGetFPS pid:6384 fps:-1
02-20 16:00:38.255  1446  1532 E mtk_storageproxyd: ipc-trustonic: ipc_trustonic_connect: Unable to resolve family name (-12)
02-20 16:00:38.336  2055  2062 I WifiHAL : LLS RSP: data=0xb40000753b9d3030, len=4868
02-20 16:00:38.336  2055  2062 I WifiHAL : LLS check_data_sanity: 1821: current_radio_stat->num_channels=43
02-20 16:00:38.336  2055  2062 I WifiHAL : LLS check_data_sanity: 1821: current_radio_stat->num_channels=17
02-20 16:00:38.336  2055  2062 I WifiHAL : LLS check_data_sanity: confirmed_size=4868, len=4868
02-20 16:00:38.353  2055  2062 I WifiHAL : feature_set=0x8489341a
02-20 16:00:38.370  1276  1276 I BufferQueueProducer: [app.validator.intelligence/app.validator.intelligence.MainActivity#3190](this:0xb400007b1faa43d0,id:-1,api:0,p:-1,c:1276) queueBuffer: fps=120.39 dur=1005.09 max=9.03 min=7.62
02-20 16:00:38.464  1229  1229 I hwcomposer: [HWCDisplay] [Display_0 (type:1, mode:2)] fps:120.220856,dur:1006.48,max:9.92,min:6.58  
02-20 16:00:38.915  1811  1829 E ApplicationHelper: Fail to get PackageManager
02-20 16:00:38.922  1811  1829 E ApplicationHelper: Fail to get PackageManager
02-20 16:00:39.040  1248  1309 I libPerfCtl: xgfGetFPS pid:2194 fps:-1
02-20 16:00:39.040  1248  1309 I libPerfCtl: xgfGetFPS pid:6384 fps:-1
02-20 16:00:39.255  1446  1532 E mtk_storageproxyd: ipc-trustonic: ipc_trustonic_connect: retry left 9
02-20 16:00:39.257  1446  1532 E mtk_storageproxyd: ipc-trustonic: ipc_trustonic_connect: Unable to resolve family name (-12)
02-20 16:00:39.375  1276  1276 I BufferQueueProducer: [app.validator.intelligence/app.validator.intelligence.MainActivity#3190](this:0xb400007b1faa43d0,id:-1,api:0,p:-1,c:1276) queueBuffer: fps=120.42 dur=1004.84 max=9.02 min=7.56
02-20 16:00:39.468  1229  1229 I hwcomposer: [HWCDisplay] [Display_0 (type:1, mode:2)] fps:120.560600,dur:1003.64,max:9.98,min:6.27  
02-20 16:00:40.040  1248  1309 I libPerfCtl: xgfGetFPS pid:2194 fps:-1
02-20 16:00:40.040  1248  1309 I libPerfCtl: xgfGetFPS pid:6384 fps:-1
02-20 16:00:40.258  1446  1532 E mtk_storageproxyd: ipc-trustonic: ipc_trustonic_connect: retry left 8
02-20 16:00:40.260  1446  1532 E mtk_storageproxyd: ipc-trustonic: ipc_trustonic_connect: Unable to resolve family name (-12)
02-20 16:00:40.314  1211  1710 I netd    : setProcSysNet(4, 2, wlan0, retrans_time_ms, 750) <0.68ms>
02-20 16:00:40.315  1211  1710 I netd    : setProcSysNet(4, 2, wlan0, ucast_solicit, 10) <0.11ms>
02-20 16:00:40.316  1211  1710 I netd    : setProcSysNet(6, 2, wlan0, retrans_time_ms, 750) <0.21ms>
02-20 16:00:40.317  1211  1710 I netd    : setProcSysNet(6, 2, wlan0, ucast_solicit, 10) <0.11ms>
02-20 16:00:40.380  1276  1276 I BufferQueueProducer: [app.validator.intelligence/app.validator.intelligence.MainActivity#3190](this:0xb400007b1faa43d0,id:-1,api:0,p:-1,c:1276) queueBuffer: fps=120.39 dur=1005.03 max=9.09 min=7.20
02-20 16:00:40.473  1229  1229 I hwcomposer: [HWCDisplay] [Display_0 (type:1, mode:2)] fps:120.393150,dur:1005.04,max:10.17,min:6.24  
02-20 16:00:41.040  1248  1309 I libPerfCtl: xgfGetFPS pid:2194 fps:-1
02-20 16:00:41.040  1248  1309 I libPerfCtl: xgfGetFPS pid:6384 fps:-1
02-20 16:00:41.259  1253  1316 I mtkpower@impl: [powerd_req] TIMER_MSG_PERF_LOCK_TIMEOUT hdl:3644
02-20 16:00:41.259  1253  1316 I libPowerHal: [perfLockRel] hdl:3644, idx:2
02-20 16:00:41.259  1253  1316 I libPowerHal: [PD] MTKPOWER_HINT_EXT_LAUNCH update cmd:1408300 param:0
02-20 16:00:41.260  1446  1532 E mtk_storageproxyd: ipc-trustonic: ipc_trustonic_connect: retry left 7
02-20 16:00:41.261  1446  1532 E mtk_storageproxyd: ipc-trustonic: ipc_trustonic_connect: Unable to resolve family name (-12)
02-20 16:00:41.261  1253  1316 I libPowerHal: [PD] MTKPOWER_HINT_EXT_LAUNCH update cmd:1000000 param:-1
02-20 16:00:41.374  2055  2062 I WifiHAL : LLS RSP: data=0xb40000753b9d3030, len=4868
02-20 16:00:41.374  2055  2062 I WifiHAL : LLS check_data_sanity: 1821: current_radio_stat->num_channels=43
02-20 16:00:41.374  2055  2062 I WifiHAL : LLS check_data_sanity: 1821: current_radio_stat->num_channels=17
02-20 16:00:41.374  2055  2062 I WifiHAL : LLS check_data_sanity: confirmed_size=4868, len=4868
02-20 16:00:41.381  2055  2062 I WifiHAL : feature_set=0x8489341a
02-20 16:00:41.384  1276  1276 I BufferQueueProducer: [app.validator.intelligence/app.validator.intelligence.MainActivity#3190](this:0xb400007b1faa43d0,id:-1,api:0,p:-1,c:1276) queueBuffer: fps=119.50 dur=1004.16 max=16.60 min=7.47
02-20 16:00:41.478  1229  1229 I hwcomposer: [HWCDisplay] [Display_0 (type:1, mode:2)] fps:119.409676,dur:1004.94,max:16.09,min:6.41  
02-20 16:00:42.040  1248  1309 I libPerfCtl: xgfGetFPS pid:2194 fps:-1
02-20 16:00:42.041  1248  1309 I libPerfCtl: xgfGetFPS pid:6384 fps:-1
02-20 16:00:42.263  1446  1532 E mtk_storageproxyd: ipc-trustonic: ipc_trustonic_connect: retry left 6
02-20 16:00:42.269  1446  1532 E mtk_storageproxyd: ipc-trustonic: ipc_trustonic_connect: Unable to resolve family name (-12)
02-20 16:00:42.389  1276  1276 I BufferQueueProducer: [app.validator.intelligence/app.validator.intelligence.MainActivity#3190](this:0xb400007b1faa43d0,id:-1,api:0,p:-1,c:1276) queueBuffer: fps=115.38 dur=1005.40 max=17.38 min=7.11
02-20 16:00:42.483  1229  1229 I hwcomposer: [HWCDisplay] [Display_0 (type:1, mode:2)] fps:113.450226,dur:1004.85,max:18.24,min:6.44  
02-20 16:00:43.041  1248  1309 I libPerfCtl: xgfGetFPS pid:2194 fps:-1
02-20 16:00:43.041  1248  1309 I libPerfCtl: xgfGetFPS pid:6384 fps:-1
02-20 16:00:43.270  1446  1532 E mtk_storageproxyd: ipc-trustonic: ipc_trustonic_connect: retry left 5
02-20 16:00:43.272  1446  1532 E mtk_storageproxyd: ipc-trustonic: ipc_trustonic_connect: Unable to resolve family name (-12)
02-20 16:00:43.394  1276  1276 I BufferQueueProducer: [app.validator.intelligence/app.validator.intelligence.MainActivity#3190](this:0xb400007b1faa43d0,id:-1,api:0,p:-1,c:1276) queueBuffer: fps=111.45 dur=1004.95 max=25.27 min=7.26
02-20 16:00:43.487  1229  1229 I hwcomposer: [HWCDisplay] [Display_0 (type:1, mode:2)] fps:113.473450,dur:1004.64,max:25.34,min:5.99  
02-20 16:00:44.041  1248  1309 I libPerfCtl: xgfGetFPS pid:2194 fps:-1
02-20 16:00:44.041  1248  1309 I libPerfCtl: xgfGetFPS pid:6384 fps:-1
02-20 16:00:44.273  1446  1532 E mtk_storageproxyd: ipc-trustonic: ipc_trustonic_connect: retry left 4
02-20 16:00:44.274  1446  1532 E mtk_storageproxyd: ipc-trustonic: ipc_trustonic_connect: Unable to resolve family name (-12)
02-20 16:00:44.399  1276  1276 I BufferQueueProducer: [app.validator.intelligence/app.validator.intelligence.MainActivity#3190](this:0xb400007b1faa43d0,id:-1,api:0,p:-1,c:1276) queueBuffer: fps=119.42 dur=1004.85 max=17.62 min=7.08
02-20 16:00:44.400  2055  2062 I WifiHAL : LLS RSP: data=0xb40000753b9d3030, len=4868
02-20 16:00:44.400  2055  2062 I WifiHAL : LLS check_data_sanity: 1821: current_radio_stat->num_channels=43
02-20 16:00:44.400  2055  2062 I WifiHAL : LLS check_data_sanity: 1821: current_radio_stat->num_channels=17
02-20 16:00:44.400  2055  2062 I WifiHAL : LLS check_data_sanity: confirmed_size=4868, len=4868
02-20 16:00:44.415  2055  2062 I WifiHAL : feature_set=0x8489341a
02-20 16:00:44.493  1229  1229 I hwcomposer: [HWCDisplay] [Display_0 (type:1, mode:2)] fps:117.363754,dur:1005.42,max:18.85,min:5.92  
02-20 16:00:45.041  1248  1309 I libPerfCtl: xgfGetFPS pid:2194 fps:-1
02-20 16:00:45.043  1248  1309 I libPerfCtl: xgfGetFPS pid:6384 fps:-1
02-20 16:00:45.276  1446  1532 E mtk_storageproxyd: ipc-trustonic: ipc_trustonic_connect: retry left 3
02-20 16:00:45.278  1446  1532 E mtk_storageproxyd: ipc-trustonic: ipc_trustonic_connect: Unable to resolve family name (-12)
02-20 16:00:45.404  1276  1276 I BufferQueueProducer: [app.validator.intelligence/app.validator.intelligence.MainActivity#3190](this:0xb400007b1faa43d0,id:-1,api:0,p:-1,c:1276) queueBuffer: fps=115.39 dur=1005.29 max=17.18 min=6.98
02-20 16:00:45.497  1229  1229 I hwcomposer: [HWCDisplay] [Display_0 (type:1, mode:2)] fps:117.473022,dur:1004.49,max:19.56,min:5.81  
02-20 16:00:46.041  1248  1309 I libPerfCtl: xgfGetFPS pid:2194 fps:-1
02-20 16:00:46.041  1248  1309 I libPerfCtl: xgfGetFPS pid:6384 fps:-1
02-20 16:00:46.279  1446  1532 E mtk_storageproxyd: ipc-trustonic: ipc_trustonic_connect: retry left 2
02-20 16:00:46.281  1446  1532 E mtk_storageproxyd: ipc-trustonic: ipc_trustonic_connect: Unable to resolve family name (-12)
02-20 16:00:46.409  1276  1276 I BufferQueueProducer: [app.validator.intelligence/app.validator.intelligence.MainActivity#3190](this:0xb400007b1faa43d0,id:-1,api:0,p:-1,c:1276) queueBuffer: fps=115.42 dur=1005.02 max=17.19 min=7.45
02-20 16:00:46.503  1229  1229 I hwcomposer: [HWCDisplay] [Display_0 (type:1, mode:2)] fps:115.286789,dur:1006.19,max:17.65,min:6.64  
02-20 16:00:47.041  1248  1309 I libPerfCtl: xgfGetFPS pid:2194 fps:-1
02-20 16:00:47.042  1248  1309 I libPerfCtl: xgfGetFPS pid:6384 fps:-1
02-20 16:00:47.281  1446  1532 E mtk_storageproxyd: ipc-trustonic: ipc_trustonic_connect: retry left 1
02-20 16:00:47.283  1446  1532 E mtk_storageproxyd: ipc-trustonic: ipc_trustonic_connect: Unable to resolve family name (-12)
02-20 16:00:47.414  1276  1276 I BufferQueueProducer: [app.validator.intelligence/app.validator.intelligence.MainActivity#3190](this:0xb400007b1faa43d0,id:-1,api:0,p:-1,c:1276) queueBuffer: fps=116.49 dur=1004.38 max=17.12 min=7.51
02-20 16:00:47.429  2055  2062 I WifiHAL : LLS RSP: data=0xb40000753b9d3030, len=4868
02-20 16:00:47.429  2055  2062 I WifiHAL : LLS check_data_sanity: 1821: current_radio_stat->num_channels=43
02-20 16:00:47.429  2055  2062 I WifiHAL : LLS check_data_sanity: 1821: current_radio_stat->num_channels=17
02-20 16:00:47.429  2055  2062 I WifiHAL : LLS check_data_sanity: confirmed_size=4868, len=4868
02-20 16:00:47.441  2055  2062 I WifiHAL : feature_set=0x8489341a
02-20 16:00:47.507  1229  1229 I hwcomposer: [HWCDisplay] [Display_0 (type:1, mode:2)] fps:114.538284,dur:1004.03,max:25.29,min:6.34  
02-20 16:00:48.042  1248  1309 I libPerfCtl: xgfGetFPS pid:2194 fps:-1
02-20 16:00:48.042  1248  1309 I libPerfCtl: xgfGetFPS pid:6384 fps:-1
02-20 16:00:48.266 13791 13796 W word_detector_0: Reducing the number of considered missed Gc histogram windows from 712 to 100
02-20 16:00:48.284  1446  1532 E mtk_storageproxyd: ipc-trustonic: ipc_trustonic_connect: retry left 0
02-20 16:00:48.284  1446  1532 E mtk_storageproxyd: mtk.ufs.trustonic.ta: ipc connect failed (-12)
02-20 16:00:48.419  1276  1276 I BufferQueueProducer: [app.validator.intelligence/app.validator.intelligence.MainActivity#3190](this:0xb400007b1faa43d0,id:-1,api:0,p:-1,c:1276) queueBuffer: fps=115.37 dur=1005.44 max=25.24 min=7.56
02-20 16:00:48.511  1229  1229 I hwcomposer: [HWCDisplay] [Display_0 (type:1, mode:2)] fps:116.552963,dur:1003.84,max:17.49,min:6.14  
02-20 16:00:48.957  6410  6413 W ocessService0:0: userfaultfd: MOVE ioctl seems unsupported: Connection timed out
02-20 16:00:49.042  1248  1309 I libPerfCtl: xgfGetFPS pid:2194 fps:-1
02-20 16:00:49.042  1248  1309 I libPerfCtl: xgfGetFPS pid:6384 fps:-1
02-20 16:00:49.424  1276  1276 I BufferQueueProducer: [app.validator.intelligence/app.validator.intelligence.MainActivity#3190](this:0xb400007b1faa43d0,id:-1,api:0,p:-1,c:1276) queueBuffer: fps=117.41 dur=1004.98 max=17.01 min=7.18
02-20 16:00:49.517  1229  1229 I hwcomposer: [HWCDisplay] [Display_0 (type:1, mode:2)] fps:118.305168,dur:1005.87,max:17.08,min:6.15  
02-20 16:00:50.042  1248  1309 I libPerfCtl: xgfGetFPS pid:2194 fps:-1
02-20 16:00:50.042  1248  1309 I libPerfCtl: xgfGetFPS pid:6384 fps:-1
02-20 16:00:50.429  1276  1276 I BufferQueueProducer: [app.validator.intelligence/app.validator.intelligence.MainActivity#3190](this:0xb400007b1faa43d0,id:-1,api:0,p:-1,c:1276) queueBuffer: fps=117.41 dur=1005.05 max=17.14 min=7.49
02-20 16:00:50.461  2055  2062 I WifiHAL : LLS RSP: data=0xb40000753b9d3030, len=4868
02-20 16:00:50.461  2055  2062 I WifiHAL : LLS check_data_sanity: 1821: current_radio_stat->num_channels=43
02-20 16:00:50.461  2055  2062 I WifiHAL : LLS check_data_sanity: 1821: current_radio_stat->num_channels=17
02-20 16:00:50.461  2055  2062 I WifiHAL : LLS check_data_sanity: confirmed_size=4868, len=4868
02-20 16:00:50.472  2055  2062 I WifiHAL : feature_set=0x8489341a
02-20 16:00:50.523  1229  1229 I hwcomposer: [HWCDisplay] [Display_0 (type:1, mode:2)] fps:117.314636,dur:1005.84,max:17.13,min:5.79  
02-20 16:00:51.042  1248  1309 I libPerfCtl: xgfGetFPS pid:2194 fps:-1
02-20 16:00:51.043  1248  1309 I libPerfCtl: xgfGetFPS pid:6384 fps:-1
02-20 16:00:51.286  1446  1532 E mtk_storageproxyd: ipc-trustonic: ipc_trustonic_connect: Unable to resolve family name (-12)
02-20 16:00:51.434  1276  1276 I BufferQueueProducer: [app.validator.intelligence/app.validator.intelligence.MainActivity#3190](this:0xb400007b1faa43d0,id:-1,api:0,p:-1,c:1276) queueBuffer: fps=117.42 dur=1004.90 max=17.25 min=7.50
02-20 16:00:51.527  1229  1229 I hwcomposer: [HWCDisplay] [Display_0 (type:1, mode:2)] fps:117.462265,dur:1004.58,max:16.77,min:6.06  
02-20 16:00:52.043  1248  1309 I libPerfCtl: xgfGetFPS pid:2194 fps:-1
02-20 16:00:52.043  1248  1309 I libPerfCtl: xgfGetFPS pid:6384 fps:-1
02-20 16:00:52.287  1446  1532 E mtk_storageproxyd: ipc-trustonic: ipc_trustonic_connect: retry left 9
02-20 16:00:52.294  1446  1532 E mtk_storageproxyd: ipc-trustonic: ipc_trustonic_connect: Unable to resolve family name (-12)
02-20 16:00:52.440  1276  1276 I BufferQueueProducer: [app.validator.intelligence/app.validator.intelligence.MainActivity#3190](this:0xb400007b1faa43d0,id:-1,api:0,p:-1,c:1276) queueBuffer: fps=119.36 dur=1005.36 max=16.98 min=7.20
02-20 16:00:52.532  1229  1229 I hwcomposer: [HWCDisplay] [Display_0 (type:1, mode:2)] fps:117.479118,dur:1004.43,max:17.54,min:5.68  
02-20 16:00:53.043  1248  1309 I libPerfCtl: xgfGetFPS pid:2194 fps:-1
02-20 16:00:53.043  1248  1309 I libPerfCtl: xgfGetFPS pid:6384 fps:-1
02-20 16:00:53.294  1446  1532 E mtk_storageproxyd: ipc-trustonic: ipc_trustonic_connect: retry left 8
02-20 16:00:53.295  1446  1532 E mtk_storageproxyd: ipc-trustonic: ipc_trustonic_connect: Unable to resolve family name (-12)
02-20 16:00:53.444  1276  1276 I BufferQueueProducer: [app.validator.intelligence/app.validator.intelligence.MainActivity#3190](this:0xb400007b1faa43d0,id:-1,api:0,p:-1,c:1276) queueBuffer: fps=111.49 dur=1004.60 max=24.36 min=7.05
02-20 16:00:53.490  2055  2062 I WifiHAL : LLS RSP: data=0xb40000753b9d3030, len=4868
02-20 16:00:53.490  2055  2062 I WifiHAL : LLS check_data_sanity: 1821: current_radio_stat->num_channels=43
02-20 16:00:53.490  2055  2062 I WifiHAL : LLS check_data_sanity: 1821: current_radio_stat->num_channels=17
02-20 16:00:53.490  2055  2062 I WifiHAL : LLS check_data_sanity: confirmed_size=4868, len=4868
02-20 16:00:53.501  2055  2062 I WifiHAL : feature_set=0x8489341a
02-20 16:00:53.537  1229  1229 I hwcomposer: [HWCDisplay] [Display_0 (type:1, mode:2)] fps:113.450699,dur:1004.84,max:23.57,min:5.80  
02-20 16:00:54.043  1248  1309 I libPerfCtl: xgfGetFPS pid:2194 fps:-1
02-20 16:00:54.044  1248  1309 I libPerfCtl: xgfGetFPS pid:6384 fps:-1
02-20 16:00:54.296  1446  1532 E mtk_storageproxyd: ipc-trustonic: ipc_trustonic_connect: retry left 7
02-20 16:00:54.300  1446  1532 E mtk_storageproxyd: ipc-trustonic: ipc_trustonic_connect: Unable to resolve family name (-12)
02-20 16:00:54.449  1276  1276 I BufferQueueProducer: [app.validator.intelligence/app.validator.intelligence.MainActivity#3190](this:0xb400007b1faa43d0,id:-1,api:0,p:-1,c:1276) queueBuffer: fps=115.48 dur=1004.54 max=17.09 min=7.42
02-20 16:00:54.542  1229  1229 I hwcomposer: [HWCDisplay] [Display_0 (type:1, mode:2)] fps:115.347130,dur:1005.66,max:16.85,min:6.18  
02-20 16:00:55.043  1248  1309 I libPerfCtl: xgfGetFPS pid:2194 fps:-1
02-20 16:00:55.043  1248  1309 I libPerfCtl: xgfGetFPS pid:6384 fps:-1
02-20 16:00:55.301  1446  1532 E mtk_storageproxyd: ipc-trustonic: ipc_trustonic_connect: retry left 6
02-20 16:00:55.302  1446  1532 E mtk_storageproxyd: ipc-trustonic: ipc_trustonic_connect: Unable to resolve family name (-12)
02-20 16:00:55.454  1276  1276 I BufferQueueProducer: [app.validator.intelligence/app.validator.intelligence.MainActivity#3190](this:0xb400007b1faa43d0,id:-1,api:0,p:-1,c:1276) queueBuffer: fps=114.35 dur=1005.70 max=18.04 min=7.38
02-20 16:00:55.547  1229  1229 I hwcomposer: [HWCDisplay] [Display_0 (type:1, mode:2)] fps:114.459747,dur:1004.72,max:19.18,min:6.19  
02-20 16:00:56.043  1248  1309 I libPerfCtl: xgfGetFPS pid:2194 fps:-1
02-20 16:00:56.044  1248  1309 I libPerfCtl: xgfGetFPS pid:6384 fps:-1
02-20 16:00:56.302  1446  1532 E mtk_storageproxyd: ipc-trustonic: ipc_trustonic_connect: retry left 5
02-20 16:00:56.304  1446  1532 E mtk_storageproxyd: ipc-trustonic: ipc_trustonic_connect: Unable to resolve family name (-12)
02-20 16:00:56.459  1276  1276 I BufferQueueProducer: [app.validator.intelligence/app.validator.intelligence.MainActivity#3190](this:0xb400007b1faa43d0,id:-1,api:0,p:-1,c:1276) queueBuffer: fps=110.44 dur=1005.03 max=17.67 min=7.20
02-20 16:00:56.520  2055  2062 I WifiHAL : LLS RSP: data=0xb40000753b9d3030, len=4868
02-20 16:00:56.520  2055  2062 I WifiHAL : LLS check_data_sanity: 1821: current_radio_stat->num_channels=43
02-20 16:00:56.520  2055  2062 I WifiHAL : LLS check_data_sanity: 1821: current_radio_stat->num_channels=17
02-20 16:00:56.520  2055  2062 I WifiHAL : LLS check_data_sanity: confirmed_size=4868, len=4868
02-20 16:00:56.528  2055  2062 I WifiHAL : feature_set=0x8489341a
02-20 16:00:56.552  1229  1229 I hwcomposer: [HWCDisplay] [Display_0 (type:1, mode:2)] fps:110.449730,dur:1004.98,max:18.67,min:5.87  
02-20 16:00:57.045  1248  1309 I libPerfCtl: xgfGetFPS pid:2194 fps:-1
02-20 16:00:57.045  1248  1309 I libPerfCtl: xgfGetFPS pid:6384 fps:-1
02-20 16:00:57.304  1446  1532 E mtk_storageproxyd: ipc-trustonic: ipc_trustonic_connect: retry left 4
02-20 16:00:57.306  1446  1532 E mtk_storageproxyd: ipc-trustonic: ipc_trustonic_connect: Unable to resolve family name (-12)
02-20 16:00:57.464  1276  1276 I BufferQueueProducer: [app.validator.intelligence/app.validator.intelligence.MainActivity#3190](this:0xb400007b1faa43d0,id:-1,api:0,p:-1,c:1276) queueBuffer: fps=118.45 dur=1004.62 max=17.89 min=7.46
02-20 16:00:57.557  1229  1229 I hwcomposer: [HWCDisplay] [Display_0 (type:1, mode:2)] fps:117.398010,dur:1005.13,max:17.98,min:5.64  
02-20 16:00:58.045  1248  1309 I libPerfCtl: xgfGetFPS pid:2194 fps:-1
02-20 16:00:58.045  1248  1309 I libPerfCtl: xgfGetFPS pid:6384 fps:-1
02-20 16:00:58.306  1446  1532 E mtk_storageproxyd: ipc-trustonic: ipc_trustonic_connect: retry left 3
02-20 16:00:58.308  1446  1532 E mtk_storageproxyd: ipc-trustonic: ipc_trustonic_connect: Unable to resolve family name (-12)
02-20 16:00:58.469  1276  1276 I BufferQueueProducer: [app.validator.intelligence/app.validator.intelligence.MainActivity#3190](this:0xb400007b1faa43d0,id:-1,api:0,p:-1,c:1276) queueBuffer: fps=113.41 dur=1005.20 max=17.76 min=7.42
02-20 16:00:58.562  1229  1229 I hwcomposer: [HWCDisplay] [Display_0 (type:1, mode:2)] fps:113.484268,dur:1004.54,max:18.77,min:6.14  
02-20 16:00:59.046  1248  1309 I libPerfCtl: xgfGetFPS pid:2194 fps:-1
02-20 16:00:59.046  1248  1309 I libPerfCtl: xgfGetFPS pid:6384 fps:-1
02-20 16:00:59.309  1446  1532 E mtk_storageproxyd: ipc-trustonic: ipc_trustonic_connect: retry left 2
02-20 16:00:59.310  1446  1532 E mtk_storageproxyd: ipc-trustonic: ipc_trustonic_connect: Unable to resolve family name (-12)
02-20 16:00:59.474  1276  1276 I BufferQueueProducer: [app.validator.intelligence/app.validator.intelligence.MainActivity#3190](this:0xb400007b1faa43d0,id:-1,api:0,p:-1,c:1276) queueBuffer: fps=114.41 dur=1005.11 max=16.95 min=7.48
02-20 16:00:59.551  2055  2062 I WifiHAL : LLS RSP: data=0xb40000753b9d3030, len=4868
02-20 16:00:59.551  2055  2062 I WifiHAL : LLS check_data_sanity: 1821: current_radio_stat->num_channels=43
02-20 16:00:59.551  2055  2062 I WifiHAL : LLS check_data_sanity: 1821: current_radio_stat->num_channels=17
02-20 16:00:59.551  2055  2062 I WifiHAL : LLS check_data_sanity: confirmed_size=4868, len=4868
02-20 16:00:59.563  2055  2062 I WifiHAL : feature_set=0x8489341a
02-20 16:00:59.567  1229  1229 I hwcomposer: [HWCDisplay] [Display_0 (type:1, mode:2)] fps:114.452492,dur:1004.78,max:18.16,min:6.66  
02-20 16:01:00.039  1276  1276 I BufferQueueProducer: [StatusBar#88](this:0xb400007b1fa38070,id:-1,api:0,p:-1,c:1276) queueBuffer: fps=0.04 dur=51944.33 max=51537.03 min=407.30
02-20 16:01:00.046  1248  1309 I libPerfCtl: xgfGetFPS pid:2194 fps:120
02-20 16:01:00.046  1248  1309 I libPerfCtl: xgfGetFPS pid:6384 fps:-1
02-20 16:01:00.066  1811  1829 E ApplicationHelper: Fail to get PackageManager
02-20 16:01:00.075  1811  1829 E ApplicationHelper: Fail to get PackageManager
02-20 16:01:00.155  1811  1849 W BatteryExternalStatsWorker: error reading Bluetooth stats: 9
02-20 16:01:00.167  2055  2062 I WifiHAL : LLS RSP: data=0xb40000753b9d3030, len=4868
02-20 16:01:00.168  2055  2062 I WifiHAL : LLS check_data_sanity: 1821: current_radio_stat->num_channels=43
02-20 16:01:00.168  2055  2062 I WifiHAL : LLS check_data_sanity: 1821: current_radio_stat->num_channels=17
02-20 16:01:00.168  2055  2062 I WifiHAL : LLS check_data_sanity: confirmed_size=4868, len=4868
02-20 16:01:00.172  1211  1710 I netd    : tetherGetStats() -> {[]} <1.61ms>
02-20 16:01:00.311  1446  1532 E mtk_storageproxyd: ipc-trustonic: ipc_trustonic_connect: retry left 1
02-20 16:01:00.318  1446  1532 E mtk_storageproxyd: ipc-trustonic: ipc_trustonic_connect: Unable to resolve family name (-12)
02-20 16:01:00.480  1276  1276 I BufferQueueProducer: [app.validator.intelligence/app.validator.intelligence.MainActivity#3190](this:0xb400007b1faa43d0,id:-1,api:0,p:-1,c:1276) queueBuffer: fps=113.41 dur=1005.16 max=17.22 min=7.29
02-20 16:01:00.573  1229  1229 I hwcomposer: [HWCDisplay] [Display_0 (type:1, mode:2)] fps:114.285202,dur:1006.25,max:17.85,min:6.27  
02-20 16:01:01.046  1248  1309 I libPerfCtl: xgfGetFPS pid:2194 fps:120
02-20 16:01:01.046  1248  1309 I libPerfCtl: xgfGetFPS pid:6384 fps:-1
02-20 16:01:01.319  1446  1532 E mtk_storageproxyd: ipc-trustonic: ipc_trustonic_connect: retry left 0
02-20 16:01:01.319  1446  1532 E mtk_storageproxyd: mtk.ufs.trustonic.ta: ipc connect failed (-12)
02-20 16:01:01.485  1276  1276 I BufferQueueProducer: [app.validator.intelligence/app.validator.intelligence.MainActivity#3190](this:0xb400007b1faa43d0,id:-1,api:0,p:-1,c:1276) queueBuffer: fps=119.37 dur=1005.27 max=16.21 min=7.24
02-20 16:01:01.577  1229  1229 I hwcomposer: [HWCDisplay] [Display_0 (type:1, mode:2)] fps:117.537491,dur:1003.93,max:17.96,min:5.75  
02-20 16:01:02.046  1248  1309 I libPerfCtl: xgfGetFPS pid:2194 fps:-1
02-20 16:01:02.047  1248  1309 I libPerfCtl: xgfGetFPS pid:6384 fps:-1
02-20 16:01:02.489  1276  1276 I BufferQueueProducer: [app.validator.intelligence/app.validator.intelligence.MainActivity#3190](this:0xb400007b1faa43d0,id:-1,api:0,p:-1,c:1276) queueBuffer: fps=115.49 dur=1004.38 max=17.37 min=7.35
02-20 16:01:02.577  2055  2062 I WifiHAL : LLS RSP: data=0xb40000753b9d3030, len=4868
02-20 16:01:02.577  2055  2062 I WifiHAL : LLS check_data_sanity: 1821: current_radio_stat->num_channels=43
02-20 16:01:02.577  2055  2062 I WifiHAL : LLS check_data_sanity: 1821: current_radio_stat->num_channels=17
02-20 16:01:02.577  2055  2062 I WifiHAL : LLS check_data_sanity: confirmed_size=4868, len=4868
02-20 16:01:02.582  1229  1229 I hwcomposer: [HWCDisplay] [Display_0 (type:1, mode:2)] fps:117.414879,dur:1004.98,max:16.78,min:5.44  
02-20 16:01:02.588  2055  2062 I WifiHAL : feature_set=0x8489341a
02-20 16:01:03.047  1248  1309 I libPerfCtl: xgfGetFPS pid:2194 fps:-1
02-20 16:01:03.047  1248  1309 I libPerfCtl: xgfGetFPS pid:6384 fps:-1
02-20 16:01:03.106  1811  1811 W libc    : Access denied finding property "vendor.mbrain.battery"
02-20 16:01:03.121  1276  1276 I BufferQueueProducer: [StatusBar#88](this:0xb400007b1fa38070,id:-1,api:0,p:-1,c:1276) queueBuffer: fps=0.32 dur=3081.27 max=3081.27 min=3081.27
02-20 16:01:03.495  1276  1276 I BufferQueueProducer: [app.validator.intelligence/app.validator.intelligence.MainActivity#3190](this:0xb400007b1faa43d0,id:-1,api:0,p:-1,c:1276) queueBuffer: fps=116.37 dur=1005.39 max=17.64 min=7.19
02-20 16:01:03.587  1229  1229 I hwcomposer: [HWCDisplay] [Display_0 (type:1, mode:2)] fps:116.326561,dur:1005.79,max:18.52,min:5.27  
02-20 16:01:04.047  1248  1309 I libPerfCtl: xgfGetFPS pid:2194 fps:120
02-20 16:01:04.047  1248  1309 I libPerfCtl: xgfGetFPS pid:6384 fps:-1
02-20 16:01:04.321  1446  1532 E mtk_storageproxyd: ipc-trustonic: ipc_trustonic_connect: Unable to resolve family name (-12)
02-20 16:01:04.499  1276  1276 I BufferQueueProducer: [app.validator.intelligence/app.validator.intelligence.MainActivity#3190](this:0xb400007b1faa43d0,id:-1,api:0,p:-1,c:1276) queueBuffer: fps=117.47 dur=1004.53 max=17.08 min=7.57
02-20 16:01:04.592  1229  1229 I hwcomposer: [HWCDisplay] [Display_0 (type:1, mode:2)] fps:117.411850,dur:1005.01,max:17.45,min:6.21  
02-20 16:01:05.051  1248  1309 I libPerfCtl: xgfGetFPS pid:2194 fps:-1
02-20 16:01:05.051  1248  1309 I libPerfCtl: xgfGetFPS pid:6384 fps:-1
02-20 16:01:05.228 13791 13888 I native  : I0000 00:00:1771621265.228198   13888 soda_async_impl.cc:1411] Current audio timestamp: 1771621265079098
02-20 16:01:05.267 13791 13953 W ProxyAndroidLoggerBackend: Too many Flogger logs received before configuration. Dropping old logs.
02-20 16:01:05.323  1446  1532 E mtk_storageproxyd: ipc-trustonic: ipc_trustonic_connect: retry left 9
02-20 16:01:05.324  1446  1532 E mtk_storageproxyd: ipc-trustonic: ipc_trustonic_connect: Unable to resolve family name (-12)
02-20 16:01:05.504  1276  1276 I BufferQueueProducer: [app.validator.intelligence/app.validator.intelligence.MainActivity#3190](this:0xb400007b1faa43d0,id:-1,api:0,p:-1,c:1276) queueBuffer: fps=116.38 dur=1005.34 max=17.19 min=7.43
02-20 16:01:05.599  1229  1229 I hwcomposer: [HWCDisplay] [Display_0 (type:1, mode:2)] fps:116.305244,dur:1005.97,max:17.74,min:5.46  
02-20 16:01:05.607  2055  2062 I WifiHAL : LLS RSP: data=0xb40000753b9d3030, len=4868
02-20 16:01:05.607  2055  2062 I WifiHAL : LLS check_data_sanity: 1821: current_radio_stat->num_channels=43
02-20 16:01:05.607  2055  2062 I WifiHAL : LLS check_data_sanity: 1821: current_radio_stat->num_channels=17
02-20 16:01:05.607  2055  2062 I WifiHAL : LLS check_data_sanity: confirmed_size=4868, len=4868
02-20 16:01:05.620  2055  2062 I WifiHAL : feature_set=0x8489341a
02-20 16:01:06.048  1248  1309 I libPerfCtl: xgfGetFPS pid:2194 fps:-1
02-20 16:01:06.049  1248  1309 I libPerfCtl: xgfGetFPS pid:6384 fps:-1
02-20 16:01:06.324  1446  1532 E mtk_storageproxyd: ipc-trustonic: ipc_trustonic_connect: retry left 8
02-20 16:01:06.327  1446  1532 E mtk_storageproxyd: ipc-trustonic: ipc_trustonic_connect: Unable to resolve family name (-12)
02-20 16:01:06.510  1276  1276 I BufferQueueProducer: [app.validator.intelligence/app.validator.intelligence.MainActivity#3190](this:0xb400007b1faa43d0,id:-1,api:0,p:-1,c:1276) queueBuffer: fps=115.38 dur=1005.34 max=17.15 min=7.20
02-20 16:01:06.603  1229  1229 I hwcomposer: [HWCDisplay] [Display_0 (type:1, mode:2)] fps:114.533516,dur:1004.07,max:18.57,min:5.85  
02-20 16:01:07.048  1248  1309 I libPerfCtl: xgfGetFPS pid:2194 fps:-1
02-20 16:01:07.048  1248  1309 I libPerfCtl: xgfGetFPS pid:6384 fps:-1
02-20 16:01:07.328  1446  1532 E mtk_storageproxyd: ipc-trustonic: ipc_trustonic_connect: retry left 7
02-20 16:01:07.329  1446  1532 E mtk_storageproxyd: ipc-trustonic: ipc_trustonic_connect: Unable to resolve family name (-12)
02-20 16:01:07.514  1276  1276 I BufferQueueProducer: [app.validator.intelligence/app.validator.intelligence.MainActivity#3190](this:0xb400007b1faa43d0,id:-1,api:0,p:-1,c:1276) queueBuffer: fps=117.45 dur=1004.65 max=16.95 min=7.62
02-20 16:01:07.607  1229  1229 I hwcomposer: [HWCDisplay] [Display_0 (type:1, mode:2)] fps:118.415718,dur:1004.93,max:16.90,min:6.48  
02-20 16:01:08.048  1248  1309 I libPerfCtl: xgfGetFPS pid:2194 fps:-1
02-20 16:01:08.048  1248  1309 I libPerfCtl: xgfGetFPS pid:6384 fps:-1
02-20 16:01:08.330  1446  1532 E mtk_storageproxyd: ipc-trustonic: ipc_trustonic_connect: retry left 6
02-20 16:01:08.331  1446  1532 E mtk_storageproxyd: ipc-trustonic: ipc_trustonic_connect: Unable to resolve family name (-12)
02-20 16:01:08.520  1276  1276 I BufferQueueProducer: [app.validator.intelligence/app.validator.intelligence.MainActivity#3190](this:0xb400007b1faa43d0,id:-1,api:0,p:-1,c:1276) queueBuffer: fps=118.34 dur=1005.62 max=17.41 min=7.32
02-20 16:01:08.613  1229  1229 I hwcomposer: [HWCDisplay] [Display_0 (type:1, mode:2)] fps:118.320923,dur:1005.74,max:16.91,min:6.13  
02-20 16:01:08.628  2055  2062 I WifiHAL : LLS RSP: data=0xb40000753b9d3030, len=4868
02-20 16:01:08.629  2055  2062 I WifiHAL : LLS check_data_sanity: 1821: current_radio_stat->num_channels=43
02-20 16:01:08.629  2055  2062 I WifiHAL : LLS check_data_sanity: 1821: current_radio_stat->num_channels=17
02-20 16:01:08.629  2055  2062 I WifiHAL : LLS check_data_sanity: confirmed_size=4868, len=4868
02-20 16:01:08.637  2055  2062 I WifiHAL : feature_set=0x8489341a
02-20 16:01:08.942  1383  1411 E md_thermal: interval=40 temp: 37500 33000 31500 30300
02-20 16:01:09.048  1248  1309 I libPerfCtl: xgfGetFPS pid:2194 fps:-1
02-20 16:01:09.048  1248  1309 I libPerfCtl: xgfGetFPS pid:6384 fps:-1
02-20 16:01:09.331  1446  1532 E mtk_storageproxyd: ipc-trustonic: ipc_trustonic_connect: retry left 5
02-20 16:01:09.332  1446  1532 E mtk_storageproxyd: ipc-trustonic: ipc_trustonic_connect: Unable to resolve family name (-12)
02-20 16:01:09.524  1276  1276 I BufferQueueProducer: [app.validator.intelligence/app.validator.intelligence.MainActivity#3190](this:0xb400007b1faa43d0,id:-1,api:0,p:-1,c:1276) queueBuffer: fps=115.48 dur=1004.48 max=17.45 min=7.47
02-20 16:01:09.618  1229  1229 I hwcomposer: [HWCDisplay] [Display_0 (type:1, mode:2)] fps:115.457703,dur:1004.70,max:17.65,min:6.82  
02-20 16:01:10.050  1248  1309 I libPerfCtl: xgfGetFPS pid:2194 fps:-1
02-20 16:01:10.050  1248  1309 I libPerfCtl: xgfGetFPS pid:6384 fps:-1
02-20 16:01:10.070 10532 10718 I IPCThreadState: oneway function results for code 2 on binder at 0xb400007abd963370 will be dropped but finished with status UNKNOWN_TRANSACTION
02-20 16:01:10.074  1811  1829 E ApplicationHelper: Fail to get PackageManager
02-20 16:01:10.075  1811  1829 E ApplicationHelper: Fail to get PackageManager
02-20 16:01:10.075  1811  1829 E ApplicationHelper: Fail to get PackageManager
02-20 16:01:10.077  1811  1829 E ApplicationHelper: Fail to get PackageManager
02-20 16:01:10.077  1811  1829 E ApplicationHelper: Fail to get PackageManager
02-20 16:01:10.077  1811  1829 E ApplicationHelper: Fail to get PackageManager
02-20 16:01:10.078  1211  1710 I netd    : tetherGetStats() -> {[]} <1.74ms>
02-20 16:01:10.193  5236  6353 I IPCThreadState: oneway function results for code 2 on binder at 0xb400007abd954850 will be dropped but finished with status UNKNOWN_TRANSACTION
02-20 16:01:10.193  5236  5901 I IPCThreadState: oneway function results for code 2 on binder at 0xb400007abd961930 will be dropped but finished with status UNKNOWN_TRANSACTION
02-20 16:01:10.198  1811  1829 E ApplicationHelper: Fail to get PackageManager
02-20 16:01:10.201  1811  1829 E ApplicationHelper: Fail to get PackageManager
02-20 16:01:10.201  1811  1829 E ApplicationHelper: Fail to get PackageManager
02-20 16:01:10.333  1446  1532 E mtk_storageproxyd: ipc-trustonic: ipc_trustonic_connect: retry left 4
02-20 16:01:10.336  1446  1532 E mtk_storageproxyd: ipc-trustonic: ipc_trustonic_connect: Unable to resolve family name (-12)
02-20 16:01:10.530  1276  1276 I BufferQueueProducer: [app.validator.intelligence/app.validator.intelligence.MainActivity#3190](this:0xb400007b1faa43d0,id:-1,api:0,p:-1,c:1276) queueBuffer: fps=116.39 dur=1005.21 max=17.33 min=7.63
02-20 16:01:10.622  1229  1229 I hwcomposer: [HWCDisplay] [Display_0 (type:1, mode:2)] fps:116.512756,dur:1004.18,max:18.00,min:6.88  
02-20 16:01:11.049  1248  1309 I libPerfCtl: xgfGetFPS pid:2194 fps:-1
02-20 16:01:11.049  1248  1309 I libPerfCtl: xgfGetFPS pid:6384 fps:-1
02-20 16:01:11.337  1446  1532 E mtk_storageproxyd: ipc-trustonic: ipc_trustonic_connect: retry left 3
02-20 16:01:11.338  1446  1532 E mtk_storageproxyd: ipc-trustonic: ipc_trustonic_connect: Unable to resolve family name (-12)
02-20 16:01:11.535  1276  1276 I BufferQueueProducer: [app.validator.intelligence/app.validator.intelligence.MainActivity#3190](this:0xb400007b1faa43d0,id:-1,api:0,p:-1,c:1276) queueBuffer: fps=115.42 dur=1005.04 max=17.03 min=7.56
02-20 16:01:11.574  1211  6501 I resolv  : GetAddrInfoHandler::run: {100 100 100 983140 10228 0}
02-20 16:01:11.575  1211  6502 I resolv  : res_nmkquery: (QUERY, IN, A)
02-20 16:01:11.576  1211  6502 I resolv  : resolv_cache_lookup: FOUND IN CACHE entry=0xb4000070f9e99a70
02-20 16:01:11.576  1211  6502 I resolv  : doQuery: rcode=0, ancount=2, return value=90
02-20 16:01:11.628  1229  1229 I hwcomposer: [HWCDisplay] [Display_0 (type:1, mode:2)] fps:113.292404,dur:1006.25,max:17.34,min:6.70  
02-20 16:01:11.644  2055  2062 I WifiHAL : LLS RSP: data=0xb40000753b9d3030, len=4868
02-20 16:01:11.644  2055  2062 I WifiHAL : LLS check_data_sanity: 1821: current_radio_stat->num_channels=43
02-20 16:01:11.644  2055  2062 I WifiHAL : LLS check_data_sanity: 1821: current_radio_stat->num_channels=17
02-20 16:01:11.644  2055  2062 I WifiHAL : LLS check_data_sanity: confirmed_size=4868, len=4868
02-20 16:01:11.653  2055  2062 I WifiHAL : feature_set=0x8489341a
02-20 16:01:12.049  1248  1309 I libPerfCtl: xgfGetFPS pid:2194 fps:-1
02-20 16:01:12.049  1248  1309 I libPerfCtl: xgfGetFPS pid:6384 fps:-1
02-20 16:01:12.338  1446  1532 E mtk_storageproxyd: ipc-trustonic: ipc_trustonic_connect: retry left 2
02-20 16:01:12.339  1446  1532 E mtk_storageproxyd: ipc-trustonic: ipc_trustonic_connect: Unable to resolve family name (-12)
02-20 16:01:12.540  1276  1276 I BufferQueueProducer: [app.validator.intelligence/app.validator.intelligence.MainActivity#3190](this:0xb400007b1faa43d0,id:-1,api:0,p:-1,c:1276) queueBuffer: fps=112.43 dur=1005.10 max=17.18 min=7.47
02-20 16:01:12.634  1229  1229 I hwcomposer: [HWCDisplay] [Display_0 (type:1, mode:2)] fps:114.369339,dur:1005.51,max:17.61,min:6.34  
02-20 16:01:13.050  1248  1309 I libPerfCtl: xgfGetFPS pid:2194 fps:-1
02-20 16:01:13.050  1248  1309 I libPerfCtl: xgfGetFPS pid:6384 fps:-1
02-20 16:01:13.340  1446  1532 E mtk_storageproxyd: ipc-trustonic: ipc_trustonic_connect: retry left 1
02-20 16:01:13.341  1446  1532 E mtk_storageproxyd: ipc-trustonic: ipc_trustonic_connect: Unable to resolve family name (-12)
02-20 16:01:13.545  1276  1276 I BufferQueueProducer: [app.validator.intelligence/app.validator.intelligence.MainActivity#3190](this:0xb400007b1faa43d0,id:-1,api:0,p:-1,c:1276) queueBuffer: fps=116.38 dur=1005.34 max=17.20 min=7.34
02-20 16:01:13.638  1229  1229 I hwcomposer: [HWCDisplay] [Display_0 (type:1, mode:2)] fps:116.492203,dur:1004.36,max:18.63,min:6.46  
02-20 16:01:14.050  1248  1309 I libPerfCtl: xgfGetFPS pid:2194 fps:-1
02-20 16:01:14.050  1248  1309 I libPerfCtl: xgfGetFPS pid:6384 fps:-1
02-20 16:01:14.343  1446  1532 E mtk_storageproxyd: ipc-trustonic: ipc_trustonic_connect: retry left 0
