02-20 12:08:40.106  1811  1829 E ApplicationHelper: Fail to get PackageManager
02-20 12:08:40.115  1811  1829 E ApplicationHelper: Fail to get PackageManager
02-20 12:08:40.132  1811  1829 E ApplicationHelper: Fail to get PackageManager
02-20 12:08:40.133  1811  1829 E ApplicationHelper: Fail to get PackageManager
02-20 12:08:40.151   570   604 E keystore2: system/security/keystore2/src/error.rs:171 - system/security/keystore2/src/security_level.rs:317
02-20 12:08:40.151   570   604 E keystore2: 
02-20 12:08:40.151   570   604 E keystore2: Caused by:
02-20 12:08:40.151   570   604 E keystore2:     0: system/security/keystore2/src/enforcements.rs:623: matching auth token is expired.
02-20 12:08:40.151   570   604 E keystore2:     1: Error::Km(r#KEY_USER_NOT_AUTHENTICATED)
02-20 12:08:41.965  1811  1829 E ApplicationHelper: Fail to get PackageManager
02-20 12:08:41.967  1811  1829 E ApplicationHelper: Fail to get PackageManager
02-20 12:08:42.658  1811  1829 E ApplicationHelper: Fail to get PackageManager
02-20 12:08:42.662  1811  1829 E ApplicationHelper: Fail to get PackageManager
02-20 12:08:44.113  1811  5713 W OptProp : Cannot read opt property android.window.PROPERTY_COMPAT_ALLOW_ORIENTATION_OVERRIDE
02-20 12:08:44.113  1811  5713 W OptProp : Cannot read opt property android.window.PROPERTY_COMPAT_ALLOW_RESIZEABLE_ACTIVITY_OVERRIDES
02-20 12:08:44.114  1811  5713 W OptProp : Cannot read opt property android.window.PROPERTY_COMPAT_ALLOW_MIN_ASPECT_RATIO_OVERRIDE
02-20 12:08:44.124  1811  5713 I ActivityTaskManager: START u0 {act=android.intent.action.MAIN cat=[android.intent.category.LAUNCHER] flg=0x10200000 cmp=app.validator.intelligence/.MainActivity bnds=[312,2328][600,2551]} with LAUNCH_SINGLE_TASK from uid 10153 (BAL_ALLOW_VISIBLE_WINDOW) result code=0
02-20 12:08:44.131  1811  1829 E ApplicationHelper: Fail to get PackageManager
02-20 12:08:44.133  1811  1829 E ApplicationHelper: Fail to get PackageManager
02-20 12:08:44.134  1811  1829 E ApplicationHelper: Fail to get PackageManager
02-20 12:08:44.134  1811  1829 E ApplicationHelper: Fail to get PackageManager
02-20 12:08:44.134  1811  1829 E ApplicationHelper: Fail to get PackageManager
02-20 12:08:44.134  1811  1829 E ApplicationHelper: Fail to get PackageManager
02-20 12:08:44.134  1811  1829 E ApplicationHelper: Fail to get PackageManager
02-20 12:08:44.142  1811  1841 I ActivityManager: Start proc 20550:app.validator.intelligence/u0a228 for next-top-activity {app.validator.intelligence/app.validator.intelligence.MainActivity}
02-20 12:08:44.147  1811  5713 W UserManagerService: Requested status bar icon for non-badged user 0
02-20 12:08:44.185  1811  1829 E ApplicationHelper: Fail to get PackageManager
02-20 12:08:44.343  1811  5646 W WindowManager: Changing focus from Window{ac1137b u0 com.android.launcher3/com.android.searchlauncher.SearchLauncher} to null displayId=0 Callers=com.android.server.wm.RootWindowContainer.updateFocusedWindowLocked:468 com.android.server.wm.WindowManagerService.updateFocusedWindowLocked:6623 com.android.server.wm.ActivityTaskManagerService.setLastResumedActivityUncheckLocked:5047 com.android.server.wm.ActivityTaskSupervisor.updateTopResumedActivityIfNeeded:2326 
02-20 12:08:44.348  1811  1811 E MBrainLocalService: notifyAppSwitch failed
02-20 12:08:44.512  1811  1841 I ActivityManager: Start proc 20577:com.google.android.webview:sandboxed_process0:org.chromium.content.app.SandboxedProcessService0:0/u0i66 for  {app.validator.intelligence/org.chromium.content.app.SandboxedProcessService0:0}
02-20 12:08:44.533  1811  1829 E ApplicationHelper: Fail to get PackageManager
02-20 12:08:44.548  1811  1829 E ApplicationHelper: Fail to get PackageManager
02-20 12:08:44.553  1811  1829 E ApplicationHelper: Fail to get PackageManager
02-20 12:08:44.674  1811  1829 E ApplicationHelper: Fail to get PackageManager
02-20 12:08:44.674  1811  1829 E ApplicationHelper: Fail to get PackageManager
02-20 12:08:44.674  1811  1829 E ApplicationHelper: Fail to get PackageManager
02-20 12:08:44.686  1811  3487 W UserManagerService: Requested status bar icon for non-badged user 0
02-20 12:08:44.687  1811  3487 W UserManagerService: Requested status bar icon for non-badged user 0
02-20 12:08:44.718  1811  1829 E ApplicationHelper: Fail to get PackageManager
02-20 12:08:44.730  1811  5646 W WindowManager: Changing focus from null to Window{6f5a90a u0 app.validator.intelligence/app.validator.intelligence.MainActivity} displayId=0 Callers=com.android.server.wm.RootWindowContainer.updateFocusedWindowLocked:468 com.android.server.wm.WindowManagerService.updateFocusedWindowLocked:6623 com.android.server.wm.WindowManagerService.relayoutWindowInner:2691 com.android.server.wm.WindowManagerService.relayoutWindow:2361 
02-20 12:08:44.732  1811  5646 I WindowManager: Relayout Window{6f5a90a u0 app.validator.intelligence/app.validator.intelligence.MainActivity}: oldVis=4 newVis=0 focusMayChange = true requestedWidth = 1200 requestedHeight = 2670 outFrames = ClientWindowFrames{frame=[0,0][1200,2670] display=[0,0][1200,2670] parentFrame=[0,0][0,0]} outSurfaceControl = Surface(name=app.validator.intelligence/app.validator.intelligence.MainActivity)/@0x17b99b0
02-20 12:08:44.737  1811  1829 E ApplicationHelper: Fail to get PackageManager
02-20 12:08:44.739  1811  1829 E ApplicationHelper: Fail to get PackageManager
02-20 12:08:44.747  1811  1829 E ApplicationHelper: Fail to get PackageManager
02-20 12:08:44.750  1811  1829 E ApplicationHelper: Fail to get PackageManager
02-20 12:08:44.752  1811  1829 E ApplicationHelper: Fail to get PackageManager
02-20 12:08:44.754  1811  1829 E ApplicationHelper: Fail to get PackageManager
02-20 12:08:44.796  1811  1829 E ApplicationHelper: Fail to get PackageManager
02-20 12:08:44.798  1811  1829 E ApplicationHelper: Fail to get PackageManager
02-20 12:08:44.798  1811  1829 E ApplicationHelper: Fail to get PackageManager
02-20 12:08:44.798  1811  1829 E ApplicationHelper: Fail to get PackageManager
02-20 12:08:44.798  1811  1829 E ApplicationHelper: Fail to get PackageManager
02-20 12:08:44.798  1811  1829 E ApplicationHelper: Fail to get PackageManager
02-20 12:08:44.798  1811  1829 E ApplicationHelper: Fail to get PackageManager
02-20 12:08:44.798  1811  1829 E ApplicationHelper: Fail to get PackageManager
02-20 12:08:44.798  1811  1829 E ApplicationHelper: Fail to get PackageManager
02-20 12:08:44.807  1811  1829 E ApplicationHelper: Fail to get PackageManager
02-20 12:08:44.807  1811  1829 E ApplicationHelper: Fail to get PackageManager
02-20 12:08:44.809  1811  1860 I DisplayPowerController2[0]: BrightnessEvent: disp=0, physDisp=local:4627039422300187648, displayState=ON, displayPolicy=BRIGHT, brt=0.06993021, initBrt=0.11587562, rcmdBrt=0.06993021, preBrt=0.11587562, lux=23.88725, preLux=49.0, hbmMax=1.0, hbmMode=off, rbcStrength=50, thrmMax=1.0, powerFactor=1.0, wasShortTermModelActive=false, flags=, reason=automatic, autoBrightness=true, strategy=InvalidBrightnessStrategy, autoBrightnessMode=default
02-20 12:08:44.814  1811  1811 I BrightnessSynchronizer: [245] New Update 0.06993021(f) set brightness values:  19(i)
02-20 12:08:44.814  1811  1811 I BrightnessSynchronizer: Swallowing update of 19(i) by update: {[245] 0.06993021(f), mUpdatedTypes=1, mConfirmedTypes=1, mTimeUpdated=23733133}
02-20 12:08:44.815  1811  1811 I BrightnessSynchronizer: Completed Update: {[245] 0.06993021(f), mUpdatedTypes=1, mConfirmedTypes=1, mTimeUpdated=23733133}
02-20 12:08:44.816  1811  5712 W PackageConfigPersister: App-specific configuration not found for packageName: app.validator.intelligence and userId: 0
02-20 12:08:44.820  1811  1829 E ApplicationHelper: Fail to get PackageManager
02-20 12:08:44.820  1811  1829 E ApplicationHelper: Fail to get PackageManager
02-20 12:08:45.138  1811  1829 E ApplicationHelper: Fail to get PackageManager
02-20 12:08:45.138  1811  1829 E ApplicationHelper: Fail to get PackageManager
02-20 12:08:45.144  1811  1829 E ApplicationHelper: Fail to get PackageManager
02-20 12:08:48.686  1811  1829 E ApplicationHelper: Fail to get PackageManager
02-20 12:08:50.651   570 20519 I keystore2: system/security/keystore2/watchdog/src/lib.rs:319 - Watchdog thread idle -> terminating. Have a great day.
02-20 12:08:51.247  1811  1829 E ApplicationHelper: Fail to get PackageManager
02-20 12:08:55.137  1811  1829 E ApplicationHelper: Fail to get PackageManager
02-20 12:08:55.143  1811  1829 E ApplicationHelper: Fail to get PackageManager
02-20 12:08:59.795  1811  1829 E ApplicationHelper: Fail to get PackageManager
02-20 12:08:59.797  1811  1829 E ApplicationHelper: Fail to get PackageManager
02-20 12:08:59.800  1811  1829 E ApplicationHelper: Fail to get PackageManager
02-20 12:08:59.803  1811  1829 E ApplicationHelper: Fail to get PackageManager
02-20 12:08:59.875  1811  1829 E ApplicationHelper: Fail to get PackageManager
02-20 12:08:59.883  1811  1829 E ApplicationHelper: Fail to get PackageManager
02-20 12:09:06.383  1811  1829 E ApplicationHelper: Fail to get PackageManager
02-20 12:09:06.398  1811  1829 E ApplicationHelper: Fail to get PackageManager
02-20 12:09:09.930  1811  1829 E ApplicationHelper: Fail to get PackageManager
02-20 12:09:10.342  1811  5712 I PackageManager: Result set changed, dropping preferred activity for Intent { act=android.intent.action.VIEW cat=[android.intent.category.BROWSABLE] dat=solana-wallet:/... } type null
02-20 12:09:10.346  1811  5712 W OptProp : Cannot read opt property android.window.PROPERTY_COMPAT_ALLOW_ORIENTATION_OVERRIDE
02-20 12:09:10.349  1811  5712 W OptProp : Cannot read opt property android.window.PROPERTY_COMPAT_ALLOW_MIN_ASPECT_RATIO_OVERRIDE
02-20 12:09:10.354  1811  1811 E MBrainLocalService: notifyAppSwitch failed
02-20 12:09:10.355  1811  5712 I ActivityTaskManager: START u0 {act=android.intent.action.VIEW cat=[android.intent.category.BROWSABLE] dat=solana-wallet:/... cmp=android/com.android.internal.app.ResolverActivity} with LAUNCH_MULTIPLE from uid 10228 (BAL_ALLOW_VISIBLE_WINDOW) result code=0
02-20 12:09:10.365  1811  1841 I ActivityManager: Start proc 20662:system:ui/1000 for next-top-activity {android/com.android.internal.app.ResolverActivity}
02-20 12:09:10.385  1811  1829 E ApplicationHelper: Fail to get PackageManager
02-20 12:09:10.393  1811  1829 E ApplicationHelper: Fail to get PackageManager
02-20 12:09:10.852  1811  1831 W ActivityTaskManager: Activity top resumed state loss timeout for ActivityRecord{b1cbb3a u0 app.validator.intelligence/.MainActivity t689}
02-20 12:09:10.854  1811  1831 W ActivityTaskManager: Activity pause timeout for ActivityRecord{b1cbb3a u0 app.validator.intelligence/.MainActivity t689}
02-20 12:09:10.856  1811  1831 W WindowManager: Changing focus from Window{6f5a90a u0 app.validator.intelligence/app.validator.intelligence.MainActivity} to null displayId=0 Callers=com.android.server.wm.RootWindowContainer.updateFocusedWindowLocked:468 com.android.server.wm.WindowManagerService.updateFocusedWindowLocked:6623 com.android.server.wm.ActivityTaskManagerService.setLastResumedActivityUncheckLocked:5047 com.android.server.wm.ActivityTaskSupervisor.updateTopResumedActivityIfNeeded:2326 
02-20 12:09:10.858  1811  1811 E MBrainLocalService: notifyAppSwitch failed
02-20 12:09:10.858  1811  1831 W OptProp : Cannot read opt property android.window.PROPERTY_COMPAT_ALLOW_RESIZEABLE_ACTIVITY_OVERRIDES
02-20 12:09:10.859  1811  1829 E ApplicationHelper: Fail to get PackageManager
02-20 12:09:10.880  1811  1829 E ApplicationHelper: Fail to get PackageManager
02-20 12:09:10.906  1811  5712 W WindowManager: Changing focus from null to Window{61c4e64 u0 android/com.android.internal.app.ResolverActivity} displayId=0 Callers=com.android.server.wm.RootWindowContainer.updateFocusedWindowLocked:468 com.android.server.wm.WindowManagerService.updateFocusedWindowLocked:6623 com.android.server.wm.WindowManagerService.relayoutWindowInner:2691 com.android.server.wm.WindowManagerService.relayoutWindow:2361 
02-20 12:09:10.907  1811  1829 E ApplicationHelper: Fail to get PackageManager
02-20 12:09:10.908  1811  5712 I WindowManager: Relayout Window{61c4e64 u0 android/com.android.internal.app.ResolverActivity}: oldVis=4 newVis=0 focusMayChange = true requestedWidth = 1200 requestedHeight = 2670 outFrames = ClientWindowFrames{frame=[0,0][1200,2670] display=[0,0][1200,2670] parentFrame=[0,0][0,0]} outSurfaceControl = Surface(name=android/com.android.internal.app.ResolverActivity)/@0x76105fc
02-20 12:09:10.999  1811  1829 E ApplicationHelper: Fail to get PackageManager
02-20 12:09:10.999  1811  1829 E ApplicationHelper: Fail to get PackageManager
02-20 12:09:10.999  1811  1829 E ApplicationHelper: Fail to get PackageManager
02-20 12:09:10.999  1811  1829 E ApplicationHelper: Fail to get PackageManager
02-20 12:09:10.999  1811  1829 E ApplicationHelper: Fail to get PackageManager
02-20 12:09:11.009  1811  5712 W UserManagerService: Requested status bar icon for non-badged user 0
02-20 12:09:11.025  1811  5710 W PackageConfigPersister: App-specific configuration not found for packageName: android and userId: 0
02-20 12:09:11.617  1811  1829 E ApplicationHelper: Fail to get PackageManager
02-20 12:09:11.617  1811  1829 E ApplicationHelper: Fail to get PackageManager
02-20 12:09:11.619  1811  5710 W UserManagerService: Requested status bar icon for non-badged user 0
02-20 12:09:13.420  1811  1829 E ApplicationHelper: Fail to get PackageManager
02-20 12:09:14.985  1811  3487 W OptProp : Cannot read opt property android.window.PROPERTY_COMPAT_ALLOW_ORIENTATION_OVERRIDE
02-20 12:09:14.987  1811  3487 W OptProp : Cannot read opt property android.window.PROPERTY_COMPAT_ALLOW_RESIZEABLE_ACTIVITY_OVERRIDES
02-20 12:09:14.987  1811  3487 W OptProp : Cannot read opt property android.window.PROPERTY_COMPAT_ALLOW_MIN_ASPECT_RATIO_OVERRIDE
02-20 12:09:14.996  1811  1811 E MBrainLocalService: notifyAppSwitch failed
02-20 12:09:14.996  1811  3487 I ActivityTaskManager: START u0 {act=android.intent.action.VIEW cat=[android.intent.category.BROWSABLE] dat=solana-wallet:/... flg=0x3000000 cmp=com.solanamobile.wallet/.MWABottomSheetActivity} with LAUNCH_SINGLE_TASK from uid 10228 (realCallingUid=1000) (BAL_ALLOW_VISIBLE_WINDOW) result code=0
02-20 12:09:15.012  1811  1841 I ActivityManager: Start proc 20717:com.solanamobile.wallet/u0a58 for next-top-activity {com.solanamobile.wallet/com.solanamobile.wallet.MWABottomSheetActivity}
02-20 12:09:15.034  1811  1829 E ApplicationHelper: Fail to get PackageManager
02-20 12:09:15.041  1811  1829 E ApplicationHelper: Fail to get PackageManager
02-20 12:09:15.041  1811  1899 W ProcessStats: Tracking association SourceState{100dd0a system/1000 ImpBg #61085} whose proc state 6 is better than process ProcessState{45e5894 com.uprock.mining/10216 pkg=com.uprock.mining} proc state 14 (7 skipped)
02-20 12:09:15.043  1811  1899 W JobServiceContext: Sending onNetworkChanged for a job that isn't started. JobStatus{2e429cf #u0a216/-1840500861 com.uprock.mining/com.google.android.datatransport.runtime.scheduling.jobscheduling.JobInfoSchedulerService u=0 s=10216 TIME=-3s74ms:none NET READY}
02-20 12:09:15.059  1811  1829 E ApplicationHelper: Fail to get PackageManager
02-20 12:09:15.088  1811  5646 W WindowManager: Changing focus from Window{61c4e64 u0 android/com.android.internal.app.ResolverActivity} to null displayId=0 Callers=com.android.server.wm.RootWindowContainer.updateFocusedWindowLocked:468 com.android.server.wm.WindowManagerService.updateFocusedWindowLocked:6623 com.android.server.wm.ActivityTaskManagerService.setLastResumedActivityUncheckLocked:5047 com.android.server.wm.ActivityTaskSupervisor.updateTopResumedActivityIfNeeded:2326 
02-20 12:09:15.092  1811  1811 E MBrainLocalService: notifyAppSwitch failed
02-20 12:09:15.343  1811  1829 E ApplicationHelper: Fail to get PackageManager
02-20 12:09:15.346  1811  1829 E ApplicationHelper: Fail to get PackageManager
02-20 12:09:15.361  1811  1829 E ApplicationHelper: Fail to get PackageManager
02-20 12:09:15.375  1811  1829 E ApplicationHelper: Fail to get PackageManager
02-20 12:09:15.382  1811  1829 E ApplicationHelper: Fail to get PackageManager
02-20 12:09:15.410  1811  5710 W WindowManager: Changing focus from null to Window{7c5fd9f u0 com.solanamobile.wallet/com.solanamobile.wallet.MWABottomSheetActivity} displayId=0 Callers=com.android.server.wm.RootWindowContainer.updateFocusedWindowLocked:468 com.android.server.wm.WindowManagerService.updateFocusedWindowLocked:6623 com.android.server.wm.WindowManagerService.relayoutWindowInner:2691 com.android.server.wm.WindowManagerService.relayoutWindow:2361 
02-20 12:09:15.413  1811  5710 I WindowManager: Relayout Window{7c5fd9f u0 com.solanamobile.wallet/com.solanamobile.wallet.MWABottomSheetActivity}: oldVis=4 newVis=0 focusMayChange = true requestedWidth = 1200 requestedHeight = 2488 outFrames = ClientWindowFrames{frame=[0,110][1200,2598] display=[0,78][1200,2598] parentFrame=[0,0][0,0]} outSurfaceControl = Surface(name=com.solanamobile.wallet/com.solanamobile.wallet.MWABottomSheetActivity)/@0x3ae8cfa
02-20 12:09:15.427  1811  1829 E ApplicationHelper: Fail to get PackageManager
02-20 12:09:15.429  1811  1829 E ApplicationHelper: Fail to get PackageManager
02-20 12:09:15.482  1811  5713 W UserManagerService: Requested status bar icon for non-badged user 0
02-20 12:09:15.487  1811  5713 W UserManagerService: Requested status bar icon for non-badged user 0
02-20 12:09:15.488  1811  5713 W UserManagerService: Requested status bar icon for non-badged user 0
02-20 12:09:15.492  1811  1829 E ApplicationHelper: Fail to get PackageManager
02-20 12:09:15.492  1811  1829 E ApplicationHelper: Fail to get PackageManager
02-20 12:09:15.514  1811  1829 E ApplicationHelper: Fail to get PackageManager
02-20 12:09:15.514  1811  1829 E ApplicationHelper: Fail to get PackageManager
02-20 12:09:15.514  1811  1829 E ApplicationHelper: Fail to get PackageManager
02-20 12:09:15.514  1811  1829 E ApplicationHelper: Fail to get PackageManager
02-20 12:09:15.514  1811  1829 E ApplicationHelper: Fail to get PackageManager
02-20 12:09:15.514  1811  1829 E ApplicationHelper: Fail to get PackageManager
02-20 12:09:15.514  1811  1829 E ApplicationHelper: Fail to get PackageManager
02-20 12:09:15.514  1811  1829 E ApplicationHelper: Fail to get PackageManager
02-20 12:09:15.514  1811  2296 W PackageConfigPersister: App-specific configuration not found for packageName: com.solanamobile.wallet and userId: 0
02-20 12:09:15.940  1811  1829 E ApplicationHelper: Fail to get PackageManager
02-20 12:09:16.620  1811  1841 I ActivityManager: Start proc 20927:com.solanamobile.seedvaultimpl/u0a87 for content provider {com.solanamobile.seedvaultimpl/com.solanamobile.seedvaultimpl.contentprovider.WalletContentProvider}
02-20 12:09:16.649  1811  1829 E ApplicationHelper: Fail to get PackageManager
02-20 12:09:16.695  1811  1829 E ApplicationHelper: Fail to get PackageManager
02-20 12:09:22.838  1811  1829 E ApplicationHelper: Fail to get PackageManager
02-20 12:09:25.071  1811  1829 E ApplicationHelper: Fail to get PackageManager
02-20 12:09:26.559   570 20878 I keystore2: system/security/keystore2/watchdog/src/lib.rs:319 - Watchdog thread idle -> terminating. Have a great day.
02-20 12:09:26.918  1811  1829 E ApplicationHelper: Fail to get PackageManager
02-20 12:09:26.918  1811  1829 E ApplicationHelper: Fail to get PackageManager
02-20 12:09:31.106  1811  1829 E ApplicationHelper: Fail to get PackageManager
02-20 12:09:31.110  1811  1829 E ApplicationHelper: Fail to get PackageManager
02-20 12:09:31.114  1811  1829 E ApplicationHelper: Fail to get PackageManager
02-20 12:09:31.923  1811  1829 E ApplicationHelper: Fail to get PackageManager
02-20 12:09:31.924  1811  1829 E ApplicationHelper: Fail to get PackageManager
02-20 12:09:31.926  1811  1829 E ApplicationHelper: Fail to get PackageManager
02-20 12:09:31.929  1811  1829 E ApplicationHelper: Fail to get PackageManager
02-20 12:09:37.148  1811  1829 E ApplicationHelper: Fail to get PackageManager
02-20 12:09:41.594  1811  1829 E ApplicationHelper: Fail to get PackageManager
02-20 12:09:41.600  1811  1829 E ApplicationHelper: Fail to get PackageManager
02-20 12:09:44.806  1811  1829 E ApplicationHelper: Fail to get PackageManager
02-20 12:09:46.263  1811  1829 E ApplicationHelper: Fail to get PackageManager
02-20 12:09:50.708  1811  3487 W ContextImpl: Calling a method in the system process without a qualified user: android.app.ContextImpl.sendBroadcastMultiplePermissions:1299 android.content.Context.sendBroadcastMultiplePermissions:2522 com.android.server.TelephonyRegistry.broadcastServiceStateChanged:3701 com.android.server.TelephonyRegistry.notifyServiceStateForPhoneId:1763 com.android.internal.telephony.ITelephonyRegistry$Stub.onTransact:546 
02-20 12:09:50.709  1811  3487 W ContextImpl: Calling a method in the system process without a qualified user: android.app.ContextImpl.sendBroadcastMultiplePermissions:1332 com.android.server.TelephonyRegistry.broadcastServiceStateChanged:3706 com.android.server.TelephonyRegistry.notifyServiceStateForPhoneId:1763 com.android.internal.telephony.ITelephonyRegistry$Stub.onTransact:546 android.os.Binder.execTransactInternal:1505 
02-20 12:09:50.712  1811  3487 W ContextImpl: Calling a method in the system process without a qualified user: android.app.ContextImpl.sendBroadcastMultiplePermissions:1332 com.android.server.TelephonyRegistry.broadcastServiceStateChanged:3715 com.android.server.TelephonyRegistry.notifyServiceStateForPhoneId:1763 com.android.internal.telephony.ITelephonyRegistry$Stub.onTransact:546 android.os.Binder.execTransactInternal:1505 
02-20 12:09:50.713  1811  3487 W ContextImpl: Calling a method in the system process without a qualified user: android.app.ContextImpl.sendBroadcastMultiplePermissions:1332 com.android.server.TelephonyRegistry.broadcastServiceStateChanged:3721 com.android.server.TelephonyRegistry.notifyServiceStateForPhoneId:1763 com.android.internal.telephony.ITelephonyRegistry$Stub.onTransact:546 android.os.Binder.execTransactInternal:1505 
02-20 12:09:50.721  2194  2194 I EmergencyButton: show = true
02-20 12:09:50.721  1811  1829 E ApplicationHelper: Fail to get PackageManager
02-20 12:09:50.728  1811  1829 E ApplicationHelper: Fail to get PackageManager
02-20 12:09:52.278  1811  1829 E ApplicationHelper: Fail to get PackageManager
02-20 12:09:52.308  1811  1829 E ApplicationHelper: Fail to get PackageManager
02-20 12:09:58.320  1811  1829 E ApplicationHelper: Fail to get PackageManager
02-20 12:10:06.316  1811  1831 I ActivityManager: updateOomAdj start time is before than pendingPid added, don't delete it
02-20 12:10:06.316  1811  1829 E ApplicationHelper: Fail to get PackageManager
02-20 12:10:06.316  1811  1829 E ApplicationHelper: Fail to get PackageManager
02-20 12:10:06.327  1811  1811 E MBrainLocalService: notifyAppSwitch failed
02-20 12:10:06.327  1811  1829 E ApplicationHelper: Fail to get PackageManager
02-20 12:10:06.327  1811  1829 E ApplicationHelper: Fail to get PackageManager
02-20 12:10:06.331  1811  2296 I WindowManager: Relayout Window{ac1137b u0 com.android.launcher3/com.android.searchlauncher.SearchLauncher}: oldVis=8 newVis=0 focusMayChange = true requestedWidth = 1200 requestedHeight = 2670 outFrames = ClientWindowFrames{frame=[0,0][1200,2670] display=[0,0][1200,2670] parentFrame=[0,0][0,0]} outSurfaceControl = Surface(name=com.android.launcher3/com.android.searchlauncher.SearchLauncher)/@0x8d8561e
02-20 12:10:06.340  1811  5713 I WindowManager: Relayout Window{91555cd u0 com.android.launcher3/com.android.searchlauncher.SearchLauncher}: oldVis=8 newVis=0 focusMayChange = true requestedWidth = 1200 requestedHeight = 2670 outFrames = ClientWindowFrames{frame=[0,0][1200,2670] display=[0,0][1200,2670] parentFrame=[0,0][0,0]} outSurfaceControl = Surface(name=com.android.launcher3/com.android.searchlauncher.SearchLauncher)/@0x3dd1315
02-20 12:10:06.365  1811  1829 E ApplicationHelper: Fail to get PackageManager
02-20 12:10:06.365  1811  1829 E ApplicationHelper: Fail to get PackageManager
02-20 12:10:06.365  1811  1829 E ApplicationHelper: Fail to get PackageManager
02-20 12:10:06.365  1811  1829 E ApplicationHelper: Fail to get PackageManager
02-20 12:10:06.365  1811  1829 E ApplicationHelper: Fail to get PackageManager
02-20 12:10:06.365  1811  1829 E ApplicationHelper: Fail to get PackageManager
02-20 12:10:06.365  1811  1829 E ApplicationHelper: Fail to get PackageManager
02-20 12:10:06.365  1811  1829 E ApplicationHelper: Fail to get PackageManager
02-20 12:10:06.365  1811  1829 E ApplicationHelper: Fail to get PackageManager
02-20 12:10:06.365  1811  1829 E ApplicationHelper: Fail to get PackageManager
02-20 12:10:06.365  1811  1829 E ApplicationHelper: Fail to get PackageManager
02-20 12:10:06.365  1811  1829 E ApplicationHelper: Fail to get PackageManager
02-20 12:10:06.365  1811  1829 E ApplicationHelper: Fail to get PackageManager
02-20 12:10:06.365  1811  1829 E ApplicationHelper: Fail to get PackageManager
02-20 12:10:06.365  1811  1829 E ApplicationHelper: Fail to get PackageManager
02-20 12:10:06.365  1811  1829 E ApplicationHelper: Fail to get PackageManager
02-20 12:10:06.365  1811  1829 E ApplicationHelper: Fail to get PackageManager
02-20 12:10:06.365  1811  1829 E ApplicationHelper: Fail to get PackageManager
02-20 12:10:06.374  1811  5712 W UserManagerService: Requested status bar icon for non-badged user 0
02-20 12:10:06.381  1811  5710 W WindowManager: Changing focus from Window{7c5fd9f u0 com.solanamobile.wallet/com.solanamobile.wallet.MWABottomSheetActivity} to Window{ac1137b u0 com.android.launcher3/com.android.searchlauncher.SearchLauncher} displayId=0 Callers=com.android.server.wm.RootWindowContainer.updateFocusedWindowLocked:468 com.android.server.wm.WindowManagerService.updateFocusedWindowLocked:6623 com.android.server.wm.ActivityTaskManagerService.setLastResumedActivityUncheckLocked:5047 com.android.server.wm.ActivityTaskManagerService.setFocusedTask:2087 
02-20 12:10:06.384  1811  1930 E HandwritingModeController: Cannot get requestId: Handwriting was not initialized.
02-20 12:10:07.022  1811  1829 E ApplicationHelper: Fail to get PackageManager
02-20 12:10:07.022  1811  1829 E ApplicationHelper: Fail to get PackageManager
02-20 12:10:07.030  1811  1829 E ApplicationHelper: Fail to get PackageManager
02-20 12:10:07.037  1811  1829 E ApplicationHelper: Fail to get PackageManager
02-20 12:10:07.056  1811  1829 E ApplicationHelper: Fail to get PackageManager
02-20 12:10:07.057  1811  1829 E ApplicationHelper: Fail to get PackageManager
02-20 12:10:07.674  1811  1811 E MBrainLocalService: notifyAppSwitch failed
02-20 12:10:07.677  1811  1811 E MBrainLocalService: notifyAppSwitch failed
02-20 12:10:07.683  1811  1829 E ApplicationHelper: Fail to get PackageManager
02-20 12:10:07.683  1811  1829 E ApplicationHelper: Fail to get PackageManager
02-20 12:10:07.683  1811  1829 E ApplicationHelper: Fail to get PackageManager
02-20 12:10:07.683  1811  1829 E ApplicationHelper: Fail to get PackageManager
02-20 12:10:07.683  1811  1829 E ApplicationHelper: Fail to get PackageManager
02-20 12:10:07.690  1811  5713 W UserManagerService: Requested status bar icon for non-badged user 0
02-20 12:10:07.692  1811  1811 E MBrainLocalService: notifyAppSwitch failed
02-20 12:10:07.694  1811  5646 W UserManagerService: Requested status bar icon for non-badged user 0
02-20 12:10:07.695  1811  5646 W UserManagerService: Requested status bar icon for non-badged user 0
02-20 12:10:07.695  1811  1831 I ActivityManager: Killing 19288:com.google.android.permissioncontroller/u0a185 (adj 975): empty #17
02-20 12:10:07.696  1811  1831 I ActivityManager: Killing 19179:com.google.android.apps.nbu.files/u0a102 (adj 975): empty #18
02-20 12:10:07.699  1811  1829 E ApplicationHelper: Fail to get PackageManager
02-20 12:10:07.699  1811  1829 E ApplicationHelper: Fail to get PackageManager
02-20 12:10:07.699  1811  1831 I ActivityManager: Killing 13495:com.google.android.euicc/u0a49 (adj 965): empty #17
02-20 12:10:07.699  1811  1829 E ApplicationHelper: Fail to get PackageManager
02-20 12:10:07.700  1811  5710 W PackageConfigPersister: App-specific configuration not found for packageName: com.android.launcher3 and userId: 0
02-20 12:10:07.769  1811  2296 I ActivityTaskManager: Activity reported stop, but no longer stopping: ActivityRecord{51925d7 u0 com.solanamobile.wallet/.MWABottomSheetActivity t689 f}} DESTROYING
02-20 12:10:07.770  1811  1829 E ApplicationHelper: Fail to get PackageManager
02-20 12:10:07.770  1811  1829 E ApplicationHelper: Fail to get PackageManager
02-20 12:10:07.770  1811  1829 E ApplicationHelper: Fail to get PackageManager
02-20 12:10:07.771  1811  1829 E ApplicationHelper: Fail to get PackageManager
02-20 12:10:07.771  1811  1829 E ApplicationHelper: Fail to get PackageManager
02-20 12:10:07.771  1811  1829 E ApplicationHelper: Fail to get PackageManager
02-20 12:10:07.771  1811  1829 E ApplicationHelper: Fail to get PackageManager
02-20 12:10:07.771  1811  1829 E ApplicationHelper: Fail to get PackageManager
02-20 12:10:07.771  1811  1829 E ApplicationHelper: Fail to get PackageManager
02-20 12:10:07.771  1811  1829 E ApplicationHelper: Fail to get PackageManager
02-20 12:10:07.771  1811  1829 E ApplicationHelper: Fail to get PackageManager
02-20 12:10:07.771  1811  1829 E ApplicationHelper: Fail to get PackageManager
02-20 12:10:07.771  1811  1829 E ApplicationHelper: Fail to get PackageManager
02-20 12:10:07.771  1811  1829 E ApplicationHelper: Fail to get PackageManager
02-20 12:10:07.771  1811  1829 E ApplicationHelper: Fail to get PackageManager
02-20 12:10:07.893  1811  1829 E ApplicationHelper: Fail to get PackageManager
02-20 12:10:07.911  1811  1829 E ApplicationHelper: Fail to get PackageManager
02-20 12:10:07.912  1811  3487 I ActivityManager: Killing 20577:com.google.android.webview:sandboxed_process0:org.chromium.content.app.SandboxedProcessService0:0/u0a228i66 (adj 0): isolated not needed
02-20 12:10:07.913  1811  1829 E ApplicationHelper: Fail to get PackageManager
02-20 12:10:07.946  1811  1829 E ApplicationHelper: Fail to get PackageManager
02-20 12:10:07.946  1811  1829 E ApplicationHelper: Fail to get PackageManager
02-20 12:10:07.946  1811  1829 E ApplicationHelper: Fail to get PackageManager
02-20 12:10:07.946  1811  1829 E ApplicationHelper: Fail to get PackageManager
02-20 12:10:07.946  1811  1829 E ApplicationHelper: Fail to get PackageManager
02-20 12:10:07.946  1811  1829 E ApplicationHelper: Fail to get PackageManager
02-20 12:10:08.057  1811  1831 I ActivityManager: Killing 20550:app.validator.intelligence/u0a228 (adj 905): remove task
02-20 12:10:08.189  1811  1831 W ActivityManager: setHasOverlayUi called on unknown pid: 20550
02-20 12:10:13.055  1811  1829 E ApplicationHelper: Fail to get PackageManager
02-20 12:10:17.553  1811  3487 W OptProp : Cannot read opt property android.window.PROPERTY_COMPAT_ALLOW_ORIENTATION_OVERRIDE
02-20 12:10:17.554  1811  3487 W OptProp : Cannot read opt property android.window.PROPERTY_COMPAT_ALLOW_RESIZEABLE_ACTIVITY_OVERRIDES
02-20 12:10:17.555  1811  3487 W OptProp : Cannot read opt property android.window.PROPERTY_COMPAT_ALLOW_MIN_ASPECT_RATIO_OVERRIDE
02-20 12:10:17.563  1811  1811 E MBrainLocalService: notifyAppSwitch failed
02-20 12:10:17.564  1811  3487 I ActivityTaskManager: START u0 {act=android.intent.action.MAIN cat=[android.intent.category.LAUNCHER] flg=0x10200000 cmp=app.validator.intelligence/.MainActivity bnds=[312,2328][600,2551]} with LAUNCH_SINGLE_TASK from uid 10153 (BAL_ALLOW_VISIBLE_WINDOW) result code=0
02-20 12:10:17.565  1811  1829 E ApplicationHelper: Fail to get PackageManager
02-20 12:10:17.575  1811  1829 E ApplicationHelper: Fail to get PackageManager
02-20 12:10:17.575  1811  1829 E ApplicationHelper: Fail to get PackageManager
02-20 12:10:17.575  1811  1829 E ApplicationHelper: Fail to get PackageManager
02-20 12:10:17.575  1811  1829 E ApplicationHelper: Fail to get PackageManager
02-20 12:10:17.575  1811  1829 E ApplicationHelper: Fail to get PackageManager
02-20 12:10:17.575  1811  1829 E ApplicationHelper: Fail to get PackageManager
02-20 12:10:17.575  1811  1829 E ApplicationHelper: Fail to get PackageManager
02-20 12:10:17.575  1811  1829 E ApplicationHelper: Fail to get PackageManager
02-20 12:10:17.576  1811  1841 I ActivityManager: Start proc 21063:app.validator.intelligence/u0a228 for next-top-activity {app.validator.intelligence/app.validator.intelligence.MainActivity}
02-20 12:10:17.578  1811  4696 W WindowManager: Changing focus from Window{ac1137b u0 com.android.launcher3/com.android.searchlauncher.SearchLauncher} to null displayId=0 Callers=com.android.server.wm.RootWindowContainer.updateFocusedWindowLocked:468 com.android.server.wm.WindowManagerService.updateFocusedWindowLocked:6623 com.android.server.wm.WindowManagerService.relayoutWindowInner:2691 com.android.server.wm.WindowManagerService.relayoutWindow:2361 
02-20 12:10:17.599  1811  4696 W UserManagerService: Requested status bar icon for non-badged user 0
02-20 12:10:17.617  1811  1829 E ApplicationHelper: Fail to get PackageManager
02-20 12:10:17.635  1811  1829 E ApplicationHelper: Fail to get PackageManager
02-20 12:10:17.640  1811  1899 W ProcessStats: Tracking association SourceState{100dd0a system/1000 ImpBg #61177} whose proc state 6 is better than process ProcessState{45e5894 com.uprock.mining/10216 pkg=com.uprock.mining} proc state 14 (1 skipped)
02-20 12:10:17.642  1811  1899 W JobServiceContext: Sending onNetworkChanged for a job that isn't started. JobStatus{8a7851f #u0a216/-1840500861 com.uprock.mining/com.google.android.datatransport.runtime.scheduling.jobscheduling.JobInfoSchedulerService u=0 s=10216 TIME=-29s678ms:none NET READY}
02-20 12:10:17.645  1811  1829 E ApplicationHelper: Fail to get PackageManager
02-20 12:10:17.781  1811  1811 E MBrainLocalService: notifyAppSwitch failed
02-20 12:10:17.875  1811  1829 E ApplicationHelper: Fail to get PackageManager
02-20 12:10:17.878  1811  1829 E ApplicationHelper: Fail to get PackageManager
02-20 12:10:17.944  1811  1841 I ActivityManager: Start proc 21097:com.google.android.webview:sandboxed_process0:org.chromium.content.app.SandboxedProcessService0:0/u0i67 for  {app.validator.intelligence/org.chromium.content.app.SandboxedProcessService0:0}
02-20 12:10:17.947  1811  1829 E ApplicationHelper: Fail to get PackageManager
02-20 12:10:17.954  1811  1829 E ApplicationHelper: Fail to get PackageManager
02-20 12:10:17.967  1811  1829 E ApplicationHelper: Fail to get PackageManager
02-20 12:10:17.988  1811  1829 E ApplicationHelper: Fail to get PackageManager
02-20 12:10:17.991  1811  1829 E ApplicationHelper: Fail to get PackageManager
02-20 12:10:17.996  1811  1829 E ApplicationHelper: Fail to get PackageManager
02-20 12:10:18.125  1811  1829 E ApplicationHelper: Fail to get PackageManager
02-20 12:10:18.125  1811  1829 E ApplicationHelper: Fail to get PackageManager
02-20 12:10:18.125  1811  1829 E ApplicationHelper: Fail to get PackageManager
02-20 12:10:18.127  1811  2299 W UserManagerService: Requested status bar icon for non-badged user 0
02-20 12:10:18.130  1811  2299 W UserManagerService: Requested status bar icon for non-badged user 0
02-20 12:10:18.169  1811  1829 E ApplicationHelper: Fail to get PackageManager
02-20 12:10:18.192  1811  4696 W WindowManager: Changing focus from null to Window{fcb96f3 u0 app.validator.intelligence/app.validator.intelligence.MainActivity} displayId=0 Callers=com.android.server.wm.RootWindowContainer.updateFocusedWindowLocked:468 com.android.server.wm.WindowManagerService.updateFocusedWindowLocked:6623 com.android.server.wm.WindowManagerService.relayoutWindowInner:2691 com.android.server.wm.WindowManagerService.relayoutWindow:2361 
02-20 12:10:18.193  1811  4696 I WindowManager: Relayout Window{fcb96f3 u0 app.validator.intelligence/app.validator.intelligence.MainActivity}: oldVis=4 newVis=0 focusMayChange = true requestedWidth = 1200 requestedHeight = 2670 outFrames = ClientWindowFrames{frame=[0,0][1200,2670] display=[0,0][1200,2670] parentFrame=[0,0][0,0]} outSurfaceControl = Surface(name=app.validator.intelligence/app.validator.intelligence.MainActivity)/@0xc2a34e0
02-20 12:10:18.205  1811  1829 E ApplicationHelper: Fail to get PackageManager
02-20 12:10:18.207  1811  1829 E ApplicationHelper: Fail to get PackageManager
02-20 12:10:18.255  1811  1829 E ApplicationHelper: Fail to get PackageManager
02-20 12:10:18.255  1811  1829 E ApplicationHelper: Fail to get PackageManager
02-20 12:10:18.255  1811  1829 E ApplicationHelper: Fail to get PackageManager
02-20 12:10:18.258  1811  1829 E ApplicationHelper: Fail to get PackageManager
02-20 12:10:18.258  1811  1829 E ApplicationHelper: Fail to get PackageManager
02-20 12:10:18.269  1811  1829 E ApplicationHelper: Fail to get PackageManager
02-20 12:10:18.269  1811  1829 E ApplicationHelper: Fail to get PackageManager
02-20 12:10:18.278  1811  1829 E ApplicationHelper: Fail to get PackageManager
02-20 12:10:18.278  1811  1829 E ApplicationHelper: Fail to get PackageManager
02-20 12:10:18.279  1811  4696 W PackageConfigPersister: App-specific configuration not found for packageName: app.validator.intelligence and userId: 0
02-20 12:10:18.599  1811  1829 E ApplicationHelper: Fail to get PackageManager
02-20 12:10:18.599  1811  1829 E ApplicationHelper: Fail to get PackageManager
02-20 12:10:18.600  1811  1829 E ApplicationHelper: Fail to get PackageManager
02-20 12:10:18.665  1811  2514 I PackageManager: Result set changed, dropping preferred activity for Intent { act=android.intent.action.VIEW cat=[android.intent.category.BROWSABLE] dat=solana-wallet:/... } type null
02-20 12:10:18.668  1811  2514 W OptProp : Cannot read opt property android.window.PROPERTY_COMPAT_ALLOW_ORIENTATION_OVERRIDE
02-20 12:10:18.670  1811  2514 W OptProp : Cannot read opt property android.window.PROPERTY_COMPAT_ALLOW_MIN_ASPECT_RATIO_OVERRIDE
02-20 12:10:18.674  1811  1811 E MBrainLocalService: notifyAppSwitch failed
02-20 12:10:18.676  1811  2514 I ActivityTaskManager: START u0 {act=android.intent.action.VIEW cat=[android.intent.category.BROWSABLE] dat=solana-wallet:/... cmp=android/com.android.internal.app.ResolverActivity} with LAUNCH_MULTIPLE from uid 10228 (BAL_ALLOW_VISIBLE_WINDOW) result code=0
02-20 12:10:19.173  1811  1831 W ActivityTaskManager: Activity top resumed state loss timeout for ActivityRecord{7a8e1c7 u0 app.validator.intelligence/.MainActivity t690}
02-20 12:10:19.175  1811  1831 W ActivityTaskManager: Activity pause timeout for ActivityRecord{7a8e1c7 u0 app.validator.intelligence/.MainActivity t690}
02-20 12:10:19.176  1811  1831 W WindowManager: Changing focus from Window{fcb96f3 u0 app.validator.intelligence/app.validator.intelligence.MainActivity} to null displayId=0 Callers=com.android.server.wm.RootWindowContainer.updateFocusedWindowLocked:468 com.android.server.wm.WindowManagerService.updateFocusedWindowLocked:6623 com.android.server.wm.ActivityTaskManagerService.setLastResumedActivityUncheckLocked:5047 com.android.server.wm.ActivityTaskSupervisor.updateTopResumedActivityIfNeeded:2326 
02-20 12:10:19.178  1811  1831 W OptProp : Cannot read opt property android.window.PROPERTY_COMPAT_ALLOW_RESIZEABLE_ACTIVITY_OVERRIDES
02-20 12:10:19.179  1811  1811 E MBrainLocalService: notifyAppSwitch failed
02-20 12:10:19.180  1811  1829 E ApplicationHelper: Fail to get PackageManager
02-20 12:10:19.196  1811  1829 E ApplicationHelper: Fail to get PackageManager
02-20 12:10:19.200  1811  1829 E ApplicationHelper: Fail to get PackageManager
02-20 12:10:19.216  1811  2514 W WindowManager: Changing focus from null to Window{9345c70 u0 android/com.android.internal.app.ResolverActivity} displayId=0 Callers=com.android.server.wm.RootWindowContainer.updateFocusedWindowLocked:468 com.android.server.wm.WindowManagerService.updateFocusedWindowLocked:6623 com.android.server.wm.WindowManagerService.relayoutWindowInner:2691 com.android.server.wm.WindowManagerService.relayoutWindow:2361 
02-20 12:10:19.217  1811  2514 I WindowManager: Relayout Window{9345c70 u0 android/com.android.internal.app.ResolverActivity}: oldVis=4 newVis=0 focusMayChange = true requestedWidth = 1200 requestedHeight = 2670 outFrames = ClientWindowFrames{frame=[0,0][1200,2670] display=[0,0][1200,2670] parentFrame=[0,0][0,0]} outSurfaceControl = Surface(name=android/com.android.internal.app.ResolverActivity)/@0x6134988
02-20 12:10:19.246  1811  2514 W UserManagerService: Requested status bar icon for non-badged user 0
02-20 12:10:19.262  1811  2299 W PackageConfigPersister: App-specific configuration not found for packageName: android and userId: 0
02-20 12:10:19.272  1811  1829 E ApplicationHelper: Fail to get PackageManager
02-20 12:10:19.272  1811  1829 E ApplicationHelper: Fail to get PackageManager
02-20 12:10:19.272  1811  1829 E ApplicationHelper: Fail to get PackageManager
02-20 12:10:19.272  1811  1829 E ApplicationHelper: Fail to get PackageManager
02-20 12:10:19.272  1811  1829 E ApplicationHelper: Fail to get PackageManager
02-20 12:10:19.272  1811  1829 E ApplicationHelper: Fail to get PackageManager
02-20 12:10:19.864  1811  1829 E ApplicationHelper: Fail to get PackageManager
02-20 12:10:19.864  1811  1829 E ApplicationHelper: Fail to get PackageManager
02-20 12:10:19.869  1811  3487 W UserManagerService: Requested status bar icon for non-badged user 0
02-20 12:10:24.398  1811  3487 W OptProp : Cannot read opt property android.window.PROPERTY_COMPAT_ALLOW_ORIENTATION_OVERRIDE
02-20 12:10:24.399  1811  3487 W OptProp : Cannot read opt property android.window.PROPERTY_COMPAT_ALLOW_RESIZEABLE_ACTIVITY_OVERRIDES
02-20 12:10:24.399  1811  3487 W OptProp : Cannot read opt property android.window.PROPERTY_COMPAT_ALLOW_MIN_ASPECT_RATIO_OVERRIDE
02-20 12:10:24.411  1811  1811 E MBrainLocalService: notifyAppSwitch failed
02-20 12:10:24.412  1811  3487 I ActivityTaskManager: START u0 {act=android.intent.action.VIEW cat=[android.intent.category.BROWSABLE] dat=solana-wallet:/... flg=0x3000000 cmp=com.solanamobile.wallet/.MWABottomSheetActivity} with LAUNCH_SINGLE_TASK from uid 10228 (realCallingUid=1000) (BAL_ALLOW_VISIBLE_WINDOW) result code=0
02-20 12:10:24.418  1811  3487 W WindowManager: Changing focus from Window{9345c70 u0 android/com.android.internal.app.ResolverActivity} to null displayId=0 Callers=com.android.server.wm.RootWindowContainer.updateFocusedWindowLocked:468 com.android.server.wm.WindowManagerService.updateFocusedWindowLocked:6623 com.android.server.wm.ActivityTaskManagerService.setLastResumedActivityUncheckLocked:5047 com.android.server.wm.ActivityTaskSupervisor.updateTopResumedActivityIfNeeded:2326 
02-20 12:10:24.421  1811  1811 E MBrainLocalService: notifyAppSwitch failed
02-20 12:10:24.425  1811  1829 E ApplicationHelper: Fail to get PackageManager
02-20 12:10:24.425  1811  1829 E ApplicationHelper: Fail to get PackageManager
02-20 12:10:24.590  1811  2514 W WindowManager: Changing focus from null to Window{6392e7 u0 com.solanamobile.wallet/com.solanamobile.wallet.MWABottomSheetActivity} displayId=0 Callers=com.android.server.wm.RootWindowContainer.updateFocusedWindowLocked:468 com.android.server.wm.WindowManagerService.updateFocusedWindowLocked:6623 com.android.server.wm.WindowManagerService.relayoutWindowInner:2691 com.android.server.wm.WindowManagerService.relayoutWindow:2361 
02-20 12:10:24.592  1811  2514 I WindowManager: Relayout Window{6392e7 u0 com.solanamobile.wallet/com.solanamobile.wallet.MWABottomSheetActivity}: oldVis=4 newVis=0 focusMayChange = true requestedWidth = 1200 requestedHeight = 2488 outFrames = ClientWindowFrames{frame=[0,110][1200,2598] display=[0,78][1200,2598] parentFrame=[0,0][0,0]} outSurfaceControl = Surface(name=com.solanamobile.wallet/com.solanamobile.wallet.MWABottomSheetActivity)/@0x155f7df
02-20 12:10:24.634  1811  2514 W UserManagerService: Requested status bar icon for non-badged user 0
02-20 12:10:24.636  1811  1829 E ApplicationHelper: Fail to get PackageManager
02-20 12:10:24.636  1811  1829 E ApplicationHelper: Fail to get PackageManager
02-20 12:10:24.636  1811  1829 E ApplicationHelper: Fail to get PackageManager
02-20 12:10:24.636  1811  1829 E ApplicationHelper: Fail to get PackageManager
02-20 12:10:24.636  1811  1829 E ApplicationHelper: Fail to get PackageManager
02-20 12:10:24.636  1811  1829 E ApplicationHelper: Fail to get PackageManager
02-20 12:10:24.636  1811  1829 E ApplicationHelper: Fail to get PackageManager
02-20 12:10:24.636  1811  1829 E ApplicationHelper: Fail to get PackageManager
02-20 12:10:24.636  1811  1829 E ApplicationHelper: Fail to get PackageManager
02-20 12:10:24.645  1811  1829 E ApplicationHelper: Fail to get PackageManager
02-20 12:10:24.645  1811  1829 E ApplicationHelper: Fail to get PackageManager
02-20 12:10:24.645  1811  1829 E ApplicationHelper: Fail to get PackageManager
02-20 12:10:24.645  1811  1829 E ApplicationHelper: Fail to get PackageManager
02-20 12:10:24.645  1811  1829 E ApplicationHelper: Fail to get PackageManager
02-20 12:10:24.645  1811  1829 E ApplicationHelper: Fail to get PackageManager
02-20 12:10:24.645  1811  1829 E ApplicationHelper: Fail to get PackageManager
02-20 12:10:24.645  1811  1829 E ApplicationHelper: Fail to get PackageManager
02-20 12:10:24.645  1811  2514 W UserManagerService: Requested status bar icon for non-badged user 0
02-20 12:10:24.647  1811  2514 W UserManagerService: Requested status bar icon for non-badged user 0
02-20 12:10:24.653  1811  4696 W PackageConfigPersister: App-specific configuration not found for packageName: com.solanamobile.wallet and userId: 0
02-20 12:10:25.614  1811  1829 E ApplicationHelper: Fail to get PackageManager
02-20 12:10:29.442  1811  1829 E ApplicationHelper: Fail to get PackageManager
02-20 12:10:29.444  1811  1829 E ApplicationHelper: Fail to get PackageManager
02-20 12:10:31.588  1811  1829 E ApplicationHelper: Fail to get PackageManager
02-20 12:10:31.588  1811  1829 E ApplicationHelper: Fail to get PackageManager
02-20 12:10:31.590  1811  1829 E ApplicationHelper: Fail to get PackageManager
02-20 12:10:31.596  1811  1811 E MBrainLocalService: notifyAppSwitch failed
02-20 12:10:31.598  1811  1829 E ApplicationHelper: Fail to get PackageManager
02-20 12:10:31.600  1811  4696 I WindowManager: Relayout Window{91555cd u0 com.android.launcher3/com.android.searchlauncher.SearchLauncher}: oldVis=8 newVis=0 focusMayChange = true requestedWidth = 1200 requestedHeight = 2670 outFrames = ClientWindowFrames{frame=[0,0][1200,2670] display=[0,0][1200,2670] parentFrame=[0,0][0,0]} outSurfaceControl = Surface(name=com.android.launcher3/com.android.searchlauncher.SearchLauncher)/@0x4a6cadb
02-20 12:10:31.608  1811  2514 I WindowManager: Relayout Window{ac1137b u0 com.android.launcher3/com.android.searchlauncher.SearchLauncher}: oldVis=8 newVis=0 focusMayChange = true requestedWidth = 1200 requestedHeight = 2670 outFrames = ClientWindowFrames{frame=[0,0][1200,2670] display=[0,0][1200,2670] parentFrame=[0,0][0,0]} outSurfaceControl = Surface(name=com.android.launcher3/com.android.searchlauncher.SearchLauncher)/@0x6e30851
02-20 12:10:31.637  1811  1831 W ProcessStats: Tracking association SourceState{f318524 com.solanamobile.wallet/10058 BTop #61228} whose proc state 2 is better than process ProcessState{79d2e64 com.solanamobile.seedvaultimpl/10087 pkg=com.solanamobile.seedvaultimpl} proc state 13 (1 skipped)
02-20 12:10:31.639  1811  1829 E ApplicationHelper: Fail to get PackageManager
02-20 12:10:31.639  1811  1829 E ApplicationHelper: Fail to get PackageManager
02-20 12:10:31.639  1811  1829 E ApplicationHelper: Fail to get PackageManager
02-20 12:10:31.639  1811  1829 E ApplicationHelper: Fail to get PackageManager
02-20 12:10:31.639  1811  1829 E ApplicationHelper: Fail to get PackageManager
02-20 12:10:31.639  1811  1829 E ApplicationHelper: Fail to get PackageManager
02-20 12:10:31.639  1811  1829 E ApplicationHelper: Fail to get PackageManager
02-20 12:10:31.639  1811  1829 E ApplicationHelper: Fail to get PackageManager
02-20 12:10:31.639  1811  1829 E ApplicationHelper: Fail to get PackageManager
02-20 12:10:31.639  1811  1829 E ApplicationHelper: Fail to get PackageManager
02-20 12:10:31.653  1811  4696 W UserManagerService: Requested status bar icon for non-badged user 0
02-20 12:10:31.654  1811  2299 W WindowManager: Changing focus from Window{6392e7 u0 com.solanamobile.wallet/com.solanamobile.wallet.MWABottomSheetActivity} to Window{ac1137b u0 com.android.launcher3/com.android.searchlauncher.SearchLauncher} displayId=0 Callers=com.android.server.wm.RootWindowContainer.updateFocusedWindowLocked:468 com.android.server.wm.WindowManagerService.updateFocusedWindowLocked:6623 com.android.server.wm.ActivityTaskManagerService.setLastResumedActivityUncheckLocked:5047 com.android.server.wm.ActivityTaskManagerService.setFocusedTask:2087 
02-20 12:10:31.657  1811  1930 E HandwritingModeController: Cannot get requestId: Handwriting was not initialized.
02-20 12:10:31.775  1811  1860 I DisplayPowerController2[0]: BrightnessEvent: disp=0, physDisp=local:4627039422300187648, displayState=ON, displayPolicy=BRIGHT, brt=0.04502714, initBrt=0.06993021, rcmdBrt=0.04502714, preBrt=0.06993021, lux=10.0, preLux=22.5668, hbmMax=1.0, hbmMode=off, rbcStrength=50, thrmMax=1.0, powerFactor=1.0, wasShortTermModelActive=false, flags=, reason=automatic, autoBrightness=true, strategy=InvalidBrightnessStrategy, autoBrightnessMode=default
02-20 12:10:31.780  1811  1811 I BrightnessSynchronizer: [246] New Update 0.04502714(f) set brightness values:  12(i)
02-20 12:10:31.782  1811  1811 I BrightnessSynchronizer: Swallowing update of 12(i) by update: {[246] 0.04502714(f), mUpdatedTypes=1, mConfirmedTypes=1, mTimeUpdated=23840098}
