02-20 12:58:56.943  1811  1829 E ApplicationHelper: Fail to get PackageManager
02-20 12:58:56.944  1811  1829 E ApplicationHelper: Fail to get PackageManager
02-20 12:58:57.237  1811  1829 E ApplicationHelper: Fail to get PackageManager
02-20 12:58:57.243  1811  1829 E ApplicationHelper: Fail to get PackageManager
02-20 12:58:57.263  1811  1829 E ApplicationHelper: Fail to get PackageManager
02-20 12:58:57.265  1811  3458 W PresentationStatsEventLogger: Bad view state for: -1
02-20 12:58:57.273  1811  1829 E ApplicationHelper: Fail to get PackageManager
02-20 12:58:57.290  1811  5689 I ActivityManager: Killing 24274:com.android.chrome:sandboxed_process0:org.chromium.content.app.SandboxedProcessService0:11/u0a122i-8989 (adj 0): isolated not needed
02-20 12:58:57.291  1811  1829 E ApplicationHelper: Fail to get PackageManager
02-20 12:58:57.379  1811  5689 W FillResponseEventLogger: Shouldn't be logging AutofillFillRequestReported again for same event
02-20 12:58:57.379  1811  5689 W AutofillInlineSuggestionsRequestSession: Never received an InlineSuggestionsRequest from the IME for 1073741824@1944100753
02-20 12:58:57.382  1811  1829 E ApplicationHelper: Fail to get PackageManager
02-20 12:58:57.387  1811  1829 E ApplicationHelper: Fail to get PackageManager
02-20 12:58:57.391  1811  1829 E ApplicationHelper: Fail to get PackageManager
02-20 12:58:57.394  1811  1829 E ApplicationHelper: Fail to get PackageManager
02-20 12:58:57.396  1811  5689 W PresentationStatsEventLogger: Bad view state for: -1
02-20 12:58:57.409  1811  1881 W PackageConfigPersister: App-specific configuration not found for packageName: com.android.chrome and userId: 0
02-20 12:58:59.811  1811  1829 E ApplicationHelper: Fail to get PackageManager
02-20 12:59:08.648  1811  1829 E ApplicationHelper: Fail to get PackageManager
02-20 12:59:08.651  1811  1829 E ApplicationHelper: Fail to get PackageManager
02-20 12:59:08.918  1811  1829 E ApplicationHelper: Fail to get PackageManager
02-20 12:59:13.552  1811  1881 I WindowManager: Relayout Window{f65c375 u0 EdgeBackGestureHandler0}: oldVis=8 newVis=0 focusMayChange = true requestedWidth = 315 requestedHeight = 804 outFrames = ClientWindowFrames{frame=[885,1717][1200,2521] display=[0,78][1200,2670] parentFrame=[0,0][0,0]} outSurfaceControl = Surface(name=EdgeBackGestureHandler0)/@0x641e904
02-20 12:59:14.951  1811  1829 E ApplicationHelper: Fail to get PackageManager
02-20 12:59:17.065  1811  3458 W FillResponseEventLogger: Shouldn't be logging AutofillFillRequestReported again for same event
02-20 12:59:17.069  1811  3458 W AutofillInlineSuggestionsRequestSession: Never received an InlineSuggestionsRequest from the IME for 1073741824@102559660
02-20 12:59:17.074  1811  1829 E ApplicationHelper: Fail to get PackageManager
02-20 12:59:17.077  1811  1829 E ApplicationHelper: Fail to get PackageManager
02-20 12:59:17.094  1811  1829 E ApplicationHelper: Fail to get PackageManager
02-20 12:59:17.098  1811  1829 E ApplicationHelper: Fail to get PackageManager
02-20 12:59:17.099  1811  1829 E ApplicationHelper: Fail to get PackageManager
02-20 12:59:17.103  1811  1829 E ApplicationHelper: Fail to get PackageManager
02-20 12:59:17.103  1811  1841 I ActivityManager: Start proc 24314:com.android.chrome:sandboxed_process0:org.chromium.content.app.SandboxedProcessService0:12/u0ai12 for  {com.android.chrome/org.chromium.content.app.SandboxedProcessService0:12}
02-20 12:59:17.103  1811  1829 E ApplicationHelper: Fail to get PackageManager
02-20 12:59:17.104  1811  1829 E ApplicationHelper: Fail to get PackageManager
02-20 12:59:17.105  1811  1829 E ApplicationHelper: Fail to get PackageManager
02-20 12:59:17.124  1811  1829 E ApplicationHelper: Fail to get PackageManager
02-20 12:59:17.135  1811  1829 E ApplicationHelper: Fail to get PackageManager
02-20 12:59:17.137  1811  1829 E ApplicationHelper: Fail to get PackageManager
02-20 12:59:17.140  1811  1829 E ApplicationHelper: Fail to get PackageManager
02-20 12:59:22.311  1811  1829 E ApplicationHelper: Fail to get PackageManager
02-20 12:59:22.312  1811  1829 E ApplicationHelper: Fail to get PackageManager
02-20 12:59:24.106  1811  1860 I DisplayPowerController2[0]: BrightnessEvent: disp=0, physDisp=local:4627039422300187648, displayState=ON, displayPolicy=BRIGHT, brt=0.07056403, initBrt=0.0605966, rcmdBrt=0.07056403, preBrt=0.0605966, lux=24.2367, preLux=19.04441, hbmMax=1.0, hbmMode=off, rbcStrength=50, thrmMax=1.0, powerFactor=1.0, wasShortTermModelActive=false, flags=, reason=automatic, autoBrightness=true, strategy=InvalidBrightnessStrategy, autoBrightnessMode=default
02-20 12:59:24.111  1811  1811 I BrightnessSynchronizer: [262] New Update 0.07056403(f) set brightness values:  19(i)
02-20 12:59:24.113  1811  1811 I BrightnessSynchronizer: Swallowing update of 19(i) by update: {[262] 0.07056403(f), mUpdatedTypes=1, mConfirmedTypes=1, mTimeUpdated=26772430}
02-20 12:59:24.113  1811  1811 I BrightnessSynchronizer: Completed Update: {[262] 0.07056403(f), mUpdatedTypes=1, mConfirmedTypes=1, mTimeUpdated=26772430}
02-20 12:59:27.663   570 24337 I keystore2: system/security/keystore2/watchdog/src/lib.rs:319 - Watchdog thread idle -> terminating. Have a great day.
02-20 12:59:32.998  1811  1829 E ApplicationHelper: Fail to get PackageManager
02-20 12:59:32.999  1811  1829 E ApplicationHelper: Fail to get PackageManager
02-20 12:59:33.023  1811  1829 E ApplicationHelper: Fail to get PackageManager
02-20 12:59:33.040  1811  1829 E ApplicationHelper: Fail to get PackageManager
02-20 12:59:33.121  1811  1829 E ApplicationHelper: Fail to get PackageManager
02-20 12:59:33.852  1811  1860 I DisplayPowerController2[0]: BrightnessEvent: disp=0, physDisp=local:4627039422300187648, displayState=ON, displayPolicy=BRIGHT, brt=0.0835822, initBrt=0.07056403, rcmdBrt=0.0835822, preBrt=0.07056403, lux=31.384502, preLux=24.2367, hbmMax=1.0, hbmMode=off, rbcStrength=50, thrmMax=1.0, powerFactor=1.0, wasShortTermModelActive=false, flags=, reason=automatic, autoBrightness=true, strategy=InvalidBrightnessStrategy, autoBrightnessMode=default
02-20 12:59:33.855  1811  1811 I BrightnessSynchronizer: [263] New Update 0.0835822(f) set brightness values:  22(i)
02-20 12:59:33.859  1811  1811 I BrightnessSynchronizer: Swallowing update of 22(i) by update: {[263] 0.0835822(f), mUpdatedTypes=1, mConfirmedTypes=1, mTimeUpdated=26782174}
02-20 12:59:33.859  1811  1811 I BrightnessSynchronizer: Completed Update: {[263] 0.0835822(f), mUpdatedTypes=1, mConfirmedTypes=1, mTimeUpdated=26782174}
02-20 12:59:35.433  1811  1829 E ApplicationHelper: Fail to get PackageManager
02-20 12:59:35.439  1811  1829 E ApplicationHelper: Fail to get PackageManager
02-20 12:59:39.137  1811  1829 E ApplicationHelper: Fail to get PackageManager
02-20 12:59:39.187  1811  1829 E ApplicationHelper: Fail to get PackageManager
02-20 12:59:40.014  1811  1829 E ApplicationHelper: Fail to get PackageManager
02-20 12:59:40.014  1811  1829 E ApplicationHelper: Fail to get PackageManager
02-20 12:59:40.020  1811  1829 E ApplicationHelper: Fail to get PackageManager
02-20 12:59:40.022  1811  1811 E MBrainLocalService: notifyAppSwitch failed
02-20 12:59:40.027  1811  3487 I WindowManager: Relayout Window{91555cd u0 com.android.launcher3/com.android.searchlauncher.SearchLauncher}: oldVis=8 newVis=0 focusMayChange = true requestedWidth = 1200 requestedHeight = 2670 outFrames = ClientWindowFrames{frame=[0,0][1200,2670] display=[0,0][1200,2670] parentFrame=[0,0][0,0]} outSurfaceControl = Surface(name=com.android.launcher3/com.android.searchlauncher.SearchLauncher)/@0xe3cf12c
02-20 12:59:40.033  1811  3458 I WindowManager: Relayout Window{ac1137b u0 com.android.launcher3/com.android.searchlauncher.SearchLauncher}: oldVis=8 newVis=0 focusMayChange = true requestedWidth = 1200 requestedHeight = 2670 outFrames = ClientWindowFrames{frame=[0,0][1200,2670] display=[0,0][1200,2670] parentFrame=[0,0][0,0]} outSurfaceControl = Surface(name=com.android.launcher3/com.android.searchlauncher.SearchLauncher)/@0x9c7798a
02-20 12:59:40.048  1811  1829 E ApplicationHelper: Fail to get PackageManager
02-20 12:59:40.048  1811  1829 E ApplicationHelper: Fail to get PackageManager
02-20 12:59:40.048  1811  1829 E ApplicationHelper: Fail to get PackageManager
02-20 12:59:40.048  1811  1829 E ApplicationHelper: Fail to get PackageManager
02-20 12:59:40.048  1811  1829 E ApplicationHelper: Fail to get PackageManager
02-20 12:59:40.048  1811  1829 E ApplicationHelper: Fail to get PackageManager
02-20 12:59:40.048  1811  1829 E ApplicationHelper: Fail to get PackageManager
02-20 12:59:40.048  1811  1829 E ApplicationHelper: Fail to get PackageManager
02-20 12:59:40.048  1811  1829 E ApplicationHelper: Fail to get PackageManager
02-20 12:59:40.048  1811  1829 E ApplicationHelper: Fail to get PackageManager
02-20 12:59:40.048  1811  1829 E ApplicationHelper: Fail to get PackageManager
02-20 12:59:40.053  1811  3487 W WindowManager: Changing focus from Window{51e4829 u0 com.android.chrome/org.chromium.chrome.browser.customtabs.TranslucentCustomTabActivity} to Window{ac1137b u0 com.android.launcher3/com.android.searchlauncher.SearchLauncher} displayId=0 Callers=com.android.server.wm.RootWindowContainer.updateFocusedWindowLocked:468 com.android.server.wm.WindowManagerService.updateFocusedWindowLocked:6623 com.android.server.wm.ActivityTaskManagerService.setLastResumedActivityUncheckLocked:5047 com.android.server.wm.ActivityTaskManagerService.setFocusedTask:2087 
02-20 12:59:40.053  1811  5689 W UserManagerService: Requested status bar icon for non-badged user 0
02-20 12:59:40.065  1811  1930 E HandwritingModeController: Cannot get requestId: Handwriting was not initialized.
02-20 12:59:40.255  1811  1829 E ApplicationHelper: Fail to get PackageManager
02-20 12:59:40.255  1811  1829 E ApplicationHelper: Fail to get PackageManager
02-20 12:59:40.259  1811  1829 E ApplicationHelper: Fail to get PackageManager
02-20 12:59:40.264  1811  1829 E ApplicationHelper: Fail to get PackageManager
02-20 12:59:40.271  1811  1829 E ApplicationHelper: Fail to get PackageManager
02-20 12:59:40.272  1811  1829 E ApplicationHelper: Fail to get PackageManager
02-20 12:59:40.859  1811  1811 E MBrainLocalService: notifyAppSwitch failed
02-20 12:59:40.863  1811  1881 W UserManagerService: Requested status bar icon for non-badged user 0
02-20 12:59:40.864  1811  1829 E ApplicationHelper: Fail to get PackageManager
02-20 12:59:40.864  1811  1829 E ApplicationHelper: Fail to get PackageManager
02-20 12:59:40.864  1811  1829 E ApplicationHelper: Fail to get PackageManager
02-20 12:59:40.867  1811  1881 W UserManagerService: Requested status bar icon for non-badged user 0
02-20 12:59:40.867  1811  3487 W UserManagerService: Requested status bar icon for non-badged user 0
02-20 12:59:40.884  1811  1829 E ApplicationHelper: Fail to get PackageManager
02-20 12:59:40.884  1811  1829 E ApplicationHelper: Fail to get PackageManager
02-20 12:59:40.884  1811  1829 E ApplicationHelper: Fail to get PackageManager
02-20 12:59:40.884  1811  1829 E ApplicationHelper: Fail to get PackageManager
02-20 12:59:40.890  1811  3487 W PackageConfigPersister: App-specific configuration not found for packageName: com.android.launcher3 and userId: 0
02-20 12:59:40.952  1811  1829 E ApplicationHelper: Fail to get PackageManager
02-20 12:59:40.985  1811  1829 E ApplicationHelper: Fail to get PackageManager
02-20 12:59:40.985  1811  1829 E ApplicationHelper: Fail to get PackageManager
02-20 12:59:40.985  1811  1829 E ApplicationHelper: Fail to get PackageManager
02-20 12:59:40.985  1811  1829 E ApplicationHelper: Fail to get PackageManager
02-20 12:59:40.985  1811  1829 E ApplicationHelper: Fail to get PackageManager
02-20 12:59:40.986  1811  1829 E ApplicationHelper: Fail to get PackageManager
02-20 12:59:40.986  1811  1829 E ApplicationHelper: Fail to get PackageManager
02-20 12:59:40.986  1811  1829 E ApplicationHelper: Fail to get PackageManager
02-20 12:59:40.986  1811  1829 E ApplicationHelper: Fail to get PackageManager
02-20 12:59:40.986  1811  1829 E ApplicationHelper: Fail to get PackageManager
02-20 12:59:42.916  1811  1829 E ApplicationHelper: Fail to get PackageManager
02-20 12:59:42.918  1811  1811 E MBrainLocalService: notifyAppSwitch failed
02-20 12:59:42.920  1811  1811 E MBrainLocalService: notifyAppSwitch failed
02-20 12:59:42.921  1811  1831 I ActivityManager: Killing 19606:com.google.android.cellbroadcastreceiver/u0a201 (adj 945): empty #17
02-20 12:59:42.921  1811  1831 I ActivityManager: Killing 22605:com.google.android.projection.gearhead:provider/u0a96 (adj 955): empty #18
02-20 12:59:42.923  1811  1831 I ActivityManager: Killing 23356:com.nosana.dashboard.twa/u0a242 (adj 910): remove task
02-20 12:59:42.923  1811  1829 E ApplicationHelper: Fail to get PackageManager
02-20 12:59:42.923  1811  1829 E ApplicationHelper: Fail to get PackageManager
02-20 12:59:42.923  1811  1829 E ApplicationHelper: Fail to get PackageManager
02-20 12:59:42.923  1811  1829 E ApplicationHelper: Fail to get PackageManager
02-20 12:59:42.923  1811  1829 E ApplicationHelper: Fail to get PackageManager
02-20 12:59:42.926  1811  1829 E ApplicationHelper: Fail to get PackageManager
02-20 12:59:42.926  1811  1829 E ApplicationHelper: Fail to get PackageManager
02-20 12:59:42.926  1811  1829 E ApplicationHelper: Fail to get PackageManager
02-20 12:59:42.926  1811  1829 E ApplicationHelper: Fail to get PackageManager
02-20 12:59:42.926  1811  1829 E ApplicationHelper: Fail to get PackageManager
02-20 12:59:43.055  1811  1881 I ActivityManager: Killing 24144:com.android.chrome:sandboxed_process0:org.chromium.content.app.SandboxedProcessService0:4/u0a122i-8996 (adj 0): isolated not needed
02-20 12:59:43.058  1811  1829 E ApplicationHelper: Fail to get PackageManager
02-20 12:59:43.059  1811  1882 I WindowManager: WIN DEATH: Window{c2d0933 u0 com.nosana.dashboard.twa/com.nosana.dashboard.twa.LauncherActivity}
02-20 12:59:43.070  1811  1831 W ActivityManager: setHasOverlayUi called on unknown pid: 23356
02-20 12:59:43.071  1811  1898 W UsageStatsService: Unexpected activity event reported! (com.nosana.dashboard.twa/com.nosana.dashboard.twa.LauncherActivity event : 23 instanceId : 136493479)
02-20 12:59:43.103  1811  1881 I ActivityManager: Killing 24314:com.android.chrome:sandboxed_process0:org.chromium.content.app.SandboxedProcessService0:12/u0a122i-8988 (adj 0): isolated not needed
02-20 12:59:43.104  1811  1829 E ApplicationHelper: Fail to get PackageManager
02-20 12:59:43.119  1811  1898 W UsageStatsService: Unexpected activity event reported! (com.android.chrome/org.chromium.chrome.browser.customtabs.TranslucentCustomTabActivity event : 23 instanceId : 266704196)
02-20 12:59:43.134  1811  1829 E ApplicationHelper: Fail to get PackageManager
02-20 12:59:43.135  1811  1829 E ApplicationHelper: Fail to get PackageManager
02-20 12:59:43.850  1811  1860 I DisplayPowerController2[0]: BrightnessEvent: disp=0, physDisp=local:4627039422300187648, displayState=ON, displayPolicy=BRIGHT, brt=0.055217937, initBrt=0.0835822, rcmdBrt=0.055217937, preBrt=0.0835822, lux=15.7251, preLux=31.384502, hbmMax=1.0, hbmMode=off, rbcStrength=50, thrmMax=1.0, powerFactor=1.0, wasShortTermModelActive=false, flags=, reason=automatic, autoBrightness=true, strategy=InvalidBrightnessStrategy, autoBrightnessMode=default
02-20 12:59:43.854  1811  1811 I BrightnessSynchronizer: [264] New Update 0.055217937(f) set brightness values:  15(i)
02-20 12:59:43.855  1811  1811 I BrightnessSynchronizer: Swallowing update of 15(i) by update: {[264] 0.055217937(f), mUpdatedTypes=1, mConfirmedTypes=1, mTimeUpdated=26792172}
02-20 12:59:43.855  1811  1811 I BrightnessSynchronizer: Completed Update: {[264] 0.055217937(f), mUpdatedTypes=1, mConfirmedTypes=1, mTimeUpdated=26792172}
02-20 12:59:45.196  1811  1829 E ApplicationHelper: Fail to get PackageManager
02-20 12:59:46.267  1811  1829 E ApplicationHelper: Fail to get PackageManager
02-20 12:59:50.871  1811  1829 E ApplicationHelper: Fail to get PackageManager
02-20 12:59:50.871  1811  1829 E ApplicationHelper: Fail to get PackageManager
02-20 12:59:50.871  1811  1829 E ApplicationHelper: Fail to get PackageManager
02-20 12:59:50.871  1811  1829 E ApplicationHelper: Fail to get PackageManager
02-20 12:59:50.871  1811  1829 E ApplicationHelper: Fail to get PackageManager
02-20 12:59:50.871  1811  1829 E ApplicationHelper: Fail to get PackageManager
02-20 12:59:50.871  1811  1829 E ApplicationHelper: Fail to get PackageManager
02-20 12:59:50.871  1811  1829 E ApplicationHelper: Fail to get PackageManager
02-20 12:59:50.871  1811  1829 E ApplicationHelper: Fail to get PackageManager
02-20 12:59:50.871  1811  1829 E ApplicationHelper: Fail to get PackageManager
02-20 12:59:50.871  1811  1829 E ApplicationHelper: Fail to get PackageManager
02-20 12:59:50.871  1811  1829 E ApplicationHelper: Fail to get PackageManager
02-20 12:59:50.871  1811  1829 E ApplicationHelper: Fail to get PackageManager
02-20 12:59:50.871  1811  1829 E ApplicationHelper: Fail to get PackageManager
02-20 12:59:51.309  1811  1829 E ApplicationHelper: Fail to get PackageManager
02-20 12:59:51.501  1811  1881 W OptProp : Cannot read opt property android.window.PROPERTY_COMPAT_ALLOW_ORIENTATION_OVERRIDE
02-20 12:59:51.504  1811  1881 W OptProp : Cannot read opt property android.window.PROPERTY_COMPAT_ALLOW_RESIZEABLE_ACTIVITY_OVERRIDES
02-20 12:59:51.504  1811  1881 W OptProp : Cannot read opt property android.window.PROPERTY_COMPAT_ALLOW_MIN_ASPECT_RATIO_OVERRIDE
02-20 12:59:51.512  1811  1811 E MBrainLocalService: notifyAppSwitch failed
02-20 12:59:51.513  1811  1881 I ActivityTaskManager: START u0 {act=android.intent.action.MAIN cat=[android.intent.category.LAUNCHER] flg=0x10200000 pkg=supply.ore.app cmp=supply.ore.app/.MainActivity bnds=[312,1408][600,1830]} with LAUNCH_MULTIPLE from uid 10153 (BAL_ALLOW_VISIBLE_WINDOW) result code=0
02-20 12:59:51.522  1811  1829 E ApplicationHelper: Fail to get PackageManager
02-20 12:59:51.524  1811  1841 I ActivityManager: Start proc 24372:supply.ore.app/u0a88 for next-top-activity {supply.ore.app/supply.ore.app.MainActivity}
02-20 12:59:51.529  1811  1829 E ApplicationHelper: Fail to get PackageManager
02-20 12:59:51.532  1811  1881 W WindowManager: Changing focus from Window{ac1137b u0 com.android.launcher3/com.android.searchlauncher.SearchLauncher} to null displayId=0 Callers=com.android.server.wm.RootWindowContainer.updateFocusedWindowLocked:468 com.android.server.wm.WindowManagerService.updateFocusedWindowLocked:6623 com.android.server.wm.WindowManagerService.relayoutWindowInner:2691 com.android.server.wm.WindowManagerService.relayoutWindow:2361 
02-20 12:59:51.540  1811  1829 E ApplicationHelper: Fail to get PackageManager
02-20 12:59:51.549  1811  1881 W UserManagerService: Requested status bar icon for non-badged user 0
02-20 12:59:51.618  1811  1811 E MBrainLocalService: notifyAppSwitch failed
02-20 12:59:51.649  1811  1829 E ApplicationHelper: Fail to get PackageManager
02-20 12:59:51.649  1811  1829 E ApplicationHelper: Fail to get PackageManager
02-20 12:59:51.651  1811  1829 E ApplicationHelper: Fail to get PackageManager
02-20 12:59:51.674  1811  1882 W OptProp : Cannot read opt property android.window.PROPERTY_COMPAT_ALLOW_ORIENTATION_OVERRIDE
02-20 12:59:51.675  1811  1882 W OptProp : Cannot read opt property android.window.PROPERTY_COMPAT_ALLOW_RESIZEABLE_ACTIVITY_OVERRIDES
02-20 12:59:51.675  1811  1882 W OptProp : Cannot read opt property android.window.PROPERTY_COMPAT_ALLOW_MIN_ASPECT_RATIO_OVERRIDE
02-20 12:59:51.679  1811  1811 E MBrainLocalService: notifyAppSwitch failed
02-20 12:59:51.680  1811  1882 I ActivityTaskManager: START u0 {act=android.intent.action.VIEW dat=https://ore.supply/... pkg=com.android.chrome cmp=com.android.chrome/com.google.android.apps.chrome.IntentDispatcher (has extras)} with LAUNCH_MULTIPLE from uid 10088 (BAL_ALLOW_VISIBLE_WINDOW) result code=0
02-20 12:59:51.683  1811  5689 W WindowManager: Changing focus from null to Window{f228602 u0 supply.ore.app/supply.ore.app.MainActivity} displayId=0 Callers=com.android.server.wm.RootWindowContainer.updateFocusedWindowLocked:468 com.android.server.wm.WindowManagerService.updateFocusedWindowLocked:6623 com.android.server.wm.WindowManagerService.relayoutWindowInner:2691 com.android.server.wm.WindowManagerService.relayoutWindow:2361 
02-20 12:59:51.685  1811  5689 I WindowManager: Relayout Window{f228602 u0 supply.ore.app/supply.ore.app.MainActivity}: oldVis=4 newVis=0 focusMayChange = true requestedWidth = 1200 requestedHeight = 2670 outFrames = ClientWindowFrames{frame=[0,0][1200,2670] display=[0,0][1200,2670] parentFrame=[0,0][0,0]} outSurfaceControl = Surface(name=supply.ore.app/supply.ore.app.MainActivity)/@0x6ffae81
02-20 12:59:51.723  1811  1881 W WindowManager: Changing focus from Window{f228602 u0 supply.ore.app/supply.ore.app.MainActivity} to null displayId=0 Callers=com.android.server.wm.RootWindowContainer.updateFocusedWindowLocked:468 com.android.server.wm.WindowManagerService.updateFocusedWindowLocked:6623 com.android.server.wm.ActivityTaskManagerService.setLastResumedActivityUncheckLocked:5047 com.android.server.wm.ActivityTaskSupervisor.updateTopResumedActivityIfNeeded:2326 
02-20 12:59:51.727  1811  1811 E MBrainLocalService: notifyAppSwitch failed
02-20 12:59:51.732  1811  1829 E ApplicationHelper: Fail to get PackageManager
02-20 12:59:51.745  1811  1829 E ApplicationHelper: Fail to get PackageManager
02-20 12:59:51.745  1811  1829 E ApplicationHelper: Fail to get PackageManager
02-20 12:59:51.745  1811  1829 E ApplicationHelper: Fail to get PackageManager
02-20 12:59:51.745  1811  1829 E ApplicationHelper: Fail to get PackageManager
02-20 12:59:51.745  1811  1829 E ApplicationHelper: Fail to get PackageManager
02-20 12:59:51.745  1811  1829 E ApplicationHelper: Fail to get PackageManager
02-20 12:59:51.745  1811  1829 E ApplicationHelper: Fail to get PackageManager
02-20 12:59:51.745  1811  1829 E ApplicationHelper: Fail to get PackageManager
02-20 12:59:51.745  1811  1829 E ApplicationHelper: Fail to get PackageManager
02-20 12:59:51.745  1811  1829 E ApplicationHelper: Fail to get PackageManager
02-20 12:59:51.745  1811  1829 E ApplicationHelper: Fail to get PackageManager
02-20 12:59:51.745  1811  1829 E ApplicationHelper: Fail to get PackageManager
02-20 12:59:51.745  1811  1829 E ApplicationHelper: Fail to get PackageManager
02-20 12:59:51.745  1811  1829 E ApplicationHelper: Fail to get PackageManager
02-20 12:59:51.745  1811  1829 E ApplicationHelper: Fail to get PackageManager
02-20 12:59:51.750  1811  1882 W OptProp : Cannot read opt property android.window.PROPERTY_COMPAT_ALLOW_ORIENTATION_OVERRIDE
02-20 12:59:51.750  1811  1882 W OptProp : Cannot read opt property android.window.PROPERTY_COMPAT_ALLOW_RESIZEABLE_ACTIVITY_OVERRIDES
02-20 12:59:51.750  1811  1882 W OptProp : Cannot read opt property android.window.PROPERTY_COMPAT_ALLOW_MIN_ASPECT_RATIO_OVERRIDE
02-20 12:59:51.755  1811  1882 I ActivityTaskManager: START u0 {act=android.intent.action.VIEW dat=https://ore.supply/... flg=0x2800000 pkg=com.android.chrome cmp=com.android.chrome/org.chromium.chrome.browser.customtabs.CustomTabActivity (has extras)} with LAUNCH_MULTIPLE from uid 10122 (BAL_ALLOW_VISIBLE_WINDOW) result code=0
02-20 12:59:51.757  1811  1811 E MBrainLocalService: notifyAppSwitch failed
02-20 12:59:51.766  1811  1829 E ApplicationHelper: Fail to get PackageManager
02-20 12:59:51.797  1811  1841 I ActivityManager: Start proc 24408:com.android.chrome:sandboxed_process0:org.chromium.content.app.SandboxedProcessService0:13/u0ai13 for  {com.android.chrome/org.chromium.content.app.SandboxedProcessService0:13}
02-20 12:59:51.819  1811  1829 E ApplicationHelper: Fail to get PackageManager
02-20 12:59:51.834  1811  1829 E ApplicationHelper: Fail to get PackageManager
02-20 12:59:51.836  1811  1829 E ApplicationHelper: Fail to get PackageManager
02-20 12:59:51.841  1811  1829 E ApplicationHelper: Fail to get PackageManager
02-20 12:59:51.844  1811  1829 E ApplicationHelper: Fail to get PackageManager
02-20 12:59:51.846  1811  1829 E ApplicationHelper: Fail to get PackageManager
02-20 12:59:51.848  1811  5689 W WindowManager: Changing focus from null to Window{640d35b u0 com.android.chrome/org.chromium.chrome.browser.customtabs.CustomTabActivity} displayId=0 Callers=com.android.server.wm.RootWindowContainer.updateFocusedWindowLocked:468 com.android.server.wm.WindowManagerService.updateFocusedWindowLocked:6623 com.android.server.wm.WindowManagerService.relayoutWindowInner:2691 com.android.server.wm.WindowManagerService.relayoutWindow:2361 
02-20 12:59:51.850  1811  5689 I WindowManager: Relayout Window{640d35b u0 com.android.chrome/org.chromium.chrome.browser.customtabs.CustomTabActivity}: oldVis=4 newVis=0 focusMayChange = true requestedWidth = 1200 requestedHeight = 2670 outFrames = ClientWindowFrames{frame=[0,0][1200,2670] display=[0,0][1200,2670] parentFrame=[0,0][0,0]} outSurfaceControl = Surface(name=com.android.chrome/org.chromium.chrome.browser.customtabs.CustomTabActivity)/@0x2ec6a1a
02-20 12:59:51.891  1811  5689 W UserManagerService: Requested status bar icon for non-badged user 0
02-20 12:59:51.897  1811  1811 E MBrainLocalService: notifyAppSwitch failed
02-20 12:59:51.914  1811  5689 W UserManagerService: Requested status bar icon for non-badged user 0
02-20 12:59:51.915  1811  1882 W UserManagerService: Requested status bar icon for non-badged user 0
02-20 12:59:51.915  1811  1829 E ApplicationHelper: Fail to get PackageManager
02-20 12:59:51.922  1811  1829 E ApplicationHelper: Fail to get PackageManager
02-20 12:59:51.922  1811  1829 E ApplicationHelper: Fail to get PackageManager
02-20 12:59:51.924  1811  1829 E ApplicationHelper: Fail to get PackageManager
02-20 12:59:52.013  1811  3458 W PackageConfigPersister: App-specific configuration not found for packageName: com.android.chrome and userId: 0
02-20 12:59:52.083  1811  1829 E ApplicationHelper: Fail to get PackageManager
02-20 12:59:52.083  1811  1829 E ApplicationHelper: Fail to get PackageManager
02-20 12:59:52.090  1811  1829 E ApplicationHelper: Fail to get PackageManager
02-20 12:59:52.137  1811  1841 I ActivityManager: Start proc 24429:com.android.chrome:sandboxed_process0:org.chromium.content.app.SandboxedProcessService0:14/u0ai14 for  {com.android.chrome/org.chromium.content.app.SandboxedProcessService0:14}
02-20 12:59:52.152  1811  1829 E ApplicationHelper: Fail to get PackageManager
02-20 12:59:52.161  1811  1829 E ApplicationHelper: Fail to get PackageManager
02-20 12:59:52.163  1811  1829 E ApplicationHelper: Fail to get PackageManager
02-20 12:59:52.183  1811  1829 E ApplicationHelper: Fail to get PackageManager
02-20 12:59:52.207  1811  1829 E ApplicationHelper: Fail to get PackageManager
02-20 12:59:52.219  1811  1829 E ApplicationHelper: Fail to get PackageManager
02-20 12:59:52.221  1811  1825 I ActivityManager: Killing 24408:com.android.chrome:sandboxed_process0:org.chromium.content.app.SandboxedProcessService0:13/u0a122i-8987 (adj 0): isolated not needed
02-20 12:59:52.222  1811  1829 E ApplicationHelper: Fail to get PackageManager
02-20 12:59:52.394  1811  1829 E ApplicationHelper: Fail to get PackageManager
02-20 12:59:52.394  1811  1829 E ApplicationHelper: Fail to get PackageManager
02-20 12:59:52.397  1811  1811 E MBrainLocalService: notifyAppSwitch failed
02-20 12:59:52.399  1811  1829 E ApplicationHelper: Fail to get PackageManager
02-20 12:59:52.399  1811  1811 E MBrainLocalService: notifyAppSwitch failed
02-20 12:59:52.399  1811  1829 E ApplicationHelper: Fail to get PackageManager
02-20 12:59:52.399  1811  1829 E ApplicationHelper: Fail to get PackageManager
02-20 12:59:52.399  1811  1829 E ApplicationHelper: Fail to get PackageManager
02-20 12:59:52.399  1811  1829 E ApplicationHelper: Fail to get PackageManager
02-20 12:59:52.399  1811  1829 E ApplicationHelper: Fail to get PackageManager
02-20 12:59:52.399  1811  1829 E ApplicationHelper: Fail to get PackageManager
02-20 12:59:52.399  1811  1829 E ApplicationHelper: Fail to get PackageManager
02-20 12:59:52.403  1811  1825 W UserManagerService: Requested status bar icon for non-badged user 0
02-20 12:59:52.409  1811  1825 W UserManagerService: Requested status bar icon for non-badged user 0
02-20 12:59:52.410  1811  1825 W UserManagerService: Requested status bar icon for non-badged user 0
02-20 12:59:52.436  1811  1829 E ApplicationHelper: Fail to get PackageManager
02-20 12:59:52.572  1811  1841 I ActivityManager: Start proc 24452:com.android.chrome:sandboxed_process0:org.chromium.content.app.SandboxedProcessService0:15/u0ai15 for  {com.android.chrome/org.chromium.content.app.SandboxedProcessService0:15}
02-20 12:59:52.587  1811  1829 E ApplicationHelper: Fail to get PackageManager
02-20 12:59:52.596  1811  1829 E ApplicationHelper: Fail to get PackageManager
02-20 12:59:52.598  1811  1829 E ApplicationHelper: Fail to get PackageManager
02-20 12:59:52.656  1811  1881 I ActivityManager: Killing 24452:com.android.chrome:sandboxed_process0:org.chromium.content.app.SandboxedProcessService0:15/u0a122i-8985 (adj 0): isolated not needed
02-20 12:59:52.657  1811  1829 E ApplicationHelper: Fail to get PackageManager
02-20 12:59:52.674  1811  1841 I ActivityManager: Start proc 24470:com.android.chrome:sandboxed_process0:org.chromium.content.app.SandboxedProcessService0:16/u0ai16 for  {com.android.chrome/org.chromium.content.app.SandboxedProcessService0:16}
02-20 12:59:52.681  1811  1829 E ApplicationHelper: Fail to get PackageManager
02-20 12:59:52.691  1811  1829 E ApplicationHelper: Fail to get PackageManager
02-20 12:59:52.693  1811  1829 E ApplicationHelper: Fail to get PackageManager
02-20 12:59:52.695  1811  1881 I ActivityManager: Killing 23537:com.android.chrome:sandboxed_process0:org.chromium.content.app.SandboxedProcessService0:1/u0a122i-8999 (adj 0): isolated not needed
02-20 12:59:52.695  1811  1829 E ApplicationHelper: Fail to get PackageManager
02-20 12:59:52.695  1811  1829 E ApplicationHelper: Fail to get PackageManager
02-20 12:59:54.536  1811  1829 E ApplicationHelper: Fail to get PackageManager
02-20 12:59:54.537  1811  1829 E ApplicationHelper: Fail to get PackageManager
02-20 12:59:54.540  1811  1829 E ApplicationHelper: Fail to get PackageManager
02-20 12:59:54.541  1811  1881 I ActivityManager: Killing 24470:com.android.chrome:sandboxed_process0:org.chromium.content.app.SandboxedProcessService0:16/u0a122i-8984 (adj 0): isolated not needed
02-20 12:59:54.542  1811  1829 E ApplicationHelper: Fail to get PackageManager
02-20 12:59:54.688  1811  1829 E ApplicationHelper: Fail to get PackageManager
02-20 12:59:54.689  1811  1829 E ApplicationHelper: Fail to get PackageManager
02-20 12:59:54.692  1811  1829 E ApplicationHelper: Fail to get PackageManager
02-20 12:59:54.695  1811  1829 E ApplicationHelper: Fail to get PackageManager
02-20 12:59:54.946  1811  1841 I ActivityManager: Start proc 24503:com.android.chrome:sandboxed_process0:org.chromium.content.app.SandboxedProcessService0:17/u0ai17 for  {com.android.chrome/org.chromium.content.app.SandboxedProcessService0:17}
02-20 12:59:54.958  1811  1829 E ApplicationHelper: Fail to get PackageManager
02-20 12:59:54.967  1811  1829 E ApplicationHelper: Fail to get PackageManager
02-20 12:59:54.969  1811  1829 E ApplicationHelper: Fail to get PackageManager
02-20 12:59:55.019  1811  1829 E ApplicationHelper: Fail to get PackageManager
02-20 12:59:55.029  1811  1829 E ApplicationHelper: Fail to get PackageManager
02-20 12:59:55.032  1811  1829 E ApplicationHelper: Fail to get PackageManager
02-20 12:59:55.032  1811  1825 I ActivityManager: Killing 24429:com.android.chrome:sandboxed_process0:org.chromium.content.app.SandboxedProcessService0:14/u0a122i-8986 (adj 0): isolated not needed
02-20 12:59:55.032  1811  1829 E ApplicationHelper: Fail to get PackageManager
02-20 12:59:55.983  1811  1829 E ApplicationHelper: Fail to get PackageManager
02-20 12:59:55.985  1811  1829 E ApplicationHelper: Fail to get PackageManager
02-20 12:59:57.325  1811  1829 E ApplicationHelper: Fail to get PackageManager
02-20 13:00:00.029  1811  1841 I ActivityManager: Start proc 24528:com.android.settings/1000 for broadcast {com.android.settings/com.android.settings.fuelgauge.batteryusage.PeriodicJobReceiver}
02-20 13:00:00.054  1811  1829 E ApplicationHelper: Fail to get PackageManager
02-20 13:00:00.106  1811  1829 E ApplicationHelper: Fail to get PackageManager
02-20 13:00:00.122  1811  1849 W BatteryExternalStatsWorker: error reading Bluetooth stats: 9
02-20 13:00:00.134  1811  1829 E ApplicationHelper: Fail to get PackageManager
02-20 13:00:00.328 24528 24544 W PowerProfile: ambient.on is deprecated! Use ambient.on.display0 instead.
02-20 13:00:00.328 24528 24544 W PowerProfile: screen.on is deprecated! Use screen.on.display0 instead.
02-20 13:00:00.328 24528 24544 W PowerProfile: screen.full is deprecated! Use screen.full.display0 instead.
02-20 13:00:00.328 24528 24544 W ModemPowerProfile: getAverageBatteryDrainMaH called with unexpected key: 0x0, drain:SLEEP,RAT:DEFAULT
02-20 13:00:00.328 24528 24544 W ModemPowerProfile: getAverageBatteryDrainMaH called with unexpected key: 0x10000000, drain:IDLE,RAT:DEFAULT
02-20 13:00:00.328 24528 24544 W ModemPowerProfile: getAverageBatteryDrainMaH called with unexpected key: 0x20000000, drain:RX,RAT:DEFAULT
02-20 13:00:00.328 24528 24544 W ModemPowerProfile: getAverageBatteryDrainMaH called with unexpected key: 0x30000000, drain:TX,level:0,RAT:DEFAULT
02-20 13:00:00.328 24528 24544 W ModemPowerProfile: getAverageBatteryDrainMaH called with unexpected key: 0x31000000, drain:TX,level:1,RAT:DEFAULT
02-20 13:00:00.328 24528 24544 W ModemPowerProfile: getAverageBatteryDrainMaH called with unexpected key: 0x32000000, drain:TX,level:2,RAT:DEFAULT
02-20 13:00:00.328 24528 24544 W ModemPowerProfile: getAverageBatteryDrainMaH called with unexpected key: 0x33000000, drain:TX,level:3,RAT:DEFAULT
02-20 13:00:00.328 24528 24544 W ModemPowerProfile: getAverageBatteryDrainMaH called with unexpected key: 0x34000000, drain:TX,level:4,RAT:DEFAULT
02-20 13:00:01.140  1811  1829 E ApplicationHelper: Fail to get PackageManager
02-20 13:00:01.151  1811  1829 E ApplicationHelper: Fail to get PackageManager
02-20 13:00:06.178  1811  1829 E ApplicationHelper: Fail to get PackageManager
02-20 13:00:06.180  1811  1829 E ApplicationHelper: Fail to get PackageManager
02-20 13:00:09.655  1811  1829 E ApplicationHelper: Fail to get PackageManager
02-20 13:00:09.663  1811  1829 E ApplicationHelper: Fail to get PackageManager
02-20 13:00:10.118  1811  1829 E ApplicationHelper: Fail to get PackageManager
02-20 13:00:10.689  1811  1882 I PackageManager: Result set changed, dropping preferred activity for Intent { act=android.intent.action.VIEW cat=[android.intent.category.BROWSABLE] dat=solana-wallet:/... flg=0x14000000 (has extras) } type null
02-20 13:00:10.692  1811  1882 W OptProp : Cannot read opt property android.window.PROPERTY_COMPAT_ALLOW_ORIENTATION_OVERRIDE
02-20 13:00:10.694  1811  1882 W OptProp : Cannot read opt property android.window.PROPERTY_COMPAT_ALLOW_MIN_ASPECT_RATIO_OVERRIDE
02-20 13:00:10.700  1811  1841 I ActivityManager: Start proc 24562:com.android.chrome:sandboxed_process0:org.chromium.content.app.SandboxedProcessService0:18/u0ai18 for  {com.android.chrome/org.chromium.content.app.SandboxedProcessService0:18}
02-20 13:00:10.704  1811  1811 E MBrainLocalService: notifyAppSwitch failed
02-20 13:00:10.705  1811  1882 I ActivityTaskManager: START u0 {act=android.intent.action.VIEW cat=[android.intent.category.BROWSABLE] dat=solana-wallet:/... flg=0x14000000 cmp=android/com.android.internal.app.ResolverActivity (has extras)} with LAUNCH_MULTIPLE from uid 10122 (BAL_ALLOW_VISIBLE_WINDOW) result code=0
02-20 13:00:10.718  1811  1829 E ApplicationHelper: Fail to get PackageManager
02-20 13:00:10.720  1811  1882 W WindowManager: Changing focus from Window{640d35b u0 com.android.chrome/org.chromium.chrome.browser.customtabs.CustomTabActivity} to null displayId=0 Callers=com.android.server.wm.RootWindowContainer.updateFocusedWindowLocked:468 com.android.server.wm.WindowManagerService.updateFocusedWindowLocked:6623 com.android.server.wm.ActivityTaskManagerService.setLastResumedActivityUncheckLocked:5047 com.android.server.wm.ActivityTaskSupervisor.updateTopResumedActivityIfNeeded:2326 
02-20 13:00:10.723  1811  1882 W OptProp : Cannot read opt property android.window.PROPERTY_COMPAT_ALLOW_RESIZEABLE_ACTIVITY_OVERRIDES
02-20 13:00:10.723  1811  1829 E ApplicationHelper: Fail to get PackageManager
02-20 13:00:10.725  1811  1811 E MBrainLocalService: notifyAppSwitch failed
02-20 13:00:10.731  1811  1829 E ApplicationHelper: Fail to get PackageManager
02-20 13:00:10.736  1811  1829 E ApplicationHelper: Fail to get PackageManager
02-20 13:00:10.742  1811  1826 I ActivityManager: Killing 24562:com.android.chrome:sandboxed_process0:org.chromium.content.app.SandboxedProcessService0:18/u0a122i-8982 (adj 0): isolated not needed
02-20 13:00:10.743  1811  1829 E ApplicationHelper: Fail to get PackageManager
02-20 13:00:10.744  1811  1829 E ApplicationHelper: Fail to get PackageManager
02-20 13:00:10.748  1811  1829 E ApplicationHelper: Fail to get PackageManager
02-20 13:00:10.765  1811  1825 W WindowManager: Changing focus from null to Window{96761ba u0 android/com.android.internal.app.ResolverActivity} displayId=0 Callers=com.android.server.wm.RootWindowContainer.updateFocusedWindowLocked:468 com.android.server.wm.WindowManagerService.updateFocusedWindowLocked:6623 com.android.server.wm.WindowManagerService.relayoutWindowInner:2691 com.android.server.wm.WindowManagerService.relayoutWindow:2361 
02-20 13:00:10.766  1811  1825 I WindowManager: Relayout Window{96761ba u0 android/com.android.internal.app.ResolverActivity}: oldVis=4 newVis=0 focusMayChange = true requestedWidth = 1200 requestedHeight = 2670 outFrames = ClientWindowFrames{frame=[0,0][1200,2670] display=[0,0][1200,2670] parentFrame=[0,0][0,0]} outSurfaceControl = Surface(name=android/com.android.internal.app.ResolverActivity)/@0x5246e12
02-20 13:00:10.800  1811  1829 E ApplicationHelper: Fail to get PackageManager
02-20 13:00:10.803  1811  1825 W UserManagerService: Requested status bar icon for non-badged user 0
02-20 13:00:10.818  1811  1825 W PackageConfigPersister: App-specific configuration not found for packageName: android and userId: 0
02-20 13:00:10.829  1811  1829 E ApplicationHelper: Fail to get PackageManager
02-20 13:00:10.829  1811  1829 E ApplicationHelper: Fail to get PackageManager
02-20 13:00:10.829  1811  1829 E ApplicationHelper: Fail to get PackageManager
02-20 13:00:10.829  1811  1829 E ApplicationHelper: Fail to get PackageManager
02-20 13:00:10.829  1811  1829 E ApplicationHelper: Fail to get PackageManager
02-20 13:00:10.829  1811  1829 E ApplicationHelper: Fail to get PackageManager
02-20 13:00:10.829  1811  1829 E ApplicationHelper: Fail to get PackageManager
02-20 13:00:10.829  1811  1829 E ApplicationHelper: Fail to get PackageManager
02-20 13:00:10.829  1811  1829 E ApplicationHelper: Fail to get PackageManager
02-20 13:00:10.829  1811  1829 E ApplicationHelper: Fail to get PackageManager
02-20 13:00:10.829  1811  1829 E ApplicationHelper: Fail to get PackageManager
02-20 13:00:10.829  1811  1829 E ApplicationHelper: Fail to get PackageManager
02-20 13:00:10.829  1811  1829 E ApplicationHelper: Fail to get PackageManager
02-20 13:00:11.119  1811  1829 E ApplicationHelper: Fail to get PackageManager
02-20 13:00:11.121  1811  1826 W UserManagerService: Requested status bar icon for non-badged user 0
02-20 13:00:11.728  1811  1829 E ApplicationHelper: Fail to get PackageManager
02-20 13:00:11.759  1811  1829 E ApplicationHelper: Fail to get PackageManager
02-20 13:00:11.907  1811  1829 E ApplicationHelper: Fail to get PackageManager
02-20 13:00:11.908  1811  1829 E ApplicationHelper: Fail to get PackageManager
02-20 13:00:11.969  1811  1829 E ApplicationHelper: Fail to get PackageManager
02-20 13:00:11.969  1811  1829 E ApplicationHelper: Fail to get PackageManager
02-20 13:00:11.972  1811  1829 E ApplicationHelper: Fail to get PackageManager
02-20 13:00:11.972  1811  1829 E ApplicationHelper: Fail to get PackageManager
02-20 13:00:11.990  1811  1829 E ApplicationHelper: Fail to get PackageManager
02-20 13:00:11.991  1811  1829 E ApplicationHelper: Fail to get PackageManager
02-20 13:00:11.992  1811  1829 E ApplicationHelper: Fail to get PackageManager
02-20 13:00:11.992  1811  1829 E ApplicationHelper: Fail to get PackageManager
02-20 13:00:12.121  1811  1841 I ActivityManager: Start proc 24589:com.android.providers.calendar/u0a52 for content provider {com.android.providers.calendar/com.android.providers.calendar.CalendarProvider2}
02-20 13:00:12.144  1811  1829 E ApplicationHelper: Fail to get PackageManager
02-20 13:00:12.165  1811  1829 E ApplicationHelper: Fail to get PackageManager
02-20 13:00:12.165  1811  1829 E ApplicationHelper: Fail to get PackageManager
02-20 13:00:12.170  1811  1829 E ApplicationHelper: Fail to get PackageManager
02-20 13:00:12.248  1811  1829 E ApplicationHelper: Fail to get PackageManager
02-20 13:00:12.250  1811  1829 E ApplicationHelper: Fail to get PackageManager
02-20 13:00:13.203  1811  1829 E ApplicationHelper: Fail to get PackageManager
02-20 13:00:13.203  1811  1829 E ApplicationHelper: Fail to get PackageManager
02-20 13:00:13.203  1811  1829 E ApplicationHelper: Fail to get PackageManager
02-20 13:00:13.207  1811  1829 E ApplicationHelper: Fail to get PackageManager
02-20 13:00:13.207  1811  1829 E ApplicationHelper: Fail to get PackageManager
02-20 13:00:13.207  1811  1829 E ApplicationHelper: Fail to get PackageManager
02-20 13:00:13.270  1811  1882 W OptProp : Cannot read opt property android.window.PROPERTY_COMPAT_ALLOW_ORIENTATION_OVERRIDE
02-20 13:00:13.273  1811  1882 W OptProp : Cannot read opt property android.window.PROPERTY_COMPAT_ALLOW_RESIZEABLE_ACTIVITY_OVERRIDES
02-20 13:00:13.274  1811  1882 W OptProp : Cannot read opt property android.window.PROPERTY_COMPAT_ALLOW_MIN_ASPECT_RATIO_OVERRIDE
02-20 13:00:13.295  1811  1811 E MBrainLocalService: notifyAppSwitch failed
02-20 13:00:13.296  1811  1882 I ActivityTaskManager: START u0 {act=android.intent.action.VIEW cat=[android.intent.category.BROWSABLE] dat=solana-wallet:/... flg=0x17000000 cmp=com.solanamobile.wallet/.MWABottomSheetActivity (has extras)} with LAUNCH_SINGLE_TASK from uid 10122 (realCallingUid=1000) (BAL_ALLOW_VISIBLE_WINDOW) result code=0
02-20 13:00:13.300  1811  1882 W WindowManager: Changing focus from Window{96761ba u0 android/com.android.internal.app.ResolverActivity} to null displayId=0 Callers=com.android.server.wm.RootWindowContainer.updateFocusedWindowLocked:468 com.android.server.wm.WindowManagerService.updateFocusedWindowLocked:6623 com.android.server.wm.ActivityTaskManagerService.setLastResumedActivityUncheckLocked:5047 com.android.server.wm.ActivityTaskSupervisor.updateTopResumedActivityIfNeeded:2326 
02-20 13:00:13.302  1811  1811 E MBrainLocalService: notifyAppSwitch failed
02-20 13:00:13.308  1811  1829 E ApplicationHelper: Fail to get PackageManager
02-20 13:00:13.308  1811  1829 E ApplicationHelper: Fail to get PackageManager
02-20 13:00:13.308  1811  1829 E ApplicationHelper: Fail to get PackageManager
02-20 13:00:13.308  1811  1829 E ApplicationHelper: Fail to get PackageManager
02-20 13:00:13.308  1811  1829 E ApplicationHelper: Fail to get PackageManager
02-20 13:00:13.308  1811  1829 E ApplicationHelper: Fail to get PackageManager
02-20 13:00:13.308  1811  1829 E ApplicationHelper: Fail to get PackageManager
02-20 13:00:13.308  1811  1829 E ApplicationHelper: Fail to get PackageManager
02-20 13:00:13.308  1811  1829 E ApplicationHelper: Fail to get PackageManager
02-20 13:00:13.308  1811  1829 E ApplicationHelper: Fail to get PackageManager
02-20 13:00:13.446  1811  1882 W WindowManager: Changing focus from null to Window{1bedfd6 u0 com.solanamobile.wallet/com.solanamobile.wallet.MWABottomSheetActivity} displayId=0 Callers=com.android.server.wm.RootWindowContainer.updateFocusedWindowLocked:468 com.android.server.wm.WindowManagerService.updateFocusedWindowLocked:6623 com.android.server.wm.WindowManagerService.relayoutWindowInner:2691 com.android.server.wm.WindowManagerService.relayoutWindow:2361 
02-20 13:00:13.447  1811  1882 I WindowManager: Relayout Window{1bedfd6 u0 com.solanamobile.wallet/com.solanamobile.wallet.MWABottomSheetActivity}: oldVis=4 newVis=0 focusMayChange = true requestedWidth = 1200 requestedHeight = 2488 outFrames = ClientWindowFrames{frame=[0,110][1200,2598] display=[0,78][1200,2598] parentFrame=[0,0][0,0]} outSurfaceControl = Surface(name=com.solanamobile.wallet/com.solanamobile.wallet.MWABottomSheetActivity)/@0x17213ae
02-20 13:00:13.483  1811  1825 W UserManagerService: Requested status bar icon for non-badged user 0
02-20 13:00:13.486  1811  1829 E ApplicationHelper: Fail to get PackageManager
02-20 13:00:13.495  1811  1825 W PackageConfigPersister: App-specific configuration not found for packageName: com.solanamobile.wallet and userId: 0
02-20 13:00:13.793  1811  1829 E ApplicationHelper: Fail to get PackageManager
02-20 13:00:13.797  1811  1829 E ApplicationHelper: Fail to get PackageManager
02-20 13:00:13.798  1811  1829 E ApplicationHelper: Fail to get PackageManager
02-20 13:00:13.798  1811  1829 E ApplicationHelper: Fail to get PackageManager
02-20 13:00:13.798  1811  1829 E ApplicationHelper: Fail to get PackageManager
02-20 13:00:13.798  1811  1829 E ApplicationHelper: Fail to get PackageManager
02-20 13:00:13.798  1811  1829 E ApplicationHelper: Fail to get PackageManager
02-20 13:00:13.798  1811  1829 E ApplicationHelper: Fail to get PackageManager
02-20 13:00:13.798  1811  1829 E ApplicationHelper: Fail to get PackageManager
02-20 13:00:13.798  1811  1829 E ApplicationHelper: Fail to get PackageManager
02-20 13:00:13.800  1811  1881 W UserManagerService: Requested status bar icon for non-badged user 0
02-20 13:00:13.802  1811  1881 W UserManagerService: Requested status bar icon for non-badged user 0
02-20 13:00:13.834  1811  1826 W ActivityTaskManager: Finishing task with all activities already finished
02-20 13:00:13.835  1811  1826 W ActivityTaskManager: Duplicate finish request for r=ActivityRecord{7b603fe u0 android/com.android.internal.app.ResolverActivity t701 f}}
02-20 13:00:14.413  1811  1829 E ApplicationHelper: Fail to get PackageManager
02-20 13:00:14.420  1811  1829 E ApplicationHelper: Fail to get PackageManager
02-20 13:00:14.420  1811  1829 E ApplicationHelper: Fail to get PackageManager
02-20 13:00:14.421  1811  1829 E ApplicationHelper: Fail to get PackageManager
02-20 13:00:14.421  1811  1829 E ApplicationHelper: Fail to get PackageManager
02-20 13:00:16.113  1811  1811 E MBrainLocalService: notifyAppSwitch failed
02-20 13:00:16.120  1811  1882 W WindowManager: Changing focus from Window{1bedfd6 u0 com.solanamobile.wallet/com.solanamobile.wallet.MWABottomSheetActivity} to Window{640d35b u0 com.android.chrome/org.chromium.chrome.browser.customtabs.CustomTabActivity} displayId=0 Callers=com.android.server.wm.RootWindowContainer.updateFocusedWindowLocked:468 com.android.server.wm.WindowManagerService.updateFocusedWindowLocked:6623 com.android.server.wm.ActivityTaskManagerService.setLastResumedActivityUncheckLocked:5047 com.android.server.wm.ActivityTaskSupervisor.updateTopResumedActivityIfNeeded:2326 
02-20 13:00:16.123  1811  1811 E MBrainLocalService: notifyAppSwitch failed
02-20 13:00:16.137  1811  1829 E ApplicationHelper: Fail to get PackageManager
02-20 13:00:16.137  1811  1829 E ApplicationHelper: Fail to get PackageManager
02-20 13:00:16.137  1811  1829 E ApplicationHelper: Fail to get PackageManager
02-20 13:00:16.137  1811  1829 E ApplicationHelper: Fail to get PackageManager
02-20 13:00:16.137  1811  1829 E ApplicationHelper: Fail to get PackageManager
02-20 13:00:16.138  1811  1829 E ApplicationHelper: Fail to get PackageManager
02-20 13:00:16.138  1811  1829 E ApplicationHelper: Fail to get PackageManager
02-20 13:00:16.138  1811  1829 E ApplicationHelper: Fail to get PackageManager
02-20 13:00:16.138  1811  1829 E ApplicationHelper: Fail to get PackageManager
02-20 13:00:16.138  1811  1829 E ApplicationHelper: Fail to get PackageManager
02-20 13:00:16.138  1811  1829 E ApplicationHelper: Fail to get PackageManager
02-20 13:00:16.138  1811  1829 E ApplicationHelper: Fail to get PackageManager
02-20 13:00:16.138  1811  1829 E ApplicationHelper: Fail to get PackageManager
02-20 13:00:16.140  1811  1882 W UserManagerService: Requested status bar icon for non-badged user 0
02-20 13:00:16.162  1811  1882 W PackageConfigPersister: App-specific configuration not found for packageName: com.android.chrome and userId: 0
02-20 13:00:16.384  1811  1829 E ApplicationHelper: Fail to get PackageManager
02-20 13:00:16.389  1811  3458 W UserManagerService: Requested status bar icon for non-badged user 0
02-20 13:00:16.389  1811  1829 E ApplicationHelper: Fail to get PackageManager
02-20 13:00:16.389  1811  1829 E ApplicationHelper: Fail to get PackageManager
02-20 13:00:16.389  1811  1829 E ApplicationHelper: Fail to get PackageManager
02-20 13:00:16.389  1811  1829 E ApplicationHelper: Fail to get PackageManager
02-20 13:00:16.389  1811  1829 E ApplicationHelper: Fail to get PackageManager
02-20 13:00:16.389  1811  1829 E ApplicationHelper: Fail to get PackageManager
02-20 13:00:16.389  1811  1829 E ApplicationHelper: Fail to get PackageManager
02-20 13:00:16.389  1811  1829 E ApplicationHelper: Fail to get PackageManager
02-20 13:00:16.389  1811  1829 E ApplicationHelper: Fail to get PackageManager
02-20 13:00:18.118  1811  1829 E ApplicationHelper: Fail to get PackageManager
02-20 13:00:18.125  1811  1829 E ApplicationHelper: Fail to get PackageManager
