02-20 11:45:08.474  1811  1899 W ProcessStats: Tracking association SourceState{27cef11 system/1000 ImpBg #60324} whose proc state 6 is better than process ProcessState{3e1dfae com.google.android.googlequicksearchbox:search/10117 pkg=com.google.android.googlequicksearchbox (sub)} proc state 14 (6 skipped)
02-20 11:45:08.475  1811  1829 E ApplicationHelper: Fail to get PackageManager
02-20 11:45:08.475  1811  1829 E ApplicationHelper: Fail to get PackageManager
02-20 11:45:08.476  1811  1829 E ApplicationHelper: Fail to get PackageManager
02-20 11:45:08.478  1811  1829 E ApplicationHelper: Fail to get PackageManager
02-20 11:45:08.481  1811  1829 E ApplicationHelper: Fail to get PackageManager
02-20 11:45:08.495  1811  1829 E ApplicationHelper: Fail to get PackageManager
02-20 11:45:08.500  1811  1829 E ApplicationHelper: Fail to get PackageManager
02-20 11:45:08.512 26357 19124 E ActivityThread: Failed to find provider info for gmail-ofls
02-20 11:45:08.540  1811  1829 E ApplicationHelper: Fail to get PackageManager
02-20 11:45:08.542  1811  1829 E ApplicationHelper: Fail to get PackageManager
02-20 11:45:08.542  1811  1829 E ApplicationHelper: Fail to get PackageManager
02-20 11:45:08.544  1811  1829 E ApplicationHelper: Fail to get PackageManager
02-20 11:45:09.615  1811  1829 E ApplicationHelper: Fail to get PackageManager
02-20 11:45:09.622  1811  1829 E ApplicationHelper: Fail to get PackageManager
02-20 11:45:09.623 26357 19124 E ActivityThread: Failed to find provider info for gmail-ofls
02-20 11:45:09.653  1811  1829 E ApplicationHelper: Fail to get PackageManager
02-20 11:45:09.657  1811  1829 E ApplicationHelper: Fail to get PackageManager
02-20 11:45:13.406  1811  1829 E ApplicationHelper: Fail to get PackageManager
02-20 11:45:13.410  1811  1829 E ApplicationHelper: Fail to get PackageManager
02-20 11:45:13.411  1811  1829 E ApplicationHelper: Fail to get PackageManager
02-20 11:45:24.669  1811  1829 E ApplicationHelper: Fail to get PackageManager
02-20 11:45:24.678  1811  1829 E ApplicationHelper: Fail to get PackageManager
02-20 11:45:48.344  1811  1829 E ApplicationHelper: Fail to get PackageManager
02-20 11:45:48.348  1811  1829 E ApplicationHelper: Fail to get PackageManager
02-20 11:45:48.393  1811  1841 I ActivityManager: Start proc 19686:com.google.android.gms.unstable/u0a115 for service {com.google.android.gms/com.google.android.gms.droidguard.DroidGuardService}
02-20 11:45:48.412  1811  1829 E ApplicationHelper: Fail to get PackageManager
02-20 11:45:48.505  1811  1829 E ApplicationHelper: Fail to get PackageManager
02-20 11:45:48.695  1811  1829 E ApplicationHelper: Fail to get PackageManager
02-20 11:45:48.707  1811  1829 E ApplicationHelper: Fail to get PackageManager
02-20 11:45:48.725  1811  1829 E ApplicationHelper: Fail to get PackageManager
02-20 11:45:48.728  1811  1829 E ApplicationHelper: Fail to get PackageManager
02-20 11:45:49.440  1811  1829 E ApplicationHelper: Fail to get PackageManager
02-20 11:45:49.443  1811  1829 E ApplicationHelper: Fail to get PackageManager
02-20 11:45:49.446  1811  1829 E ApplicationHelper: Fail to get PackageManager
02-20 11:45:49.449  1811  1829 E ApplicationHelper: Fail to get PackageManager
02-20 11:45:54.489  1811  1829 E ApplicationHelper: Fail to get PackageManager
02-20 11:45:54.491  1811  1829 E ApplicationHelper: Fail to get PackageManager
02-20 11:46:03.737  1811  1829 E ApplicationHelper: Fail to get PackageManager
02-20 11:46:03.739  1811  1829 E ApplicationHelper: Fail to get PackageManager
02-20 11:46:04.455  1811  1829 E ApplicationHelper: Fail to get PackageManager
02-20 11:46:04.458  1811  1829 E ApplicationHelper: Fail to get PackageManager
02-20 11:46:23.311  1811  1829 E ApplicationHelper: Fail to get PackageManager
02-20 11:46:23.344  1811  1829 E ApplicationHelper: Fail to get PackageManager
02-20 11:46:23.344  1811  1829 E ApplicationHelper: Fail to get PackageManager
02-20 11:46:23.403  1811  1829 E ApplicationHelper: Fail to get PackageManager
02-20 11:46:23.404  1811  1829 E ApplicationHelper: Fail to get PackageManager
02-20 11:46:23.404  1811  1829 E ApplicationHelper: Fail to get PackageManager
02-20 11:46:53.834  1811  1829 E ApplicationHelper: Fail to get PackageManager
02-20 11:46:53.837  1811  2828 I ActivityManager: Killing 19232:com.google.android.apps.wellbeing/u0a116 (adj 925): empty #17
02-20 11:46:53.843  1811  1829 E ApplicationHelper: Fail to get PackageManager
02-20 11:47:25.412  1811  1829 E ApplicationHelper: Fail to get PackageManager
02-20 11:47:25.437  1811  1829 E ApplicationHelper: Fail to get PackageManager
02-20 11:47:40.544  1811  1829 E ApplicationHelper: Fail to get PackageManager
02-20 11:47:40.546  1811  1829 E ApplicationHelper: Fail to get PackageManager
02-20 11:48:15.645  1811  2519 W ContextImpl: Calling a method in the system process without a qualified user: android.app.ContextImpl.sendBroadcastMultiplePermissions:1299 android.content.Context.sendBroadcastMultiplePermissions:2522 com.android.server.TelephonyRegistry.broadcastServiceStateChanged:3701 com.android.server.TelephonyRegistry.notifyServiceStateForPhoneId:1763 com.android.internal.telephony.ITelephonyRegistry$Stub.onTransact:546 
02-20 11:48:15.647  1811  2519 W ContextImpl: Calling a method in the system process without a qualified user: android.app.ContextImpl.sendBroadcastMultiplePermissions:1332 com.android.server.TelephonyRegistry.broadcastServiceStateChanged:3706 com.android.server.TelephonyRegistry.notifyServiceStateForPhoneId:1763 com.android.internal.telephony.ITelephonyRegistry$Stub.onTransact:546 android.os.Binder.execTransactInternal:1505 
02-20 11:48:15.650  1811  2519 W ContextImpl: Calling a method in the system process without a qualified user: android.app.ContextImpl.sendBroadcastMultiplePermissions:1332 com.android.server.TelephonyRegistry.broadcastServiceStateChanged:3715 com.android.server.TelephonyRegistry.notifyServiceStateForPhoneId:1763 com.android.internal.telephony.ITelephonyRegistry$Stub.onTransact:546 android.os.Binder.execTransactInternal:1505 
02-20 11:48:15.651  1811  2519 W ContextImpl: Calling a method in the system process without a qualified user: android.app.ContextImpl.sendBroadcastMultiplePermissions:1332 com.android.server.TelephonyRegistry.broadcastServiceStateChanged:3721 com.android.server.TelephonyRegistry.notifyServiceStateForPhoneId:1763 com.android.internal.telephony.ITelephonyRegistry$Stub.onTransact:546 android.os.Binder.execTransactInternal:1505 
02-20 11:48:15.656  1811  1829 E ApplicationHelper: Fail to get PackageManager
02-20 11:48:15.658  2194  2194 I EmergencyButton: show = true
02-20 11:48:15.660  1811  1829 E ApplicationHelper: Fail to get PackageManager
02-20 11:48:25.418  1811  1829 E ApplicationHelper: Fail to get PackageManager
02-20 11:48:25.419  1811  1829 E ApplicationHelper: Fail to get PackageManager
02-20 11:49:07.756  1811  1829 E ApplicationHelper: Fail to get PackageManager
02-20 11:49:07.793  1811  1829 E ApplicationHelper: Fail to get PackageManager
02-20 11:49:07.793  1811  1829 E ApplicationHelper: Fail to get PackageManager
02-20 11:49:07.862  1811  1829 E ApplicationHelper: Fail to get PackageManager
02-20 11:49:07.863  1811  1829 E ApplicationHelper: Fail to get PackageManager
02-20 11:49:07.864  1811  1829 E ApplicationHelper: Fail to get PackageManager
02-20 11:49:26.657  1811  5645 W ContextImpl: Calling a method in the system process without a qualified user: android.app.ContextImpl.sendBroadcastMultiplePermissions:1299 android.content.Context.sendBroadcastMultiplePermissions:2522 com.android.server.TelephonyRegistry.broadcastServiceStateChanged:3701 com.android.server.TelephonyRegistry.notifyServiceStateForPhoneId:1763 com.android.internal.telephony.ITelephonyRegistry$Stub.onTransact:546 
02-20 11:49:26.660  1811  5645 W ContextImpl: Calling a method in the system process without a qualified user: android.app.ContextImpl.sendBroadcastMultiplePermissions:1332 com.android.server.TelephonyRegistry.broadcastServiceStateChanged:3706 com.android.server.TelephonyRegistry.notifyServiceStateForPhoneId:1763 com.android.internal.telephony.ITelephonyRegistry$Stub.onTransact:546 android.os.Binder.execTransactInternal:1505 
02-20 11:49:26.663  1811  5645 W ContextImpl: Calling a method in the system process without a qualified user: android.app.ContextImpl.sendBroadcastMultiplePermissions:1332 com.android.server.TelephonyRegistry.broadcastServiceStateChanged:3715 com.android.server.TelephonyRegistry.notifyServiceStateForPhoneId:1763 com.android.internal.telephony.ITelephonyRegistry$Stub.onTransact:546 android.os.Binder.execTransactInternal:1505 
02-20 11:49:26.665  1811  5645 W ContextImpl: Calling a method in the system process without a qualified user: android.app.ContextImpl.sendBroadcastMultiplePermissions:1332 com.android.server.TelephonyRegistry.broadcastServiceStateChanged:3721 com.android.server.TelephonyRegistry.notifyServiceStateForPhoneId:1763 com.android.internal.telephony.ITelephonyRegistry$Stub.onTransact:546 android.os.Binder.execTransactInternal:1505 
02-20 11:49:26.670  2194  2194 I EmergencyButton: show = true
02-20 11:49:26.672  1811  1829 E ApplicationHelper: Fail to get PackageManager
02-20 11:49:26.759  1811  1829 E ApplicationHelper: Fail to get PackageManager
02-20 11:50:30.400  1811  1829 E ApplicationHelper: Fail to get PackageManager
02-20 11:50:30.409  1811  1829 E ApplicationHelper: Fail to get PackageManager
02-20 11:50:30.411  1811  1829 E ApplicationHelper: Fail to get PackageManager
02-20 11:50:30.413  1811  1829 E ApplicationHelper: Fail to get PackageManager
02-20 11:50:30.417  1811  1829 E ApplicationHelper: Fail to get PackageManager
02-20 11:50:30.418  1811  1829 E ApplicationHelper: Fail to get PackageManager
02-20 11:50:35.457  1811  1829 E ApplicationHelper: Fail to get PackageManager
02-20 11:50:35.459  1811  1829 E ApplicationHelper: Fail to get PackageManager
02-20 11:50:45.489  1811  1829 E ApplicationHelper: Fail to get PackageManager
02-20 11:50:45.492  1811  1829 E ApplicationHelper: Fail to get PackageManager
02-20 11:53:33.667  1811  1829 E ApplicationHelper: Fail to get PackageManager
02-20 11:53:33.670  1811  1829 E ApplicationHelper: Fail to get PackageManager
02-20 11:53:41.259  1811  1898 I UsageStatsService: User[0] Flushing usage stats to disk
02-20 11:55:26.640  1811  5645 W ContextImpl: Calling a method in the system process without a qualified user: android.app.ContextImpl.sendBroadcastMultiplePermissions:1299 android.content.Context.sendBroadcastMultiplePermissions:2522 com.android.server.TelephonyRegistry.broadcastServiceStateChanged:3701 com.android.server.TelephonyRegistry.notifyServiceStateForPhoneId:1763 com.android.internal.telephony.ITelephonyRegistry$Stub.onTransact:546 
02-20 11:55:26.643  1811  5645 W ContextImpl: Calling a method in the system process without a qualified user: android.app.ContextImpl.sendBroadcastMultiplePermissions:1332 com.android.server.TelephonyRegistry.broadcastServiceStateChanged:3706 com.android.server.TelephonyRegistry.notifyServiceStateForPhoneId:1763 com.android.internal.telephony.ITelephonyRegistry$Stub.onTransact:546 android.os.Binder.execTransactInternal:1505 
02-20 11:55:26.645  1811  5645 W ContextImpl: Calling a method in the system process without a qualified user: android.app.ContextImpl.sendBroadcastMultiplePermissions:1332 com.android.server.TelephonyRegistry.broadcastServiceStateChanged:3715 com.android.server.TelephonyRegistry.notifyServiceStateForPhoneId:1763 com.android.internal.telephony.ITelephonyRegistry$Stub.onTransact:546 android.os.Binder.execTransactInternal:1505 
02-20 11:55:26.646  1811  5645 W ContextImpl: Calling a method in the system process without a qualified user: android.app.ContextImpl.sendBroadcastMultiplePermissions:1332 com.android.server.TelephonyRegistry.broadcastServiceStateChanged:3721 com.android.server.TelephonyRegistry.notifyServiceStateForPhoneId:1763 com.android.internal.telephony.ITelephonyRegistry$Stub.onTransact:546 android.os.Binder.execTransactInternal:1505 
02-20 11:55:26.651  1811  1829 E ApplicationHelper: Fail to get PackageManager
02-20 11:55:26.652  2194  2194 I EmergencyButton: show = true
02-20 11:55:26.654  1811  1829 E ApplicationHelper: Fail to get PackageManager
02-20 11:56:39.336  1811  3501 W ContextImpl: Calling a method in the system process without a qualified user: android.app.ContextImpl.sendBroadcastMultiplePermissions:1299 android.content.Context.sendBroadcastMultiplePermissions:2522 com.android.server.TelephonyRegistry.broadcastServiceStateChanged:3701 com.android.server.TelephonyRegistry.notifyServiceStateForPhoneId:1763 com.android.internal.telephony.ITelephonyRegistry$Stub.onTransact:546 
02-20 11:56:39.338  1811  3501 W ContextImpl: Calling a method in the system process without a qualified user: android.app.ContextImpl.sendBroadcastMultiplePermissions:1332 com.android.server.TelephonyRegistry.broadcastServiceStateChanged:3706 com.android.server.TelephonyRegistry.notifyServiceStateForPhoneId:1763 com.android.internal.telephony.ITelephonyRegistry$Stub.onTransact:546 android.os.Binder.execTransactInternal:1505 
02-20 11:56:39.340  1811  3501 W ContextImpl: Calling a method in the system process without a qualified user: android.app.ContextImpl.sendBroadcastMultiplePermissions:1332 com.android.server.TelephonyRegistry.broadcastServiceStateChanged:3715 com.android.server.TelephonyRegistry.notifyServiceStateForPhoneId:1763 com.android.internal.telephony.ITelephonyRegistry$Stub.onTransact:546 android.os.Binder.execTransactInternal:1505 
02-20 11:56:39.342  1811  3501 W ContextImpl: Calling a method in the system process without a qualified user: android.app.ContextImpl.sendBroadcastMultiplePermissions:1332 com.android.server.TelephonyRegistry.broadcastServiceStateChanged:3721 com.android.server.TelephonyRegistry.notifyServiceStateForPhoneId:1763 com.android.internal.telephony.ITelephonyRegistry$Stub.onTransact:546 android.os.Binder.execTransactInternal:1505 
02-20 11:56:39.350  1811  1829 E ApplicationHelper: Fail to get PackageManager
02-20 11:56:39.355  2194  2194 I EmergencyButton: show = true
02-20 11:56:39.358  1811  1829 E ApplicationHelper: Fail to get PackageManager
02-20 11:57:25.550  1811  1829 E ApplicationHelper: Fail to get PackageManager
02-20 11:57:25.575  1811  5645 W ProcessStats: Tracking association SourceState{7ee89b3 com.google.android.gms.persistent/10115 BFgs #60443} whose proc state 4 is better than process ProcessState{7faffef com.google.android.gms/10115 pkg=com.google.android.gms} proc state 14 (1 skipped)
02-20 11:57:25.576  1811  1829 E ApplicationHelper: Fail to get PackageManager
02-20 11:57:40.670  1811  1829 E ApplicationHelper: Fail to get PackageManager
02-20 11:57:40.671  1811  1829 E ApplicationHelper: Fail to get PackageManager
02-20 11:58:25.547  1811  1829 E ApplicationHelper: Fail to get PackageManager
02-20 11:58:25.549  1811  1829 E ApplicationHelper: Fail to get PackageManager
02-20 11:59:22.872  1811  1829 E ApplicationHelper: Fail to get PackageManager
02-20 11:59:22.909  1811  1829 E ApplicationHelper: Fail to get PackageManager
02-20 11:59:22.909  1811  1829 E ApplicationHelper: Fail to get PackageManager
02-20 11:59:22.971  1811  1829 E ApplicationHelper: Fail to get PackageManager
02-20 11:59:22.974  1811  1829 E ApplicationHelper: Fail to get PackageManager
02-20 11:59:22.974  1811  1829 E ApplicationHelper: Fail to get PackageManager
02-20 11:59:22.975  1811  1829 E ApplicationHelper: Fail to get PackageManager
02-20 11:59:22.985  1811  1829 E ApplicationHelper: Fail to get PackageManager
02-20 11:59:22.991  1811  1829 E ApplicationHelper: Fail to get PackageManager
02-20 11:59:22.995  1811  1899 W JobServiceContext: Sending onNetworkChanged for a job that isn't started. JobStatus{748a693 #u0a189/7 com.google.android.adservices.api/com.android.adservices.service.measurement.reporting.AggregateReportingJobService u=0 s=10189 TIME=-1m48s143ms:+58m11s857ms NET BATNOTLOW PERIODIC PERSISTED READY}
02-20 11:59:22.996  1811  1899 W JobServiceContext: Sending onNetworkChanged for a job that isn't started. JobStatus{7454f82 #u0a189/25 com.google.android.adservices.api/com.android.adservices.service.measurement.reporting.DebugReportingFallbackJobService u=0 s=10189 TIME=-1m48s143ms:+58m11s857ms NET PERIODIC PERSISTED READY}
02-20 11:59:22.996  1811  1899 W JobServiceContext: Sending onNetworkChanged for a job that isn't started. JobStatus{6674cb7 #u0a189/19 com.google.android.adservices.api/com.android.adservices.spe.AdServicesJobService u=0 s=10189 TIME=-1m48s144ms:+58m11s856ms NET BATNOTLOW PERIODIC PERSISTED READY}
02-20 11:59:22.996  1811  1899 W JobServiceContext: Sending onNetworkChanged for a job that isn't started. JobStatus{57ee6a7 #u0a189/24 com.google.android.adservices.api/com.android.adservices.service.measurement.reporting.VerboseDebugReportingFallbackJobService u=0 s=10189 TIME=-1m48s144ms:+58m11s856ms NET PERIODIC PERSISTED READY}
02-20 11:59:22.999  1811  1829 E ApplicationHelper: Fail to get PackageManager
02-20 11:59:23.011  1811  1829 E ApplicationHelper: Fail to get PackageManager
02-20 11:59:23.018  1811  1829 E ApplicationHelper: Fail to get PackageManager
02-20 11:59:23.035  1811  1829 E ApplicationHelper: Fail to get PackageManager
02-20 11:59:23.038  1811  1829 E ApplicationHelper: Fail to get PackageManager
02-20 11:59:23.039  1811  1829 E ApplicationHelper: Fail to get PackageManager
02-20 11:59:23.041  1811  1829 E ApplicationHelper: Fail to get PackageManager
02-20 11:59:23.113  1811  1829 E ApplicationHelper: Fail to get PackageManager
02-20 11:59:23.116  1811  1829 E ApplicationHelper: Fail to get PackageManager
02-20 11:59:36.536  1811  1829 E ApplicationHelper: Fail to get PackageManager
02-20 11:59:36.537  1811  2031 I MR2ServiceImpl: Updating composite discovery preference | preference: RouteDiscoveryRequest{ preferredFeatures={}, activeScan=false }, active routers: []
02-20 11:59:36.537  1811  2032 W Biometrics/AuthenticationClient: Allowing background authentication, this is allowed only for platform or test invocations
02-20 11:59:36.541   570  4691 I keystore2: system/security/keystore2/src/authorization.rs:114 - add_auth_token(challenge=0, userId=3991331366078775296, authId=354827238758675181, authType=0x2, timestamp=162158764ms)
02-20 11:59:36.547  1811  5712 I PowerGroup: Waking up power group from Asleep (groupId=0, uid=10152, reason=WAKE_REASON_BIOMETRIC, details=android.policy:BIOMETRIC)...
02-20 11:59:36.548   570  4691 I keystore2: system/security/keystore2/src/authorization.rs:128 - on_device_unlocked(user_id=0, password.is_some()=false)
02-20 11:59:36.548  1811  5712 I PowerManagerService: Waking up from Asleep (uid=10152, reason=WAKE_REASON_BIOMETRIC, details=android.policy:BIOMETRIC)...
02-20 11:59:36.553   570  4691 I keystore2: system/security/keystore2/src/super_key.rs:1040 - Successfully unlocked user 0 with biometric 354827238758675181
02-20 11:59:36.554  1811  1860 I DisplayPowerController2[0]: Blocking screen on until initial contents have been drawn.
02-20 11:59:36.555  1811  1860 I DisplayBrightnessStrategySelector: Changing the DisplayBrightnessStrategy from ScreenOffBrightnessStrategy to InvalidBrightnessStrategy for display 0
02-20 11:59:36.557  1811  1860 I DisplayPowerController2[0]: BrightnessEvent: disp=0, physDisp=local:4627039422300187648, displayState=ON, displayPolicy=BRIGHT, brt=0.07558543, initBrt=0.0, rcmdBrt=NaN, preBrt=NaN, lux=NaN, preLux=NaN, hbmMax=1.0, hbmMode=off, rbcStrength=50, thrmMax=1.0, powerFactor=1.0, wasShortTermModelActive=false, flags=invalid_lux , reason=manual, autoBrightness=true, strategy=InvalidBrightnessStrategy, autoBrightnessMode=default
02-20 11:59:36.558  1811  1829 E ApplicationHelper: Fail to get PackageManager
02-20 11:59:36.558  1811  1829 E ApplicationHelper: Fail to get PackageManager
02-20 11:59:36.558  1811  1829 E ApplicationHelper: Fail to get PackageManager
02-20 11:59:36.558  1811  1829 E ApplicationHelper: Fail to get PackageManager
02-20 11:59:36.558  1811  1829 E ApplicationHelper: Fail to get PackageManager
02-20 11:59:36.558  1811  1829 E ApplicationHelper: Fail to get PackageManager
02-20 11:59:36.558  1811  1829 E ApplicationHelper: Fail to get PackageManager
02-20 11:59:36.558  1811  1829 E ApplicationHelper: Fail to get PackageManager
02-20 11:59:36.558  1811  1829 E ApplicationHelper: Fail to get PackageManager
02-20 11:59:36.558  1811  1829 E ApplicationHelper: Fail to get PackageManager
02-20 11:59:36.558  1811  1829 E ApplicationHelper: Fail to get PackageManager
02-20 11:59:36.558  1811  1829 E ApplicationHelper: Fail to get PackageManager
02-20 11:59:36.558  1811  1829 E ApplicationHelper: Fail to get PackageManager
02-20 11:59:36.559  1811  1831 I DisplayDeviceRepository: Display device changed state: "Built-in Screen", ON
02-20 11:59:36.561  1811  1832 I DisplayDevice: [0] Layerstack set to 0 for local:4627039422300187648
02-20 11:59:36.566  1811  5645 W UserManagerService: Requested status bar icon for non-badged user 0
02-20 11:59:36.573  1811  1811 E ScreenIntentReceiver: notifyChange failed
02-20 11:59:36.573  1811  1829 E ApplicationHelper: Fail to get PackageManager
02-20 11:59:36.574  1811  1829 E ApplicationHelper: Fail to get PackageManager
02-20 11:59:36.583  1811  1829 E ApplicationHelper: Fail to get PackageManager
02-20 11:59:36.583  1811  1829 E ApplicationHelper: Fail to get PackageManager
02-20 11:59:36.583  1811  1829 E ApplicationHelper: Fail to get PackageManager
02-20 11:59:36.595  1811  1829 E ApplicationHelper: Fail to get PackageManager
02-20 11:59:36.595  1811  1829 E ApplicationHelper: Fail to get PackageManager
02-20 11:59:36.595  1811  1829 E ApplicationHelper: Fail to get PackageManager
02-20 11:59:36.595  1811  1829 E ApplicationHelper: Fail to get PackageManager
02-20 11:59:36.595  1811  1829 E ApplicationHelper: Fail to get PackageManager
02-20 11:59:36.595  1811  1829 E ApplicationHelper: Fail to get PackageManager
02-20 11:59:36.610  1811  1829 E ApplicationHelper: Fail to get PackageManager
02-20 11:59:36.610  1811  2031 I MR2ServiceImpl: Updating composite discovery preference | preference: RouteDiscoveryRequest{ preferredFeatures={}, activeScan=false }, active routers: []
02-20 11:59:36.611  1811  5645 I WindowManager: Relayout Window{91555cd u0 com.android.launcher3/com.android.searchlauncher.SearchLauncher}: oldVis=8 newVis=0 focusMayChange = true requestedWidth = 1200 requestedHeight = 2670 outFrames = ClientWindowFrames{frame=[0,0][1200,2670] display=[0,0][1200,2670] parentFrame=[0,0][0,0]} outSurfaceControl = Surface(name=com.android.launcher3/com.android.searchlauncher.SearchLauncher)/@0xf320694
02-20 11:59:36.613  1811  3008 I WindowManager: Relayout Window{ac1137b u0 com.android.launcher3/com.android.searchlauncher.SearchLauncher}: oldVis=8 newVis=0 focusMayChange = true requestedWidth = 1200 requestedHeight = 2670 outFrames = ClientWindowFrames{frame=[0,0][1200,2670] display=[0,0][1200,2670] parentFrame=[0,0][0,0]} outSurfaceControl = Surface(name=com.android.launcher3/com.android.searchlauncher.SearchLauncher)/@0x8fdd132
02-20 11:59:36.621  1811  1829 E ApplicationHelper: Fail to get PackageManager
02-20 11:59:36.623  1811  1829 E ApplicationHelper: Fail to get PackageManager
02-20 11:59:36.624  1811  1860 I DisplayPowerController2[0]: Unblocked screen on after 70 ms
02-20 11:59:36.632  1811  1840 W ProcessStats: Tracking association SourceState{1369f71 com.google.android.gms.persistent/10115 BTop #60484} whose proc state 2 is better than process ProcessState{b28331c com.google.android.gms.unstable/10115 pkg=com.google.android.gms} proc state 14 (0 skipped)
02-20 11:59:36.632  1811  1829 E ApplicationHelper: Fail to get PackageManager
02-20 11:59:36.636  1811  1829 E ApplicationHelper: Fail to get PackageManager
02-20 11:59:36.654  1811  3008 W UserManagerService: Requested status bar icon for non-badged user 0
02-20 11:59:36.655  1811  1829 E ApplicationHelper: Fail to get PackageManager
02-20 11:59:36.655  1811  1829 E ApplicationHelper: Fail to get PackageManager
02-20 11:59:36.656  1811  1829 E ApplicationHelper: Fail to get PackageManager
02-20 11:59:36.658  1811  1829 E ApplicationHelper: Fail to get PackageManager
02-20 11:59:36.660 10532 10604 W KeyphraseEnrollmentInfo: No enrollment application supports the given keyphrase/locale: 'X Google'/en_US
02-20 11:59:36.660 10532 10604 W KeyphraseEnrollmentInfo: No enrollment application supports the given keyphrase/locale: 'X Google'/en_US
02-20 11:59:36.660 10532 10604 W KeyphraseEnrollmentInfo: No enrollment application supports the given keyphrase/locale: 'X Google'/ar_EG
02-20 11:59:36.660 10532 10604 W KeyphraseEnrollmentInfo: No enrollment application supports the given keyphrase/locale: 'X Google'/en_US
02-20 11:59:36.660 10532 10604 W KeyphraseEnrollmentInfo: No enrollment application supports the given keyphrase/locale: 'Ok Google'/en_US
02-20 11:59:36.660 10532 10604 W KeyphraseEnrollmentInfo: No enrollment application supports the given keyphrase/locale: 'Ok Google'/ar_EG
02-20 11:59:36.660 10532 10604 W KeyphraseEnrollmentInfo: No enrollment application supports the given keyphrase/locale: 'Ok Google'/en_US
02-20 11:59:36.661 10532 10604 W KeyphraseEnrollmentInfo: No enrollment application supports the given keyphrase/locale: 'Y Google'/en_US
02-20 11:59:36.669  1811  1829 E ApplicationHelper: Fail to get PackageManager
02-20 11:59:36.673  1811  1829 E ApplicationHelper: Fail to get PackageManager
02-20 11:59:36.687  1811  1829 E ApplicationHelper: Fail to get PackageManager
02-20 11:59:36.687  1811  1829 E ApplicationHelper: Fail to get PackageManager
02-20 11:59:36.687  1811  1829 E ApplicationHelper: Fail to get PackageManager
02-20 11:59:36.687  1811  1829 E ApplicationHelper: Fail to get PackageManager
02-20 11:59:36.687  1811  1829 E ApplicationHelper: Fail to get PackageManager
02-20 11:59:36.687  1811  1829 E ApplicationHelper: Fail to get PackageManager
02-20 11:59:36.687  1811  1829 E ApplicationHelper: Fail to get PackageManager
02-20 11:59:36.687  1811  1829 E ApplicationHelper: Fail to get PackageManager
02-20 11:59:36.687  1811  1829 E ApplicationHelper: Fail to get PackageManager
02-20 11:59:36.687  1811  1829 E ApplicationHelper: Fail to get PackageManager
02-20 11:59:36.687  1811  1829 E ApplicationHelper: Fail to get PackageManager
02-20 11:59:36.687  1811  1829 E ApplicationHelper: Fail to get PackageManager
02-20 11:59:36.689  1811  1811 E ScreenIntentReceiver: notifyChange failed
02-20 11:59:36.690  1811  2828 W UserManagerService: Requested status bar icon for non-badged user 0
02-20 11:59:36.695  1811  1829 E ApplicationHelper: Fail to get PackageManager
02-20 11:59:36.695  1811  1829 E ApplicationHelper: Fail to get PackageManager
02-20 11:59:36.703  1811  1841 I ActivityManager: Start proc 19844:com.google.android.apps.messaging/u0a111 for content provider {com.google.android.apps.messaging/com.google.android.apps.messaging.shared.datamodel.provider.sharedstorage.SharedStorageProvider}
02-20 11:59:36.726  1811  1829 E ApplicationHelper: Fail to get PackageManager
02-20 11:59:36.746  1811  1811 W BiometricFrameworkStatsLogger: found a negative latency : -1
02-20 11:59:36.749  1811  1860 I DisplayPowerController2[0]: BrightnessEvent: disp=0, physDisp=local:4627039422300187648, displayState=ON, displayPolicy=BRIGHT, brt=0.06651221, initBrt=0.07558543, rcmdBrt=0.06651221, preBrt=NaN, lux=22.0, preLux=NaN, hbmMax=1.0, hbmMode=off, rbcStrength=50, thrmMax=1.0, powerFactor=1.0, wasShortTermModelActive=false, flags=, reason=automatic, autoBrightness=true, strategy=InvalidBrightnessStrategy, autoBrightnessMode=default
02-20 11:59:36.752  1811  1811 I BrightnessSynchronizer: [238] New Update 0.06651221(f) set brightness values:  18(i)
02-20 11:59:36.753  1811  1811 I BrightnessSynchronizer: Swallowing update of 18(i) by update: {[238] 0.06651221(f), mUpdatedTypes=1, mConfirmedTypes=1, mTimeUpdated=23185071}
02-20 11:59:36.753  1811  1811 I BrightnessSynchronizer: Completed Update: {[238] 0.06651221(f), mUpdatedTypes=1, mConfirmedTypes=1, mTimeUpdated=23185071}
02-20 11:59:36.760  1811  3008 W WindowManager: Changing focus from Window{ef6e4e0 u0 NotificationShade} to Window{ac1137b u0 com.android.launcher3/com.android.searchlauncher.SearchLauncher} displayId=0 Callers=com.android.server.wm.RootWindowContainer.updateFocusedWindowLocked:468 com.android.server.wm.WindowManagerService.updateFocusedWindowLocked:6623 com.android.server.wm.WindowManagerService.relayoutWindowInner:2691 com.android.server.wm.WindowManagerService.relayoutWindow:2361 
02-20 11:59:36.768  1811  1829 E ApplicationHelper: Fail to get PackageManager
02-20 11:59:36.769  1811  1841 I ActivityManager: Start proc 19863:com.android.providers.calendar/u0a52 for content provider {com.android.providers.calendar/com.android.providers.calendar.CalendarProvider2}
02-20 11:59:36.776  1811  1829 E ApplicationHelper: Fail to get PackageManager
02-20 11:59:36.796  1811  1829 E ApplicationHelper: Fail to get PackageManager
02-20 11:59:36.800  1811  3501 W UserManagerService: Requested status bar icon for non-badged user 0
02-20 11:59:36.803  1811  4696 W UserManagerService: Requested status bar icon for non-badged user 0
02-20 11:59:36.804  1811  1829 E ApplicationHelper: Fail to get PackageManager
02-20 11:59:36.805  1811  1829 E ApplicationHelper: Fail to get PackageManager
02-20 11:59:36.816  1811  1829 E ApplicationHelper: Fail to get PackageManager
02-20 11:59:36.817  1811  1829 E ApplicationHelper: Fail to get PackageManager
02-20 11:59:36.823  1811  1829 E ApplicationHelper: Fail to get PackageManager
02-20 11:59:36.834   570  4691 E keystore2: system/security/keystore2/src/error.rs:171 - system/security/keystore2/src/security_level.rs:317
02-20 11:59:36.834   570  4691 E keystore2: 
02-20 11:59:36.834   570  4691 E keystore2: Caused by:
02-20 11:59:36.834   570  4691 E keystore2:     0: system/security/keystore2/src/enforcements.rs:623: matching auth token is expired.
02-20 11:59:36.834   570  4691 E keystore2:     1: Error::Km(r#KEY_USER_NOT_AUTHENTICATED)
02-20 11:59:36.835  1811  1829 E ApplicationHelper: Fail to get PackageManager
02-20 11:59:36.876  1811  1829 I FingerprintManager: onPowerPressed
02-20 11:59:36.877  1811  1829 I WindowManager: Sleep from power button suppressed. Time since gesture: 333ms
02-20 11:59:36.879  1811  1860 W PowerManagerService: Screen on took 334 ms
02-20 11:59:36.895  1811  4696 W UserManagerService: Requested status bar icon for non-badged user 0
02-20 11:59:36.912  1811  3008 W PackageConfigPersister: App-specific configuration not found for packageName: com.android.launcher3 and userId: 0
02-20 11:59:36.955  1811  1829 E ApplicationHelper: Fail to get PackageManager
02-20 11:59:36.958  1811  1829 E ApplicationHelper: Fail to get PackageManager
02-20 11:59:36.980  1811  1829 E ApplicationHelper: Fail to get PackageManager
02-20 11:59:36.985  1811  1829 E ApplicationHelper: Fail to get PackageManager
02-20 11:59:37.204  1811  1829 E ApplicationHelper: Fail to get PackageManager
02-20 11:59:40.955  1811  3008 W PackageConfigPersister: App-specific configuration not found for packageName: com.android.launcher3 and userId: 0
02-20 11:59:42.492  1811  1829 E ApplicationHelper: Fail to get PackageManager
02-20 11:59:42.496  1811  1829 E ApplicationHelper: Fail to get PackageManager
02-20 11:59:42.670  1811  1829 E ApplicationHelper: Fail to get PackageManager
02-20 11:59:42.837  1811  1829 E ApplicationHelper: Fail to get PackageManager
02-20 11:59:44.366  1811  1881 W OptProp : Cannot read opt property android.window.PROPERTY_COMPAT_ALLOW_ORIENTATION_OVERRIDE
02-20 11:59:44.368  1811  1881 W OptProp : Cannot read opt property android.window.PROPERTY_COMPAT_ALLOW_RESIZEABLE_ACTIVITY_OVERRIDES
02-20 11:59:44.369  1811  1881 W OptProp : Cannot read opt property android.window.PROPERTY_COMPAT_ALLOW_MIN_ASPECT_RATIO_OVERRIDE
02-20 11:59:44.379  1811  1881 I ActivityTaskManager: START u0 {act=android.intent.action.MAIN cat=[android.intent.category.LAUNCHER] flg=0x10200000 cmp=app.validator.intelligence/.MainActivity bnds=[300,1878][600,2238]} with LAUNCH_SINGLE_TASK from uid 10153 (BAL_ALLOW_VISIBLE_WINDOW) result code=0
02-20 11:59:44.389  1811  1829 E ApplicationHelper: Fail to get PackageManager
02-20 11:59:44.394  1811  1829 E ApplicationHelper: Fail to get PackageManager
02-20 11:59:44.394  1811  1829 E ApplicationHelper: Fail to get PackageManager
02-20 11:59:44.394  1811  1829 E ApplicationHelper: Fail to get PackageManager
02-20 11:59:44.394  1811  1829 E ApplicationHelper: Fail to get PackageManager
02-20 11:59:44.394  1811  1829 E ApplicationHelper: Fail to get PackageManager
02-20 11:59:44.394  1811  1829 E ApplicationHelper: Fail to get PackageManager
02-20 11:59:44.394  1811  1841 I ActivityManager: Start proc 19930:app.validator.intelligence/u0a228 for next-top-activity {app.validator.intelligence/app.validator.intelligence.MainActivity}
02-20 11:59:44.396  1811  3008 W WindowManager: Changing focus from Window{ac1137b u0 com.android.launcher3/com.android.searchlauncher.SearchLauncher} to null displayId=0 Callers=com.android.server.wm.RootWindowContainer.updateFocusedWindowLocked:468 com.android.server.wm.WindowManagerService.updateFocusedWindowLocked:6623 com.android.server.wm.WindowManagerService.relayoutWindowInner:2691 com.android.server.wm.WindowManagerService.relayoutWindow:2361 
02-20 11:59:44.417  1811  2828 W UserManagerService: Requested status bar icon for non-badged user 0
02-20 11:59:44.436  1811  1829 E ApplicationHelper: Fail to get PackageManager
02-20 11:59:44.590  1811  1811 E MBrainLocalService: notifyAppSwitch failed
02-20 11:59:44.735  1811  1841 I ActivityManager: Start proc 19956:com.google.android.webview:webview_service/u0a137 for service {com.google.android.webview/org.chromium.android_webview.services.VariationsSeedServer}
02-20 11:59:44.758  1811  1829 E ApplicationHelper: Fail to get PackageManager
02-20 11:59:44.759  1811  1841 I ActivityManager: Start proc 19967:com.google.android.webview:sandboxed_process0:org.chromium.content.app.SandboxedProcessService0:0/u0i65 for  {app.validator.intelligence/org.chromium.content.app.SandboxedProcessService0:0}
02-20 11:59:44.775  1811  1829 E ApplicationHelper: Fail to get PackageManager
02-20 11:59:44.788  1811  1829 E ApplicationHelper: Fail to get PackageManager
02-20 11:59:44.793  1811  1829 E ApplicationHelper: Fail to get PackageManager
02-20 11:59:44.798  1811  1829 E ApplicationHelper: Fail to get PackageManager
02-20 11:59:44.802  1811  1829 E ApplicationHelper: Fail to get PackageManager
02-20 11:59:44.803  1811  1829 E ApplicationHelper: Fail to get PackageManager
02-20 11:59:44.943  1811  1829 E ApplicationHelper: Fail to get PackageManager
02-20 11:59:44.944  1811  1829 E ApplicationHelper: Fail to get PackageManager
02-20 11:59:44.946  1811  1829 E ApplicationHelper: Fail to get PackageManager
02-20 11:59:44.957  1811  1829 E ApplicationHelper: Fail to get PackageManager
02-20 11:59:44.958  1811  2096 W UserManagerService: Requested status bar icon for non-badged user 0
02-20 11:59:44.959  1811  1881 W UserManagerService: Requested status bar icon for non-badged user 0
02-20 11:59:44.975  1811  1829 E ApplicationHelper: Fail to get PackageManager
02-20 11:59:44.980  1811  1829 E ApplicationHelper: Fail to get PackageManager
02-20 11:59:44.980  1811  1829 E ApplicationHelper: Fail to get PackageManager
02-20 11:59:44.980  1811  1829 E ApplicationHelper: Fail to get PackageManager
02-20 11:59:44.982  1811  3008 W WindowManager: Changing focus from null to Window{5726750 u0 app.validator.intelligence/app.validator.intelligence.MainActivity} displayId=0 Callers=com.android.server.wm.RootWindowContainer.updateFocusedWindowLocked:468 com.android.server.wm.WindowManagerService.updateFocusedWindowLocked:6623 com.android.server.wm.WindowManagerService.relayoutWindowInner:2691 com.android.server.wm.WindowManagerService.relayoutWindow:2361 
02-20 11:59:44.985  1811  3008 I WindowManager: Relayout Window{5726750 u0 app.validator.intelligence/app.validator.intelligence.MainActivity}: oldVis=4 newVis=0 focusMayChange = true requestedWidth = 1200 requestedHeight = 2670 outFrames = ClientWindowFrames{frame=[0,0][1200,2670] display=[0,0][1200,2670] parentFrame=[0,0][0,0]} outSurfaceControl = Surface(name=app.validator.intelligence/app.validator.intelligence.MainActivity)/@0xa9b28ac
02-20 11:59:45.014  1811  1829 E ApplicationHelper: Fail to get PackageManager
02-20 11:59:45.015  1811  1829 E ApplicationHelper: Fail to get PackageManager
02-20 11:59:45.048  1811  1829 E ApplicationHelper: Fail to get PackageManager
02-20 11:59:45.048  1811  1829 E ApplicationHelper: Fail to get PackageManager
02-20 11:59:45.050  1811  1829 E ApplicationHelper: Fail to get PackageManager
02-20 11:59:45.050  1811  1829 E ApplicationHelper: Fail to get PackageManager
02-20 11:59:45.050  1811  1829 E ApplicationHelper: Fail to get PackageManager
02-20 11:59:45.050  1811  1829 E ApplicationHelper: Fail to get PackageManager
02-20 11:59:45.050  1811  1829 E ApplicationHelper: Fail to get PackageManager
02-20 11:59:45.050  1811  1829 E ApplicationHelper: Fail to get PackageManager
02-20 11:59:45.050  1811  1829 E ApplicationHelper: Fail to get PackageManager
02-20 11:59:45.050  1811  1829 E ApplicationHelper: Fail to get PackageManager
02-20 11:59:45.057  1811  1829 E ApplicationHelper: Fail to get PackageManager
02-20 11:59:45.057  1811  1829 E ApplicationHelper: Fail to get PackageManager
02-20 11:59:45.070  1811  2828 W PackageConfigPersister: App-specific configuration not found for packageName: app.validator.intelligence and userId: 0
02-20 11:59:45.071  1811  1829 E ApplicationHelper: Fail to get PackageManager
02-20 11:59:45.071  1811  1829 E ApplicationHelper: Fail to get PackageManager
02-20 11:59:45.393  1811  1829 E ApplicationHelper: Fail to get PackageManager
02-20 11:59:45.393  1811  1829 E ApplicationHelper: Fail to get PackageManager
02-20 11:59:45.395  1811  1829 E ApplicationHelper: Fail to get PackageManager
02-20 11:59:47.335   570 19825 I keystore2: system/security/keystore2/watchdog/src/lib.rs:319 - Watchdog thread idle -> terminating. Have a great day.
02-20 11:59:47.876  1811  1841 I ActivityManager: Start proc 20048:com.uprock.mining/u0a216 for broadcast {com.uprock.mining/com.google.firebase.iid.FirebaseInstanceIdReceiver}
02-20 11:59:47.897  1811  1829 E ApplicationHelper: Fail to get PackageManager
02-20 11:59:47.960  1811  3008 W ProcessStats: Tracking association SourceState{7ee89b3 com.google.android.gms.persistent/10115 BTop #60586} whose proc state 2 is better than process ProcessState{7faffef com.google.android.gms/10115 pkg=com.google.android.gms} proc state 14 (160 skipped)
02-20 11:59:47.983  1811  1829 E ApplicationHelper: Fail to get PackageManager
02-20 11:59:48.020  1811  1829 E ApplicationHelper: Fail to get PackageManager
02-20 11:59:48.021  1811  1829 E ApplicationHelper: Fail to get PackageManager
02-20 11:59:48.034  1811  1829 E ApplicationHelper: Fail to get PackageManager
02-20 11:59:48.043  1811  1829 E ApplicationHelper: Fail to get PackageManager
02-20 11:59:48.047  1811  1829 E ApplicationHelper: Fail to get PackageManager
02-20 11:59:48.509  1811  1829 E ApplicationHelper: Fail to get PackageManager
02-20 11:59:48.521  1811  1829 E ApplicationHelper: Fail to get PackageManager
02-20 11:59:48.605  1811  1841 I ActivityManager: Start proc 20168:com.android.rkpdapp/u0a209 for service {com.android.rkpdapp/com.android.rkpdapp.service.RemoteProvisioningService}
02-20 11:59:48.624  1811  1829 E ApplicationHelper: Fail to get PackageManager
02-20 11:59:48.648  1811  1829 E ApplicationHelper: Fail to get PackageManager
02-20 11:59:48.651  1811  1829 E ApplicationHelper: Fail to get PackageManager
02-20 11:59:48.657  1811  1829 E ApplicationHelper: Fail to get PackageManager
02-20 11:59:48.659  1811  1829 E ApplicationHelper: Fail to get PackageManager
02-20 11:59:48.768  1811  1829 E ApplicationHelper: Fail to get PackageManager
02-20 11:59:49.026  1811  1829 E ApplicationHelper: Fail to get PackageManager
02-20 11:59:49.030  1811  1829 E ApplicationHelper: Fail to get PackageManager
02-20 11:59:49.032  1811  1829 E ApplicationHelper: Fail to get PackageManager
02-20 11:59:49.035  1811  1829 E ApplicationHelper: Fail to get PackageManager
02-20 11:59:49.045  1811  1829 E ApplicationHelper: Fail to get PackageManager
02-20 11:59:49.047  1811  1829 E ApplicationHelper: Fail to get PackageManager
02-20 11:59:49.239  1811  1829 E ApplicationHelper: Fail to get PackageManager
02-20 11:59:49.242  1811  2828 I ActivityManager: Killing 19302:com.google.android.videos/u0a142 (adj 975): empty #17
02-20 11:59:49.248  1811  1829 E ApplicationHelper: Fail to get PackageManager
02-20 11:59:49.286  1811  2519 I MediaSessionStack: removeSession | record: com.google.android.videos/play_movies_media/13 (userId=0)
02-20 11:59:51.445  1811  1829 E ApplicationHelper: Fail to get PackageManager
02-20 11:59:51.829  1811  1829 E ApplicationHelper: Fail to get PackageManager
02-20 11:59:51.831  1811  1829 E ApplicationHelper: Fail to get PackageManager
02-20 11:59:51.879  1811  1829 E ApplicationHelper: Fail to get PackageManager
02-20 11:59:51.880  1811  1829 E ApplicationHelper: Fail to get PackageManager
02-20 11:59:51.895  1811  1829 E ApplicationHelper: Fail to get PackageManager
02-20 11:59:51.896  1811  1829 E ApplicationHelper: Fail to get PackageManager
02-20 11:59:52.102  1811  1829 E ApplicationHelper: Fail to get PackageManager
02-20 11:59:52.102  1811  1829 E ApplicationHelper: Fail to get PackageManager
02-20 11:59:52.105  1811  1829 E ApplicationHelper: Fail to get PackageManager
02-20 11:59:52.105  1811  1829 E ApplicationHelper: Fail to get PackageManager
02-20 11:59:52.121  1811  1829 E ApplicationHelper: Fail to get PackageManager
02-20 11:59:52.122  1811  1829 E ApplicationHelper: Fail to get PackageManager
02-20 11:59:52.122  1811  1829 E ApplicationHelper: Fail to get PackageManager
02-20 11:59:52.122  1811  1829 E ApplicationHelper: Fail to get PackageManager
02-20 11:59:54.880  1811  1829 E ApplicationHelper: Fail to get PackageManager
02-20 11:59:57.052  1811  1829 E ApplicationHelper: Fail to get PackageManager
02-20 11:59:57.055  1811  1829 E ApplicationHelper: Fail to get PackageManager
02-20 11:59:57.183  1811  1829 E ApplicationHelper: Fail to get PackageManager
02-20 11:59:57.185  1811  1829 E ApplicationHelper: Fail to get PackageManager
02-20 11:59:57.875  1811  1829 E ApplicationHelper: Fail to get PackageManager
02-20 11:59:57.875  1811  1829 E ApplicationHelper: Fail to get PackageManager
02-20 11:59:57.886  1811  1829 E ApplicationHelper: Fail to get PackageManager
02-20 11:59:57.886  1811  1829 E ApplicationHelper: Fail to get PackageManager
02-20 11:59:57.972  1811  1829 E ApplicationHelper: Fail to get PackageManager
02-20 11:59:57.983  1811  1811 W ProcessStats: Tracking association SourceState{b98e920 com.google.android.apps.messaging/10111 BFgs #60658} whose proc state 4 is better than process ProcessState{7faffef com.google.android.gms/10115 pkg=com.google.android.gms} proc state 14 (114 skipped)
02-20 11:59:57.991  1811  1829 E ApplicationHelper: Fail to get PackageManager
02-20 11:59:58.008  1811  1829 E ApplicationHelper: Fail to get PackageManager
02-20 11:59:58.891  1811  1829 E ApplicationHelper: Fail to get PackageManager
02-20 11:59:58.892  1811  1829 E ApplicationHelper: Fail to get PackageManager
02-20 11:59:58.904  1811  1849 W BatteryExternalStatsWorker: error reading Bluetooth stats: 9
02-20 11:59:58.906  1811  1829 E ApplicationHelper: Fail to get PackageManager
02-20 11:59:58.906  1811  1829 E ApplicationHelper: Fail to get PackageManager
02-20 11:59:58.917  1811  1829 E ApplicationHelper: Fail to get PackageManager
02-20 11:59:58.918  1811  1829 E ApplicationHelper: Fail to get PackageManager
02-20 11:59:59.006  1811  1860 I DisplayPowerController2[0]: BrightnessEvent: disp=0, physDisp=local:4627039422300187648, displayState=ON, displayPolicy=BRIGHT, brt=0.10631244, initBrt=0.06651221, rcmdBrt=0.10631244, preBrt=0.06651221, lux=43.78624, preLux=22.0, hbmMax=1.0, hbmMode=off, rbcStrength=50, thrmMax=1.0, powerFactor=1.0, wasShortTermModelActive=false, flags=, reason=automatic, autoBrightness=true, strategy=InvalidBrightnessStrategy, autoBrightnessMode=default
02-20 11:59:59.010  1811  1811 I BrightnessSynchronizer: [239] New Update 0.10631244(f) set brightness values:  28(i)
02-20 11:59:59.011  1811  1811 I BrightnessSynchronizer: Swallowing update of 28(i) by update: {[239] 0.10631244(f), mUpdatedTypes=1, mConfirmedTypes=1, mTimeUpdated=23207329}
02-20 11:59:59.011  1811  1811 I BrightnessSynchronizer: Completed Update: {[239] 0.10631244(f), mUpdatedTypes=1, mConfirmedTypes=1, mTimeUpdated=23207329}
02-20 11:59:59.222   570 20095 I keystore2: system/security/keystore2/watchdog/src/lib.rs:319 - Watchdog thread idle -> terminating. Have a great day.
02-20 12:00:00.032  1811  1829 E ApplicationHelper: Fail to get PackageManager
02-20 12:00:00.036  1811  1829 E ApplicationHelper: Fail to get PackageManager
02-20 12:00:00.037  1811  1841 I ActivityManager: Start proc 20238:com.android.settings/1000 for broadcast {com.android.settings/com.android.settings.fuelgauge.batteryusage.PeriodicJobReceiver}
02-20 12:00:00.042  1811  1829 E ApplicationHelper: Fail to get PackageManager
02-20 12:00:00.043  1811  1829 E ApplicationHelper: Fail to get PackageManager
02-20 12:00:00.060  1811  1829 E ApplicationHelper: Fail to get PackageManager
02-20 12:00:00.120  1811  1829 E ApplicationHelper: Fail to get PackageManager
02-20 12:00:00.203 20238 20255 W PowerProfile: ambient.on is deprecated! Use ambient.on.display0 instead.
02-20 12:00:00.204 20238 20255 W PowerProfile: screen.on is deprecated! Use screen.on.display0 instead.
02-20 12:00:00.204 20238 20255 W PowerProfile: screen.full is deprecated! Use screen.full.display0 instead.
02-20 12:00:00.204 20238 20255 W ModemPowerProfile: getAverageBatteryDrainMaH called with unexpected key: 0x0, drain:SLEEP,RAT:DEFAULT
02-20 12:00:00.204 20238 20255 W ModemPowerProfile: getAverageBatteryDrainMaH called with unexpected key: 0x10000000, drain:IDLE,RAT:DEFAULT
02-20 12:00:00.205 20238 20255 W ModemPowerProfile: getAverageBatteryDrainMaH called with unexpected key: 0x20000000, drain:RX,RAT:DEFAULT
02-20 12:00:00.205 20238 20255 W ModemPowerProfile: getAverageBatteryDrainMaH called with unexpected key: 0x30000000, drain:TX,level:0,RAT:DEFAULT
02-20 12:00:00.205 20238 20255 W ModemPowerProfile: getAverageBatteryDrainMaH called with unexpected key: 0x31000000, drain:TX,level:1,RAT:DEFAULT
02-20 12:00:00.205 20238 20255 W ModemPowerProfile: getAverageBatteryDrainMaH called with unexpected key: 0x32000000, drain:TX,level:2,RAT:DEFAULT
02-20 12:00:00.205 20238 20255 W ModemPowerProfile: getAverageBatteryDrainMaH called with unexpected key: 0x33000000, drain:TX,level:3,RAT:DEFAULT
02-20 12:00:00.205 20238 20255 W ModemPowerProfile: getAverageBatteryDrainMaH called with unexpected key: 0x34000000, drain:TX,level:4,RAT:DEFAULT
02-20 12:00:00.893  1811  1829 E ApplicationHelper: Fail to get PackageManager
02-20 12:00:00.893  1811  1829 E ApplicationHelper: Fail to get PackageManager
02-20 12:00:00.893  1811  1829 E ApplicationHelper: Fail to get PackageManager
02-20 12:00:03.060  1811  1829 E ApplicationHelper: Fail to get PackageManager
02-20 12:00:03.068  1811  1829 E ApplicationHelper: Fail to get PackageManager
02-20 12:00:03.075  1811  1829 E ApplicationHelper: Fail to get PackageManager
02-20 12:00:03.078  1811  1829 E ApplicationHelper: Fail to get PackageManager
02-20 12:00:03.101  1811  1829 E ApplicationHelper: Fail to get PackageManager
02-20 12:00:03.104  1811  1829 E ApplicationHelper: Fail to get PackageManager
02-20 12:00:03.105  1811  1829 E ApplicationHelper: Fail to get PackageManager
02-20 12:00:04.025  1811  1839 I ActivityManager: Killing 19354:android.process.media/u0a44 (adj 965): empty #17
02-20 12:00:04.029  1811  1829 E ApplicationHelper: Fail to get PackageManager
02-20 12:00:08.122  1811  1829 E ApplicationHelper: Fail to get PackageManager
02-20 12:00:08.124  1811  1829 E ApplicationHelper: Fail to get PackageManager
02-20 12:00:18.139  1811  1829 E ApplicationHelper: Fail to get PackageManager
02-20 12:00:18.144  1811  1829 E ApplicationHelper: Fail to get PackageManager
02-20 12:00:18.144  1811  1829 E ApplicationHelper: Fail to get PackageManager
02-20 12:00:18.148  1811  2828 I ActivityManager: Killing 19262:com.google.android.documentsui/u0a47 (adj 965): empty #17
02-20 12:00:18.151  1811  1829 E ApplicationHelper: Fail to get PackageManager
02-20 12:00:37.707  1811  1829 E ApplicationHelper: Fail to get PackageManager
02-20 12:00:37.711  1811  1811 E MBrainLocalService: notifyAppSwitch failed
02-20 12:00:37.712  1811  1829 E ApplicationHelper: Fail to get PackageManager
02-20 12:00:37.717  1811  1883 I WindowManager: Relayout Window{91555cd u0 com.android.launcher3/com.android.searchlauncher.SearchLauncher}: oldVis=8 newVis=0 focusMayChange = true requestedWidth = 1200 requestedHeight = 2670 outFrames = ClientWindowFrames{frame=[0,0][1200,2670] display=[0,0][1200,2670] parentFrame=[0,0][0,0]} outSurfaceControl = Surface(name=com.android.launcher3/com.android.searchlauncher.SearchLauncher)/@0xe39583b
02-20 12:00:37.723  1811  1829 E ApplicationHelper: Fail to get PackageManager
