02-20 16:37:37.736  1248  1309 I libPerfCtl: xgfGetFPS pid:2194 fps:-1
02-20 16:37:37.736  1248  1309 I libPerfCtl: xgfGetFPS pid:7860 fps:-1
02-20 16:37:37.830  1276  1276 I BufferQueueProducer: [app.validator.intelligence/app.validator.intelligence.MainActivity#3376](this:0xb400007b1f9f6880,id:-1,api:0,p:-1,c:1276) queueBuffer: fps=120.39 dur=1005.06 max=9.16 min=7.48
02-20 16:37:38.222  1229  1263 I hwcomposer: [HWCDisplay] [Display_0 (type:1, mode:2)] fps:120.334129,dur:1005.53,max:10.42,min:6.24  
02-20 16:37:38.713  1446  1532 E mtk_storageproxyd: ipc-trustonic: ipc_trustonic_connect: retry left 7
02-20 16:37:38.714  1446  1532 E mtk_storageproxyd: ipc-trustonic: ipc_trustonic_connect: Unable to resolve family name (-12)
02-20 16:37:38.736  1248  1309 I libPerfCtl: xgfGetFPS pid:2194 fps:-1
02-20 16:37:38.736  1248  1309 I libPerfCtl: xgfGetFPS pid:7860 fps:-1
02-20 16:37:38.835  1276  1276 I BufferQueueProducer: [app.validator.intelligence/app.validator.intelligence.MainActivity#3376](this:0xb400007b1f9f6880,id:-1,api:0,p:-1,c:1276) queueBuffer: fps=113.42 dur=1005.12 max=17.39 min=7.49
02-20 16:37:39.226  1229  1263 I hwcomposer: [HWCDisplay] [Display_0 (type:1, mode:2)] fps:111.472313,dur:1004.73,max:19.43,min:5.37  
02-20 16:37:39.715  1446  1532 E mtk_storageproxyd: ipc-trustonic: ipc_trustonic_connect: retry left 6
02-20 16:37:39.716  1446  1532 E mtk_storageproxyd: ipc-trustonic: ipc_trustonic_connect: Unable to resolve family name (-12)
02-20 16:37:39.736  1248  1309 I libPerfCtl: xgfGetFPS pid:2194 fps:-1
02-20 16:37:39.736  1248  1309 I libPerfCtl: xgfGetFPS pid:7860 fps:-1
02-20 16:37:39.839  1276  1276 I BufferQueueProducer: [app.validator.intelligence/app.validator.intelligence.MainActivity#3376](this:0xb400007b1f9f6880,id:-1,api:0,p:-1,c:1276) queueBuffer: fps=115.48 dur=1004.51 max=17.21 min=7.59
02-20 16:37:40.192  2055  2062 I WifiHAL : LLS RSP: data=0xb40000753b9d3030, len=4868
02-20 16:37:40.192  2055  2062 I WifiHAL : LLS check_data_sanity: 1821: current_radio_stat->num_channels=43
02-20 16:37:40.192  2055  2062 I WifiHAL : LLS check_data_sanity: 1821: current_radio_stat->num_channels=17
02-20 16:37:40.192  2055  2062 I WifiHAL : LLS check_data_sanity: confirmed_size=4868, len=4868
02-20 16:37:40.205  2055  2062 I WifiHAL : feature_set=0x8489341a
02-20 16:37:40.231  1229  1263 I hwcomposer: [HWCDisplay] [Display_0 (type:1, mode:2)] fps:117.477020,dur:1004.45,max:17.50,min:6.39  
02-20 16:37:40.716  1446  1532 E mtk_storageproxyd: ipc-trustonic: ipc_trustonic_connect: retry left 5
02-20 16:37:40.718  1446  1532 E mtk_storageproxyd: ipc-trustonic: ipc_trustonic_connect: Unable to resolve family name (-12)
02-20 16:37:40.737  1248  1309 I libPerfCtl: xgfGetFPS pid:2194 fps:-1
02-20 16:37:40.737  1248  1309 I libPerfCtl: xgfGetFPS pid:7860 fps:-1
02-20 16:37:40.844  1276  1276 I BufferQueueProducer: [app.validator.intelligence/app.validator.intelligence.MainActivity#3376](this:0xb400007b1f9f6880,id:-1,api:0,p:-1,c:1276) queueBuffer: fps=119.37 dur=1005.25 max=16.75 min=7.03
02-20 16:37:40.870  1811  1811 W libc    : Access denied finding property "vendor.mbrain.battery"
02-20 16:37:40.886  1276  1276 I BufferQueueProducer: [StatusBar#88](this:0xb400007b1fa38070,id:-1,api:0,p:-1,c:1276) queueBuffer: fps=0.57 dur=19468.66 max=19069.91 min=7.34
02-20 16:37:41.236  1229  1263 I hwcomposer: [HWCDisplay] [Display_0 (type:1, mode:2)] fps:118.396004,dur:1005.10,max:17.58,min:5.55  
02-20 16:37:41.719  1446  1532 E mtk_storageproxyd: ipc-trustonic: ipc_trustonic_connect: retry left 4
02-20 16:37:41.719  1446  1532 E mtk_storageproxyd: ipc-trustonic: ipc_trustonic_connect: Unable to resolve family name (-12)
02-20 16:37:41.737  1248  1309 I libPerfCtl: xgfGetFPS pid:2194 fps:120
02-20 16:37:41.737  1248  1309 I libPerfCtl: xgfGetFPS pid:7860 fps:-1
02-20 16:37:41.849  1276  1276 I BufferQueueProducer: [app.validator.intelligence/app.validator.intelligence.MainActivity#3376](this:0xb400007b1f9f6880,id:-1,api:0,p:-1,c:1276) queueBuffer: fps=116.48 dur=1004.45 max=17.20 min=7.32
02-20 16:37:42.241  1229  1263 I hwcomposer: [HWCDisplay] [Display_0 (type:1, mode:2)] fps:116.386948,dur:1005.27,max:19.53,min:5.89  
02-20 16:37:42.720  1446  1532 E mtk_storageproxyd: ipc-trustonic: ipc_trustonic_connect: retry left 3
02-20 16:37:42.721  1446  1532 E mtk_storageproxyd: ipc-trustonic: ipc_trustonic_connect: Unable to resolve family name (-12)
02-20 16:37:42.737  1248  1309 I libPerfCtl: xgfGetFPS pid:2194 fps:-1
02-20 16:37:42.737  1248  1309 I libPerfCtl: xgfGetFPS pid:7860 fps:-1
02-20 16:37:42.854  1276  1276 I BufferQueueProducer: [app.validator.intelligence/app.validator.intelligence.MainActivity#3376](this:0xb400007b1f9f6880,id:-1,api:0,p:-1,c:1276) queueBuffer: fps=118.39 dur=1005.15 max=16.91 min=7.54
02-20 16:37:43.224  2055  2062 I WifiHAL : LLS RSP: data=0xb40000753b9d3030, len=4868
02-20 16:37:43.224  2055  2062 I WifiHAL : LLS check_data_sanity: 1821: current_radio_stat->num_channels=43
02-20 16:37:43.225  2055  2062 I WifiHAL : LLS check_data_sanity: 1821: current_radio_stat->num_channels=17
02-20 16:37:43.225  2055  2062 I WifiHAL : LLS check_data_sanity: confirmed_size=4868, len=4868
02-20 16:37:43.231  2055  2062 I WifiHAL : feature_set=0x8489341a
02-20 16:37:43.246  1229  1263 I hwcomposer: [HWCDisplay] [Display_0 (type:1, mode:2)] fps:118.372253,dur:1005.30,max:18.21,min:6.88  
02-20 16:37:43.722  1446  1532 E mtk_storageproxyd: ipc-trustonic: ipc_trustonic_connect: retry left 2
02-20 16:37:43.723  1446  1532 E mtk_storageproxyd: ipc-trustonic: ipc_trustonic_connect: Unable to resolve family name (-12)
02-20 16:37:43.737  1248  1309 I libPerfCtl: xgfGetFPS pid:2194 fps:-1
02-20 16:37:43.738  1248  1309 I libPerfCtl: xgfGetFPS pid:7860 fps:-1
02-20 16:37:43.860  1276  1276 I BufferQueueProducer: [app.validator.intelligence/app.validator.intelligence.MainActivity#3376](this:0xb400007b1f9f6880,id:-1,api:0,p:-1,c:1276) queueBuffer: fps=118.36 dur=1005.40 max=16.94 min=7.23
02-20 16:37:44.251  1229  1263 I hwcomposer: [HWCDisplay] [Display_0 (type:1, mode:2)] fps:119.421425,dur:1004.84,max:16.28,min:5.13  
02-20 16:37:44.723  1446  1532 E mtk_storageproxyd: ipc-trustonic: ipc_trustonic_connect: retry left 1
02-20 16:37:44.726  1446  1532 E mtk_storageproxyd: ipc-trustonic: ipc_trustonic_connect: Unable to resolve family name (-12)
02-20 16:37:44.737  1248  1309 I libPerfCtl: xgfGetFPS pid:2194 fps:-1
02-20 16:37:44.738  1248  1309 I libPerfCtl: xgfGetFPS pid:7860 fps:-1
02-20 16:37:44.864  1276  1276 I BufferQueueProducer: [app.validator.intelligence/app.validator.intelligence.MainActivity#3376](this:0xb400007b1f9f6880,id:-1,api:0,p:-1,c:1276) queueBuffer: fps=118.48 dur=1004.42 max=17.42 min=7.48
02-20 16:37:45.257  1229  1263 I hwcomposer: [HWCDisplay] [Display_0 (type:1, mode:2)] fps:116.304390,dur:1005.98,max:18.43,min:5.66  
02-20 16:37:45.726  1446  1532 E mtk_storageproxyd: ipc-trustonic: ipc_trustonic_connect: retry left 0
02-20 16:37:45.726  1446  1532 E mtk_storageproxyd: mtk.ufs.trustonic.ta: ipc connect failed (-12)
02-20 16:37:45.737  1248  1309 I libPerfCtl: xgfGetFPS pid:2194 fps:-1
02-20 16:37:45.738  1248  1309 I libPerfCtl: xgfGetFPS pid:7860 fps:-1
02-20 16:37:45.869  1276  1276 I BufferQueueProducer: [app.validator.intelligence/app.validator.intelligence.MainActivity#3376](this:0xb400007b1f9f6880,id:-1,api:0,p:-1,c:1276) queueBuffer: fps=117.38 dur=1005.29 max=16.66 min=7.46
02-20 16:37:46.249  2055  2062 I WifiHAL : LLS RSP: data=0xb40000753b9d3030, len=4868
02-20 16:37:46.249  2055  2062 I WifiHAL : LLS check_data_sanity: 1821: current_radio_stat->num_channels=43
02-20 16:37:46.249  2055  2062 I WifiHAL : LLS check_data_sanity: 1821: current_radio_stat->num_channels=17
02-20 16:37:46.249  2055  2062 I WifiHAL : LLS check_data_sanity: confirmed_size=4868, len=4868
02-20 16:37:46.261  1229  1263 I hwcomposer: [HWCDisplay] [Display_0 (type:1, mode:2)] fps:119.603104,dur:1003.32,max:15.12,min:6.55  
02-20 16:37:46.263  2055  2062 I WifiHAL : feature_set=0x8489341a
02-20 16:37:46.738  1248  1309 I libPerfCtl: xgfGetFPS pid:2194 fps:-1
02-20 16:37:46.738  1248  1309 I libPerfCtl: xgfGetFPS pid:7860 fps:-1
02-20 16:37:46.874  1276  1276 I BufferQueueProducer: [app.validator.intelligence/app.validator.intelligence.MainActivity#3376](this:0xb400007b1f9f6880,id:-1,api:0,p:-1,c:1276) queueBuffer: fps=118.45 dur=1004.65 max=16.70 min=7.43
02-20 16:37:47.265  1229  1263 I hwcomposer: [HWCDisplay] [Display_0 (type:1, mode:2)] fps:117.456917,dur:1004.62,max:16.84,min:7.11  
02-20 16:37:47.738  1248  1309 I libPerfCtl: xgfGetFPS pid:2194 fps:-1
02-20 16:37:47.739  1248  1309 I libPerfCtl: xgfGetFPS pid:7860 fps:-1
02-20 16:37:47.879  1276  1276 I BufferQueueProducer: [app.validator.intelligence/app.validator.intelligence.MainActivity#3376](this:0xb400007b1f9f6880,id:-1,api:0,p:-1,c:1276) queueBuffer: fps=118.35 dur=1005.48 max=16.77 min=7.35
02-20 16:37:48.271  1229  1263 I hwcomposer: [HWCDisplay] [Display_0 (type:1, mode:2)] fps:115.279968,dur:1006.25,max:24.77,min:5.38  
