02-20 12:58:19.906  1811  2299 I WindowManager: Relayout Window{72a3b18 u0 android/com.android.internal.app.ResolverActivity}: oldVis=4 newVis=0 focusMayChange = true requestedWidth = 1200 requestedHeight = 2670 outFrames = ClientWindowFrames{frame=[0,0][1200,2670] display=[0,0][1200,2670] parentFrame=[0,0][0,0]} outSurfaceControl = Surface(name=android/com.android.internal.app.ResolverActivity)/@0xec15530
02-20 12:58:19.944  1811  1829 E ApplicationHelper: Fail to get PackageManager
02-20 12:58:19.956  1811  1882 W UserManagerService: Requested status bar icon for non-badged user 0
02-20 12:58:19.976  1811  2299 W PackageConfigPersister: App-specific configuration not found for packageName: android and userId: 0
02-20 12:58:19.977  1811  2299 E ProcessStats: Executing service ServiceState{a03be63 org.chromium.content.app.SandboxedProcessService0 pkg=com.android.chrome proc=2e807bd} without owner
02-20 12:58:19.977  1811  2299 E ProcessStats: Binding service ServiceState{a03be63 org.chromium.content.app.SandboxedProcessService0 pkg=com.android.chrome proc=2e807bd} without owner
02-20 12:58:19.978  1811  2299 E ProcessStats: Starting service ServiceState{a03be63 org.chromium.content.app.SandboxedProcessService0 pkg=com.android.chrome proc=2e807bd} without owner
02-20 12:58:19.978  1811  2299 E ProcessStats: Binding service ServiceState{a03be63 org.chromium.content.app.SandboxedProcessService0 pkg=com.android.chrome proc=2e807bd} without owner
02-20 12:58:19.978  1811  2299 I ActivityManager: Killing 23482:com.android.chrome:sandboxed_process0:org.chromium.content.app.SandboxedProcessService0:0/u0a122i-9000 (adj 0): isolated not needed
02-20 12:58:19.978  1811  1829 E ApplicationHelper: Fail to get PackageManager
02-20 12:58:19.979  1811  1829 E ApplicationHelper: Fail to get PackageManager
02-20 12:58:19.980  1811  2299 W ActivityTaskManager: Request to remove task ignored for non-existent task 696
02-20 12:58:19.980  1811  2299 W ActivityTaskManager: Request to remove task ignored for non-existent task 695
02-20 12:58:19.982  1811  1829 E ApplicationHelper: Fail to get PackageManager
02-20 12:58:19.982  1811  1829 E ApplicationHelper: Fail to get PackageManager
02-20 12:58:19.982  1811  1829 E ApplicationHelper: Fail to get PackageManager
02-20 12:58:19.982  1811  1829 E ApplicationHelper: Fail to get PackageManager
02-20 12:58:19.982  1811  1829 E ApplicationHelper: Fail to get PackageManager
02-20 12:58:19.982  1811  1829 E ApplicationHelper: Fail to get PackageManager
02-20 12:58:19.982  1811  1829 E ApplicationHelper: Fail to get PackageManager
02-20 12:58:19.982  1811  1829 E ApplicationHelper: Fail to get PackageManager
02-20 12:58:19.982  1811  1829 E ApplicationHelper: Fail to get PackageManager
02-20 12:58:20.255  1811  1829 E ApplicationHelper: Fail to get PackageManager
02-20 12:58:20.257  1811  5689 W UserManagerService: Requested status bar icon for non-badged user 0
02-20 12:58:21.345   570 23807 I keystore2: system/security/keystore2/watchdog/src/lib.rs:319 - Watchdog thread idle -> terminating. Have a great day.
02-20 12:58:22.151  1811  2299 W OptProp : Cannot read opt property android.window.PROPERTY_COMPAT_ALLOW_ORIENTATION_OVERRIDE
02-20 12:58:22.151  1811  2299 W OptProp : Cannot read opt property android.window.PROPERTY_COMPAT_ALLOW_RESIZEABLE_ACTIVITY_OVERRIDES
02-20 12:58:22.152  1811  2299 W OptProp : Cannot read opt property android.window.PROPERTY_COMPAT_ALLOW_MIN_ASPECT_RATIO_OVERRIDE
02-20 12:58:22.161  1811  1811 E MBrainLocalService: notifyAppSwitch failed
02-20 12:58:22.163  1811  2299 I ActivityTaskManager: START u0 {act=android.intent.action.VIEW cat=[android.intent.category.BROWSABLE] dat=solana-wallet:/... flg=0x17000000 cmp=com.solanamobile.wallet/.MWABottomSheetActivity (has extras)} with LAUNCH_SINGLE_TASK from uid 10122 (realCallingUid=1000) (BAL_ALLOW_VISIBLE_WINDOW) result code=0
02-20 12:58:22.169  1811  1882 W WindowManager: Changing focus from Window{72a3b18 u0 android/com.android.internal.app.ResolverActivity} to null displayId=0 Callers=com.android.server.wm.RootWindowContainer.updateFocusedWindowLocked:468 com.android.server.wm.WindowManagerService.updateFocusedWindowLocked:6623 com.android.server.wm.ActivityTaskManagerService.setLastResumedActivityUncheckLocked:5047 com.android.server.wm.ActivityTaskSupervisor.updateTopResumedActivityIfNeeded:2326 
02-20 12:58:22.172  1811  1811 E MBrainLocalService: notifyAppSwitch failed
02-20 12:58:22.181  1811  1831 W ProcessStats: Tracking association SourceState{94ea383 com.android.vending/10113 ImpBg #63707} whose proc state 6 is better than process ProcessState{abef568 com.android.vending:background/10113 pkg=com.android.vending} proc state 14 (14 skipped)
02-20 12:58:22.181  1811  1829 E ApplicationHelper: Fail to get PackageManager
02-20 12:58:22.181  1811  1829 E ApplicationHelper: Fail to get PackageManager
02-20 12:58:22.181  1811  1829 E ApplicationHelper: Fail to get PackageManager
02-20 12:58:22.181  1811  1829 E ApplicationHelper: Fail to get PackageManager
02-20 12:58:22.181  1811  1829 E ApplicationHelper: Fail to get PackageManager
02-20 12:58:22.181  1811  1829 E ApplicationHelper: Fail to get PackageManager
02-20 12:58:22.181  1811  1829 E ApplicationHelper: Fail to get PackageManager
02-20 12:58:22.181  1811  1829 E ApplicationHelper: Fail to get PackageManager
02-20 12:58:22.181  1811  1829 E ApplicationHelper: Fail to get PackageManager
02-20 12:58:22.181  1811  1829 E ApplicationHelper: Fail to get PackageManager
02-20 12:58:22.181  1811  1829 E ApplicationHelper: Fail to get PackageManager
02-20 12:58:22.182  1811  1829 E ApplicationHelper: Fail to get PackageManager
02-20 12:58:22.182  1811  1829 E ApplicationHelper: Fail to get PackageManager
02-20 12:58:22.182  1811  1829 E ApplicationHelper: Fail to get PackageManager
02-20 12:58:22.182  1811  1829 E ApplicationHelper: Fail to get PackageManager
02-20 12:58:22.182  1811  1829 E ApplicationHelper: Fail to get PackageManager
02-20 12:58:22.182  1811  1829 E ApplicationHelper: Fail to get PackageManager
02-20 12:58:22.182  1811  1829 E ApplicationHelper: Fail to get PackageManager
02-20 12:58:22.182  1811  1829 E ApplicationHelper: Fail to get PackageManager
02-20 12:58:22.333  1811  1882 W WindowManager: Changing focus from null to Window{ef8eccb u0 com.solanamobile.wallet/com.solanamobile.wallet.MWABottomSheetActivity} displayId=0 Callers=com.android.server.wm.RootWindowContainer.updateFocusedWindowLocked:468 com.android.server.wm.WindowManagerService.updateFocusedWindowLocked:6623 com.android.server.wm.WindowManagerService.relayoutWindowInner:2691 com.android.server.wm.WindowManagerService.relayoutWindow:2361 
02-20 12:58:22.334  1811  1882 I WindowManager: Relayout Window{ef8eccb u0 com.solanamobile.wallet/com.solanamobile.wallet.MWABottomSheetActivity}: oldVis=4 newVis=0 focusMayChange = true requestedWidth = 1200 requestedHeight = 2488 outFrames = ClientWindowFrames{frame=[0,110][1200,2598] display=[0,78][1200,2598] parentFrame=[0,0][0,0]} outSurfaceControl = Surface(name=com.solanamobile.wallet/com.solanamobile.wallet.MWABottomSheetActivity)/@0x1b82a43
02-20 12:58:22.372  1811  1829 E ApplicationHelper: Fail to get PackageManager
02-20 12:58:22.372  1811  5689 W UserManagerService: Requested status bar icon for non-badged user 0
02-20 12:58:22.373  1811  1829 E ApplicationHelper: Fail to get PackageManager
02-20 12:58:22.382  1811  2299 W PackageConfigPersister: App-specific configuration not found for packageName: com.solanamobile.wallet and userId: 0
02-20 12:58:22.680  1811  1829 E ApplicationHelper: Fail to get PackageManager
02-20 12:58:22.686  1811  1829 E ApplicationHelper: Fail to get PackageManager
02-20 12:58:22.687  1811  1829 E ApplicationHelper: Fail to get PackageManager
02-20 12:58:22.687  1811  1829 E ApplicationHelper: Fail to get PackageManager
02-20 12:58:22.687  1811  1829 E ApplicationHelper: Fail to get PackageManager
02-20 12:58:22.687  1811  1829 E ApplicationHelper: Fail to get PackageManager
02-20 12:58:22.687  1811  1829 E ApplicationHelper: Fail to get PackageManager
02-20 12:58:22.687  1811  1829 E ApplicationHelper: Fail to get PackageManager
02-20 12:58:22.687  1811  1829 E ApplicationHelper: Fail to get PackageManager
02-20 12:58:22.688  1811  2299 W UserManagerService: Requested status bar icon for non-badged user 0
02-20 12:58:22.692  1811  2299 W UserManagerService: Requested status bar icon for non-badged user 0
02-20 12:58:22.727  1811  2299 W ActivityTaskManager: Finishing task with all activities already finished
02-20 12:58:22.727  1811  2299 W ActivityTaskManager: Duplicate finish request for r=ActivityRecord{9ce3e85 u0 android/com.android.internal.app.ResolverActivity t697 f}}
02-20 12:58:23.528  1811  1829 E ApplicationHelper: Fail to get PackageManager
02-20 12:58:25.208  1811  1882 W OptProp : Cannot read opt property android.window.PROPERTY_COMPAT_ALLOW_ORIENTATION_OVERRIDE
02-20 12:58:25.210  1811  1882 W OptProp : Cannot read opt property android.window.PROPERTY_COMPAT_ALLOW_MIN_ASPECT_RATIO_OVERRIDE
02-20 12:58:25.214  1811  1811 E MBrainLocalService: notifyAppSwitch failed
02-20 12:58:25.215  1811  1882 I ActivityTaskManager: START u0 {act=com.solanamobile.seedvault.wallet.v1.ACTION_SIGN_MESSAGE pkg=com.solanamobile.seedvaultimpl cmp=android/com.android.internal.app.ResolverActivity (has extras)} with LAUNCH_MULTIPLE from uid 10058 (BAL_ALLOW_VISIBLE_WINDOW) result code=0
02-20 12:58:25.221  1811  5646 W WindowManager: Changing focus from Window{ef8eccb u0 com.solanamobile.wallet/com.solanamobile.wallet.MWABottomSheetActivity} to null displayId=0 Callers=com.android.server.wm.RootWindowContainer.updateFocusedWindowLocked:468 com.android.server.wm.WindowManagerService.updateFocusedWindowLocked:6623 com.android.server.wm.ActivityTaskManagerService.setLastResumedActivityUncheckLocked:5047 com.android.server.wm.ActivityTaskSupervisor.updateTopResumedActivityIfNeeded:2326 
02-20 12:58:25.225  1811  1811 E MBrainLocalService: notifyAppSwitch failed
02-20 12:58:25.225  1811  5646 W OptProp : Cannot read opt property android.window.PROPERTY_COMPAT_ALLOW_RESIZEABLE_ACTIVITY_OVERRIDES
02-20 12:58:25.225  1811  1829 E ApplicationHelper: Fail to get PackageManager
02-20 12:58:25.244  1811  5646 W OptProp : Cannot read opt property android.window.PROPERTY_COMPAT_ALLOW_ORIENTATION_OVERRIDE
02-20 12:58:25.246  1811  5646 W OptProp : Cannot read opt property android.window.PROPERTY_COMPAT_ALLOW_RESIZEABLE_ACTIVITY_OVERRIDES
02-20 12:58:25.246  1811  5646 W OptProp : Cannot read opt property android.window.PROPERTY_COMPAT_ALLOW_MIN_ASPECT_RATIO_OVERRIDE
02-20 12:58:25.251  1811  1811 E MBrainLocalService: notifyAppSwitch failed
02-20 12:58:25.252  1811  5646 I ActivityTaskManager: START u0 {act=com.solanamobile.seedvault.wallet.v1.ACTION_SIGN_MESSAGE flg=0x3000000 pkg=com.solanamobile.seedvaultimpl cmp=com.solanamobile.seedvaultimpl/.authorizeActivityPrivilegedAlias (has extras)} with LAUNCH_MULTIPLE from uid 10058 (realCallingUid=1000) (BAL_ALLOW_VISIBLE_WINDOW) result code=0
02-20 12:58:25.259  1811  1829 E ApplicationHelper: Fail to get PackageManager
02-20 12:58:25.261  1811  1811 E MBrainLocalService: notifyAppSwitch failed
02-20 12:58:25.404  1811  2299 W WindowManager: Changing focus from null to Window{ef90580 u0 com.solanamobile.seedvaultimpl/com.solanamobile.seedvaultimpl.authorizeActivityPrivilegedAlias} displayId=0 Callers=com.android.server.wm.RootWindowContainer.updateFocusedWindowLocked:468 com.android.server.wm.WindowManagerService.updateFocusedWindowLocked:6623 com.android.server.wm.WindowManagerService.relayoutWindowInner:2691 com.android.server.wm.WindowManagerService.relayoutWindow:2361 
02-20 12:58:25.406  1811  2299 I WindowManager: Relayout Window{ef90580 u0 com.solanamobile.seedvaultimpl/com.solanamobile.seedvaultimpl.authorizeActivityPrivilegedAlias}: oldVis=4 newVis=0 focusMayChange = true requestedWidth = 1200 requestedHeight = 2488 outFrames = ClientWindowFrames{frame=[0,110][1200,2598] display=[0,110][1200,2598] parentFrame=[0,0][0,0]} outSurfaceControl = Surface(name=com.solanamobile.seedvaultimpl/com.solanamobile.seedvaultimpl.authorizeActivityPrivilegedAlias)/@0x7886f2d
02-20 12:58:25.453  1811  1829 E ApplicationHelper: Fail to get PackageManager
02-20 12:58:25.453  1811  1829 E ApplicationHelper: Fail to get PackageManager
02-20 12:58:25.453  1811  1829 E ApplicationHelper: Fail to get PackageManager
02-20 12:58:25.453  1811  1829 E ApplicationHelper: Fail to get PackageManager
02-20 12:58:25.453  1811  1829 E ApplicationHelper: Fail to get PackageManager
02-20 12:58:25.453  1811  1829 E ApplicationHelper: Fail to get PackageManager
02-20 12:58:25.453  1811  1829 E ApplicationHelper: Fail to get PackageManager
02-20 12:58:25.453  1811  1829 E ApplicationHelper: Fail to get PackageManager
02-20 12:58:25.453  1811  1829 E ApplicationHelper: Fail to get PackageManager
02-20 12:58:25.453  1811  1829 E ApplicationHelper: Fail to get PackageManager
02-20 12:58:25.460  1811  2299 W UserManagerService: Requested status bar icon for non-badged user 0
02-20 12:58:25.474  1811  5646 W PackageConfigPersister: App-specific configuration not found for packageName: com.solanamobile.seedvaultimpl and userId: 0
02-20 12:58:25.592  1811  1829 E ApplicationHelper: Fail to get PackageManager
02-20 12:58:25.770  1811  1829 E ApplicationHelper: Fail to get PackageManager
02-20 12:58:25.774  1811  1829 E ApplicationHelper: Fail to get PackageManager
02-20 12:58:25.774  1811  1829 E ApplicationHelper: Fail to get PackageManager
02-20 12:58:25.774  1811  1829 E ApplicationHelper: Fail to get PackageManager
02-20 12:58:25.774  1811  1829 E ApplicationHelper: Fail to get PackageManager
02-20 12:58:25.774  1811  1829 E ApplicationHelper: Fail to get PackageManager
02-20 12:58:25.774  1811  1829 E ApplicationHelper: Fail to get PackageManager
02-20 12:58:25.774  1811  1829 E ApplicationHelper: Fail to get PackageManager
02-20 12:58:25.774  1811  1829 E ApplicationHelper: Fail to get PackageManager
02-20 12:58:25.775  1811  1882 W UserManagerService: Requested status bar icon for non-badged user 0
02-20 12:58:25.777  1811  2299 W UserManagerService: Requested status bar icon for non-badged user 0
02-20 12:58:25.875  1811  1829 E ApplicationHelper: Fail to get PackageManager
02-20 12:58:25.993  1811  1829 E ApplicationHelper: Fail to get PackageManager
02-20 12:58:25.993  1811  1829 E ApplicationHelper: Fail to get PackageManager
02-20 12:58:25.994  1811  1829 E ApplicationHelper: Fail to get PackageManager
02-20 12:58:25.994  1811  1829 E ApplicationHelper: Fail to get PackageManager
02-20 12:58:27.918  1811  2299 W WindowManager: Changing focus from Window{ef90580 u0 com.solanamobile.seedvaultimpl/com.solanamobile.seedvaultimpl.authorizeActivityPrivilegedAlias} to Window{f5baef8 u0 BiometricPrompt} displayId=0 Callers=com.android.server.wm.RootWindowContainer.updateFocusedWindowLocked:468 com.android.server.wm.WindowManagerService.updateFocusedWindowLocked:6623 com.android.server.wm.WindowManagerService.addWindow:1935 com.android.server.wm.Session.addToDisplayAsUser:257 
02-20 12:58:27.983  1811  5646 W PackageConfigPersister: App-specific configuration not found for packageName: com.android.systemui and userId: 0
02-20 12:58:29.539  1811  1829 E ApplicationHelper: Fail to get PackageManager
02-20 12:58:30.333  1811  2032 W BiometricFrameworkStatsLogger: found a negative latency : -1
02-20 12:58:30.370   570   605 I keystore2: system/security/keystore2/src/authorization.rs:114 - add_auth_token(challenge=0, userId=3991331366078775296, authId=354827238758675181, authType=0x2, timestamp=165692562ms)
02-20 12:58:30.386  1811  2299 W WindowManager: Changing focus from Window{f5baef8 u0 BiometricPrompt} to Window{ef90580 u0 com.solanamobile.seedvaultimpl/com.solanamobile.seedvaultimpl.authorizeActivityPrivilegedAlias} displayId=0 Callers=com.android.server.wm.RootWindowContainer.updateFocusedWindowLocked:468 com.android.server.wm.WindowManagerService.updateFocusedWindowLocked:6623 com.android.server.wm.RootWindowContainer.performSurfacePlacementNoTrace:769 com.android.server.wm.RootWindowContainer.performSurfacePlacement:751 
02-20 12:58:30.417  1811  2299 W PackageConfigPersister: App-specific configuration not found for packageName: com.solanamobile.seedvaultimpl and userId: 0
02-20 12:58:31.904  1811  1829 E ApplicationHelper: Fail to get PackageManager
02-20 12:58:32.875  1811  1811 E MBrainLocalService: notifyAppSwitch failed
02-20 12:58:32.883  1811  1882 W WindowManager: Changing focus from Window{ef90580 u0 com.solanamobile.seedvaultimpl/com.solanamobile.seedvaultimpl.authorizeActivityPrivilegedAlias} to Window{ef8eccb u0 com.solanamobile.wallet/com.solanamobile.wallet.MWABottomSheetActivity} displayId=0 Callers=com.android.server.wm.RootWindowContainer.updateFocusedWindowLocked:468 com.android.server.wm.WindowManagerService.updateFocusedWindowLocked:6623 com.android.server.wm.ActivityTaskManagerService.setLastResumedActivityUncheckLocked:5047 com.android.server.wm.ActivityTaskSupervisor.updateTopResumedActivityIfNeeded:2326 
02-20 12:58:32.889  1811  1811 E MBrainLocalService: notifyAppSwitch failed
02-20 12:58:32.889  1811  1829 E ApplicationHelper: Fail to get PackageManager
02-20 12:58:32.892  1811  1829 E ApplicationHelper: Fail to get PackageManager
02-20 12:58:32.904  1811  5646 W UserManagerService: Requested status bar icon for non-badged user 0
02-20 12:58:32.921  1811  5689 W PackageConfigPersister: App-specific configuration not found for packageName: com.solanamobile.wallet and userId: 0
02-20 12:58:32.942  1811  1829 E ApplicationHelper: Fail to get PackageManager
02-20 12:58:32.942  1811  1829 E ApplicationHelper: Fail to get PackageManager
02-20 12:58:32.943  1811  1831 W ProcessStats: Tracking association SourceState{94ea383 com.android.vending/10113 ImpBg #63736} whose proc state 6 is better than process ProcessState{abef568 com.android.vending:background/10113 pkg=com.android.vending} proc state 14 (16 skipped)
02-20 12:58:32.952  1811  1811 E MBrainLocalService: notifyAppSwitch failed
02-20 12:58:32.959  1811  5712 W WindowManager: Changing focus from Window{ef8eccb u0 com.solanamobile.wallet/com.solanamobile.wallet.MWABottomSheetActivity} to Window{5698926 u0 com.android.chrome/org.chromium.chrome.browser.customtabs.TranslucentCustomTabActivity} displayId=0 Callers=com.android.server.wm.RootWindowContainer.updateFocusedWindowLocked:468 com.android.server.wm.WindowManagerService.updateFocusedWindowLocked:6623 com.android.server.wm.ActivityTaskManagerService.setLastResumedActivityUncheckLocked:5047 com.android.server.wm.ActivityTaskSupervisor.updateTopResumedActivityIfNeeded:2326 
02-20 12:58:32.965  1811  1811 E MBrainLocalService: notifyAppSwitch failed
02-20 12:58:32.967  1811  1829 E ApplicationHelper: Fail to get PackageManager
02-20 12:58:32.967  1811  1829 E ApplicationHelper: Fail to get PackageManager
02-20 12:58:32.967  1811  1829 E ApplicationHelper: Fail to get PackageManager
02-20 12:58:32.967  1811  1829 E ApplicationHelper: Fail to get PackageManager
02-20 12:58:32.983  1811  1829 E ApplicationHelper: Fail to get PackageManager
02-20 12:58:32.983  1811  1829 E ApplicationHelper: Fail to get PackageManager
02-20 12:58:32.989  1811  5646 W UserManagerService: Requested status bar icon for non-badged user 0
02-20 12:58:32.989  1811  5646 W UserManagerService: Requested status bar icon for non-badged user 0
02-20 12:58:33.001  1811  5646 W PackageConfigPersister: App-specific configuration not found for packageName: com.android.chrome and userId: 0
02-20 12:58:33.254  1811  1829 E ApplicationHelper: Fail to get PackageManager
02-20 12:58:33.259  1811  1811 E MBrainLocalService: notifyAppSwitch failed
02-20 12:58:33.263  1811  1811 E MBrainLocalService: notifyAppSwitch failed
02-20 12:58:33.263  1811  1829 E ApplicationHelper: Fail to get PackageManager
02-20 12:58:33.263  1811  1829 E ApplicationHelper: Fail to get PackageManager
02-20 12:58:33.263  1811  2299 W UserManagerService: Requested status bar icon for non-badged user 0
02-20 12:58:33.263  1811  1829 E ApplicationHelper: Fail to get PackageManager
02-20 12:58:33.263  1811  1829 E ApplicationHelper: Fail to get PackageManager
02-20 12:58:33.263  1811  1829 E ApplicationHelper: Fail to get PackageManager
02-20 12:58:33.264  1811  1829 E ApplicationHelper: Fail to get PackageManager
02-20 12:58:33.264  1811  1829 E ApplicationHelper: Fail to get PackageManager
02-20 12:58:33.264  1811  1829 E ApplicationHelper: Fail to get PackageManager
02-20 12:58:33.264  1811  1829 E ApplicationHelper: Fail to get PackageManager
02-20 12:58:33.264  1811  1829 E ApplicationHelper: Fail to get PackageManager
02-20 12:58:33.264  1811  1829 E ApplicationHelper: Fail to get PackageManager
02-20 12:58:33.264  1811  1829 E ApplicationHelper: Fail to get PackageManager
02-20 12:58:33.264  1811  1829 E ApplicationHelper: Fail to get PackageManager
02-20 12:58:33.264  1811  1829 E ApplicationHelper: Fail to get PackageManager
02-20 12:58:33.264  1811  1829 E ApplicationHelper: Fail to get PackageManager
02-20 12:58:33.264  1811  1829 E ApplicationHelper: Fail to get PackageManager
02-20 12:58:33.399  1811  5712 W PresentationStatsEventLogger: Bad view state for: -1
02-20 12:58:34.154  1811  1829 E ApplicationHelper: Fail to get PackageManager
02-20 12:58:38.688  1811  1829 E ApplicationHelper: Fail to get PackageManager
02-20 12:58:40.870   570 23997 I keystore2: system/security/keystore2/watchdog/src/lib.rs:319 - Watchdog thread idle -> terminating. Have a great day.
02-20 12:58:44.719  1811  1829 E ApplicationHelper: Fail to get PackageManager
02-20 12:58:45.546  1811  1811 E MBrainLocalService: notifyAppSwitch failed
02-20 12:58:45.592  1811  2299 W WindowManager: Changing focus from Window{5698926 u0 com.android.chrome/org.chromium.chrome.browser.customtabs.TranslucentCustomTabActivity} to null displayId=0 Callers=com.android.server.wm.RootWindowContainer.updateFocusedWindowLocked:468 com.android.server.wm.WindowManagerService.updateFocusedWindowLocked:6623 com.android.server.wm.ActivityTaskManagerService.setLastResumedActivityUncheckLocked:5047 com.android.server.wm.ActivityTaskSupervisor.updateTopResumedActivityIfNeeded:2326 
02-20 12:58:45.594  1811  1829 E ApplicationHelper: Fail to get PackageManager
02-20 12:58:45.595  1811  1829 E ApplicationHelper: Fail to get PackageManager
02-20 12:58:45.595  1811  1829 E ApplicationHelper: Fail to get PackageManager
02-20 12:58:45.598  1811  1811 E MBrainLocalService: notifyAppSwitch failed
02-20 12:58:45.601  1811  1811 E MBrainLocalService: notifyAppSwitch failed
02-20 12:58:45.609  1811  1829 E ApplicationHelper: Fail to get PackageManager
02-20 12:58:45.609  1811  1829 E ApplicationHelper: Fail to get PackageManager
02-20 12:58:45.609  1811  1829 E ApplicationHelper: Fail to get PackageManager
02-20 12:58:45.611  1811  1811 E MBrainLocalService: notifyAppSwitch failed
02-20 12:58:45.616  1811  5646 W WindowManager: Changing focus from null to Window{ac1137b u0 com.android.launcher3/com.android.searchlauncher.SearchLauncher} displayId=0 Callers=com.android.server.wm.RootWindowContainer.updateFocusedWindowLocked:468 com.android.server.wm.WindowManagerService.updateFocusedWindowLocked:6623 com.android.server.wm.WindowManagerService.relayoutWindowInner:2691 com.android.server.wm.WindowManagerService.relayoutWindow:2361 
02-20 12:58:45.619  1811  5646 I WindowManager: Relayout Window{ac1137b u0 com.android.launcher3/com.android.searchlauncher.SearchLauncher}: oldVis=8 newVis=0 focusMayChange = true requestedWidth = 1200 requestedHeight = 2670 outFrames = ClientWindowFrames{frame=[0,0][1200,2670] display=[0,0][1200,2670] parentFrame=[0,0][0,0]} outSurfaceControl = Surface(name=com.android.launcher3/com.android.searchlauncher.SearchLauncher)/@0x959922e
02-20 12:58:45.622  1811  2299 I WindowManager: Relayout Window{91555cd u0 com.android.launcher3/com.android.searchlauncher.SearchLauncher}: oldVis=8 newVis=0 focusMayChange = true requestedWidth = 1200 requestedHeight = 2670 outFrames = ClientWindowFrames{frame=[0,0][1200,2670] display=[0,0][1200,2670] parentFrame=[0,0][0,0]} outSurfaceControl = Surface(name=com.android.launcher3/com.android.searchlauncher.SearchLauncher)/@0x8a4b75c
02-20 12:58:45.630  1811  1829 E ApplicationHelper: Fail to get PackageManager
02-20 12:58:45.641  1811  1829 E ApplicationHelper: Fail to get PackageManager
02-20 12:58:45.642  1811  1829 E ApplicationHelper: Fail to get PackageManager
02-20 12:58:45.654  1811  1831 I ActivityManager: Killing 21732:com.google.android.apps.restore/u0a106 (adj 975): empty #17
02-20 12:58:45.656  1811  1829 E ApplicationHelper: Fail to get PackageManager
02-20 12:58:45.656  1811  1829 E ApplicationHelper: Fail to get PackageManager
02-20 12:58:45.656  1811  1829 E ApplicationHelper: Fail to get PackageManager
02-20 12:58:45.656  1811  1829 E ApplicationHelper: Fail to get PackageManager
02-20 12:58:45.659  1811  2299 W UserManagerService: Requested status bar icon for non-badged user 0
02-20 12:58:45.675  1811  3501 W PackageConfigPersister: App-specific configuration not found for packageName: com.android.launcher3 and userId: 0
02-20 12:58:45.788  1811  1829 E ApplicationHelper: Fail to get PackageManager
02-20 12:58:45.809  1811  5689 W ProcessStats: Tracking association SourceState{7486cbf system/1000 ImpBg #63761} whose proc state 6 is better than process ProcessState{f42ab12 com.solanamobile.wallet/10058 pkg=com.solanamobile.wallet} proc state 14 (14 skipped)
02-20 12:58:45.809  1811  1829 E ApplicationHelper: Fail to get PackageManager
02-20 12:58:46.030  1811  1829 E ApplicationHelper: Fail to get PackageManager
02-20 12:58:46.032  1811  1829 E ApplicationHelper: Fail to get PackageManager
02-20 12:58:46.277  1811  1811 E MBrainLocalService: notifyAppSwitch failed
02-20 12:58:46.281  1811  1831 I ActivityManager: Killing 22047:com.google.android.youtube/u0a144 (adj 965): empty #17
02-20 12:58:46.282  1811  1831 I ActivityManager: Killing 22075:com.google.android.inputmethod.latin:train/u0a127 (adj 965): empty #18
02-20 12:58:46.282  1811  1811 E MBrainLocalService: notifyAppSwitch failed
02-20 12:58:46.283  1811  1831 I ActivityManager: Killing 21746:com.google.android.apps.photos/u0a138 (adj 975): empty #19
02-20 12:58:46.284  1811  5646 W UserManagerService: Requested status bar icon for non-badged user 0
02-20 12:58:46.285  1811  1829 E ApplicationHelper: Fail to get PackageManager
02-20 12:58:46.285  1811  1829 E ApplicationHelper: Fail to get PackageManager
02-20 12:58:46.285  1811  1831 I ActivityManager: Killing 22440:com.google.android.apps.turbo:aab/u0a114 (adj 955): empty #17
02-20 12:58:46.286  1811  1829 E ApplicationHelper: Fail to get PackageManager
02-20 12:58:46.286  1811  1829 E ApplicationHelper: Fail to get PackageManager
02-20 12:58:46.286  1811  1829 E ApplicationHelper: Fail to get PackageManager
02-20 12:58:46.286  1811  1829 E ApplicationHelper: Fail to get PackageManager
02-20 12:58:46.286  1811  5646 W UserManagerService: Requested status bar icon for non-badged user 0
02-20 12:58:46.286  1811  5646 W UserManagerService: Requested status bar icon for non-badged user 0
02-20 12:58:46.287  1811  1829 E ApplicationHelper: Fail to get PackageManager
02-20 12:58:46.287  1811  1829 E ApplicationHelper: Fail to get PackageManager
02-20 12:58:46.287  1811  1829 E ApplicationHelper: Fail to get PackageManager
02-20 12:58:46.287  1811  1829 E ApplicationHelper: Fail to get PackageManager
02-20 12:58:46.287  1811  1829 E ApplicationHelper: Fail to get PackageManager
02-20 12:58:46.287  1811  1829 E ApplicationHelper: Fail to get PackageManager
02-20 12:58:46.287  1811  1829 E ApplicationHelper: Fail to get PackageManager
02-20 12:58:46.287  1811  1829 E ApplicationHelper: Fail to get PackageManager
02-20 12:58:46.287  1811  1829 E ApplicationHelper: Fail to get PackageManager
02-20 12:58:46.287  1811  1829 E ApplicationHelper: Fail to get PackageManager
02-20 12:58:46.287  1811  1829 E ApplicationHelper: Fail to get PackageManager
02-20 12:58:46.287  1811  1829 E ApplicationHelper: Fail to get PackageManager
02-20 12:58:46.287  1811  1829 E ApplicationHelper: Fail to get PackageManager
02-20 12:58:46.287  1811  1829 E ApplicationHelper: Fail to get PackageManager
02-20 12:58:46.287  1811  1829 E ApplicationHelper: Fail to get PackageManager
02-20 12:58:46.287  1811  1829 E ApplicationHelper: Fail to get PackageManager
02-20 12:58:46.290  1811  1829 E ApplicationHelper: Fail to get PackageManager
02-20 12:58:46.291  1811  1829 E ApplicationHelper: Fail to get PackageManager
02-20 12:58:46.291  1811  1829 E ApplicationHelper: Fail to get PackageManager
02-20 12:58:46.429  1811  1829 E ApplicationHelper: Fail to get PackageManager
02-20 12:58:46.435  1811  1829 E ApplicationHelper: Fail to get PackageManager
02-20 12:58:46.470  1811  1829 E ApplicationHelper: Fail to get PackageManager
02-20 12:58:46.489  1811  1829 E ApplicationHelper: Fail to get PackageManager
02-20 12:58:46.514  1811  2096 W FillResponseEventLogger: Shouldn't be logging AutofillFillRequestReported again for same event
02-20 12:58:46.514  1811  2096 W PresentationStatsEventLogger: Shouldn't be logging AutofillPresentationEventReported again for same event
02-20 12:58:46.514  1811  2096 W AutofillInlineSuggestionsRequestSession: Never received an InlineSuggestionsRequest from the IME for 1073741824@811160285
02-20 12:58:46.531  1811  1881 W OptProp : Cannot read opt property android.window.PROPERTY_COMPAT_ALLOW_ORIENTATION_OVERRIDE
02-20 12:58:46.532  1811  1881 W OptProp : Cannot read opt property android.window.PROPERTY_COMPAT_ALLOW_RESIZEABLE_ACTIVITY_OVERRIDES
02-20 12:58:46.533  1811  1881 W OptProp : Cannot read opt property android.window.PROPERTY_COMPAT_ALLOW_MIN_ASPECT_RATIO_OVERRIDE
02-20 12:58:46.541  1811  1881 I ActivityTaskManager: START u0 {act=android.intent.action.MAIN cat=[android.intent.category.LAUNCHER] flg=0x10200000 pkg=com.nosana.dashboard.twa cmp=com.nosana.dashboard.twa/.LauncherActivity bnds=[888,564][1176,986]} with LAUNCH_MULTIPLE from uid 10153 (BAL_ALLOW_VISIBLE_WINDOW) result code=0
02-20 12:58:46.544  1811  1811 E MBrainLocalService: notifyAppSwitch failed
02-20 12:58:46.548  1811  1881 W WindowManager: Changing focus from Window{ac1137b u0 com.android.launcher3/com.android.searchlauncher.SearchLauncher} to null displayId=0 Callers=com.android.server.wm.RootWindowContainer.updateFocusedWindowLocked:468 com.android.server.wm.WindowManagerService.updateFocusedWindowLocked:6623 com.android.server.wm.ActivityTaskManagerService.setLastResumedActivityUncheckLocked:5047 com.android.server.wm.ActivityTaskSupervisor.updateTopResumedActivityIfNeeded:2326 
02-20 12:58:46.553  1811  1811 E MBrainLocalService: notifyAppSwitch failed
02-20 12:58:46.555  1811  1829 E ApplicationHelper: Fail to get PackageManager
02-20 12:58:46.574  1811  1829 E ApplicationHelper: Fail to get PackageManager
02-20 12:58:46.575  1811  1829 E ApplicationHelper: Fail to get PackageManager
02-20 12:58:46.578  1811  1841 I ActivityManager: Start proc 24144:com.android.chrome:sandboxed_process0:org.chromium.content.app.SandboxedProcessService0:4/u0ai4 for  {com.android.chrome/org.chromium.content.app.SandboxedProcessService0:4}
02-20 12:58:46.593  1811  5710 W WindowManager: Changing focus from null to Window{c2d0933 u0 com.nosana.dashboard.twa/com.nosana.dashboard.twa.LauncherActivity} displayId=0 Callers=com.android.server.wm.RootWindowContainer.updateFocusedWindowLocked:468 com.android.server.wm.WindowManagerService.updateFocusedWindowLocked:6623 com.android.server.wm.WindowManagerService.relayoutWindowInner:2691 com.android.server.wm.WindowManagerService.relayoutWindow:2361 
02-20 12:58:46.596  1811  5710 I WindowManager: Relayout Window{c2d0933 u0 com.nosana.dashboard.twa/com.nosana.dashboard.twa.LauncherActivity}: oldVis=4 newVis=0 focusMayChange = true requestedWidth = 1200 requestedHeight = 2670 outFrames = ClientWindowFrames{frame=[0,0][1200,2670] display=[0,0][1200,2670] parentFrame=[0,0][0,0]} outSurfaceControl = Surface(name=com.nosana.dashboard.twa/com.nosana.dashboard.twa.LauncherActivity)/@0x7f66bab
02-20 12:58:46.599  1811  1829 E ApplicationHelper: Fail to get PackageManager
02-20 12:58:46.602  1811  1829 E ApplicationHelper: Fail to get PackageManager
02-20 12:58:46.625  1811  3487 W ActivityTaskManager: Request to remove task ignored for non-existent task 698
02-20 12:58:46.625  1811  3487 W ActivityTaskManager: Request to remove task ignored for non-existent task 697
02-20 12:58:46.626  1811  5710 W UserManagerService: Requested status bar icon for non-badged user 0
02-20 12:58:46.626  1811  1829 E ApplicationHelper: Fail to get PackageManager
02-20 12:58:46.627  1811  1829 E ApplicationHelper: Fail to get PackageManager
02-20 12:58:46.627  1811  1829 E ApplicationHelper: Fail to get PackageManager
02-20 12:58:46.627  1811  1829 E ApplicationHelper: Fail to get PackageManager
02-20 12:58:46.627  1811  1829 E ApplicationHelper: Fail to get PackageManager
02-20 12:58:46.627  1811  1829 E ApplicationHelper: Fail to get PackageManager
02-20 12:58:46.627  1811  1829 E ApplicationHelper: Fail to get PackageManager
02-20 12:58:46.627  1811  1829 E ApplicationHelper: Fail to get PackageManager
02-20 12:58:46.627  1811  1829 E ApplicationHelper: Fail to get PackageManager
02-20 12:58:46.627  1811  1829 E ApplicationHelper: Fail to get PackageManager
02-20 12:58:46.627  1811  1829 E ApplicationHelper: Fail to get PackageManager
02-20 12:58:46.627  1811  1829 E ApplicationHelper: Fail to get PackageManager
02-20 12:58:46.627  1811  1829 E ApplicationHelper: Fail to get PackageManager
02-20 12:58:46.627  1811  1829 E ApplicationHelper: Fail to get PackageManager
02-20 12:58:46.627  1811  1829 E ApplicationHelper: Fail to get PackageManager
02-20 12:58:46.627  1811  1829 E ApplicationHelper: Fail to get PackageManager
02-20 12:58:46.627  1811  1829 E ApplicationHelper: Fail to get PackageManager
02-20 12:58:46.627  1811  1829 E ApplicationHelper: Fail to get PackageManager
02-20 12:58:46.627  1811  1829 E ApplicationHelper: Fail to get PackageManager
02-20 12:58:46.627  1811  1829 E ApplicationHelper: Fail to get PackageManager
02-20 12:58:46.630  1811  1829 E ApplicationHelper: Fail to get PackageManager
02-20 12:58:46.646  1811  1881 W OptProp : Cannot read opt property android.window.PROPERTY_COMPAT_ALLOW_ORIENTATION_OVERRIDE
02-20 12:58:46.648  1811  1881 W OptProp : Cannot read opt property android.window.PROPERTY_COMPAT_ALLOW_RESIZEABLE_ACTIVITY_OVERRIDES
02-20 12:58:46.649  1811  1881 W OptProp : Cannot read opt property android.window.PROPERTY_COMPAT_ALLOW_MIN_ASPECT_RATIO_OVERRIDE
02-20 12:58:46.656  1811  1811 E MBrainLocalService: notifyAppSwitch failed
02-20 12:58:46.657  1811  1881 I ActivityTaskManager: START u0 {act=android.intent.action.VIEW dat=https://dashboard.nosana.com/... pkg=com.android.chrome cmp=com.android.chrome/com.google.android.apps.chrome.IntentDispatcher (has extras)} with LAUNCH_MULTIPLE from uid 10242 (BAL_ALLOW_VISIBLE_WINDOW) result code=0
02-20 12:58:46.661  1811  3487 W WindowManager: Changing focus from Window{c2d0933 u0 com.nosana.dashboard.twa/com.nosana.dashboard.twa.LauncherActivity} to null displayId=0 Callers=com.android.server.wm.RootWindowContainer.updateFocusedWindowLocked:468 com.android.server.wm.WindowManagerService.updateFocusedWindowLocked:6623 com.android.server.wm.ActivityTaskManagerService.setLastResumedActivityUncheckLocked:5047 com.android.server.wm.ActivityTaskSupervisor.updateTopResumedActivityIfNeeded:2326 
02-20 12:58:46.665  1811  1811 E MBrainLocalService: notifyAppSwitch failed
02-20 12:58:46.666  1811  1829 E ApplicationHelper: Fail to get PackageManager
02-20 12:58:46.666  1811  1829 E ApplicationHelper: Fail to get PackageManager
02-20 12:58:46.680  1811  1829 E ApplicationHelper: Fail to get PackageManager
02-20 12:58:46.693  1811  5710 W OptProp : Cannot read opt property android.window.PROPERTY_COMPAT_ALLOW_ORIENTATION_OVERRIDE
02-20 12:58:46.693  1811  5710 W OptProp : Cannot read opt property android.window.PROPERTY_COMPAT_ALLOW_RESIZEABLE_ACTIVITY_OVERRIDES
02-20 12:58:46.693  1811  5710 W OptProp : Cannot read opt property android.window.PROPERTY_COMPAT_ALLOW_MIN_ASPECT_RATIO_OVERRIDE
02-20 12:58:46.697  1811  3458 W PackageConfigPersister: App-specific configuration not found for packageName: com.nosana.dashboard.twa and userId: 0
02-20 12:58:46.698  1811  1811 E MBrainLocalService: notifyAppSwitch failed
02-20 12:58:46.699  1811  5710 I ActivityTaskManager: START u0 {act=android.intent.action.VIEW dat=https://dashboard.nosana.com/... flg=0x2810000 pkg=com.android.chrome cmp=com.android.chrome/org.chromium.chrome.browser.customtabs.TranslucentCustomTabActivity (has extras)} with LAUNCH_MULTIPLE from uid 10122 (BAL_ALLOW_VISIBLE_WINDOW) result code=0
02-20 12:58:46.700  1811  1829 E ApplicationHelper: Fail to get PackageManager
02-20 12:58:46.703  1811  1829 E ApplicationHelper: Fail to get PackageManager
02-20 12:58:46.710  1811  1829 E ApplicationHelper: Fail to get PackageManager
02-20 12:58:46.713  1811  1829 E ApplicationHelper: Fail to get PackageManager
02-20 12:58:46.720  1811  1829 E ApplicationHelper: Fail to get PackageManager
02-20 12:58:46.720  1811  1829 E ApplicationHelper: Fail to get PackageManager
02-20 12:58:46.723  1811  1829 E ApplicationHelper: Fail to get PackageManager
02-20 12:58:46.778  1811  5689 W WindowManager: Changing focus from null to Window{51e4829 u0 com.android.chrome/org.chromium.chrome.browser.customtabs.TranslucentCustomTabActivity} displayId=0 Callers=com.android.server.wm.RootWindowContainer.updateFocusedWindowLocked:468 com.android.server.wm.WindowManagerService.updateFocusedWindowLocked:6623 com.android.server.wm.WindowManagerService.relayoutWindowInner:2691 com.android.server.wm.WindowManagerService.relayoutWindow:2361 
02-20 12:58:46.779  1811  5689 I WindowManager: Relayout Window{51e4829 u0 com.android.chrome/org.chromium.chrome.browser.customtabs.TranslucentCustomTabActivity}: oldVis=4 newVis=0 focusMayChange = true requestedWidth = 1200 requestedHeight = 2670 outFrames = ClientWindowFrames{frame=[0,0][1200,2670] display=[0,0][1200,2670] parentFrame=[0,0][0,0]} outSurfaceControl = Surface(name=com.android.chrome/org.chromium.chrome.browser.customtabs.TranslucentCustomTabActivity)/@0x728be86
02-20 12:58:46.810  1811  1881 W UserManagerService: Requested status bar icon for non-badged user 0
02-20 12:58:46.812  1811  1881 W UserManagerService: Requested status bar icon for non-badged user 0
02-20 12:58:46.819  1811  1881 W UserManagerService: Requested status bar icon for non-badged user 0
02-20 12:58:46.819  1811  1881 W UserManagerService: Requested status bar icon for non-badged user 0
02-20 12:58:46.821  1811  1829 E ApplicationHelper: Fail to get PackageManager
02-20 12:58:46.828  1811  1829 E ApplicationHelper: Fail to get PackageManager
02-20 12:58:46.833  1811  1829 E ApplicationHelper: Fail to get PackageManager
02-20 12:58:46.836  1811  1829 E ApplicationHelper: Fail to get PackageManager
02-20 12:58:46.844  1811  1829 E ApplicationHelper: Fail to get PackageManager
02-20 12:58:46.861  1811  1829 E ApplicationHelper: Fail to get PackageManager
02-20 12:58:46.890  1811  5689 W PackageConfigPersister: App-specific configuration not found for packageName: com.android.chrome and userId: 0
02-20 12:58:46.896  1811  1829 E ApplicationHelper: Fail to get PackageManager
02-20 12:58:46.896  1811  1829 E ApplicationHelper: Fail to get PackageManager
02-20 12:58:46.896  1811  1829 E ApplicationHelper: Fail to get PackageManager
02-20 12:58:46.896  1811  1829 E ApplicationHelper: Fail to get PackageManager
02-20 12:58:46.896  1811  1829 E ApplicationHelper: Fail to get PackageManager
02-20 12:58:47.179  1811  1881 E ActivityTaskManager: convertFromTranslucent expects null but is ActivityRecord{834f657 u0 com.android.chrome/org.chromium.chrome.browser.customtabs.TranslucentCustomTabActivity t699}
02-20 12:58:47.193  1811  5689 W UserManagerService: Requested status bar icon for non-badged user 0
02-20 12:58:47.200  1811  1811 E MBrainLocalService: notifyAppSwitch failed
02-20 12:58:47.203  1811  1811 E MBrainLocalService: notifyAppSwitch failed
02-20 12:58:47.204  1811  1829 E ApplicationHelper: Fail to get PackageManager
02-20 12:58:47.204  1811  1829 E ApplicationHelper: Fail to get PackageManager
02-20 12:58:47.204  1811  1829 E ApplicationHelper: Fail to get PackageManager
02-20 12:58:47.214  1811  5710 W UserManagerService: Requested status bar icon for non-badged user 0
02-20 12:58:47.214  1811  5710 W UserManagerService: Requested status bar icon for non-badged user 0
02-20 12:58:47.242  1811  1829 E ApplicationHelper: Fail to get PackageManager
02-20 12:58:47.250  1811  1829 E ApplicationHelper: Fail to get PackageManager
02-20 12:58:47.990  1811  1829 E ApplicationHelper: Fail to get PackageManager
02-20 12:58:47.992  1811  1829 E ApplicationHelper: Fail to get PackageManager
02-20 12:58:47.996  1811  1829 E ApplicationHelper: Fail to get PackageManager
02-20 12:58:47.997  1811  1829 E ApplicationHelper: Fail to get PackageManager
02-20 12:58:49.980  1811  1841 I ActivityManager: Start proc 24174:com.android.chrome:sandboxed_process0:org.chromium.content.app.SandboxedProcessService0:5/u0ai5 for  {com.android.chrome/org.chromium.content.app.SandboxedProcessService0:5}
02-20 12:58:49.996  1811  1829 E ApplicationHelper: Fail to get PackageManager
02-20 12:58:50.008  1811  1829 E ApplicationHelper: Fail to get PackageManager
02-20 12:58:50.009  1811  1829 E ApplicationHelper: Fail to get PackageManager
02-20 12:58:50.060  1811  3458 I ActivityManager: Killing 24174:com.android.chrome:sandboxed_process0:org.chromium.content.app.SandboxedProcessService0:5/u0a122i-8995 (adj 0): isolated not needed
02-20 12:58:50.061  1811  1829 E ApplicationHelper: Fail to get PackageManager
02-20 12:58:50.068  1811  1841 I ActivityManager: Start proc 24190:com.android.chrome:sandboxed_process0:org.chromium.content.app.SandboxedProcessService0:6/u0ai6 for  {com.android.chrome/org.chromium.content.app.SandboxedProcessService0:6}
02-20 12:58:50.086  1811  1829 E ApplicationHelper: Fail to get PackageManager
02-20 12:58:50.097  1811  1829 E ApplicationHelper: Fail to get PackageManager
02-20 12:58:50.100  1811  1829 E ApplicationHelper: Fail to get PackageManager
02-20 12:58:50.147  1811  3458 I ActivityManager: Killing 24190:com.android.chrome:sandboxed_process0:org.chromium.content.app.SandboxedProcessService0:6/u0a122i-8994 (adj 0): isolated not needed
02-20 12:58:50.148  1811  1829 E ApplicationHelper: Fail to get PackageManager
02-20 12:58:50.188  1811  1841 I ActivityManager: Start proc 24206:com.android.chrome:sandboxed_process0:org.chromium.content.app.SandboxedProcessService0:7/u0ai7 for  {com.android.chrome/org.chromium.content.app.SandboxedProcessService0:7}
02-20 12:58:50.198  1811  1829 E ApplicationHelper: Fail to get PackageManager
02-20 12:58:50.207  1811  1829 E ApplicationHelper: Fail to get PackageManager
02-20 12:58:50.210  1811  1829 E ApplicationHelper: Fail to get PackageManager
02-20 12:58:50.274  1811  1881 I ActivityManager: Killing 24206:com.android.chrome:sandboxed_process0:org.chromium.content.app.SandboxedProcessService0:7/u0a122i-8993 (adj 0): isolated not needed
02-20 12:58:50.278  1811  1829 E ApplicationHelper: Fail to get PackageManager
02-20 12:58:50.498  1811  1841 I ActivityManager: Start proc 24223:com.android.chrome:sandboxed_process0:org.chromium.content.app.SandboxedProcessService0:8/u0ai8 for  {com.android.chrome/org.chromium.content.app.SandboxedProcessService0:8}
02-20 12:58:50.516  1811  1829 E ApplicationHelper: Fail to get PackageManager
02-20 12:58:50.529  1811  1829 E ApplicationHelper: Fail to get PackageManager
02-20 12:58:50.532  1811  1829 E ApplicationHelper: Fail to get PackageManager
02-20 12:58:50.567  1811  1881 I ActivityManager: Killing 24223:com.android.chrome:sandboxed_process0:org.chromium.content.app.SandboxedProcessService0:8/u0a122i-8992 (adj 0): isolated not needed
02-20 12:58:50.569  1811  1829 E ApplicationHelper: Fail to get PackageManager
02-20 12:58:50.577  1811  1841 I ActivityManager: Start proc 24240:com.android.chrome:sandboxed_process0:org.chromium.content.app.SandboxedProcessService0:9/u0ai9 for  {com.android.chrome/org.chromium.content.app.SandboxedProcessService0:9}
02-20 12:58:50.592  1811  1829 E ApplicationHelper: Fail to get PackageManager
02-20 12:58:50.602  1811  1829 E ApplicationHelper: Fail to get PackageManager
02-20 12:58:50.606  1811  1829 E ApplicationHelper: Fail to get PackageManager
02-20 12:58:50.644  1811  3458 I ActivityManager: Killing 24240:com.android.chrome:sandboxed_process0:org.chromium.content.app.SandboxedProcessService0:9/u0a122i-8991 (adj 0): isolated not needed
02-20 12:58:50.646  1811  1829 E ApplicationHelper: Fail to get PackageManager
02-20 12:58:50.673  1811  1841 I ActivityManager: Start proc 24256:com.android.chrome:sandboxed_process0:org.chromium.content.app.SandboxedProcessService0:10/u0ai10 for  {com.android.chrome/org.chromium.content.app.SandboxedProcessService0:10}
02-20 12:58:50.684  1811  1829 E ApplicationHelper: Fail to get PackageManager
02-20 12:58:50.693  1811  1829 E ApplicationHelper: Fail to get PackageManager
02-20 12:58:50.696  1811  1829 E ApplicationHelper: Fail to get PackageManager
02-20 12:58:50.743  1811  3487 I ActivityManager: Killing 24256:com.android.chrome:sandboxed_process0:org.chromium.content.app.SandboxedProcessService0:10/u0a122i-8990 (adj 0): isolated not needed
02-20 12:58:50.744  1811  1829 E ApplicationHelper: Fail to get PackageManager
02-20 12:58:50.907  1811  3458 W PresentationStatsEventLogger: Bad view state for: -1
02-20 12:58:52.133  1811  5710 W FillResponseEventLogger: Shouldn't be logging AutofillFillRequestReported again for same event
02-20 12:58:52.133  1811  5710 W AutofillInlineSuggestionsRequestSession: Never received an InlineSuggestionsRequest from the IME for 1073741824@79166469
02-20 12:58:52.149  1811  5710 W PresentationStatsEventLogger: Bad view state for: -1
02-20 12:58:52.163  1811  3458 W PresentationStatsEventLogger: Bad view state for: -1
02-20 12:58:52.164  1811  3487 W PackageConfigPersister: App-specific configuration not found for packageName: com.android.chrome and userId: 0
02-20 12:58:52.179  1811  1829 E ApplicationHelper: Fail to get PackageManager
02-20 12:58:52.181  1811  1829 E ApplicationHelper: Fail to get PackageManager
02-20 12:58:52.183  1811  1841 I ActivityManager: Start proc 24274:com.android.chrome:sandboxed_process0:org.chromium.content.app.SandboxedProcessService0:11/u0ai11 for  {com.android.chrome/org.chromium.content.app.SandboxedProcessService0:11}
02-20 12:58:52.186  1811  1829 E ApplicationHelper: Fail to get PackageManager
02-20 12:58:52.191  1811  1829 E ApplicationHelper: Fail to get PackageManager
02-20 12:58:52.198  1811  1829 E ApplicationHelper: Fail to get PackageManager
02-20 12:58:52.208  1811  1829 E ApplicationHelper: Fail to get PackageManager
02-20 12:58:52.210  1811  1829 E ApplicationHelper: Fail to get PackageManager
02-20 12:58:52.413  1811  1829 E ApplicationHelper: Fail to get PackageManager
02-20 12:58:52.417  1811  1829 E ApplicationHelper: Fail to get PackageManager
02-20 12:58:52.653  1811  1829 E ApplicationHelper: Fail to get PackageManager
02-20 12:58:52.852  1811  1829 E ApplicationHelper: Fail to get PackageManager
02-20 12:58:52.856  1811  1829 E ApplicationHelper: Fail to get PackageManager
02-20 12:58:52.865  1811  1829 E ApplicationHelper: Fail to get PackageManager
02-20 12:58:53.584  1811  1829 E ApplicationHelper: Fail to get PackageManager
02-20 12:58:53.586  1811  1829 E ApplicationHelper: Fail to get PackageManager
02-20 12:58:53.619  1811  1829 E ApplicationHelper: Fail to get PackageManager
02-20 12:58:53.625  1811  1829 E ApplicationHelper: Fail to get PackageManager
02-20 12:58:53.821  1811  1829 E ApplicationHelper: Fail to get PackageManager
02-20 12:58:54.106  1811  1829 E ApplicationHelper: Fail to get PackageManager
02-20 12:58:54.111  1811  1829 E ApplicationHelper: Fail to get PackageManager
02-20 12:58:54.348  1811  1829 E ApplicationHelper: Fail to get PackageManager
02-20 12:58:54.352  1811  1829 E ApplicationHelper: Fail to get PackageManager
02-20 12:58:54.446  1811  1829 E ApplicationHelper: Fail to get PackageManager
02-20 12:58:54.450  1811  1829 E ApplicationHelper: Fail to get PackageManager
02-20 12:58:54.458  1811  1829 E ApplicationHelper: Fail to get PackageManager
02-20 12:58:54.460  1811  1829 E ApplicationHelper: Fail to get PackageManager
02-20 12:58:54.546  1811  1829 E ApplicationHelper: Fail to get PackageManager
02-20 12:58:54.548  1811  1829 E ApplicationHelper: Fail to get PackageManager
02-20 12:58:54.640  1811  1829 E ApplicationHelper: Fail to get PackageManager
02-20 12:58:54.643  1811  1829 E ApplicationHelper: Fail to get PackageManager
02-20 12:58:54.830  1811  1829 E ApplicationHelper: Fail to get PackageManager
02-20 12:58:54.832  1811  1829 E ApplicationHelper: Fail to get PackageManager
02-20 12:58:55.041  1811  1829 E ApplicationHelper: Fail to get PackageManager
02-20 12:58:55.043  1811  1829 E ApplicationHelper: Fail to get PackageManager
02-20 12:58:55.362  1811  1829 E ApplicationHelper: Fail to get PackageManager
02-20 12:58:55.364  1811  1829 E ApplicationHelper: Fail to get PackageManager
02-20 12:58:55.587  1811  1829 E ApplicationHelper: Fail to get PackageManager
02-20 12:58:56.729  1811  1829 E ApplicationHelper: Fail to get PackageManager
02-20 12:58:56.732  1811  1829 E ApplicationHelper: Fail to get PackageManager
02-20 12:58:56.939  1811  1829 E ApplicationHelper: Fail to get PackageManager
