02-20 18:49:47.308 16708 16708 D CellBroadcastReceiver: onReceive Intent { act=android.intent.action.SERVICE_STATE flg=0x1000010 cmp=com.google.android.cellbroadcastreceiver/com.android.cellbroadcastreceiver.CellBroadcastReceiver (has extras) }
02-20 18:51:03.232 16708 16708 D CellBroadcastReceiver: onReceive Intent { act=android.intent.action.SERVICE_STATE flg=0x1000010 cmp=com.google.android.cellbroadcastreceiver/com.android.cellbroadcastreceiver.CellBroadcastReceiver (has extras) }
02-20 18:52:39.467 29283 29283 D BoundBrokerSvc: onRebind: Intent { act=com.google.android.gms.common.telemetry.service.START dat=chimera-action:/... cmp=com.google.android.gms/.chimera.PersistentApiService }
02-20 18:52:39.469  3317  3317 D BoundBrokerSvc: onRebind: Intent { act=com.google.android.gms.onboardingconsent.api.ConsentManagerApiService.START dat=chimera-action:/... cmp=com.google.android.gms/.chimera.GmsApiService }
02-20 18:52:40.458 29283 29283 D BoundBrokerSvc: onRebind: Intent { act=com.google.android.gms.libs.gmscorelogger.service.START dat=chimera-action:/... cmp=com.google.android.gms/.chimera.PersistentDirectBootAwareApiService }
02-20 18:52:44.484  3317  3317 D BoundBrokerSvc: onUnbind: Intent { act=com.google.android.gms.onboardingconsent.api.ConsentManagerApiService.START dat=chimera-action:/... cmp=com.google.android.gms/.chimera.GmsApiService }
02-20 18:52:44.486 29283 29283 D BoundBrokerSvc: onUnbind: Intent { act=com.google.android.gms.common.telemetry.service.START dat=chimera-action:/... cmp=com.google.android.gms/.chimera.PersistentApiService }
02-20 18:52:55.478 29283 29283 D BoundBrokerSvc: onUnbind: Intent { act=com.google.android.gms.libs.gmscorelogger.service.START dat=chimera-action:/... cmp=com.google.android.gms/.chimera.PersistentDirectBootAwareApiService }
02-20 18:53:35.497  3317  3317 D BoundBrokerSvc: onRebind: Intent { act=com.google.android.gms.onboardingconsent.api.ConsentManagerApiService.START dat=chimera-action:/... cmp=com.google.android.gms/.chimera.GmsApiService }
02-20 18:53:35.876 29283 29542 I cn_CronetUrlRequestContext: destroyNativeStreamLocked org.chromium.net.impl.CronetBidirectionalStream@db4dfda
02-20 18:53:40.533  3317  3317 D BoundBrokerSvc: onUnbind: Intent { act=com.google.android.gms.onboardingconsent.api.ConsentManagerApiService.START dat=chimera-action:/... cmp=com.google.android.gms/.chimera.GmsApiService }
02-20 18:57:03.230 16708 16708 D CellBroadcastReceiver: onReceive Intent { act=android.intent.action.SERVICE_STATE flg=0x1000010 cmp=com.google.android.cellbroadcastreceiver/com.android.cellbroadcastreceiver.CellBroadcastReceiver (has extras) }
02-20 18:57:54.846  3317  3317 D BoundBrokerSvc: onBind: Intent { act=com.google.android.gms.feedback.internal.IFeedbackService dat=chimera-action:/... cmp=com.google.android.gms/.chimera.GmsBoundBrokerService }
02-20 18:57:54.846  3317  3317 D BoundBrokerSvc: Loading bound service for intent: Intent { act=com.google.android.gms.feedback.internal.IFeedbackService dat=chimera-action:/... cmp=com.google.android.gms/.chimera.GmsBoundBrokerService }
02-20 18:57:55.038 29283 29283 D BoundBrokerSvc: onRebind: Intent { act=com.google.android.gms.clearcut.sampler.service.START dat=chimera-action:/... cmp=com.google.android.gms/.chimera.PersistentDirectBootAwareApiService }
02-20 18:57:55.096 29283 29283 D BoundBrokerSvc: onRebind: Intent { act=com.google.android.gms.common.telemetry.service.START dat=chimera-action:/... cmp=com.google.android.gms/.chimera.PersistentApiService }
02-20 18:57:55.112 15208 17054 W chromium: [0220/185755.112305:WARNING:components/cronet/url_request_context_config.cc:769] Unrecognized Cronet experimental option "enable_telemetry" with params "true
02-20 18:57:55.112 15208 17054 W chromium: 
02-20 18:57:55.884 15208 17054 I cn_CronetUrlRequestContext: destroyNativeStreamLocked org.chromium.net.impl.CronetBidirectionalStream@65d0dfb
02-20 18:57:56.056  3317  3317 D BoundBrokerSvc: onBind: Intent { act=com.google.android.gms.wallet.service.BIND pkg=com.google.android.gms }
02-20 18:57:56.056  3317  3317 D BoundBrokerSvc: Loading bound service for intent: Intent { act=com.google.android.gms.wallet.service.BIND pkg=com.google.android.gms }
02-20 18:57:56.149 15208 15302 I bikx    : Create TNG weather or weather daily forecast or weather timely reminder wrapped click intent.
02-20 18:57:56.150 15208 15302 I birb    : #createWrappedClickIntent: Put account
02-20 18:57:56.153 15208 15302 I bikx    : Create card explanation intent
02-20 18:57:56.153 15208 15302 I birb    : #createWrappedClickIntent: Account is missing
02-20 18:57:56.155 15208 15302 I bikx    : Create TNG weather or weather daily forecast or weather timely reminder wrapped click intent.
02-20 18:57:56.155 15208 15262 I birb    : #createWrappedClickIntent: Put account
02-20 18:57:56.155 15208 15302 I birb    : #createWrappedClickIntent: Put account
02-20 18:57:56.156 15208 15302 I bikx    : Create TNG weather or weather daily forecast or weather timely reminder wrapped click intent.
02-20 18:57:56.156 15208 15302 I birb    : #createWrappedClickIntent: Put account
02-20 18:57:56.158 15208 15302 I bikx    : Create card explanation intent
02-20 18:57:56.158 15208 15302 I birb    : #createWrappedClickIntent: Account is missing
02-20 18:57:56.159 15208 15302 I bikx    : Create TNG weather or weather daily forecast or weather timely reminder wrapped click intent.
02-20 18:57:56.159 15208 15302 I birb    : #createWrappedClickIntent: Put account
02-20 18:57:56.160 15208 15302 I bikx    : Create TNG weather or weather daily forecast or weather timely reminder wrapped click intent.
02-20 18:57:56.160 15208 15302 I birb    : #createWrappedClickIntent: Put account
02-20 18:57:56.160 15208 15302 I bikx    : Create card explanation intent
02-20 18:57:56.161 15208 15302 I birb    : #createWrappedClickIntent: Account is missing
02-20 18:57:56.161 15208 15302 I bikx    : Create TNG weather or weather daily forecast or weather timely reminder wrapped click intent.
02-20 18:57:56.162 15208 15302 I birb    : #createWrappedClickIntent: Put account
02-20 18:57:56.162 15208 15251 I bikx    : Create card explanation intent
02-20 18:57:56.162 15208 15302 I bikx    : Create TNG weather or weather daily forecast or weather timely reminder wrapped click intent.
02-20 18:57:56.162 15208 15251 I birb    : #createWrappedClickIntent: Account is missing
02-20 18:57:56.162 15208 15302 I birb    : #createWrappedClickIntent: Put account
02-20 18:57:56.163 15208 15302 I bikx    : Create card explanation intent
02-20 18:57:56.163 15208 15302 I birb    : #createWrappedClickIntent: Account is missing
02-20 18:57:56.164 15208 15302 I bikx    : Create TNG weather or weather daily forecast or weather timely reminder wrapped click intent.
02-20 18:57:56.164 15208 15302 I birb    : #createWrappedClickIntent: Put account
02-20 18:57:56.164 15208 15302 I bikx    : Create TNG weather or weather daily forecast or weather timely reminder wrapped click intent.
02-20 18:57:56.164 15208 15302 I birb    : #createWrappedClickIntent: Put account
02-20 18:57:56.165 15208 15302 I bikx    : Create card explanation intent
02-20 18:57:56.165 15208 15302 I birb    : #createWrappedClickIntent: Account is missing
02-20 18:57:56.165 15208 15302 I bikx    : Create TNG weather or weather daily forecast or weather timely reminder wrapped click intent.
02-20 18:57:56.166 15208 15302 I birb    : #createWrappedClickIntent: Put account
02-20 18:57:56.166 15208 15302 I bikx    : Create TNG weather or weather daily forecast or weather timely reminder wrapped click intent.
02-20 18:57:56.166 15208 15302 I birb    : #createWrappedClickIntent: Put account
02-20 18:57:56.167 15208 15302 I bikx    : Create card explanation intent
02-20 18:57:56.167 15208 15302 I birb    : #createWrappedClickIntent: Account is missing
02-20 18:57:56.168 15208 15302 I bikx    : Create TNG weather or weather daily forecast or weather timely reminder wrapped click intent.
02-20 18:57:56.168 15208 15302 I birb    : #createWrappedClickIntent: Put account
02-20 18:57:56.168 15208 15302 I bikx    : Create TNG weather or weather daily forecast or weather timely reminder wrapped click intent.
02-20 18:57:56.168 15208 15302 I birb    : #createWrappedClickIntent: Put account
02-20 18:57:56.169 15208 15302 I bikx    : Create card explanation intent
02-20 18:57:56.169 15208 15302 I birb    : #createWrappedClickIntent: Account is missing
02-20 18:57:56.170 15208 15302 I bikx    : Create TNG weather or weather daily forecast or weather timely reminder wrapped click intent.
02-20 18:57:56.170 15208 15302 I birb    : #createWrappedClickIntent: Put account
02-20 18:57:56.170 15208 15302 I bikx    : Create TNG weather or weather daily forecast or weather timely reminder wrapped click intent.
02-20 18:57:56.171 15208 15302 I birb    : #createWrappedClickIntent: Put account
02-20 18:58:00.108 29283 29283 D BoundBrokerSvc: onUnbind: Intent { act=com.google.android.gms.common.telemetry.service.START dat=chimera-action:/... cmp=com.google.android.gms/.chimera.PersistentApiService }
02-20 18:58:06.164 29283 29283 D BoundBrokerSvc: onRebind: Intent { act=com.google.android.gms.libs.gmscorelogger.service.START dat=chimera-action:/... cmp=com.google.android.gms/.chimera.PersistentDirectBootAwareApiService }
02-20 18:58:09.930  3317  3317 D BoundBrokerSvc: onUnbind: Intent { act=com.google.android.gms.feedback.internal.IFeedbackService dat=chimera-action:/... cmp=com.google.android.gms/.chimera.GmsBoundBrokerService }
02-20 18:58:10.056 29283 29283 D BoundBrokerSvc: onUnbind: Intent { act=com.google.android.gms.clearcut.sampler.service.START dat=chimera-action:/... cmp=com.google.android.gms/.chimera.PersistentDirectBootAwareApiService }
02-20 18:58:11.077  3317  3317 D BoundBrokerSvc: onUnbind: Intent { act=com.google.android.gms.wallet.service.BIND pkg=com.google.android.gms }
02-20 18:58:21.051 16708 16708 D CellBroadcastReceiver: onReceive Intent { act=android.intent.action.SERVICE_STATE flg=0x1000010 cmp=com.google.android.cellbroadcastreceiver/com.android.cellbroadcastreceiver.CellBroadcastReceiver (has extras) }
02-20 18:58:21.217 29283 29283 D BoundBrokerSvc: onUnbind: Intent { act=com.google.android.gms.libs.gmscorelogger.service.START dat=chimera-action:/... cmp=com.google.android.gms/.chimera.PersistentDirectBootAwareApiService }
02-20 18:58:41.612 15208 15208 D GlanceSessionManager: Closing session appWidget-4 wasOpen=false hasError=false events=[]
02-20 19:00:00.094  1811  1849 W BatteryExternalStatsWorker: error reading Bluetooth stats: 9
02-20 19:00:57.731 29283 29283 D BoundBrokerSvc: onRebind: Intent { act=com.google.android.gms.libs.gmscorelogger.service.START dat=chimera-action:/... cmp=com.google.android.gms/.chimera.PersistentDirectBootAwareApiService }
02-20 19:01:12.788 29283 29283 D BoundBrokerSvc: onUnbind: Intent { act=com.google.android.gms.libs.gmscorelogger.service.START dat=chimera-action:/... cmp=com.google.android.gms/.chimera.PersistentDirectBootAwareApiService }
02-20 19:01:13.373 17153 17189 E SessionConfigFetcher: Error failing to fetch the remote configs: Unable to resolve host "firebase-settings.crashlytics.com": No address associated with hostname
02-20 19:01:13.426  3317  3317 D BoundBrokerSvc: onBind: Intent { act=com.google.android.gms.measurement.START pkg=com.google.android.gms }
02-20 19:01:13.426  3317  3317 D BoundBrokerSvc: Loading bound service for intent: Intent { act=com.google.android.gms.measurement.START pkg=com.google.android.gms }
02-20 19:01:13.617 17153 17237 W System.err: java.lang.UnsatisfiedLinkError: dlopen failed: library "liblibc++_shared.so" not found
02-20 19:01:13.656 17153 17248 W chromium: [0220/190113.655320:WARNING:net/dns/dns_config_service_android.cc:69] Failed to read DnsConfig.
02-20 19:01:13.673 17153 17237 W ApkUtil : getPackageInfo NameNotFoundException
02-20 19:01:13.673 17153 17237 W ApkUtil : getPackageInfo NameNotFoundException
02-20 19:01:13.673 17153 17237 W ApkUtil : getPackageInfo NameNotFoundException
02-20 19:01:13.693 17153 17214 I flutter : apm_flutter localLog other exception : type 'int' is not a subtype of type 'double?' in type cast
02-20 19:01:13.693 17153 17214 I flutter : apm_flutter localLog other exception : type 'int' is not a subtype of type 'double?' in type cast
02-20 19:01:13.740 15604 15635 I System.out: Caught a exception encoding the public key: com.android.apksig.internal.asn1.Asn1DecodingException: Failed to parse mgf.a
02-20 19:01:13.740 15604 15635 W System.err: com.android.apksig.internal.asn1.Asn1DecodingException: Failed to parse mgf.a
02-20 19:01:13.742 15604 15635 W System.err: Caused by: com.android.apksig.internal.asn1.Asn1BerParser$Asn1UnexpectedTagException: Tag mismatch. Expected: UNIVERSAL BIT STRING, but found UNIVERSAL SEQUENCE
02-20 19:01:13.744 15604 15635 I System.out: Caught a exception encoding the public key: com.android.apksig.internal.asn1.Asn1DecodingException: Failed to parse mgf.a
02-20 19:01:13.744 15604 15635 W System.err: com.android.apksig.internal.asn1.Asn1DecodingException: Failed to parse mgf.a
02-20 19:01:13.745 15604 15635 W System.err: Caused by: com.android.apksig.internal.asn1.Asn1BerParser$Asn1UnexpectedTagException: Tag mismatch. Expected: UNIVERSAL BIT STRING, but found UNIVERSAL SEQUENCE
02-20 19:01:13.752 15604 15635 I System.out: Caught a exception encoding the public key: com.android.apksig.internal.asn1.Asn1DecodingException: Failed to parse mgf.a
02-20 19:01:13.752 15604 15635 W System.err: com.android.apksig.internal.asn1.Asn1DecodingException: Failed to parse mgf.a
02-20 19:01:13.753 15604 15635 W System.err: Caused by: com.android.apksig.internal.asn1.Asn1BerParser$Asn1UnexpectedTagException: Tag mismatch. Expected: UNIVERSAL BIT STRING, but found UNIVERSAL SEQUENCE
02-20 19:01:13.754 15604 15635 I System.out: Caught a exception encoding the public key: com.android.apksig.internal.asn1.Asn1DecodingException: Failed to parse mgf.a
02-20 19:01:13.755 15604 15635 W System.err: com.android.apksig.internal.asn1.Asn1DecodingException: Failed to parse mgf.a
02-20 19:01:13.755 15604 15635 W System.err: Caused by: com.android.apksig.internal.asn1.Asn1BerParser$Asn1UnexpectedTagException: Tag mismatch. Expected: UNIVERSAL BIT STRING, but found UNIVERSAL SEQUENCE
02-20 19:01:13.762 15604 15635 I System.out: Caught a exception encoding the public key: com.android.apksig.internal.asn1.Asn1DecodingException: Failed to parse mgf.a
02-20 19:01:13.762 15604 15635 W System.err: com.android.apksig.internal.asn1.Asn1DecodingException: Failed to parse mgf.a
02-20 19:01:13.763 15604 15635 W System.err: Caused by: com.android.apksig.internal.asn1.Asn1BerParser$Asn1UnexpectedTagException: Tag mismatch. Expected: UNIVERSAL BIT STRING, but found UNIVERSAL SEQUENCE
02-20 19:01:13.765 15604 15635 I System.out: Caught a exception encoding the public key: com.android.apksig.internal.asn1.Asn1DecodingException: Failed to parse mgf.a
02-20 19:01:13.765 15604 15635 W System.err: com.android.apksig.internal.asn1.Asn1DecodingException: Failed to parse mgf.a
02-20 19:01:13.766 15604 15635 W System.err: Caused by: com.android.apksig.internal.asn1.Asn1BerParser$Asn1UnexpectedTagException: Tag mismatch. Expected: UNIVERSAL BIT STRING, but found UNIVERSAL SEQUENCE
02-20 19:01:13.805 29283 29283 D BoundBrokerSvc: onRebind: Intent { act=com.google.android.gms.common.telemetry.service.START dat=chimera-action:/... cmp=com.google.android.gms/.chimera.PersistentApiService }
02-20 19:01:13.810 29283 29283 D BoundBrokerSvc: onRebind: Intent { act=com.google.android.gms.presencemanager.service.START dat=chimera-action:/... cmp=com.google.android.gms/.chimera.PersistentApiService }
02-20 19:01:13.813 29283 29283 D BoundBrokerSvc: onRebind: Intent { act=com.google.android.gms.presencemanager.service.INTERNAL_IDENTITY dat=chimera-action:/... cmp=com.google.android.gms/.chimera.PersistentApiService }
02-20 19:01:13.828 29283 17151 I NetworkScheduler: (REDACTED) Error inserting %s
02-20 19:01:13.927  1811  1811 I ActivityManager: Killing 16471:com.android.chrome:sandboxed_process0:org.chromium.content.app.SandboxedProcessService0:0/u0a122i-9000 (adj 985): empty #18
02-20 19:01:13.949  1811  1811 E ScreenIntentReceiver: notifyChange failed
02-20 19:01:13.949   583  3533 D NxpTml  : NFCC - Error in Write.....
02-20 19:01:13.949   583  3535 D NxpHal  : write error status = 0x1ff
02-20 19:01:13.967 32178 17316 I DeviceStatusMonitor: DeviceStatusMonitor.handleBroadcast():138 onReceive() : Action = android.intent.action.SCREEN_ON
02-20 19:01:13.976 10532 10597 I eatz    : Registering for screen on/off intent ...
02-20 19:01:13.993 10532 10597 I eatz    : #logRequestHandlingNonErrorEndEvent. Reset requestIdOfFirstError, firstStartErrorCausesRetry and numOfRetriesDoneForHotwordDetectorStartErrors!
02-20 19:01:13.998  1811  1882 W ActivityManager: Scheduling restart of crashed service com.android.chrome/org.chromium.content.app.SandboxedProcessService0:0 in 1000ms for connection
02-20 19:01:14.037  2314  2518 E ProcfsParsingUtils: java.nio.file.AccessDeniedException: /sys/class/net/wlan0/mtu
02-20 19:01:14.057 29283 29283 D BoundBrokerSvc: onRebind: Intent { act=com.google.android.gms.clearcut.sampler.service.START dat=chimera-action:/... cmp=com.google.android.gms/.chimera.PersistentDirectBootAwareApiService }
02-20 19:01:14.061  1221  1289 W StreamHAL: Error from HAL stream in function set_microphone_direction: Function not implemented
02-20 19:01:14.061  1221  1289 W StreamHAL: Error from HAL stream in function set_microphone_field_dimension: Function not implemented
02-20 19:01:14.063  1811  1989 E WifiStaIfaceAidlImpl: setDtimMultiplier failed with service-specific exception: android.os.ServiceSpecificException:  (code 4)
02-20 19:01:14.069  2314  2518 E ProcfsParsingUtils: java.nio.file.AccessDeniedException: /sys/class/net/wlan0/mtu
02-20 19:01:14.070  2314  2518 E ProcfsParsingUtils: java.nio.file.AccessDeniedException: /sys/class/net/wlan0/mtu
02-20 19:01:14.073  1221 17334 E AudioMTKGainController: setAdcPga(), Error: channel[2] get mixer ctl fail, PGA3 Volume
02-20 19:01:14.086  1811  1989 E WifiStaIfaceAidlImpl: setDtimMultiplier failed with service-specific exception: android.os.ServiceSpecificException:  (code 4)
02-20 19:01:14.087  1811  1989 E WifiStaIfaceAidlImpl: setDtimMultiplier failed with service-specific exception: android.os.ServiceSpecificException:  (code 4)
02-20 19:01:14.090 29283 29442 I NullBinder: NullBinder for android.net.action.RECOMMEND_NETWORKS triggering remote TransactionTooLargeException due to Service without Chimera impl, calling uid: 1000, calling pid: 0
02-20 19:01:14.094  1221 17334 E AudioMTKGainController: setAdcPga(), Error: channel[2] get mixer ctl fail, PGA3 Volume
02-20 19:01:15.031  1811  1841 I ActivityManager: Start proc 17345:com.android.chrome:sandboxed_process0:org.chromium.content.app.SandboxedProcessService0:0/u0ai1 for  {com.android.chrome/org.chromium.content.app.SandboxedProcessService0:0}
02-20 19:01:15.054 17345 17345 I cr_SplitCompatApp: version=145.0.7632.109 (763210933) minSdkVersion=29 processName=com.android.chrome:sandboxed_process0:org.chromium.content.app.SandboxedProcessService0:0 isIsolatedProcess=true splits=chrome,config.en,dev_ui,on_demand,stack_unwinder,test_dummy
02-20 19:01:18.814 29283 29283 D BoundBrokerSvc: onUnbind: Intent { act=com.google.android.gms.common.telemetry.service.START dat=chimera-action:/... cmp=com.google.android.gms/.chimera.PersistentApiService }
02-20 19:01:23.141 29283 29283 D BoundBrokerSvc: onRebind: Intent { act=com.google.android.gms.libs.gmscorelogger.service.START dat=chimera-action:/... cmp=com.google.android.gms/.chimera.PersistentDirectBootAwareApiService }
02-20 19:01:23.805  3317  3317 D BoundBrokerSvc: onUnbind: Intent { act=com.google.android.gms.measurement.START pkg=com.google.android.gms }
02-20 19:01:24.375  1811  1811 E ScreenIntentReceiver: notifyChange failed
02-20 19:01:24.381   583  3533 D NxpTml  : NFCC - Error in Write.....
02-20 19:01:24.381   583  3535 D NxpHal  : write error status = 0x1ff
02-20 19:01:24.389 32178 17365 I DeviceStatusMonitor: DeviceStatusMonitor.handleBroadcast():138 onReceive() : Action = android.intent.action.SCREEN_OFF
02-20 19:01:24.413 10532 10604 I eatz    : Registering for screen on/off intent ...
02-20 19:01:24.423 10532 10596 I eatz    : #logRequestHandlingNonErrorEndEvent. Reset requestIdOfFirstError, firstStartErrorCausesRetry and numOfRetriesDoneForHotwordDetectorStartErrors!
02-20 19:01:24.435  2314  2518 E ProcfsParsingUtils: java.nio.file.AccessDeniedException: /sys/class/net/wlan0/mtu
02-20 19:01:24.437  1811  1989 E WifiStaIfaceAidlImpl: setDtimMultiplier failed with service-specific exception: android.os.ServiceSpecificException:  (code 4)
02-20 19:01:24.438 29283 29283 I PersonalSafety: ConnectivityProtectionLockingIntentOperation: cancelled task [CONTEXT service_id=310 ]
02-20 19:01:24.570  2194  2194 D VoiceWakeupManager: register voiceCommand fail errorid=1006 with pkgName=com.android.systemui
02-20 19:01:25.062  1811  1909 D ActivityManager: freezing 17345 com.android.chrome:sandboxed_process0:org.chromium.content.app.SandboxedProcessService0:0
02-20 19:01:28.862 29283 29283 D BoundBrokerSvc: onUnbind: Intent { act=com.google.android.gms.presencemanager.service.START dat=chimera-action:/... cmp=com.google.android.gms/.chimera.PersistentApiService }
02-20 19:01:28.865 29283 29283 D BoundBrokerSvc: onUnbind: Intent { act=com.google.android.gms.presencemanager.service.INTERNAL_IDENTITY dat=chimera-action:/... cmp=com.google.android.gms/.chimera.PersistentApiService }
02-20 19:01:29.142 29283 17146 I NetworkScheduler: (REDACTED) Error inserting %s
02-20 19:01:29.145 29283 29283 D BoundBrokerSvc: onUnbind: Intent { act=com.google.android.gms.clearcut.sampler.service.START dat=chimera-action:/... cmp=com.google.android.gms/.chimera.PersistentDirectBootAwareApiService }
02-20 19:01:30.379  3317  3317 D BoundBrokerSvc: onUnbind: Intent { act=com.google.android.gms.potokens.service.START dat=chimera-action:/... cmp=com.google.android.gms/.chimera.GmsApiService }
02-20 19:01:30.414  3317  3317 D BoundBrokerSvc: onBind: Intent { act=com.google.android.gms.measurement.START pkg=com.google.android.gms }
02-20 19:01:30.414  3317  3317 D BoundBrokerSvc: Loading bound service for intent: Intent { act=com.google.android.gms.measurement.START pkg=com.google.android.gms }
02-20 19:01:30.418  3317  3317 D BoundBrokerSvc: onRebind: Intent { act=com.google.android.gms.potokens.service.START dat=chimera-action:/... cmp=com.google.android.gms/.chimera.GmsApiService }
02-20 19:01:30.816 16382 17389 D ErrorCodeSampler: Logging error code: 17 for the sample interval 10000: false
02-20 19:01:31.024 16382 17386 D ErrorCodeSampler: Logging error code: 17 for the sample interval 10000: false
02-20 19:01:31.128 16382 17389 D ErrorCodeSampler: Logging error code: 17 for the sample interval 10000: false
02-20 19:01:40.450 29283 29283 D BoundBrokerSvc: onUnbind: Intent { act=com.google.android.gms.libs.gmscorelogger.service.START dat=chimera-action:/... cmp=com.google.android.gms/.chimera.PersistentDirectBootAwareApiService }
02-20 19:01:40.452  3317  3317 D BoundBrokerSvc: onUnbind: Intent { act=com.google.android.gms.measurement.START pkg=com.google.android.gms }
02-20 19:01:47.734  1811  1849 W BatteryExternalStatsWorker: error reading Bluetooth stats: 9
02-20 19:02:40.565 29283 29283 D BoundBrokerSvc: onRebind: Intent { act=com.google.android.gms.libs.gmscorelogger.service.START dat=chimera-action:/... cmp=com.google.android.gms/.chimera.PersistentDirectBootAwareApiService }
02-20 19:02:55.590 29283 29283 D BoundBrokerSvc: onUnbind: Intent { act=com.google.android.gms.libs.gmscorelogger.service.START dat=chimera-action:/... cmp=com.google.android.gms/.chimera.PersistentDirectBootAwareApiService }
02-20 19:03:11.809  1811  1849 W BatteryExternalStatsWorker: error reading Bluetooth stats: 9
02-20 19:04:21.050 16708 16708 D CellBroadcastReceiver: onReceive Intent { act=android.intent.action.SERVICE_STATE flg=0x1000010 cmp=com.google.android.cellbroadcastreceiver/com.android.cellbroadcastreceiver.CellBroadcastReceiver (has extras) }
02-20 19:05:21.050  1811  1849 W BatteryExternalStatsWorker: error reading Bluetooth stats: 9
02-20 19:05:38.197 16708 16708 D CellBroadcastReceiver: onReceive Intent { act=android.intent.action.SERVICE_STATE flg=0x1000010 cmp=com.google.android.cellbroadcastreceiver/com.android.cellbroadcastreceiver.CellBroadcastReceiver (has extras) }
02-20 19:06:35.455 29283 29283 D BoundBrokerSvc: onRebind: Intent { act=com.google.android.gms.common.telemetry.service.START dat=chimera-action:/... cmp=com.google.android.gms/.chimera.PersistentApiService }
02-20 19:06:40.490 29283 29283 D BoundBrokerSvc: onUnbind: Intent { act=com.google.android.gms.common.telemetry.service.START dat=chimera-action:/... cmp=com.google.android.gms/.chimera.PersistentApiService }
02-20 19:08:35.067  3317  3317 D BoundBrokerSvc: onBind: Intent { act=com.google.android.mobstore.service.START pkg=com.google.android.gms }
02-20 19:08:35.067  3317  3317 D BoundBrokerSvc: Loading bound service for intent: Intent { act=com.google.android.mobstore.service.START pkg=com.google.android.gms }
02-20 19:08:35.095 29283 29283 D BoundBrokerSvc: onRebind: Intent { act=com.google.android.gms.common.telemetry.service.START dat=chimera-action:/... cmp=com.google.android.gms/.chimera.PersistentApiService }
02-20 19:08:35.345 17469 17593 E GoogleApiManager: java.lang.SecurityException: Unknown calling package name 'com.google.android.gms'.
02-20 19:08:35.345 17469 17593 E GoogleApiManager: 	at android.os.Parcel.createExceptionOrNull(Parcel.java:3242)
02-20 19:08:35.345 17469 17593 E GoogleApiManager: 	at android.os.Parcel.createException(Parcel.java:3226)
02-20 19:08:35.345 17469 17593 E GoogleApiManager: 	at android.os.Parcel.readException(Parcel.java:3209)
02-20 19:08:35.345 17469 17593 E GoogleApiManager: 	at android.os.Parcel.readException(Parcel.java:3151)
02-20 19:08:35.345 17469 17593 W GoogleApiManager: Not showing notification since connectionResult is not user-facing: ConnectionResult{statusCode=DEVELOPER_ERROR, resolution=null, message=null, clientMethodKey=null}
02-20 19:08:35.346 17469 17592 W FlagRegistrar: gach: 17: 17: API: Phenotype.API is not available on this device. Connection failed with: ConnectionResult{statusCode=DEVELOPER_ERROR, resolution=null, message=null, clientMethodKey=null}
02-20 19:08:35.346 17469 17592 W FlagRegistrar: Caused by: bduq: 17: API: Phenotype.API is not available on this device. Connection failed with: ConnectionResult{statusCode=DEVELOPER_ERROR, resolution=null, message=null, clientMethodKey=null}
02-20 19:08:35.349  1811  1882 W ActivityManager: Scheduling restart of crashed service com.android.chrome/org.chromium.content.app.PrivilegedProcessService0 in 1000ms for connection
02-20 19:08:35.456  3317  3317 D BoundBrokerSvc: onBind: Intent { act=com.google.android.gms.wallet.service.BIND pkg=com.google.android.gms }
02-20 19:08:35.456  3317  3317 D BoundBrokerSvc: Loading bound service for intent: Intent { act=com.google.android.gms.wallet.service.BIND pkg=com.google.android.gms }
02-20 19:08:35.591  1811  3368 D ActivityManager: sync unfroze 17345 com.android.chrome:sandboxed_process0:org.chromium.content.app.SandboxedProcessService0:0 for 5
02-20 19:08:35.600  3317  3317 D BoundBrokerSvc: onUnbind: Intent { act=com.google.android.gms.chromesync.service.firstparty.START dat=chimera-action:/... cmp=com.google.android.gms/.chimera.GmsApiService }
02-20 19:08:35.602  1811  4103 I ActivityManager: Killing 17345:com.android.chrome:sandboxed_process0:org.chromium.content.app.SandboxedProcessService0:0/u0a122i-8999 (adj 0): isolated not needed
02-20 19:08:35.603 15208 15303 I birb    : #createWrappedClickIntent: Put account
02-20 19:08:35.604 15208 15302 I bikx    : Create TNG weather or weather daily forecast or weather timely reminder wrapped click intent.
02-20 19:08:35.604 15208 15302 I birb    : #createWrappedClickIntent: Put account
02-20 19:08:35.606 15208 15302 I bikx    : Create card explanation intent
02-20 19:08:35.606 15208 15302 I birb    : #createWrappedClickIntent: Account is missing
02-20 19:08:35.609 15208 15302 I bikx    : Create TNG weather or weather daily forecast or weather timely reminder wrapped click intent.
02-20 19:08:35.610 15208 15302 I birb    : #createWrappedClickIntent: Put account
02-20 19:08:35.610 15208 15302 I bikx    : Create TNG weather or weather daily forecast or weather timely reminder wrapped click intent.
02-20 19:08:35.610 15208 15302 I birb    : #createWrappedClickIntent: Put account
02-20 19:08:35.613 15208 15302 I bikx    : Create card explanation intent
02-20 19:08:35.614 15208 15302 I birb    : #createWrappedClickIntent: Account is missing
02-20 19:08:35.615 15208 15302 I bikx    : Create TNG weather or weather daily forecast or weather timely reminder wrapped click intent.
02-20 19:08:35.615 15208 15251 I bikx    : Create card explanation intent
02-20 19:08:35.615 15208 15302 I birb    : #createWrappedClickIntent: Put account
02-20 19:08:35.615 15208 15302 I bikx    : Create TNG weather or weather daily forecast or weather timely reminder wrapped click intent.
02-20 19:08:35.616 15208 15302 I birb    : #createWrappedClickIntent: Put account
02-20 19:08:35.616 15208 15251 I birb    : #createWrappedClickIntent: Account is missing
02-20 19:08:35.616 15208 15302 I bikx    : Create card explanation intent
02-20 19:08:35.616 15208 15302 I birb    : #createWrappedClickIntent: Account is missing
02-20 19:08:35.617 15208 15302 I bikx    : Create TNG weather or weather daily forecast or weather timely reminder wrapped click intent.
02-20 19:08:35.617 15208 15302 I birb    : #createWrappedClickIntent: Put account
02-20 19:08:35.618 15208 15302 I bikx    : Create TNG weather or weather daily forecast or weather timely reminder wrapped click intent.
02-20 19:08:35.618 15208 15302 I birb    : #createWrappedClickIntent: Put account
02-20 19:08:35.619 15208 15302 I bikx    : Create card explanation intent
02-20 19:08:35.619 15208 15302 I birb    : #createWrappedClickIntent: Account is missing
02-20 19:08:35.619 15208 15302 I bikx    : Create TNG weather or weather daily forecast or weather timely reminder wrapped click intent.
02-20 19:08:35.620 15208 15302 I birb    : #createWrappedClickIntent: Put account
02-20 19:08:35.620 15208 15302 I bikx    : Create TNG weather or weather daily forecast or weather timely reminder wrapped click intent.
02-20 19:08:35.620 15208 15302 I birb    : #createWrappedClickIntent: Put account
02-20 19:08:35.621 15208 15302 I bikx    : Create card explanation intent
02-20 19:08:35.621 15208 15302 I birb    : #createWrappedClickIntent: Account is missing
02-20 19:08:35.622 15208 15302 I bikx    : Create TNG weather or weather daily forecast or weather timely reminder wrapped click intent.
02-20 19:08:35.622 15208 15302 I birb    : #createWrappedClickIntent: Put account
02-20 19:08:35.622 15208 15302 I bikx    : Create TNG weather or weather daily forecast or weather timely reminder wrapped click intent.
02-20 19:08:35.622 15208 15302 I birb    : #createWrappedClickIntent: Put account
02-20 19:08:35.623 15208 15302 I bikx    : Create card explanation intent
02-20 19:08:35.623 15208 15302 I birb    : #createWrappedClickIntent: Account is missing
02-20 19:08:35.624 15208 15302 I bikx    : Create TNG weather or weather daily forecast or weather timely reminder wrapped click intent.
02-20 19:08:35.624 15208 15302 I birb    : #createWrappedClickIntent: Put account
02-20 19:08:35.624 15208 15302 I bikx    : Create TNG weather or weather daily forecast or weather timely reminder wrapped click intent.
02-20 19:08:35.624 15208 15302 I birb    : #createWrappedClickIntent: Put account
02-20 19:08:35.625 15208 15302 I bikx    : Create card explanation intent
02-20 19:08:35.625 15208 15302 I birb    : #createWrappedClickIntent: Account is missing
02-20 19:08:35.626 15208 15302 I bikx    : Create TNG weather or weather daily forecast or weather timely reminder wrapped click intent.
02-20 19:08:35.626 15208 15302 I birb    : #createWrappedClickIntent: Put account
02-20 19:08:35.627 15208 15302 I bikx    : Create TNG weather or weather daily forecast or weather timely reminder wrapped click intent.
02-20 19:08:35.627 15208 15302 I birb    : #createWrappedClickIntent: Put account
02-20 19:08:35.859 17628 17644 D nativeloader: Load /data/app/~~DTDxJyRoVrWTFe2hkg9aSg==/com.android.chrome-Y_tJBYDgI4TN7OaXPaaJ-g==/base.apk!/lib/arm64-v8a/libchromium_android_linker.so using class loader ns clns-8 (caller=/data/app/~~DTDxJyRoVrWTFe2hkg9aSg==/com.android.chrome-Y_tJBYDgI4TN7OaXPaaJ-g==/base.apk): ok
02-20 19:08:40.193 29283 29283 D BoundBrokerSvc: onUnbind: Intent { act=com.google.android.gms.common.telemetry.service.START dat=chimera-action:/... cmp=com.google.android.gms/.chimera.PersistentApiService }
02-20 19:08:44.902 29283 29283 D BoundBrokerSvc: onRebind: Intent { act=com.google.android.gms.libs.gmscorelogger.service.START dat=chimera-action:/... cmp=com.google.android.gms/.chimera.PersistentDirectBootAwareApiService }
02-20 19:08:45.356 17469 17593 E GoogleApiManager: java.lang.SecurityException: Unknown calling package name 'com.google.android.gms'.
02-20 19:08:45.356 17469 17593 E GoogleApiManager: 	at android.os.Parcel.createExceptionOrNull(Parcel.java:3242)
02-20 19:08:45.356 17469 17593 E GoogleApiManager: 	at android.os.Parcel.createException(Parcel.java:3226)
02-20 19:08:45.356 17469 17593 E GoogleApiManager: 	at android.os.Parcel.readException(Parcel.java:3209)
02-20 19:08:45.356 17469 17593 E GoogleApiManager: 	at android.os.Parcel.readException(Parcel.java:3151)
02-20 19:08:45.356 17469 17593 W GoogleApiManager: Not showing notification since connectionResult is not user-facing: ConnectionResult{statusCode=DEVELOPER_ERROR, resolution=null, message=null, clientMethodKey=null}
02-20 19:08:50.153  3317  3317 D BoundBrokerSvc: onUnbind: Intent { act=com.google.android.mobstore.service.START pkg=com.google.android.gms }
02-20 19:08:50.482  3317  3317 D BoundBrokerSvc: onUnbind: Intent { act=com.google.android.gms.wallet.service.BIND pkg=com.google.android.gms }
02-20 19:09:00.658 29283 29283 D BoundBrokerSvc: onUnbind: Intent { act=com.google.android.gms.libs.gmscorelogger.service.START dat=chimera-action:/... cmp=com.google.android.gms/.chimera.PersistentDirectBootAwareApiService }
02-20 19:09:20.993 15208 15208 D GlanceSessionManager: Closing session appWidget-4 wasOpen=false hasError=false events=[]
02-20 19:09:31.202 15208 15302 E elgs    : 	at tk_trace.Broadcast to com.google.android.libraries.search.gcm.search.SearchProcessGcmBroadcastReceiver_Receiver com.google.android.c2dm.intent.RECEIVE(Started After:0)
02-20 19:11:38.192 16708 16708 D CellBroadcastReceiver: onReceive Intent { act=android.intent.action.SERVICE_STATE flg=0x1000010 cmp=com.google.android.cellbroadcastreceiver/com.android.cellbroadcastreceiver.CellBroadcastReceiver (has extras) }
02-20 19:12:39.687  3317  3317 D BoundBrokerSvc: onRebind: Intent { act=com.google.android.gms.onboardingconsent.api.ConsentManagerApiService.START dat=chimera-action:/... cmp=com.google.android.gms/.chimera.GmsApiService }
02-20 19:12:40.675 29283 29283 D BoundBrokerSvc: onRebind: Intent { act=com.google.android.gms.libs.gmscorelogger.service.START dat=chimera-action:/... cmp=com.google.android.gms/.chimera.PersistentDirectBootAwareApiService }
02-20 19:12:44.722  3317  3317 D BoundBrokerSvc: onUnbind: Intent { act=com.google.android.gms.onboardingconsent.api.ConsentManagerApiService.START dat=chimera-action:/... cmp=com.google.android.gms/.chimera.GmsApiService }
02-20 19:12:55.380 16708 16708 D CellBroadcastReceiver: onReceive Intent { act=android.intent.action.SERVICE_STATE flg=0x1000010 cmp=com.google.android.cellbroadcastreceiver/com.android.cellbroadcastreceiver.CellBroadcastReceiver (has extras) }
02-20 19:12:55.692 29283 29283 D BoundBrokerSvc: onUnbind: Intent { act=com.google.android.gms.libs.gmscorelogger.service.START dat=chimera-action:/... cmp=com.google.android.gms/.chimera.PersistentDirectBootAwareApiService }
02-20 19:13:35.495  3317  3317 D BoundBrokerSvc: onRebind: Intent { act=com.google.android.gms.onboardingconsent.api.ConsentManagerApiService.START dat=chimera-action:/... cmp=com.google.android.gms/.chimera.GmsApiService }
02-20 19:13:35.502 29283 17691 E jcvt    : java.lang.RuntimeException: ManagedChannel allocation site
02-20 19:13:35.957 29283 29542 I cn_CronetUrlRequestContext: destroyNativeStreamLocked org.chromium.net.impl.CronetBidirectionalStream@e96409
02-20 19:13:40.537  3317  3317 D BoundBrokerSvc: onUnbind: Intent { act=com.google.android.gms.onboardingconsent.api.ConsentManagerApiService.START dat=chimera-action:/... cmp=com.google.android.gms/.chimera.GmsApiService }
02-20 19:18:55.426 16708 16708 D CellBroadcastReceiver: onReceive Intent { act=android.intent.action.SERVICE_STATE flg=0x1000010 cmp=com.google.android.cellbroadcastreceiver/com.android.cellbroadcastreceiver.CellBroadcastReceiver (has extras) }
02-20 19:20:11.064 16708 16708 D CellBroadcastReceiver: onReceive Intent { act=android.intent.action.SERVICE_STATE flg=0x1000010 cmp=com.google.android.cellbroadcastreceiver/com.android.cellbroadcastreceiver.CellBroadcastReceiver (has extras) }
02-20 19:22:39.793  3317  3317 D BoundBrokerSvc: onRebind: Intent { act=com.google.android.gms.semanticlocationhistory.zeroparty.service.START dat=chimera-action:/... cmp=com.google.android.gms/.chimera.GmsApiService }
02-20 19:22:40.779 29283 29283 D BoundBrokerSvc: onRebind: Intent { act=com.google.android.gms.libs.gmscorelogger.service.START dat=chimera-action:/... cmp=com.google.android.gms/.chimera.PersistentDirectBootAwareApiService }
02-20 19:22:54.818  3317  3317 D BoundBrokerSvc: onUnbind: Intent { act=com.google.android.gms.semanticlocationhistory.zeroparty.service.START dat=chimera-action:/... cmp=com.google.android.gms/.chimera.GmsApiService }
02-20 19:22:55.862 29283 29283 D BoundBrokerSvc: onUnbind: Intent { act=com.google.android.gms.libs.gmscorelogger.service.START dat=chimera-action:/... cmp=com.google.android.gms/.chimera.PersistentDirectBootAwareApiService }
02-20 19:23:57.520 29283 29283 D BoundBrokerSvc: onRebind: Intent { act=com.google.android.gms.common.telemetry.service.START dat=chimera-action:/... cmp=com.google.android.gms/.chimera.PersistentApiService }
02-20 19:23:57.648 13704 13945 I dtmh    : Received an intent for GNP, won't process
02-20 19:23:57.661 15208 15302 I dtmh    : Received an intent for GNP, won't process
02-20 19:23:57.669 29283 29283 D BoundBrokerSvc: onBind: Intent { act=com.google.android.gms.adid.service.UpdateAdIdReconciliationService.ACTION_TASK_READY dat=chimera-action:/... cmp=com.google.android.gms/.chimera.PersistentBoundBrokerService }
02-20 19:23:57.669 29283 29283 D BoundBrokerSvc: Loading bound service for intent: Intent { act=com.google.android.gms.adid.service.UpdateAdIdReconciliationService.ACTION_TASK_READY dat=chimera-action:/... cmp=com.google.android.gms/.chimera.PersistentBoundBrokerService }
02-20 19:23:57.686 29283 29283 D BoundBrokerSvc: onUnbind: Intent { act=com.google.android.gms.adid.service.UpdateAdIdReconciliationService.ACTION_TASK_READY dat=chimera-action:/... cmp=com.google.android.gms/.chimera.PersistentBoundBrokerService }
02-20 19:23:57.730  3317  3317 D BoundBrokerSvc: onBind: Intent { act=com.google.android.gms.adsidentity.service.AdsidentityMendelPropertyUpdateService.ACTION_TASK_READY dat=chimera-action:/... cmp=com.google.android.gms/.chimera.GmsInternalBoundBrokerService }
02-20 19:23:57.730  3317  3317 D BoundBrokerSvc: Loading bound service for intent: Intent { act=com.google.android.gms.adsidentity.service.AdsidentityMendelPropertyUpdateService.ACTION_TASK_READY dat=chimera-action:/... cmp=com.google.android.gms/.chimera.GmsInternalBoundBrokerService }
02-20 19:23:57.777  3317  3317 D BoundBrokerSvc: onUnbind: Intent { act=com.google.android.gms.adsidentity.service.AdsidentityMendelPropertyUpdateService.ACTION_TASK_READY dat=chimera-action:/... cmp=com.google.android.gms/.chimera.GmsInternalBoundBrokerService }
02-20 19:23:57.801  3317  3317 D BoundBrokerSvc: onBind: Intent { act=com.google.android.gms.security.safebrowsing.SafeBrowsingGmsTaskBoundService.ACTION_TASK_READY dat=chimera-action:/... cmp=com.google.android.gms/.chimera.GmsInternalBoundBrokerService }
02-20 19:23:57.801  3317  3317 D BoundBrokerSvc: Loading bound service for intent: Intent { act=com.google.android.gms.security.safebrowsing.SafeBrowsingGmsTaskBoundService.ACTION_TASK_READY dat=chimera-action:/... cmp=com.google.android.gms/.chimera.GmsInternalBoundBrokerService }
02-20 19:23:57.869 15208 15251 W fjgj    : java.lang.NoSuchMethodException: erjv.getScopes []
02-20 19:23:58.002  3317  3317 D BoundBrokerSvc: onUnbind: Intent { act=com.google.android.gms.security.safebrowsing.SafeBrowsingGmsTaskBoundService.ACTION_TASK_READY dat=chimera-action:/... cmp=com.google.android.gms/.chimera.GmsInternalBoundBrokerService }
02-20 19:23:58.087  3317  3317 D BoundBrokerSvc: onBind: Intent { act=com.google.android.gms.audit.service.START dat=chimera-action:/... cmp=com.google.android.gms/.chimera.GmsBoundBrokerService }
02-20 19:23:58.087  3317  3317 D BoundBrokerSvc: Loading bound service for intent: Intent { act=com.google.android.gms.audit.service.START dat=chimera-action:/... cmp=com.google.android.gms/.chimera.GmsBoundBrokerService }
02-20 19:23:58.093  3317  3317 D BoundBrokerSvc: onBind: Intent { act=com.google.android.gms.facs.internal.service.START dat=chimera-action:/... cmp=com.google.android.gms/.chimera.GmsInternalApiService }
02-20 19:23:58.093  3317  3317 D BoundBrokerSvc: Loading bound service for intent: Intent { act=com.google.android.gms.facs.internal.service.START dat=chimera-action:/... cmp=com.google.android.gms/.chimera.GmsInternalApiService }
02-20 19:23:58.620 29283 29283 D BoundBrokerSvc: onRebind: Intent { act=com.google.android.gms.presencemanager.service.START dat=chimera-action:/... cmp=com.google.android.gms/.chimera.PersistentApiService }
02-20 19:23:58.622 29283 29283 D BoundBrokerSvc: onRebind: Intent { act=com.google.android.gms.presencemanager.service.INTERNAL_IDENTITY dat=chimera-action:/... cmp=com.google.android.gms/.chimera.PersistentApiService }
02-20 19:23:59.028 29283 17762 E jcvt    : java.lang.RuntimeException: ManagedChannel allocation site
02-20 19:23:59.095 29283 17756 W Conscrypt: Could not set socket write timeout: java.net.SocketException: Socket closed
02-20 19:23:59.178 29283 17756 W Conscrypt: Could not set socket write timeout: java.net.SocketException: Socket closed
02-20 19:24:02.541 29283 29283 D BoundBrokerSvc: onUnbind: Intent { act=com.google.android.gms.common.telemetry.service.START dat=chimera-action:/... cmp=com.google.android.gms/.chimera.PersistentApiService }
02-20 19:24:07.526 29283 29283 D BoundBrokerSvc: onRebind: Intent { act=com.google.android.gms.libs.gmscorelogger.service.START dat=chimera-action:/... cmp=com.google.android.gms/.chimera.PersistentDirectBootAwareApiService }
02-20 19:24:08.748 15208 15303 E elgs    : 		at tk_trace.Suppressed exceptions exceeds the limit 10, additional unfinished spans will not be reported(Unknown Source:0)
02-20 19:24:13.106  3317  3317 D BoundBrokerSvc: onUnbind: Intent { act=com.google.android.gms.facs.internal.service.START dat=chimera-action:/... cmp=com.google.android.gms/.chimera.GmsInternalApiService }
02-20 19:24:13.113  3317  3317 D BoundBrokerSvc: onUnbind: Intent { act=com.google.android.gms.audit.service.START dat=chimera-action:/... cmp=com.google.android.gms/.chimera.GmsBoundBrokerService }
02-20 19:24:13.634 29283 29283 D BoundBrokerSvc: onUnbind: Intent { act=com.google.android.gms.presencemanager.service.START dat=chimera-action:/... cmp=com.google.android.gms/.chimera.PersistentApiService }
02-20 19:24:13.636 29283 29283 D BoundBrokerSvc: onUnbind: Intent { act=com.google.android.gms.presencemanager.service.INTERNAL_IDENTITY dat=chimera-action:/... cmp=com.google.android.gms/.chimera.PersistentApiService }
02-20 19:24:23.926 29283 29283 D BoundBrokerSvc: onUnbind: Intent { act=com.google.android.gms.libs.gmscorelogger.service.START dat=chimera-action:/... cmp=com.google.android.gms/.chimera.PersistentDirectBootAwareApiService }
02-20 19:24:24.318 13704 13965 I dtmh    : Received an intent for GNP, won't process
02-20 19:24:24.346 15208 15260 I dtmh    : Received an intent for GNP, won't process
02-20 19:24:34.296 29283 29283 D BoundBrokerSvc: onRebind: Intent { act=com.google.android.gms.libs.gmscorelogger.service.START dat=chimera-action:/... cmp=com.google.android.gms/.chimera.PersistentDirectBootAwareApiService }
02-20 19:24:49.358 29283 29283 D BoundBrokerSvc: onUnbind: Intent { act=com.google.android.gms.libs.gmscorelogger.service.START dat=chimera-action:/... cmp=com.google.android.gms/.chimera.PersistentDirectBootAwareApiService }
02-20 19:26:11.046 16708 16708 D CellBroadcastReceiver: onReceive Intent { act=android.intent.action.SERVICE_STATE flg=0x1000010 cmp=com.google.android.cellbroadcastreceiver/com.android.cellbroadcastreceiver.CellBroadcastReceiver (has extras) }
02-20 19:26:28.421 29283 29283 D BoundBrokerSvc: onRebind: Intent { act=com.google.android.gms.libs.gmscorelogger.service.START dat=chimera-action:/... cmp=com.google.android.gms/.chimera.PersistentDirectBootAwareApiService }
02-20 19:26:43.437 29283 29283 D BoundBrokerSvc: onUnbind: Intent { act=com.google.android.gms.libs.gmscorelogger.service.START dat=chimera-action:/... cmp=com.google.android.gms/.chimera.PersistentDirectBootAwareApiService }
02-20 19:27:28.247 16708 16708 D CellBroadcastReceiver: onReceive Intent { act=android.intent.action.SERVICE_STATE flg=0x1000010 cmp=com.google.android.cellbroadcastreceiver/com.android.cellbroadcastreceiver.CellBroadcastReceiver (has extras) }
02-20 19:31:30.061  3317  3317 D BoundBrokerSvc: onRebind: Intent { act=com.google.android.gms.semanticlocationhistory.service.START dat=chimera-action:/... cmp=com.google.android.gms/.chimera.GmsApiService }
02-20 19:31:30.068  3317  3317 D BoundBrokerSvc: onBind: Intent { act=com.google.android.gms.httpflags.service.PeriodicTaskGmsTaskBoundService.ACTION_TASK_READY dat=chimera-action:/... cmp=com.google.android.gms/.chimera.GmsInternalBoundBrokerService }
02-20 19:31:30.068  3317  3317 D BoundBrokerSvc: Loading bound service for intent: Intent { act=com.google.android.gms.httpflags.service.PeriodicTaskGmsTaskBoundService.ACTION_TASK_READY dat=chimera-action:/... cmp=com.google.android.gms/.chimera.GmsInternalBoundBrokerService }
02-20 19:31:30.069 29283 29283 D BoundBrokerSvc: onRebind: Intent { act=com.google.android.gms.scheduler.standalone.housekeeping.HousekeepingTrainTaskService.ACTION_TASK_READY dat=chimera-action:/... cmp=com.google.android.gms/.chimera.PersistentInternalBoundBrokerService }
02-20 19:31:30.079  3317  3317 D BoundBrokerSvc: onUnbind: Intent { act=com.google.android.gms.httpflags.service.PeriodicTaskGmsTaskBoundService.ACTION_TASK_READY dat=chimera-action:/... cmp=com.google.android.gms/.chimera.GmsInternalBoundBrokerService }
02-20 19:31:30.105  3317  3317 D BoundBrokerSvc: onBind: Intent { act=.cobalt.service.ObservationGenerationTask.ACTION_TASK_READY dat=chimera-action:/... cmp=com.google.android.gms/.chimera.GmsInternalBoundBrokerService }
02-20 19:31:30.106  3317  3317 D BoundBrokerSvc: Loading bound service for intent: Intent { act=.cobalt.service.ObservationGenerationTask.ACTION_TASK_READY dat=chimera-action:/... cmp=com.google.android.gms/.chimera.GmsInternalBoundBrokerService }
02-20 19:31:30.206  3317  3317 D BoundBrokerSvc: onUnbind: Intent { act=.cobalt.service.ObservationGenerationTask.ACTION_TASK_READY dat=chimera-action:/... cmp=com.google.android.gms/.chimera.GmsInternalBoundBrokerService }
02-20 19:31:30.494  3317 17909 I Checkin : [CheckinIntentOperation] onHandleIntent, Intent { act=com.google.android.gms.checkin.CHECKIN_START_ACTION cat=[targeted_intent_op_prefix:.checkin.CheckinIntentOperation] cmp=com.google.android.gms/.chimera.GmsIntentOperationService (has extras) }
02-20 19:31:30.504 29283 29283 D BoundBrokerSvc: onRebind: Intent { act=com.google.android.gms.common.telemetry.service.START dat=chimera-action:/... cmp=com.google.android.gms/.chimera.PersistentApiService }
02-20 19:31:30.676 29283 29283 D BoundBrokerSvc: onUnbind: Intent { act=com.google.android.gms.scheduler.standalone.housekeeping.HousekeepingTrainTaskService.ACTION_TASK_READY dat=chimera-action:/... cmp=com.google.android.gms/.chimera.PersistentInternalBoundBrokerService }
02-20 19:31:31.154  3317 17909 W Conscrypt: Could not set socket write timeout: java.net.SocketException: Socket closed
02-20 19:31:31.207  3317 17909 W Conscrypt: Could not set socket write timeout: java.net.SocketException: Socket closed
02-20 19:31:31.685  3317 17910 W ModuleInitIntentOp: Dropping unexpected action com.google.android.checkin.CHECKIN_COMPLETE
02-20 19:31:31.688  3317 17909 I AccountSeedingPrefetchI: AccountSeedingPrefetchInit intent operation started. [CONTEXT service_id=42 ]
02-20 19:31:31.731 17952 17952 I EuiccGoogle: [2] DeviceInfo.isDeviceAllowedtoUseGoogleLpaFeature: DeviceManufacturer Solana Mobile Inc.
02-20 19:31:31.738 17952 17952 I EuiccGoogle: [2] CheckinCompletedReceiver.onReceive: intent action: com.google.android.checkin.CHECKIN_COMPLETE Check-in success: true
02-20 19:31:31.738 17952 17952 I EuiccGoogle: [2] DeviceInfo.isDeviceAllowedtoUseGoogleLpaFeature: DeviceManufacturer Solana Mobile Inc.
