02-20 18:12:01.000  3317 14090 I MlBenchmarkInstaller: (REDACTED) Intent: %s
02-20 18:12:01.000  3317 14091 I MdiSyncModule: flag handling is skipping irrelevant intent.
02-20 18:12:01.001  3317 14083 W ModuleInitIntentOp: Dropping unexpected action com.google.android.gms.phenotype.COMMITTED
02-20 18:12:01.002  3317 14091 W ModuleInitIntentOp: Dropping unexpected action com.google.android.gms.phenotype.COMMITTED
02-20 18:12:01.002  3317 14091 I LocationHistory: (REDACTED) [IntentOperation] Handling action %s
02-20 18:12:01.070 29283 13950 E IPCThreadState: Binder transaction failure. id: 6710789, BR_*: 29189, error: -22 (Invalid argument)
02-20 18:12:01.070 29283 13950 D ActivityThread: Too many transaction errors, throttling freezer binder callback.
02-20 18:12:01.071 29283 13950 W FlagUpdateListenerRegis: Unable to invoke IFlagUpdateListener.onFlagUpdate. App: com.google.android.apps.maps. Process: com.google.android.apps.maps|180352562. Error: android.os.DeadObjectException. [CONTEXT service_id=51 ]
02-20 18:12:01.071 29283 13950 E IPCThreadState: Binder transaction failure. id: 6710799, BR_*: 29189, error: -22 (Invalid argument)
02-20 18:12:01.071 29283 13950 D ActivityThread: Too many transaction errors, throttling freezer binder callback.
02-20 18:12:01.071 29283 13950 W FlagUpdateListenerRegis: Unable to invoke IFlagUpdateListener.onFlagUpdate. App: com.google.android.apps.wellbeing. Process: com.google.android.apps.wellbeing|133682997. Error: android.os.DeadObjectException. [CONTEXT service_id=51 ]
02-20 18:12:01.071 29283 13950 E IPCThreadState: Binder transaction failure. id: 6710803, BR_*: 29189, error: -22 (Invalid argument)
02-20 18:12:01.071 29283 13950 D ActivityThread: Too many transaction errors, throttling freezer binder callback.
02-20 18:12:01.071 29283 13950 W FlagUpdateListenerRegis: Unable to invoke IFlagUpdateListener.onFlagUpdate. App: com.google.android.apps.wellbeing. Process: com.google.android.apps.wellbeing|16385344. Error: android.os.DeadObjectException. [CONTEXT service_id=51 ]
02-20 18:12:01.071 29283 13950 E IPCThreadState: Binder transaction failure. id: 6710806, BR_*: 29189, error: -22 (Invalid argument)
02-20 18:12:01.071 29283 13950 D ActivityThread: Too many transaction errors, throttling freezer binder callback.
02-20 18:12:01.071 29283 13950 W FlagUpdateListenerRegis: Unable to invoke IFlagUpdateListener.onFlagUpdate. App: com.google.android.apps.youtube.music. Process: com.google.android.apps.youtube.music|264412886. Error: android.os.DeadObjectException. [CONTEXT service_id=51 ]
02-20 18:12:01.071 29283 13950 E IPCThreadState: Binder transaction failure. id: 6710808, BR_*: 29189, error: -22 (Invalid argument)
02-20 18:12:01.071 29283 13950 D ActivityThread: Too many transaction errors, throttling freezer binder callback.
02-20 18:12:01.071 29283 13950 W FlagUpdateListenerRegis: Unable to invoke IFlagUpdateListener.onFlagUpdate. App: com.google.android.apps.youtube.music. Process: com.google.android.apps.youtube.music|147492305. Error: android.os.DeadObjectException. [CONTEXT service_id=51 ]
02-20 18:12:01.071 29283 13950 E IPCThreadState: Binder transaction failure. id: 6710814, BR_*: 29189, error: -22 (Invalid argument)
02-20 18:12:01.071 29283 13950 D ActivityThread: Too many transaction errors, throttling freezer binder callback.
02-20 18:12:01.071 29283 13950 W FlagUpdateListenerRegis: Unable to invoke IFlagUpdateListener.onFlagUpdate. App: com.google.android.apps.youtube.music. Process: com.google.android.apps.youtube.music|209119027. Error: android.os.DeadObjectException. [CONTEXT service_id=51 ]
02-20 18:12:01.072 29283 13950 E IPCThreadState: Binder transaction failure. id: 6710818, BR_*: 29189, error: -22 (Invalid argument)
02-20 18:12:01.072 29283 13950 D ActivityThread: Too many transaction errors, throttling freezer binder callback.
02-20 18:12:01.072 29283 13950 W FlagUpdateListenerRegis: Unable to invoke IFlagUpdateListener.onFlagUpdate. App: com.google.android.apps.youtube.music. Process: com.google.android.apps.youtube.music|124698349. Error: android.os.DeadObjectException. [CONTEXT service_id=51 ]
02-20 18:12:01.072 29283 13950 E IPCThreadState: Binder transaction failure. id: 6710825, BR_*: 29189, error: -22 (Invalid argument)
02-20 18:12:01.072 29283 13950 D ActivityThread: Too many transaction errors, throttling freezer binder callback.
02-20 18:12:01.072 29283 13950 W FlagUpdateListenerRegis: Unable to invoke IFlagUpdateListener.onFlagUpdate. App: com.google.android.setupwizard. Process: com.google.android.setupwizard|28863821. Error: android.os.DeadObjectException. [CONTEXT service_id=51 ]
02-20 18:12:01.076 29283 13950 E IPCThreadState: Binder transaction failure. id: 6710889, BR_*: 29189, error: -22 (Invalid argument)
02-20 18:12:01.076 29283 13950 D ActivityThread: Too many transaction errors, throttling freezer binder callback.
02-20 18:12:01.077 29283 13950 W FlagUpdateListenerRegis: Unable to invoke IFlagUpdateListener.onFlagUpdate. App: com.google.android.googlequicksearchbox. Process: com.google.android.googlequicksearchbox:search|181925211. Error: android.os.DeadObjectException. [CONTEXT service_id=51 ]
02-20 18:12:01.077 29283 13950 E IPCThreadState: Binder transaction failure. id: 6710909, BR_*: 29189, error: -22 (Invalid argument)
02-20 18:12:01.077 29283 13950 D ActivityThread: Too many transaction errors, throttling freezer binder callback.
02-20 18:12:01.077 29283 13950 W FlagUpdateListenerRegis: Unable to invoke IFlagUpdateListener.onFlagUpdate. App: com.google.android.videos. Process: com.google.android.videos|139653306. Error: android.os.DeadObjectException. [CONTEXT service_id=51 ]
02-20 18:12:01.077 29283 13950 E IPCThreadState: Binder transaction failure. id: 6710916, BR_*: 29189, error: -22 (Invalid argument)
02-20 18:12:01.077 29283 13950 D ActivityThread: Too many transaction errors, throttling freezer binder callback.
02-20 18:12:01.077 29283 13950 W FlagUpdateListenerRegis: Unable to invoke IFlagUpdateListener.onFlagUpdate. App: com.google.android.videos. Process: com.google.android.videos|69520175. Error: android.os.DeadObjectException. [CONTEXT service_id=51 ]
02-20 18:12:01.077 29283 13950 E IPCThreadState: Binder transaction failure. id: 6710922, BR_*: 29189, error: -22 (Invalid argument)
02-20 18:12:01.077 29283 13950 D ActivityThread: Too many transaction errors, throttling freezer binder callback.
02-20 18:12:01.078 29283 13950 W FlagUpdateListenerRegis: Unable to invoke IFlagUpdateListener.onFlagUpdate. App: com.google.android.contacts. Process: com.google.android.contacts|27274225. Error: android.os.DeadObjectException. [CONTEXT service_id=51 ]
02-20 18:12:01.078 29283 13950 E IPCThreadState: Binder transaction failure. id: 6710927, BR_*: 29189, error: -22 (Invalid argument)
02-20 18:12:01.078 29283 13950 D ActivityThread: Too many transaction errors, throttling freezer binder callback.
02-20 18:12:01.078 29283 13950 W FlagUpdateListenerRegis: Unable to invoke IFlagUpdateListener.onFlagUpdate. App: com.google.android.play.games. Process: com.google.android.play.games|190887784. Error: android.os.DeadObjectException. [CONTEXT service_id=51 ]
02-20 18:12:01.078 29283 13950 E IPCThreadState: Binder transaction failure. id: 6710930, BR_*: 29189, error: -22 (Invalid argument)
02-20 18:12:01.078 29283 13950 D ActivityThread: Too many transaction errors, throttling freezer binder callback.
02-20 18:12:01.078 29283 13950 W FlagUpdateListenerRegis: Unable to invoke IFlagUpdateListener.onFlagUpdate. App: com.google.android.play.games. Process: com.google.android.play.games|214690882. Error: android.os.DeadObjectException. [CONTEXT service_id=51 ]
02-20 18:12:01.078 29283 13950 E IPCThreadState: Binder transaction failure. id: 6710933, BR_*: 29189, error: -22 (Invalid argument)
02-20 18:12:01.078 29283 13950 D ActivityThread: Too many transaction errors, throttling freezer binder callback.
02-20 18:12:01.078 29283 13950 W FlagUpdateListenerRegis: Unable to invoke IFlagUpdateListener.onFlagUpdate. App: com.google.android.apps.restore. Process: com.google.android.apps.restore|212390161. Error: android.os.DeadObjectException. [CONTEXT service_id=51 ]
02-20 18:12:01.078 29283 13950 E IPCThreadState: Binder transaction failure. id: 6710939, BR_*: 29189, error: -22 (Invalid argument)
02-20 18:12:01.078 29283 13950 D ActivityThread: Too many transaction errors, throttling freezer binder callback.
02-20 18:12:01.078 29283 13950 W FlagUpdateListenerRegis: Unable to invoke IFlagUpdateListener.onFlagUpdate. App: com.google.android.apps.walletnfcrel. Process: com.google.android.apps.walletnfcrel|40726096. Error: android.os.DeadObjectException. [CONTEXT service_id=51 ]
02-20 18:12:01.078 29283 13950 E IPCThreadState: Binder transaction failure. id: 6710940, BR_*: 29189, error: -22 (Invalid argument)
02-20 18:12:01.078 29283 13950 D ActivityThread: Too many transaction errors, throttling freezer binder callback.
02-20 18:12:01.078 29283 13950 W FlagUpdateListenerRegis: Unable to invoke IFlagUpdateListener.onFlagUpdate. App: com.google.android.apps.walletnfcrel. Process: com.google.android.apps.walletnfcrel|33220231. Error: android.os.DeadObjectException. [CONTEXT service_id=51 ]
02-20 18:12:01.078 29283 13950 E IPCThreadState: Binder transaction failure. id: 6710944, BR_*: 29189, error: -22 (Invalid argument)
02-20 18:12:01.078 29283 13950 D ActivityThread: Too many transaction errors, throttling freezer binder callback.
02-20 18:12:01.078 29283 13950 W FlagUpdateListenerRegis: Unable to invoke IFlagUpdateListener.onFlagUpdate. App: com.google.android.euicc. Process: com.google.android.euicc|24077727. Error: android.os.DeadObjectException. [CONTEXT service_id=51 ]
02-20 18:12:01.078 29283 13950 E IPCThreadState: Binder transaction failure. id: 6710947, BR_*: 29189, error: -22 (Invalid argument)
02-20 18:12:01.078 29283 13950 D ActivityThread: Too many transaction errors, throttling freezer binder callback.
02-20 18:12:01.079 29283 13950 W FlagUpdateListenerRegis: Unable to invoke IFlagUpdateListener.onFlagUpdate. App: com.google.android.euicc. Process: com.google.android.euicc|90105580. Error: android.os.DeadObjectException. [CONTEXT service_id=51 ]
02-20 18:12:01.079 29283 13950 E IPCThreadState: Binder transaction failure. id: 6710951, BR_*: 29189, error: -22 (Invalid argument)
02-20 18:12:01.079 29283 13950 D ActivityThread: Too many transaction errors, throttling freezer binder callback.
02-20 18:12:01.079 29283 13950 W FlagUpdateListenerRegis: Unable to invoke IFlagUpdateListener.onFlagUpdate. App: com.google.android.apps.photos. Process: com.google.android.apps.photos|235020520. Error: android.os.DeadObjectException. [CONTEXT service_id=51 ]
02-20 18:12:01.079 29283 13950 E IPCThreadState: Binder transaction failure. id: 6710953, BR_*: 29189, error: -22 (Invalid argument)
02-20 18:12:01.079 29283 13950 D ActivityThread: Too many transaction errors, throttling freezer binder callback.
02-20 18:12:01.079 29283 13950 W FlagUpdateListenerRegis: Unable to invoke IFlagUpdateListener.onFlagUpdate. App: com.google.android.dialer. Process: com.google.android.dialer|256015049. Error: android.os.DeadObjectException. [CONTEXT service_id=51 ]
02-20 18:12:01.079 29283 13950 E IPCThreadState: Binder transaction failure. id: 6710955, BR_*: 29189, error: -22 (Invalid argument)
02-20 18:12:01.079 29283 13950 D ActivityThread: Too many transaction errors, throttling freezer binder callback.
02-20 18:12:01.079 29283 13950 W FlagUpdateListenerRegis: Unable to invoke IFlagUpdateListener.onFlagUpdate. App: com.google.android.gm. Process: com.google.android.gm|138395797. Error: android.os.DeadObjectException. [CONTEXT service_id=51 ]
02-20 18:12:01.079 29283 13950 E IPCThreadState: Binder transaction failure. id: 6710960, BR_*: 29189, error: -22 (Invalid argument)
02-20 18:12:01.079 29283 13950 D ActivityThread: Too many transaction errors, throttling freezer binder callback.
02-20 18:12:01.079 29283 13950 W FlagUpdateListenerRegis: Unable to invoke IFlagUpdateListener.onFlagUpdate. App: com.google.android.gm. Process: com.google.android.gm|45935435. Error: android.os.DeadObjectException. [CONTEXT service_id=51 ]
02-20 18:12:01.079 29283 13950 E IPCThreadState: Binder transaction failure. id: 6710962, BR_*: 29189, error: -22 (Invalid argument)
02-20 18:12:01.079 29283 13950 D ActivityThread: Too many transaction errors, throttling freezer binder callback.
02-20 18:12:01.079 29283 13950 W FlagUpdateListenerRegis: Unable to invoke IFlagUpdateListener.onFlagUpdate. App: com.google.android.gm. Process: com.google.android.gm|136689051. Error: android.os.DeadObjectException. [CONTEXT service_id=51 ]
02-20 18:12:01.079 29283 13950 E IPCThreadState: Binder transaction failure. id: 6710965, BR_*: 29189, error: -22 (Invalid argument)
02-20 18:12:01.079 29283 13950 D ActivityThread: Too many transaction errors, throttling freezer binder callback.
02-20 18:12:01.079 29283 13950 W FlagUpdateListenerRegis: Unable to invoke IFlagUpdateListener.onFlagUpdate. App: com.google.android.apps.safetyhub. Process: com.google.android.apps.safetyhub|118903141. Error: android.os.DeadObjectException. [CONTEXT service_id=51 ]
02-20 18:12:01.080 29283 13950 E IPCThreadState: Binder transaction failure. id: 6710967, BR_*: 29189, error: -22 (Invalid argument)
02-20 18:12:01.080 29283 13950 D ActivityThread: Too many transaction errors, throttling freezer binder callback.
02-20 18:12:01.080 29283 13950 W FlagUpdateListenerRegis: Unable to invoke IFlagUpdateListener.onFlagUpdate. App: com.google.android.apps.docs. Process: com.google.android.apps.docs|221083843. Error: android.os.DeadObjectException. [CONTEXT service_id=51 ]
02-20 18:12:01.080 29283 13950 E IPCThreadState: Binder transaction failure. id: 6710969, BR_*: 29189, error: -22 (Invalid argument)
02-20 18:12:01.080 29283 13950 D ActivityThread: Too many transaction errors, throttling freezer binder callback.
02-20 18:12:01.080 29283 13950 W FlagUpdateListenerRegis: Unable to invoke IFlagUpdateListener.onFlagUpdate. App: com.google.android.contactkeys. Process: com.google.android.contactkeys|98121179. Error: android.os.DeadObjectException. [CONTEXT service_id=51 ]
02-20 18:12:01.083 29283 13950 E IPCThreadState: Binder transaction failure. id: 6711021, BR_*: 29189, error: -22 (Invalid argument)
02-20 18:12:01.083 29283 13950 D ActivityThread: Too many transaction errors, throttling freezer binder callback.
02-20 18:12:01.083 29283 13950 W FlagUpdateListenerRegis: Unable to invoke IFlagUpdateListener.onFlagUpdate. App: com.google.android.inputmethod.latin. Process: com.google.android.inputmethod.latin:train|125951492. Error: android.os.DeadObjectException. [CONTEXT service_id=51 ]
02-20 18:12:01.084 29283 13950 E IPCThreadState: Binder transaction failure. id: 6711030, BR_*: 29189, error: -22 (Invalid argument)
02-20 18:12:01.084 29283 13950 D ActivityThread: Too many transaction errors, throttling freezer binder callback.
02-20 18:12:01.084 29283 13950 W FlagUpdateListenerRegis: Unable to invoke IFlagUpdateListener.onFlagUpdate. App: com.google.android.inputmethod.latin. Process: com.google.android.inputmethod.latin:train|21611132. Error: android.os.DeadObjectException. [CONTEXT service_id=51 ]
02-20 18:12:01.084 29283 13950 E IPCThreadState: Binder transaction failure. id: 6711032, BR_*: 29189, error: -22 (Invalid argument)
02-20 18:12:01.084 29283 13950 D ActivityThread: Too many transaction errors, throttling freezer binder callback.
02-20 18:12:01.084 29283 13950 W FlagUpdateListenerRegis: Unable to invoke IFlagUpdateListener.onFlagUpdate. App: com.google.android.youtube. Process: com.google.android.youtube|255798646. Error: android.os.DeadObjectException. [CONTEXT service_id=51 ]
02-20 18:12:01.084 29283 13950 E IPCThreadState: Binder transaction failure. id: 6711033, BR_*: 29189, error: -22 (Invalid argument)
02-20 18:12:01.084 29283 13950 D ActivityThread: Too many transaction errors, throttling freezer binder callback.
02-20 18:12:01.084 29283 13950 W FlagUpdateListenerRegis: Unable to invoke IFlagUpdateListener.onFlagUpdate. App: com.google.android.youtube. Process: com.google.android.youtube|192884506. Error: android.os.DeadObjectException. [CONTEXT service_id=51 ]
02-20 18:12:01.085 29283 13950 E IPCThreadState: Binder transaction failure. id: 6711036, BR_*: 29189, error: -22 (Invalid argument)
02-20 18:12:01.085 29283 13950 D ActivityThread: Too many transaction errors, throttling freezer binder callback.
02-20 18:12:01.085 29283 13950 W FlagUpdateListenerRegis: Unable to invoke IFlagUpdateListener.onFlagUpdate. App: com.google.android.calendar. Process: com.google.android.calendar|224219048. Error: android.os.DeadObjectException. [CONTEXT service_id=51 ]
02-20 18:12:01.085 29283 13950 E IPCThreadState: Binder transaction failure. id: 6711040, BR_*: 29189, error: -22 (Invalid argument)
02-20 18:12:01.085 29283 13950 D ActivityThread: Too many transaction errors, throttling freezer binder callback.
02-20 18:12:01.085 29283 13950 W FlagUpdateListenerRegis: Unable to invoke IFlagUpdateListener.onFlagUpdate. App: com.google.android.calendar. Process: com.google.android.calendar|250538833. Error: android.os.DeadObjectException. [CONTEXT service_id=51 ]
02-20 18:12:01.085 29283 13950 E IPCThreadState: Binder transaction failure. id: 6711044, BR_*: 29189, error: -22 (Invalid argument)
02-20 18:12:01.085 29283 13950 D ActivityThread: Too many transaction errors, throttling freezer binder callback.
02-20 18:12:01.085 29283 13950 W FlagUpdateListenerRegis: Unable to invoke IFlagUpdateListener.onFlagUpdate. App: com.google.android.calendar. Process: com.google.android.calendar|239523960. Error: android.os.DeadObjectException. [CONTEXT service_id=51 ]
02-20 18:12:01.102  3317  3317 D BoundBrokerSvc: onBind: Intent { act=com.google.android.gms.constellation.service.START pkg=com.google.android.gms }
02-20 18:12:01.102  3317  3317 D BoundBrokerSvc: Loading bound service for intent: Intent { act=com.google.android.gms.constellation.service.START pkg=com.google.android.gms }
02-20 18:12:01.114 14141 14203 D HttpFlagsLoader: Successfully loaded HTTP flags: # android.net.connectivity.org.chromium.net.httpflags.Flags@7c6039c0
02-20 18:12:01.114 14141 14203 D HttpFlagsLoader:   key: "ChromiumBaseFeature_OverrideConnectionOptions"
02-20 18:12:01.114 14141 14203 D HttpFlagsLoader:   key: "ChromiumBaseFeature_OverrideClientConnectionOptions_PARAM_ForceOff"
02-20 18:12:01.114 14141 14203 D HttpFlagsLoader:   key: "ChromiumBaseFeature_kQuicRegisterConnectionClosePayloadV2"
02-20 18:12:01.114 14141 14203 D HttpFlagsLoader:   key: "ChromiumBaseFeature_OverrideConnectionOptions_PARAM_ForceOff"
02-20 18:12:01.114 14141 14203 D HttpFlagsLoader:   key: "ChromiumBaseFeature_OverrideClientConnectionOptions"
02-20 18:12:01.114 14141 14203 D HttpFlagsLoader:   key: "ChromiumBaseFeature_OverrideClientConnectionOptions_PARAM_ForceOn"
02-20 18:12:01.128 14141 14206 W chromium: [0220/181201.128048:WARNING:external/cronet/stable/net/dns/dns_config_service_android.cc:69] Failed to read DnsConfig.
02-20 18:12:01.204  3317  3317 D BoundBrokerSvc: onBind: Intent { act=com.google.android.mobstore.service.START pkg=com.google.android.gms }
02-20 18:12:01.204  3317  3317 D BoundBrokerSvc: Loading bound service for intent: Intent { act=com.google.android.mobstore.service.START pkg=com.google.android.gms }
02-20 18:12:01.208  3317  3317 D BoundBrokerSvc: onBind: Intent { act=com.google.android.gms.mdisync.service.START dat=chimera-action:/... cmp=com.google.android.gms/.chimera.GmsApiService }
02-20 18:12:01.208  3317  3317 D BoundBrokerSvc: Loading bound service for intent: Intent { act=com.google.android.gms.mdisync.service.START dat=chimera-action:/... cmp=com.google.android.gms/.chimera.GmsApiService }
02-20 18:12:01.326  3317  3317 D BoundBrokerSvc: onBind: Intent { act=com.google.android.gms.auth.api.phone.service.SmsRetrieverApiService.START pkg=com.google.android.gms }
02-20 18:12:01.326  3317  3317 D BoundBrokerSvc: Loading bound service for intent: Intent { act=com.google.android.gms.auth.api.phone.service.SmsRetrieverApiService.START pkg=com.google.android.gms }
02-20 18:12:01.358  3317  3317 D BoundBrokerSvc: onBind: Intent { act=com.google.android.gms.measurement.START pkg=com.google.android.gms }
02-20 18:12:01.358  3317  3317 D BoundBrokerSvc: Loading bound service for intent: Intent { act=com.google.android.gms.measurement.START pkg=com.google.android.gms }
02-20 18:12:01.363 14252 14297 W chromium: [0220/181201.362540:WARNING:net/dns/dns_config_service_android.cc:69] Failed to read DnsConfig.
02-20 18:12:01.499  3317  3317 D BoundBrokerSvc: onBind: Intent { act=com.google.android.gms.potokens.service.START dat=chimera-action:/... cmp=com.google.android.gms/.chimera.GmsApiService }
02-20 18:12:01.499  3317  3317 D BoundBrokerSvc: Loading bound service for intent: Intent { act=com.google.android.gms.potokens.service.START dat=chimera-action:/... cmp=com.google.android.gms/.chimera.GmsApiService }
02-20 18:12:01.601 14393 14393 W AxMediaRouter: Ignoring attempt to select selected route: MediaRouter.RouteInfo{ uniqueId=DEFAULT_ROUTE, name=Phone, description=null, iconUri=null, enabled=true, isSystemRoute=true, connectionState=0, canDisconnect=false, playbackType=0, playbackStream=3, deviceType=0, volumeHandling=1, volume=0, volumeMax=15, presentationDisplayId=-1, extras=null, settingsIntent=null, providerPackageName=android }
02-20 18:12:01.700  3317  3317 D BoundBrokerSvc: onBind: Intent { act=com.google.android.gms.people.contactssync.service.START pkg=com.google.android.gms }
02-20 18:12:01.700  3317  3317 D BoundBrokerSvc: Loading bound service for intent: Intent { act=com.google.android.gms.people.contactssync.service.START pkg=com.google.android.gms }
02-20 18:12:01.819 29283 29283 D BoundBrokerSvc: onBind: Intent { act=com.google.android.gms.instantapps.START pkg=com.google.android.gms }
02-20 18:12:01.819 29283 29283 D BoundBrokerSvc: Loading bound service for intent: Intent { act=com.google.android.gms.instantapps.START pkg=com.google.android.gms }
02-20 18:12:01.827 14515 14542 W ServiceBindIntentUtils: Dynamic lookup for intent failed for action: com.google.android.play.games.service.START_1P
02-20 18:12:02.108 14141 14207 I cn_CronetUrlRequestContext: destroyNativeStreamLocked android.net.connectivity.org.chromium.net.impl.CronetBidirectionalStream@d5e728b
02-20 18:12:02.109 29283 29283 D BoundBrokerSvc: onRebind: Intent { act=com.google.android.gms.libs.gmscorelogger.service.START dat=chimera-action:/... cmp=com.google.android.gms/.chimera.PersistentDirectBootAwareApiService }
02-20 18:12:02.185  3317  3317 D BoundBrokerSvc: onBind: Intent { act=com.google.android.gms.pay.service.BIND dat=chimera-action:/... cmp=com.google.android.gms/.chimera.GmsApiService }
02-20 18:12:02.185  3317  3317 D BoundBrokerSvc: Loading bound service for intent: Intent { act=com.google.android.gms.pay.service.BIND dat=chimera-action:/... cmp=com.google.android.gms/.chimera.GmsApiService }
02-20 18:12:02.219 14641 14641 I EuiccGoogle: [2] DeviceInfo.isDeviceAllowedtoUseGoogleLpaFeature: DeviceManufacturer Solana Mobile Inc.
02-20 18:12:02.225 14641 14641 I EuiccGoogle: [2] PhenotypeUpdatedReceiver.onReceive: Intent action: com.google.android.gms.phenotype.UPDATE packageName: com.google.android.gms.esim#com.google.android.euicc
02-20 18:12:02.792 14809 14860 E DocsApplication: java.lang.IllegalStateException
02-20 18:12:03.016 14809 14926 E GoogleApiManager: java.lang.SecurityException: Unknown calling package name 'com.google.android.gms'.
02-20 18:12:03.016 14809 14926 E GoogleApiManager: 	at android.os.Parcel.createExceptionOrNull(Parcel.java:3242)
02-20 18:12:03.016 14809 14926 E GoogleApiManager: 	at android.os.Parcel.createException(Parcel.java:3226)
02-20 18:12:03.016 14809 14926 E GoogleApiManager: 	at android.os.Parcel.readException(Parcel.java:3209)
02-20 18:12:03.016 14809 14926 E GoogleApiManager: 	at android.os.Parcel.readException(Parcel.java:3151)
02-20 18:12:03.016 14809 14926 W GoogleApiManager: Not showing notification since connectionResult is not user-facing: ConnectionResult{statusCode=DEVELOPER_ERROR, resolution=null, message=null, clientMethodKey=null}
02-20 18:12:03.019 14809 14923 W FlagRegistrar: gach: 17: 17: API: Phenotype.API is not available on this device. Connection failed with: ConnectionResult{statusCode=DEVELOPER_ERROR, resolution=null, message=null, clientMethodKey=null}
02-20 18:12:03.019 14809 14923 W FlagRegistrar: Caused by: bduq: 17: API: Phenotype.API is not available on this device. Connection failed with: ConnectionResult{statusCode=DEVELOPER_ERROR, resolution=null, message=null, clientMethodKey=null}
02-20 18:12:03.061 14745 14957 E GoogleApiManager: java.lang.SecurityException: Unknown calling package name 'com.google.android.gms'.
02-20 18:12:03.061 14745 14957 E GoogleApiManager: 	at android.os.Parcel.createExceptionOrNull(Parcel.java:3242)
02-20 18:12:03.061 14745 14957 E GoogleApiManager: 	at android.os.Parcel.createException(Parcel.java:3226)
02-20 18:12:03.061 14745 14957 E GoogleApiManager: 	at android.os.Parcel.readException(Parcel.java:3209)
02-20 18:12:03.061 14745 14957 E GoogleApiManager: 	at android.os.Parcel.readException(Parcel.java:3151)
02-20 18:12:03.061 14745 14957 W GoogleApiManager: Not showing notification since connectionResult is not user-facing: ConnectionResult{statusCode=DEVELOPER_ERROR, resolution=null, message=null, clientMethodKey=null}
02-20 18:12:03.063 14745 14953 W FlagRegistrar: gach: 17: 17: API: Phenotype.API is not available on this device. Connection failed with: ConnectionResult{statusCode=DEVELOPER_ERROR, resolution=null, message=null, clientMethodKey=null}
02-20 18:12:03.063 14745 14953 W FlagRegistrar: Caused by: bduq: 17: API: Phenotype.API is not available on this device. Connection failed with: ConnectionResult{statusCode=DEVELOPER_ERROR, resolution=null, message=null, clientMethodKey=null}
02-20 18:12:03.162  3317  3317 D BoundBrokerSvc: onBind: Intent { act=com.google.android.gms.inappreach.service.START dat=chimera-action:/... cmp=com.google.android.gms/.chimera.GmsApiService }
02-20 18:12:03.162  3317  3317 D BoundBrokerSvc: Loading bound service for intent: Intent { act=com.google.android.gms.inappreach.service.START dat=chimera-action:/... cmp=com.google.android.gms/.chimera.GmsApiService }
02-20 18:12:03.166  3317  3317 D BoundBrokerSvc: onBind: Intent { act=com.google.android.gms.auth.blockstore.service.START dat=chimera-action:/... cmp=com.google.android.gms/.chimera.GmsApiService }
02-20 18:12:03.167  3317  3317 D BoundBrokerSvc: Loading bound service for intent: Intent { act=com.google.android.gms.auth.blockstore.service.START dat=chimera-action:/... cmp=com.google.android.gms/.chimera.GmsApiService }
02-20 18:12:03.799  1811  2034 D ShortcutService: received package broadcast intent: Intent { act=android.intent.action.PACKAGE_CHANGED dat=package: flg=0x45000010 (has extras) }
02-20 18:12:03.823  1811  2034 E ShortcutService: Ignoring excessive intent tag.
02-20 18:12:03.868  7807  7823 W PackageManager: android.content.res.Resources$NotFoundException: String resource ID #0x7f130759
02-20 18:12:03.918 15103 15103 E FeatureFlagsImplExport: android.os.flagging.AconfigStorageReadException: ERROR_PACKAGE_NOT_FOUND: package com.android.permission.flags cannot be found on the device
02-20 18:12:03.923 15103 15103 E FeatureFlagsImplExport: android.os.flagging.AconfigStorageReadException: ERROR_PACKAGE_NOT_FOUND: package android.permission.flags cannot be found on the device
02-20 18:12:03.923 15103 15103 E FeatureFlagsImplExport: android.os.flagging.AconfigStorageReadException: ERROR_PACKAGE_NOT_FOUND: package android.companion cannot be found on the device
02-20 18:12:03.923 15103 15103 E FeatureFlagsImplExport: android.os.flagging.AconfigStorageReadException: ERROR_PACKAGE_NOT_FOUND: package android.content.pm cannot be found on the device
02-20 18:12:03.924 15103 15103 E FeatureFlagsImplExport: android.os.flagging.AconfigStorageReadException: ERROR_PACKAGE_NOT_FOUND: package android.companion.virtualdevice.flags cannot be found on the device
02-20 18:12:03.931 15103 15103 E FeatureFlagsImplExport: android.os.flagging.AconfigStorageReadException: ERROR_PACKAGE_NOT_FOUND: package android.xr cannot be found on the device
02-20 18:12:07.840 14809 15042 V NativeCrypto: Read error: ssl=0xb400007b0d91eb58: I/O error during system call, Software caused connection abort
02-20 18:12:07.841 14809 15042 V NativeCrypto: Write error: ssl=0xb400007b0d91eb58: I/O error during system call, Broken pipe
02-20 18:12:07.842 14809 15042 V NativeCrypto: Write error: ssl=0xb400007b0d91eb58: I/O error during system call, Broken pipe
02-20 18:12:07.844 14809 15042 V NativeCrypto: SSL shutdown failed: ssl=0xb400007b0d91eb58: I/O error during system call, Success
02-20 18:12:08.164 29283 29283 D BoundBrokerSvc: onUnbind: Intent { act=com.google.android.gms.common.telemetry.service.START dat=chimera-action:/... cmp=com.google.android.gms/.chimera.PersistentApiService }
02-20 18:12:10.975  1811  1839 W ActivityManager: pid 1811 system sent binder code 2 with flags 1 to frozen apps and got error -32
02-20 18:12:11.093 15169 15197 I BugleRcs: android.content.pm.PackageManager$NameNotFoundException: com.google.android.ims
02-20 18:12:11.110  1811  1839 W ActivityManager: pid 1811 system sent binder code 2 with flags 1 to frozen apps and got error -32
02-20 18:12:11.111  1811  1839 D ActivityManager: Too many transaction errors, throttling freezer binder callback.
02-20 18:12:11.127  1811  1839 W ActivityManager: pid 1811 system sent binder code 2 with flags 1 to frozen apps and got error -32
02-20 18:12:11.127  1811  1839 D ActivityManager: Too many transaction errors, throttling freezer binder callback.
02-20 18:12:11.127  1811  1839 W ActivityManager: pid 1811 system sent binder code 2 with flags 1 to frozen apps and got error -32
02-20 18:12:11.127  1811  1839 D ActivityManager: Too many transaction errors, throttling freezer binder callback.
02-20 18:12:11.132  1811  1839 W ActivityManager: pid 1811 system sent binder code 2 with flags 1 to frozen apps and got error -32
02-20 18:12:11.132  1811  1839 D ActivityManager: Too many transaction errors, throttling freezer binder callback.
02-20 18:12:11.139  1811  1839 W ActivityManager: pid 1811 system sent binder code 2 with flags 1 to frozen apps and got error -32
02-20 18:12:11.140  1811  1839 D ActivityManager: Too many transaction errors, throttling freezer binder callback.
02-20 18:12:11.145  1811  1839 W ActivityManager: pid 1811 system sent binder code 2 with flags 1 to frozen apps and got error -32
02-20 18:12:11.145  1811  1839 D ActivityManager: Too many transaction errors, throttling freezer binder callback.
02-20 18:12:11.152  1811  1839 W ActivityManager: pid 1811 system sent binder code 2 with flags 1 to frozen apps and got error -32
02-20 18:12:11.152  1811  1839 D ActivityManager: Too many transaction errors, throttling freezer binder callback.
02-20 18:12:11.156  1811  1839 W ActivityManager: pid 1811 system sent binder code 2 with flags 1 to frozen apps and got error -32
02-20 18:12:11.156  1811  1839 D ActivityManager: Too many transaction errors, throttling freezer binder callback.
02-20 18:12:11.165  1811  1839 W ActivityManager: pid 1811 system sent binder code 2 with flags 1 to frozen apps and got error -32
02-20 18:12:11.165  1811  1839 D ActivityManager: Too many transaction errors, throttling freezer binder callback.
02-20 18:12:11.171  1811  1839 W ActivityManager: pid 1811 system sent binder code 2 with flags 1 to frozen apps and got error -32
02-20 18:12:11.171  1811  1839 D ActivityManager: Too many transaction errors, throttling freezer binder callback.
02-20 18:12:11.179  1811  1839 W ActivityManager: pid 1811 system sent binder code 2 with flags 1 to frozen apps and got error -32
02-20 18:12:11.179  1811  1839 D ActivityManager: Too many transaction errors, throttling freezer binder callback.
02-20 18:12:11.392  1811  5646 I ActivityManager: Background started FGS: Allowed [callingPackage: com.google.android.apps.messaging; callingUid: 10111; uidState: BFGS; uidBFSL: [BFSL]; intent: Intent { cmp=com.google.android.apps.messaging/com.google.apps.tiktok.concurrent.InternalForegroundService (has extras) }; code:PROC_STATE_BFGS; tempAllowListReason:<null>; targetSdkVersion:36; callerTargetSdkVersion:36; startForegroundCount:0; bindFromPackage:null: isBindService:false]
02-20 18:12:11.407 29283 29283 D BoundBrokerSvc: onRebind: Intent { act=com.google.android.gms.common.telemetry.service.START dat=chimera-action:/... cmp=com.google.android.gms/.chimera.PersistentApiService }
02-20 18:12:12.986  3317  3317 D BoundBrokerSvc: onUnbind: Intent { act=com.google.android.gms.people.contactssync.service.START pkg=com.google.android.gms }
02-20 18:12:12.992 14809 14926 E GoogleApiManager: java.lang.SecurityException: Unknown calling package name 'com.google.android.gms'.
02-20 18:12:12.992 14809 14926 E GoogleApiManager: 	at android.os.Parcel.createExceptionOrNull(Parcel.java:3242)
02-20 18:12:12.992 14809 14926 E GoogleApiManager: 	at android.os.Parcel.createException(Parcel.java:3226)
02-20 18:12:12.992 14809 14926 E GoogleApiManager: 	at android.os.Parcel.readException(Parcel.java:3209)
02-20 18:12:12.992 14809 14926 E GoogleApiManager: 	at android.os.Parcel.readException(Parcel.java:3151)
02-20 18:12:12.992 14809 14926 W GoogleApiManager: Not showing notification since connectionResult is not user-facing: ConnectionResult{statusCode=DEVELOPER_ERROR, resolution=null, message=null, clientMethodKey=null}
02-20 18:12:14.027 29283 29283 D BoundBrokerSvc: onUnbind: Intent { act=com.google.android.gms.instantapps.START pkg=com.google.android.gms }
02-20 18:12:14.297 32178 12919 W brella.TrainingJob: Training ended with error (hasRetryWindow=true). 
02-20 18:12:15.321  3317  3317 D BoundBrokerSvc: onUnbind: Intent { act=com.google.android.gms.measurement.START pkg=com.google.android.gms }
02-20 18:12:15.643  3317  3317 D BoundBrokerSvc: onUnbind: Intent { act=com.google.android.gms.semanticlocationhistory.service.START dat=chimera-action:/... cmp=com.google.android.gms/.chimera.GmsApiService }
02-20 18:12:16.333  3317  3317 D BoundBrokerSvc: onUnbind: Intent { act=com.google.android.gms.auth.api.phone.service.SmsRetrieverApiService.START pkg=com.google.android.gms }
02-20 18:12:17.310 29283 29283 D BoundBrokerSvc: onUnbind: Intent { act=com.google.android.gms.common.telemetry.service.START dat=chimera-action:/... cmp=com.google.android.gms/.chimera.PersistentApiService }
02-20 18:12:18.019 29283 29283 D BoundBrokerSvc: onRebind: Intent { act=com.google.android.gms.time.trustedtime.service.START dat=chimera-action:/... cmp=com.google.android.gms/.chimera.PersistentApiService }
02-20 18:12:18.034 29283 29283 D BoundBrokerSvc: onBind: Intent { act=com.google.android.gms.time.trustedtime.singleuserapi.service.START dat=chimera-action:/... cmp=com.google.android.gms/.chimera.PersistentSingleUserInternalApiService }
02-20 18:12:18.035 29283 29283 D BoundBrokerSvc: Loading bound service for intent: Intent { act=com.google.android.gms.time.trustedtime.singleuserapi.service.START dat=chimera-action:/... cmp=com.google.android.gms/.chimera.PersistentSingleUserInternalApiService }
02-20 18:12:18.052 29283 29283 D BoundBrokerSvc: onRebind: Intent { act=com.google.android.gms.common.telemetry.service.START dat=chimera-action:/... cmp=com.google.android.gms/.chimera.PersistentApiService }
02-20 18:12:20.887  1811  1839 W ActivityManager: pid 1811 system sent binder code 2 with flags 1 to frozen apps and got error -32
02-20 18:12:20.887  1811  1839 D ActivityManager: Too many transaction errors, throttling freezer binder callback.
02-20 18:12:26.478  3317  3317 D BoundBrokerSvc: onUnbind: Intent { act=com.google.android.gms.constellation.service.START pkg=com.google.android.gms }
02-20 18:12:28.273 29283 29283 D BoundBrokerSvc: onUnbind: Intent { act=com.google.android.gms.libs.gmscorelogger.service.START dat=chimera-action:/... cmp=com.google.android.gms/.chimera.PersistentDirectBootAwareApiService }
02-20 18:12:31.037  3317  3317 D BoundBrokerSvc: onUnbind: Intent { act=com.google.android.gms.pay.service.BIND dat=chimera-action:/... cmp=com.google.android.gms/.chimera.GmsApiService }
02-20 18:12:33.092 29283 29283 D BoundBrokerSvc: onUnbind: Intent { act=com.google.android.gms.time.trustedtime.singleuserapi.service.START dat=chimera-action:/... cmp=com.google.android.gms/.chimera.PersistentSingleUserInternalApiService }
02-20 18:12:39.068  3317  3317 D BoundBrokerSvc: onBind: Intent { act=com.google.android.gms.onboardingconsent.api.ConsentManagerApiService.START dat=chimera-action:/... cmp=com.google.android.gms/.chimera.GmsApiService }
02-20 18:12:39.068  3317  3317 D BoundBrokerSvc: Loading bound service for intent: Intent { act=com.google.android.gms.onboardingconsent.api.ConsentManagerApiService.START dat=chimera-action:/... cmp=com.google.android.gms/.chimera.GmsApiService }
02-20 18:12:40.054 29283 29283 D BoundBrokerSvc: onRebind: Intent { act=com.google.android.gms.libs.gmscorelogger.service.START dat=chimera-action:/... cmp=com.google.android.gms/.chimera.PersistentDirectBootAwareApiService }
02-20 18:12:40.907  3317  3317 D BoundBrokerSvc: onBind: Intent { act=com.google.android.gms.facs.internal.service.START dat=chimera-action:/... cmp=com.google.android.gms/.chimera.GmsInternalApiService }
02-20 18:12:40.908  3317  3317 D BoundBrokerSvc: Loading bound service for intent: Intent { act=com.google.android.gms.facs.internal.service.START dat=chimera-action:/... cmp=com.google.android.gms/.chimera.GmsInternalApiService }
02-20 18:12:41.323 29283 15406 W Conscrypt: Could not set socket write timeout: java.net.SocketException: Socket closed
02-20 18:12:41.388 29283 15406 W Conscrypt: Could not set socket write timeout: java.net.SocketException: Socket closed
02-20 18:12:44.092  3317  3317 D BoundBrokerSvc: onUnbind: Intent { act=com.google.android.gms.onboardingconsent.api.ConsentManagerApiService.START dat=chimera-action:/... cmp=com.google.android.gms/.chimera.GmsApiService }
02-20 18:12:55.085 29283 29283 D BoundBrokerSvc: onUnbind: Intent { act=com.google.android.gms.libs.gmscorelogger.service.START dat=chimera-action:/... cmp=com.google.android.gms/.chimera.PersistentDirectBootAwareApiService }
02-20 18:12:55.927  3317  3317 D BoundBrokerSvc: onUnbind: Intent { act=com.google.android.gms.facs.internal.service.START dat=chimera-action:/... cmp=com.google.android.gms/.chimera.GmsInternalApiService }
02-20 18:13:00.511  3317  3317 D BoundBrokerSvc: onUnbind: Intent { act=com.google.android.gms.common.BIND_SHARED_PREFS pkg=com.google.android.gms }
02-20 18:13:28.269 15419 15419 D CellBroadcastReceiver: onReceive Intent { act=android.intent.action.SERVICE_STATE flg=0x1000010 cmp=com.google.android.cellbroadcastreceiver/com.android.cellbroadcastreceiver.CellBroadcastReceiver (has extras) }
02-20 18:13:28.384  3317  3317 D BoundBrokerSvc: onUnbind: Intent { act=com.google.android.gms.mdisync.service.START dat=chimera-action:/... cmp=com.google.android.gms/.chimera.GmsApiService }
02-20 18:13:35.484  3317  3317 D BoundBrokerSvc: onRebind: Intent { act=com.google.android.gms.onboardingconsent.api.ConsentManagerApiService.START dat=chimera-action:/... cmp=com.google.android.gms/.chimera.GmsApiService }
02-20 18:13:35.508 29283 15436 E jcvt    : java.lang.RuntimeException: ManagedChannel allocation site
02-20 18:13:35.854 29283 29542 I cn_CronetUrlRequestContext: destroyNativeStreamLocked org.chromium.net.impl.CronetBidirectionalStream@f6aae2d
02-20 18:13:40.525  3317  3317 D BoundBrokerSvc: onUnbind: Intent { act=com.google.android.gms.onboardingconsent.api.ConsentManagerApiService.START dat=chimera-action:/... cmp=com.google.android.gms/.chimera.GmsApiService }
02-20 18:14:44.163 15419 15419 D CellBroadcastReceiver: onReceive Intent { act=android.intent.action.SERVICE_STATE flg=0x1000010 cmp=com.google.android.cellbroadcastreceiver/com.android.cellbroadcastreceiver.CellBroadcastReceiver (has extras) }
02-20 18:18:00.243  3317  3317 D BoundBrokerSvc: onBind: Intent { act=com.google.android.gms.auth.service.START pkg=com.google.android.gms }
02-20 18:18:00.243  3317  3317 D BoundBrokerSvc: Loading bound service for intent: Intent { act=com.google.android.gms.auth.service.START pkg=com.google.android.gms }
02-20 18:18:00.287 29283 15468 E jcvt    : java.lang.RuntimeException: ManagedChannel allocation site
02-20 18:18:00.965 29283 29542 I cn_CronetUrlRequestContext: destroyNativeStreamLocked org.chromium.net.impl.CronetBidirectionalStream@fa9beb8
02-20 18:18:15.326  3317  3317 D BoundBrokerSvc: onUnbind: Intent { act=com.google.android.gms.auth.service.START pkg=com.google.android.gms }
02-20 18:20:44.057 15419 15419 D CellBroadcastReceiver: onReceive Intent { act=android.intent.action.SERVICE_STATE flg=0x1000010 cmp=com.google.android.cellbroadcastreceiver/com.android.cellbroadcastreceiver.CellBroadcastReceiver (has extras) }
02-20 18:21:59.068 15419 15419 D CellBroadcastReceiver: onReceive Intent { act=android.intent.action.SERVICE_STATE flg=0x1000010 cmp=com.google.android.cellbroadcastreceiver/com.android.cellbroadcastreceiver.CellBroadcastReceiver (has extras) }
02-20 18:22:00.930  1811  2296 D ActivityManager: getProcessesInErrorState callingUid=10216, CallingPid=15488
02-20 18:22:01.000  3317  3317 D BoundBrokerSvc: onBind: Intent { act=com.google.android.gms.measurement.START pkg=com.google.android.gms }
02-20 18:22:01.000  3317  3317 D BoundBrokerSvc: Loading bound service for intent: Intent { act=com.google.android.gms.measurement.START pkg=com.google.android.gms }
02-20 18:22:01.471 13704 14419 I cn_CronetUrlRequestContext: destroyNativeStreamLocked org.chromium.net.impl.CronetBidirectionalStream@f515e50
02-20 18:22:01.572 15604 15622 I Finsky  : [151] ahww - Registering in memory receiver for android.intent.action.PACKAGE_ADDED and android.intent.action.PACKAGE_REMOVED
02-20 18:22:01.628 15604 15633 I Finsky  : [162] SettingNotFoundException, fall through to G.downloadBytesOverMobileMaximum
02-20 18:22:01.629 15604 15633 I Finsky  : [162] SettingNotFoundException, fall through to G.downloadBytesOverMobileRecommended
02-20 18:22:01.798 13704 14419 I cn_CronetUrlRequestContext: destroyNativeStreamLocked org.chromium.net.impl.CronetBidirectionalStream@6224ff3
02-20 18:22:02.067 32178 15673 W brella.TrainingJob: java.lang.InterruptedException
02-20 18:22:02.068 32178 32188 W brella.TrainingJob: Training ended with error (hasRetryWindow=false). 
02-20 18:22:02.172 32178 32188 W brella.TrainingJob: Training ended with error (hasRetryWindow=true). 
02-20 18:22:02.574 29283 29283 D BoundBrokerSvc: onRebind: Intent { act=com.google.android.gms.play.integrity.api.service.IntegrityApiDisplayListenerApiService.START dat=chimera-action:/... cmp=com.google.android.gms/.chimera.PersistentApiServiceNoInstantApps }
02-20 18:22:05.825  3317  3317 D BoundBrokerSvc: onUnbind: Intent { act=com.google.android.mobstore.service.START pkg=com.google.android.gms }
02-20 18:22:11.036  3317  3317 D BoundBrokerSvc: onUnbind: Intent { act=com.google.android.gms.measurement.START pkg=com.google.android.gms }
02-20 18:22:11.810 15707 15707 I Finsky:background: [2] ahwm - Registering in memory receiver for android.intent.action.PACKAGE_ADDED and android.intent.action.PACKAGE_REMOVED
02-20 18:22:11.829 15707 15736 I Finsky:background: [159] SettingNotFoundException, fall through to G.downloadBytesOverMobileMaximum
02-20 18:22:11.831 15707 15736 I Finsky:background: [159] SettingNotFoundException, fall through to G.downloadBytesOverMobileRecommended
02-20 18:22:11.872 15604 15654 I cn_CronetUrlRequestContext: destroyNativeStreamLocked android.net.connectivity.org.chromium.net.impl.CronetBidirectionalStream@25ee14
02-20 18:22:40.159 29283 29283 D BoundBrokerSvc: onRebind: Intent { act=com.google.android.gms.libs.gmscorelogger.service.START dat=chimera-action:/... cmp=com.google.android.gms/.chimera.PersistentDirectBootAwareApiService }
02-20 18:22:55.181 29283 29283 D BoundBrokerSvc: onUnbind: Intent { act=com.google.android.gms.libs.gmscorelogger.service.START dat=chimera-action:/... cmp=com.google.android.gms/.chimera.PersistentDirectBootAwareApiService }
02-20 18:23:00.937 29283 29283 D BoundBrokerSvc: onRebind: Intent { act=com.google.android.gms.clearcut.sampler.service.START dat=chimera-action:/... cmp=com.google.android.gms/.chimera.PersistentDirectBootAwareApiService }
02-20 18:23:15.967 29283 29283 D BoundBrokerSvc: onUnbind: Intent { act=com.google.android.gms.clearcut.sampler.service.START dat=chimera-action:/... cmp=com.google.android.gms/.chimera.PersistentDirectBootAwareApiService }
02-20 18:27:59.002 15419 15419 D CellBroadcastReceiver: onReceive Intent { act=android.intent.action.SERVICE_STATE flg=0x1000010 cmp=com.google.android.cellbroadcastreceiver/com.android.cellbroadcastreceiver.CellBroadcastReceiver (has extras) }
02-20 18:29:15.272 15419 15419 D CellBroadcastReceiver: onReceive Intent { act=android.intent.action.SERVICE_STATE flg=0x1000010 cmp=com.google.android.cellbroadcastreceiver/com.android.cellbroadcastreceiver.CellBroadcastReceiver (has extras) }
02-20 18:32:21.262  3317  3317 D BoundBrokerSvc: onBind: Intent { act=com.google.android.gms.ocr.service.ModelCleanUpTaskService.ACTION_TASK_READY dat=chimera-action:/... cmp=com.google.android.gms/.chimera.GmsInternalBoundBrokerService }
02-20 18:32:21.262  3317  3317 D BoundBrokerSvc: Loading bound service for intent: Intent { act=com.google.android.gms.ocr.service.ModelCleanUpTaskService.ACTION_TASK_READY dat=chimera-action:/... cmp=com.google.android.gms/.chimera.GmsInternalBoundBrokerService }
02-20 18:32:21.271  3317 13646 W Bundle  : Attempt to cast generated internal exception:
02-20 18:32:21.271  3317 13646 W Bundle  : java.lang.ClassCastException: java.lang.Integer cannot be cast to int[]
02-20 18:32:21.343 29283 29283 D BoundBrokerSvc: onUnbind: Intent { act=com.google.android.gms.auth.aang.events.services.START dat=chimera-action:/... cmp=com.google.android.gms/.chimera.PersistentApiService }
02-20 18:32:21.348  1811  1841 I ActivityManager: Start proc 15860:com.google.android.gms:snet/u0a115 for service {com.google.android.gms/com.google.android.gms.chimera.SnetIntentOperationService}
02-20 18:32:21.416 32178 15855 W brella.TrainingJob: java.lang.InterruptedException
02-20 18:32:21.419 32178 29276 W brella.TrainingJob: Training ended with error (hasRetryWindow=false). 
02-20 18:32:21.455 29283 29283 D BoundBrokerSvc: onRebind: Intent { act=com.google.android.contextmanager.service.ContextManagerLogsUploadBoundService.ACTION_TASK_READY dat=chimera-action:/... cmp=com.google.android.gms/.chimera.PersistentInternalBoundBrokerService }
02-20 18:32:21.459 29283 29283 D BoundBrokerSvc: onUnbind: Intent { act=com.google.android.contextmanager.service.ContextManagerLogsUploadBoundService.ACTION_TASK_READY dat=chimera-action:/... cmp=com.google.android.gms/.chimera.PersistentInternalBoundBrokerService }
02-20 18:32:21.475  3317  3317 D BoundBrokerSvc: onUnbind: Intent { act=com.google.android.gms.ocr.service.ModelCleanUpTaskService.ACTION_TASK_READY dat=chimera-action:/... cmp=com.google.android.gms/.chimera.GmsInternalBoundBrokerService }
02-20 18:32:21.502 15862 15933 W chromium: [0220/183221.502654:WARNING:net/dns/dns_config_service_android.cc:69] Failed to read DnsConfig.
02-20 18:32:21.509  3317  3317 D BoundBrokerSvc: onBind: Intent { act=com.google.android.gms.measurement.START pkg=com.google.android.gms }
02-20 18:32:21.509  3317  3317 D BoundBrokerSvc: Loading bound service for intent: Intent { act=com.google.android.gms.measurement.START pkg=com.google.android.gms }
02-20 18:32:21.569  3317  3317 I AdvertisingIdClient: getting error as 17: API: ClientTelemetry.API is not available on this device. Connection failed with: ConnectionResult{statusCode=API_DISABLED_FOR_CONNECTION, resolution=null, message=null, clientMethodKey=null}
02-20 18:32:21.712 29283 29283 D BoundBrokerSvc: onRebind: Intent { act=com.google.android.gms.auth.aang.events.services.START dat=chimera-action:/... cmp=com.google.android.gms/.chimera.PersistentApiService }
02-20 18:32:22.043 32178 12922 W brella.TrainingJob: Training ended with error (hasRetryWindow=true). 
02-20 18:32:28.372  3317  3317 D BoundBrokerSvc: onUnbind: Intent { act=com.google.android.gms.auth.blockstore.service.START dat=chimera-action:/... cmp=com.google.android.gms/.chimera.GmsApiService }
02-20 18:32:28.374  3317  3317 D BoundBrokerSvc: onUnbind: Intent { act=com.google.android.gms.inappreach.service.START dat=chimera-action:/... cmp=com.google.android.gms/.chimera.GmsApiService }
02-20 18:32:28.699 29283 29283 D BoundBrokerSvc: onUnbind: Intent { act=com.google.android.gms.common.telemetry.service.START dat=chimera-action:/... cmp=com.google.android.gms/.chimera.PersistentApiService }
02-20 18:32:28.704 29283 29283 D BoundBrokerSvc: onUnbind: Intent { act=com.google.android.gms.time.trustedtime.service.START dat=chimera-action:/... cmp=com.google.android.gms/.chimera.PersistentApiService }
02-20 18:32:31.236 29283 29283 D BoundBrokerSvc: onRebind: Intent { act=com.google.android.gms.libs.gmscorelogger.service.START dat=chimera-action:/... cmp=com.google.android.gms/.chimera.PersistentDirectBootAwareApiService }
02-20 18:32:31.710  3317  3317 D BoundBrokerSvc: onUnbind: Intent { act=com.google.android.gms.measurement.START pkg=com.google.android.gms }
02-20 18:32:39.259  3317  3317 D BoundBrokerSvc: onRebind: Intent { act=com.google.android.gms.onboardingconsent.api.ConsentManagerApiService.START dat=chimera-action:/... cmp=com.google.android.gms/.chimera.GmsApiService }
