02-20 17:13:35.479  3317  3317 D BoundBrokerSvc: onRebind: Intent { act=com.google.android.gms.onboardingconsent.api.ConsentManagerApiService.START dat=chimera-action:/... cmp=com.google.android.gms/.chimera.GmsApiService }
02-20 17:13:35.856 29283 29542 I cn_CronetUrlRequestContext: destroyNativeStreamLocked org.chromium.net.impl.CronetBidirectionalStream@543ce11
02-20 17:13:40.506  3317  3317 D BoundBrokerSvc: onUnbind: Intent { act=com.google.android.gms.onboardingconsent.api.ConsentManagerApiService.START dat=chimera-action:/... cmp=com.google.android.gms/.chimera.GmsApiService }
02-20 17:13:45.725 11690 11690 W Capacitor/Console: File: https://validator-solana-intelligence.vercel.app/_next/static/chunks/871b92e97bf0e59a.js - Line 1 - Msg: Error fetching daily data TypeError: Failed to fetch
02-20 17:15:07.587  9671  9671 D CellBroadcastReceiver: onReceive Intent { act=android.intent.action.SERVICE_STATE flg=0x1000010 cmp=com.google.android.cellbroadcastreceiver/com.android.cellbroadcastreceiver.CellBroadcastReceiver (has extras) }
02-20 17:16:25.958  9671  9671 D CellBroadcastReceiver: onReceive Intent { act=android.intent.action.SERVICE_STATE flg=0x1000010 cmp=com.google.android.cellbroadcastreceiver/com.android.cellbroadcastreceiver.CellBroadcastReceiver (has extras) }
02-20 17:17:00.060  3317  3317 D BoundBrokerSvc: onUnbind: Intent { act=com.google.android.gms.potokens.service.START dat=chimera-action:/... cmp=com.google.android.gms/.chimera.GmsApiService }
02-20 17:17:00.069 29283 29283 D BoundBrokerSvc: onUnbind: Intent { act=com.google.android.gms.auth.aang.events.services.START dat=chimera-action:/... cmp=com.google.android.gms/.chimera.PersistentApiService }
02-20 17:17:00.152 29283 29283 D BoundBrokerSvc: onRebind: Intent { act=com.google.android.gms.auth.aang.events.services.START dat=chimera-action:/... cmp=com.google.android.gms/.chimera.PersistentApiService }
02-20 17:17:00.254  5236  5261 W fjgj    : java.lang.NoSuchMethodException: erjv.getScopes []
02-20 17:19:33.492  1811  1811 W ProcessStats: Tracking association SourceState{b576ee6 app.validator.intelligence/10228 Top #74734} whose proc state 1 is better than process ProcessState{f07b793 com.google.android.webview:sandboxed_process0:org.chromium.content.app.SandboxedProcessService0:0/10228 pkg=app.validator.intelligence} proc state 2 (5 skipped)
02-20 17:19:33.517  1811  1811 E ScreenIntentReceiver: notifyChange failed
02-20 17:19:33.519   583  3533 D NxpTml  : NFCC - Error in Write.....
02-20 17:19:33.519   583  3535 D NxpHal  : write error status = 0x1ff
02-20 17:19:33.537 32178 11917 I DeviceStatusMonitor: DeviceStatusMonitor.handleBroadcast():138 onReceive() : Action = android.intent.action.SCREEN_ON
02-20 17:19:33.544  2314  2518 E ProcfsParsingUtils: java.nio.file.AccessDeniedException: /sys/class/net/wlan0/mtu
02-20 17:19:33.548 10532 10596 I eatz    : Registering for screen on/off intent ...
02-20 17:19:33.559  1811  1989 E WifiStaIfaceAidlImpl: setDtimMultiplier failed with service-specific exception: android.os.ServiceSpecificException:  (code 4)
02-20 17:19:33.566 10532 10597 I eatz    : #logRequestHandlingNonErrorEndEvent. Reset requestIdOfFirstError, firstStartErrorCausesRetry and numOfRetriesDoneForHotwordDetectorStartErrors!
02-20 17:19:33.568 29283 29439 I NullBinder: NullBinder for android.net.action.RECOMMEND_NETWORKS triggering remote TransactionTooLargeException due to Service without Chimera impl, calling uid: 1000, calling pid: 0
02-20 17:19:33.577  2314  2518 E ProcfsParsingUtils: java.nio.file.AccessDeniedException: /sys/class/net/wlan0/mtu
02-20 17:19:33.578  1811  1989 E WifiStaIfaceAidlImpl: setDtimMultiplier failed with service-specific exception: android.os.ServiceSpecificException:  (code 4)
02-20 17:19:33.579  2314  2518 E ProcfsParsingUtils: java.nio.file.AccessDeniedException: /sys/class/net/wlan0/mtu
02-20 17:19:33.580  1811  1989 E WifiStaIfaceAidlImpl: setDtimMultiplier failed with service-specific exception: android.os.ServiceSpecificException:  (code 4)
02-20 17:19:33.614  1221  2620 W StreamHAL: Error from HAL stream in function set_microphone_direction: Function not implemented
02-20 17:19:33.614  1221  1289 W StreamHAL: Error from HAL stream in function set_microphone_field_dimension: Function not implemented
02-20 17:19:33.618  1221 11932 E AudioMTKGainController: setAdcPga(), Error: channel[2] get mixer ctl fail, PGA3 Volume
02-20 17:19:33.635  1221 11932 E AudioMTKGainController: setAdcPga(), Error: channel[2] get mixer ctl fail, PGA3 Volume
02-20 17:19:33.869 11690 11690 D Capacitor: App restarted
02-20 17:19:33.870 11690 11690 D Capacitor: App started
02-20 17:19:33.871 11690 11690 D Capacitor/AppPlugin: Firing change: true
02-20 17:19:33.871 11690 11690 V Capacitor/AppPlugin: Notifying listeners for event appStateChange
02-20 17:19:33.871 11690 11690 D Capacitor/AppPlugin: No listeners found for event appStateChange
02-20 17:19:33.871 11690 11690 V Capacitor/AppPlugin: Notifying listeners for event resume
02-20 17:19:33.871 11690 11690 D Capacitor/AppPlugin: No listeners found for event resume
02-20 17:19:33.874 11690 11690 D Capacitor: App resumed
02-20 17:19:33.890  1811  1828 V WindowManager:     startWCT=WindowContainerTransaction { changes = {} hops = [] errorCallbackToken=null taskFragmentOrganizer=null }
02-20 17:19:33.894  1811  1831 D ActivityManager: sync unfroze 30959 com.android.chrome:sandboxed_process0:org.chromium.content.app.SandboxedProcessService0:6 for 9
02-20 17:19:34.208  1811  1811 E ScreenIntentReceiver: notifyChange failed
02-20 17:19:34.744 29283 11953 I NearbyMediums: ModuleInitializer handles incoming intent android.intent.action.USER_PRESENT
02-20 17:19:34.755  3317  3317 D BoundBrokerSvc: onBind: Intent { act=com.google.android.gms.pay.service.BIND dat=chimera-action:/... cmp=com.google.android.gms/.chimera.GmsApiService }
02-20 17:19:34.756  3317  3317 D BoundBrokerSvc: Loading bound service for intent: Intent { act=com.google.android.gms.pay.service.BIND dat=chimera-action:/... cmp=com.google.android.gms/.chimera.GmsApiService }
02-20 17:19:34.765  3317 11959 I PersonalSafety: ConnectivityProtectionLockingIntentOperation: cancelled task [CONTEXT service_id=310 ]
02-20 17:19:34.792   570  4691 E keystore2: system/security/keystore2/src/error.rs:171 - system/security/keystore2/src/security_level.rs:317
02-20 17:19:34.792   570  4691 E keystore2:     1: Error::Km(r#KEY_USER_NOT_AUTHENTICATED)
02-20 17:19:35.174  2194  2250 V WindowManagerShell: Directly starting a new transition type=3 wct=WindowContainerTransaction { changes = {} hops = [{PendingIntent: options=Bundle[mParcelledData.dataSize=412]}] errorCallbackToken=null taskFragmentOrganizer=null } handler=com.android.wm.shell.recents.RecentsTransitionHandler@5b37e9d
02-20 17:19:35.198  7807  7807 I TopTaskTracker: onTaskMovedToFront: (moved taskInfo to front) taskId=645, baseIntent=Intent { act=android.intent.action.MAIN cat=[android.intent.category.HOME] flg=0x10000100 cmp=com.android.launcher3/com.android.searchlauncher.SearchLauncher }
02-20 17:19:35.237  1811  1828 V WindowManager:     startWCT=WindowContainerTransaction { changes = {} hops = [{PendingIntent: options=Bundle[{android.activity.splashScreenStyle=-1, android.activity.sourceInfo=android.app.ActivityOptions$SourceInfo@7776d4d, android:activity.animAbortListener=null, android.activity.transientLaunch=true}]}] errorCallbackToken=null taskFragmentOrganizer=null }
02-20 17:19:35.742 29283 29283 D BoundBrokerSvc: onRebind: Intent { act=com.google.android.gms.libs.gmscorelogger.service.START dat=chimera-action:/... cmp=com.google.android.gms/.chimera.PersistentDirectBootAwareApiService }
02-20 17:19:35.875  3317  3317 D BoundBrokerSvc: onBind: Intent { act=com.google.android.gms.inappreach.service.START dat=chimera-action:/... cmp=com.google.android.gms/.chimera.GmsApiService }
02-20 17:19:35.875  3317  3317 D BoundBrokerSvc: Loading bound service for intent: Intent { act=com.google.android.gms.inappreach.service.START dat=chimera-action:/... cmp=com.google.android.gms/.chimera.GmsApiService }
02-20 17:19:36.373 11690 11690 V Capacitor/AppPlugin: Notifying listeners for event pause
02-20 17:19:36.373 11690 11690 D Capacitor/AppPlugin: No listeners found for event pause
02-20 17:19:36.387 11690 11690 D Capacitor: App paused
02-20 17:19:36.405 11690 11690 D Capacitor/AppPlugin: Firing change: false
02-20 17:19:36.405 11690 11690 V Capacitor/AppPlugin: Notifying listeners for event appStateChange
02-20 17:19:36.405 11690 11690 D Capacitor/AppPlugin: No listeners found for event appStateChange
02-20 17:19:36.405 11690 11690 D Capacitor: App stopped
02-20 17:19:36.409 11690 11690 D Capacitor: Saving instance state!
02-20 17:19:36.451 11690 11690 D Capacitor: App destroyed
02-20 17:19:36.501  1811  1831 I ActivityManager: Killing 11720:com.google.android.webview:sandboxed_process0:org.chromium.content.app.SandboxedProcessService0:0/u0a228i93 (adj 905): remove task
02-20 17:19:36.556  1811  3368 W ActivityManager: Scheduling restart of crashed service app.validator.intelligence/org.chromium.content.app.SandboxedProcessService0:0 in 1000ms for connection
02-20 17:19:40.788  1811  2299 I ActivityTaskManager: START u0 {act=android.intent.action.MAIN cat=[android.intent.category.LAUNCHER] flg=0x10200000 cmp=app.validator.intelligence/.MainActivity bnds=[900,2146][1200,2506]} with LAUNCH_SINGLE_TASK from uid 10153 (BAL_ALLOW_VISIBLE_WINDOW) result code=0
02-20 17:19:40.789  2194  2250 V WindowManagerShell: Transition requested (#298): android.os.BinderProxy@9f09e54 TransitionRequestInfo { type = OPEN, triggerTask = TaskInfo{userId=0 taskId=722 displayId=0 isRunning=true baseIntent=Intent { act=android.intent.action.MAIN cat=[android.intent.category.LAUNCHER] flg=0x10200000 cmp=app.validator.intelligence/.MainActivity } baseActivity=ComponentInfo{app.validator.intelligence/app.validator.intelligence.MainActivity} topActivity=ComponentInfo{app.validator.intelligence/app.validator.intelligence.MainActivity} origActivity=null realActivity=ComponentInfo{app.validator.intelligence/app.validator.intelligence.MainActivity} numActivities=1 lastActiveTime=181355110 supportsMultiWindow=true resizeMode=1 isResizeable=true minWidth=-1 minHeight=-1 defaultMinSize=220 token=WCT{android.window.IWindowContainerToken$Stub$Proxy@4a931fd} topActivityType=1 pictureInPictureParams=null shouldDockBigOverlays=false launchIntoPipHostTaskId=-1 lastParentTaskIdBeforePip=-1 displayCutoutSafeInsets=Rect(0, 78 - 0, 0) topActivityInfo=ActivityInfo{ff38ef2 app.validator.intelligence.MainActivity} launchCookies=[android.os.BinderProxy@16dc943] positionInParent=Point(0, 0) parentTaskId=-1 isFocused=false isVisible=false isVisibleRequested=false isSleeping=false locusId=null displayAreaFeatureId=1 isTopActivityTransparent=false appCompatTaskInfo=AppCompatTaskInfo { topActivityInSizeCompat=false topActivityEligibleForLetterboxEducation= falseisLetterboxEducationEnabled= false isLetterboxDoubleTapEnabled= false topActivityEligibleForUserAspectRatioButton= false topActivityBoundsLetterboxed= false isFromLetterboxDoubleTap= false topActivityLetterboxVerticalPosition= -1 topActivityLetterboxHorizontalPosition= -1 topActivityLetterboxWidth=1200 topActivityLetterboxHeight=2670 isUserFullscreenOverrideEnabled=false isSystemFullscreenOverrideEnabled=false cameraCompatTaskInfo=CameraCompatTaskInfo { cameraCompatControlState=hidden freeformCameraCompatMode=inactive}}}, pipTask = null, remoteTransition = RemoteTransition { remoteTransition = android.window.IRemoteTransition$Stub$Proxy@be34bc0, appThread = android.app.IApplicationThread$Stub$Proxy@75bf0f9, debugName = QuickstepLaunch }, displayChange = null, flags = 0, debugId = 298 }
02-20 17:19:40.800  7807  7807 I TopTaskTracker: onTaskMovedToFront: (moved taskInfo to front) taskId=722, baseIntent=Intent { act=android.intent.action.MAIN cat=[android.intent.category.LAUNCHER] flg=0x10200000 cmp=app.validator.intelligence/.MainActivity }
02-20 17:19:40.815  2194  2250 V WindowManagerShell: Mixed transition for opening an intent with a remote transition and PIP #298
02-20 17:19:40.815  1811  1828 V WindowManager: Sent Transition (#298) createdAt=02-20 17:19:40.779 via request=TransitionRequestInfo { type = OPEN, triggerTask = TaskInfo{userId=0 taskId=722 displayId=0 isRunning=true baseIntent=Intent { act=android.intent.action.MAIN cat=[android.intent.category.LAUNCHER] flg=0x10200000 cmp=app.validator.intelligence/.MainActivity } baseActivity=ComponentInfo{app.validator.intelligence/app.validator.intelligence.MainActivity} topActivity=ComponentInfo{app.validator.intelligence/app.validator.intelligence.MainActivity} origActivity=null realActivity=ComponentInfo{app.validator.intelligence/app.validator.intelligence.MainActivity} numActivities=1 lastActiveTime=181355110 supportsMultiWindow=true resizeMode=1 isResizeable=true minWidth=-1 minHeight=-1 defaultMinSize=220 token=WCT{RemoteToken{5518a55 Task{73c5b6b #722 type=standard A=10228:app.validator.intelligence}}} topActivityType=1 pictureInPictureParams=null shouldDockBigOverlays=false launchIntoPipHostTaskId=-1 lastParentTaskIdBeforePip=-1 displayCutoutSafeInsets=Rect(0, 78 - 0, 0) topActivityInfo=ActivityInfo{e9bfc6a app.validator.intelligence.MainActivity} launchCookies=[android.os.BinderProxy@34ef55b] positionInParent=Point(0, 0) parentTaskId=-1 isFocused=false isVisible=false isVisibleRequested=false isSleeping=false locusId=null displayAreaFeatureId=1 isTopActivityTransparent=false appCompatTaskInfo=AppCompatTaskInfo { topActivityInSizeCompat=false topActivityEligibleForLetterboxEducation= falseisLetterboxEducationEnabled= false isLetterboxDoubleTapEnabled= false topActivityEligibleForUserAspectRatioButton= false topActivityBoundsLetterboxed= false isFromLetterboxDoubleTap= false topActivityLetterboxVerticalPosition= -1 topActivityLetterboxHorizontalPosition= -1 topActivityLetterboxWidth=1200 topActivityLetterboxHeight=2670 isUserFullscreenOverrideEnabled=false isSystemFullscreenOverrideEnabled=false cameraCompatTaskInfo=CameraCompatTaskInfo { cameraCompatControlState=hidden freeformCameraCompatMode=inactive}}}, pipTask = null, remoteTransition = RemoteTransition { remoteTransition = android.window.IRemoteTransition$Stub$Proxy@6c261f8, appThread = android.app.IApplicationThread$Stub$Proxy@86d76d1, debugName = QuickstepLaunch }, displayChange = null, flags = 0, debugId = 298 }
02-20 17:19:40.816  1811  1828 V WindowManager:     startWCT=WindowContainerTransaction { changes = {} hops = [] errorCallbackToken=null taskFragmentOrganizer=null }
02-20 17:19:41.084 11968 11968 D nativeloader: Load /data/app/~~92BAQ6uJXezr4Kqqorgskw==/com.google.android.webview-xjkD-wtmmMqAkJU6Wnr8TQ==/base.apk!/lib/arm64-v8a/libwebviewchromium.so using class loader ns clns-8 (caller=/data/app/~~92BAQ6uJXezr4Kqqorgskw==/com.google.android.webview-xjkD-wtmmMqAkJU6Wnr8TQ==/base.apk): ok
02-20 17:19:41.086 11968 11968 D nativeloader: Load /system/lib64/libwebviewchromium_plat_support.so using class loader ns clns-8 (caller=/data/app/~~92BAQ6uJXezr4Kqqorgskw==/com.google.android.webview-xjkD-wtmmMqAkJU6Wnr8TQ==/base.apk): ok
02-20 17:19:41.088 11968 11992 I chromium: [0220/171941.088204:INFO:android_webview/browser/variations/variations_seed_loader.cc:67] Failed to open file for reading.: No such file or directory (2)
02-20 17:19:41.118  3317  3317 D BoundBrokerSvc: onBind: Intent { act=com.google.android.gms.safetynet.service.START pkg=com.google.android.gms }
02-20 17:19:41.118  3317  3317 D BoundBrokerSvc: Loading bound service for intent: Intent { act=com.google.android.gms.safetynet.service.START pkg=com.google.android.gms }
02-20 17:19:41.122  1811  1841 I ActivityManager: Start proc 11997:com.google.android.webview:sandboxed_process0:org.chromium.content.app.SandboxedProcessService0:0/u0i94 for  {app.validator.intelligence/org.chromium.content.app.SandboxedProcessService0:0}
02-20 17:19:41.145 11968 12013 W chromium: [WARNING:net/dns/dns_config_service_android.cc:69] Failed to read DnsConfig.
02-20 17:19:41.150 11968 11968 W chromium: [WARNING:android_webview/browser/network_service/net_helpers.cc:137] HTTP Cache size is: 158075838
02-20 17:19:41.151 11997 11997 I cr_WebViewApkApp: version=144.0.7559.132 (755913203) minSdkVersion=29 processName=com.google.android.webview:sandboxed_process0:org.chromium.content.app.SandboxedProcessService0:0 splits=<none>
02-20 17:19:41.168  3317  3317 D BoundBrokerSvc: onBind: Intent { act=com.google.android.gms.safebrowsing.SafeBrowsingService.START dat=chimera-action:/... cmp=com.google.android.gms/.chimera.GmsBoundBrokerService }
02-20 17:19:41.168  3317  3317 D BoundBrokerSvc: Loading bound service for intent: Intent { act=com.google.android.gms.safebrowsing.SafeBrowsingService.START dat=chimera-action:/... cmp=com.google.android.gms/.chimera.GmsBoundBrokerService }
02-20 17:19:41.190 11968 11968 D Capacitor: Starting BridgeActivity
02-20 17:19:41.207 11968 11968 D Capacitor: Registering plugin instance: CapacitorCookies
02-20 17:19:41.210 11968 11968 D Capacitor: Registering plugin instance: WebView
02-20 17:19:41.212 11968 11968 D Capacitor: Registering plugin instance: CapacitorHttp
02-20 17:19:41.214 11968 11968 D Capacitor: Registering plugin instance: SystemBars
02-20 17:19:41.217 11968 11968 D Capacitor: Registering plugin instance: NativeIntent
02-20 17:19:41.218 11968 11968 D Capacitor: Registering plugin instance: App
02-20 17:19:41.220 11968 11968 D Capacitor: Registering plugin instance: Browser
02-20 17:19:41.239 11968 11968 W Capacitor: Unable to read file at path public/plugins
02-20 17:19:41.243 11968 11968 D Capacitor: Loading app at https://validator-solana-intelligence.vercel.app
02-20 17:19:41.260 11968 12014 W cr_media: registerBluetoothIntentsIfNeeded: Requires BLUETOOTH permission
02-20 17:19:41.270 11997 12024 W chromium: [WARNING:content/app/android/content_main_android.cc:82] android_setCpu already initialized
02-20 17:19:41.273 11968 11968 D Capacitor: App started
02-20 17:19:41.276 11968 11968 D Capacitor/AppPlugin: Firing change: true
02-20 17:19:41.276 11968 11968 V Capacitor/AppPlugin: Notifying listeners for event appStateChange
02-20 17:19:41.276 11968 11968 D Capacitor/AppPlugin: No listeners found for event appStateChange
02-20 17:19:41.285 11968 11968 V Capacitor/BrowserPlugin: Notifying listeners for event browserFinished
02-20 17:19:41.286 11968 11968 D Capacitor/BrowserPlugin: No listeners found for event browserFinished
02-20 17:19:41.286 11968 11968 D Capacitor: App resumed
02-20 17:19:41.294 11997 12024 W chromium: [WARNING:content/child/runtime_features.cc:561] Fenced frames cannot be enabled in this configuration. Use --enable-features=FencedFrames instead.
02-20 17:19:41.294 11997 12024 W chromium: [WARNING:content/child/runtime_features.cc:586] Topics cannot be enabled in this configuration. Use --enable-features=BrowsingTopics in addition.
02-20 17:19:41.294 11997 12024 W chromium: [WARNING:content/child/runtime_features.cc:607] SharedStorage cannot be enabled in this configuration. Use --enable-features=SharedStorageAPI in addition.
02-20 17:19:48.730 29283 29443 I NullBinder: NullBinder for android.net.action.RECOMMEND_NETWORKS triggering remote TransactionTooLargeException due to Service without Chimera impl, calling uid: 1000, calling pid: 0
02-20 17:19:49.772  3317  3317 D BoundBrokerSvc: onUnbind: Intent { act=com.google.android.gms.pay.service.BIND dat=chimera-action:/... cmp=com.google.android.gms/.chimera.GmsApiService }
02-20 17:19:50.752 29283 29283 D BoundBrokerSvc: onUnbind: Intent { act=com.google.android.gms.libs.gmscorelogger.service.START dat=chimera-action:/... cmp=com.google.android.gms/.chimera.PersistentDirectBootAwareApiService }
02-20 17:19:51.771 29283 29439 I NullBinder: NullBinder for android.net.action.RECOMMEND_NETWORKS triggering remote TransactionTooLargeException due to Service without Chimera impl, calling uid: 1000, calling pid: 0
02-20 17:19:56.366  3317  3317 D BoundBrokerSvc: onUnbind: Intent { act=com.google.android.gms.safetynet.service.START pkg=com.google.android.gms }
02-20 17:19:56.375  3317  3317 D BoundBrokerSvc: onUnbind: Intent { act=com.google.android.gms.safebrowsing.SafeBrowsingService.START dat=chimera-action:/... cmp=com.google.android.gms/.chimera.GmsBoundBrokerService }
02-20 17:19:56.491  3317  3317 D BoundBrokerSvc: onUnbind: Intent { act=com.google.android.gms.inappreach.service.START dat=chimera-action:/... cmp=com.google.android.gms/.chimera.GmsApiService }
02-20 17:19:56.775  3317  3343 W gle.android.gms: ApkAssets: Deleting an ApkAssets object '<empty> and /data/app/~~TR-ccwPm_AKNyxOGE0mTag==/com.solanamobile.dappstore-d0l6z9mrNVq_tQC14QBn2w==/base.apk' with 1 weak references
02-20 17:20:58.100  1811  1831 W ProcessStats: Tracking association SourceState{b576ee6 app.validator.intelligence/10228 Top #74851} whose proc state 1 is better than process ProcessState{f07b793 com.google.android.webview:sandboxed_process0:org.chromium.content.app.SandboxedProcessService0:0/10228 pkg=app.validator.intelligence} proc state 2 (11 skipped)
02-20 17:20:58.114 11968 11968 V Capacitor/AppPlugin: Notifying listeners for event pause
02-20 17:20:58.114 11968 11968 D Capacitor/AppPlugin: No listeners found for event pause
02-20 17:20:58.122 11968 11968 D Capacitor: App paused
02-20 17:20:58.157 11968 11968 D Capacitor/AppPlugin: Firing change: false
02-20 17:20:58.157 11968 11968 V Capacitor/AppPlugin: Notifying listeners for event appStateChange
02-20 17:20:58.157 11968 11968 D Capacitor/AppPlugin: No listeners found for event appStateChange
02-20 17:20:58.157 11968 11968 D Capacitor: App stopped
02-20 17:20:58.159 11968 11968 D Capacitor: Saving instance state!
02-20 17:20:58.379  1811  1811 E ScreenIntentReceiver: notifyChange failed
02-20 17:20:58.390 32178 12085 I DeviceStatusMonitor: DeviceStatusMonitor.handleBroadcast():138 onReceive() : Action = android.intent.action.SCREEN_OFF
02-20 17:20:58.412 10532 10602 I eatz    : Registering for screen on/off intent ...
02-20 17:20:58.421  2314  2518 E ProcfsParsingUtils: java.nio.file.AccessDeniedException: /sys/class/net/wlan0/mtu
02-20 17:20:58.429 10532 10596 I eatz    : #logRequestHandlingNonErrorEndEvent. Reset requestIdOfFirstError, firstStartErrorCausesRetry and numOfRetriesDoneForHotwordDetectorStartErrors!
02-20 17:20:58.433  1811  1989 E WifiStaIfaceAidlImpl: setDtimMultiplier failed with service-specific exception: android.os.ServiceSpecificException:  (code 4)
02-20 17:20:58.617  2194  2194 D VoiceWakeupManager: register voiceCommand fail errorid=1006 with pkgName=com.android.systemui
02-20 17:20:59.140 29283 29283 D BoundBrokerSvc: onRebind: Intent { act=com.google.android.gms.libs.gmscorelogger.service.START dat=chimera-action:/... cmp=com.google.android.gms/.chimera.PersistentDirectBootAwareApiService }
02-20 17:21:02.945   583  3533 D NxpTml  : NFCC - Error in Write.....
02-20 17:21:02.947   583  3535 D NxpHal  : write error status = 0x1ff
02-20 17:21:03.069  3317  3317 D BoundBrokerSvc: onBind: Intent { act=com.google.android.gms.pay.service.BIND dat=chimera-action:/... cmp=com.google.android.gms/.chimera.GmsApiService }
02-20 17:21:03.069  3317  3317 D BoundBrokerSvc: Loading bound service for intent: Intent { act=com.google.android.gms.pay.service.BIND dat=chimera-action:/... cmp=com.google.android.gms/.chimera.GmsApiService }
02-20 17:21:08.159  1811  1909 D ActivityManager: freezing 30959 com.android.chrome:sandboxed_process0:org.chromium.content.app.SandboxedProcessService0:6
02-20 17:21:14.159 29283 29283 D BoundBrokerSvc: onUnbind: Intent { act=com.google.android.gms.libs.gmscorelogger.service.START dat=chimera-action:/... cmp=com.google.android.gms/.chimera.PersistentDirectBootAwareApiService }
02-20 17:21:18.109  3317  3317 D BoundBrokerSvc: onUnbind: Intent { act=com.google.android.gms.pay.service.BIND dat=chimera-action:/... cmp=com.google.android.gms/.chimera.GmsApiService }
02-20 17:22:25.933  9671  9671 D CellBroadcastReceiver: onReceive Intent { act=android.intent.action.SERVICE_STATE flg=0x1000010 cmp=com.google.android.cellbroadcastreceiver/com.android.cellbroadcastreceiver.CellBroadcastReceiver (has extras) }
02-20 17:22:38.543 29283 12108 E jcvt    : java.lang.RuntimeException: ManagedChannel allocation site
02-20 17:22:39.514 29283 29283 D BoundBrokerSvc: onRebind: Intent { act=com.google.android.gms.libs.gmscorelogger.service.START dat=chimera-action:/... cmp=com.google.android.gms/.chimera.PersistentDirectBootAwareApiService }
02-20 17:22:54.531 29283 29283 D BoundBrokerSvc: onUnbind: Intent { act=com.google.android.gms.libs.gmscorelogger.service.START dat=chimera-action:/... cmp=com.google.android.gms/.chimera.PersistentDirectBootAwareApiService }
02-20 17:23:43.608  9671  9671 D CellBroadcastReceiver: onReceive Intent { act=android.intent.action.SERVICE_STATE flg=0x1000010 cmp=com.google.android.cellbroadcastreceiver/com.android.cellbroadcastreceiver.CellBroadcastReceiver (has extras) }
02-20 17:27:00.171  3317  3317 D BoundBrokerSvc: onBind: Intent { act=com.google.android.gms.inappreach.service.START dat=chimera-action:/... cmp=com.google.android.gms/.chimera.GmsApiService }
02-20 17:27:00.172  3317  3317 D BoundBrokerSvc: Loading bound service for intent: Intent { act=com.google.android.gms.inappreach.service.START dat=chimera-action:/... cmp=com.google.android.gms/.chimera.GmsApiService }
02-20 17:27:00.176  3317  3317 D BoundBrokerSvc: onBind: Intent { act=com.google.android.gms.auth.blockstore.service.START dat=chimera-action:/... cmp=com.google.android.gms/.chimera.GmsApiService }
02-20 17:27:00.176  3317  3317 D BoundBrokerSvc: Loading bound service for intent: Intent { act=com.google.android.gms.auth.blockstore.service.START dat=chimera-action:/... cmp=com.google.android.gms/.chimera.GmsApiService }
02-20 17:27:00.390  3317  3317 D BoundBrokerSvc: onBind: Intent { act=com.google.android.gms.wallet.service.BIND pkg=com.google.android.gms }
02-20 17:27:00.390  3317  3317 D BoundBrokerSvc: Loading bound service for intent: Intent { act=com.google.android.gms.wallet.service.BIND pkg=com.google.android.gms }
02-20 17:27:00.497  5236  5270 I bikx    : Create TNG weather or weather daily forecast or weather timely reminder wrapped click intent.
02-20 17:27:00.498  5236  5270 I birb    : #createWrappedClickIntent: Put account
02-20 17:27:00.499  5236  5270 I bikx    : Create card explanation intent
02-20 17:27:00.500  5236  5270 I birb    : #createWrappedClickIntent: Account is missing
02-20 17:27:00.501  5236  5270 I bikx    : Create TNG weather or weather daily forecast or weather timely reminder wrapped click intent.
02-20 17:27:00.502  5236  5270 I birb    : #createWrappedClickIntent: Put account
02-20 17:27:00.502  5236  5270 I bikx    : Create TNG weather or weather daily forecast or weather timely reminder wrapped click intent.
02-20 17:27:00.502  5236  5270 I birb    : #createWrappedClickIntent: Put account
02-20 17:27:00.504  5236  5270 I bikx    : Create card explanation intent
02-20 17:27:00.504  5236  5308 I birb    : #createWrappedClickIntent: Put account
02-20 17:27:00.504  5236  5270 I birb    : #createWrappedClickIntent: Account is missing
02-20 17:27:00.506  5236  5270 I bikx    : Create TNG weather or weather daily forecast or weather timely reminder wrapped click intent.
02-20 17:27:00.506  5236  5270 I birb    : #createWrappedClickIntent: Put account
02-20 17:27:00.507  5236  5270 I bikx    : Create TNG weather or weather daily forecast or weather timely reminder wrapped click intent.
02-20 17:27:00.507  5236  5270 I birb    : #createWrappedClickIntent: Put account
02-20 17:27:00.508  5236  5270 I bikx    : Create card explanation intent
02-20 17:27:00.508  5236  5270 I birb    : #createWrappedClickIntent: Account is missing
02-20 17:27:00.510  5236  5270 I bikx    : Create TNG weather or weather daily forecast or weather timely reminder wrapped click intent.
02-20 17:27:00.510  5236  5270 I birb    : #createWrappedClickIntent: Put account
02-20 17:27:00.510  5236  5270 I bikx    : Create TNG weather or weather daily forecast or weather timely reminder wrapped click intent.
02-20 17:27:00.510  5236  5270 I birb    : #createWrappedClickIntent: Put account
02-20 17:27:00.510  5236  5261 I bikx    : Create card explanation intent
02-20 17:27:00.511  5236  5261 I birb    : #createWrappedClickIntent: Account is missing
02-20 17:27:00.512  5236  5270 I bikx    : Create card explanation intent
02-20 17:27:00.512  5236  5270 I birb    : #createWrappedClickIntent: Account is missing
02-20 17:27:00.513  5236  5270 I bikx    : Create TNG weather or weather daily forecast or weather timely reminder wrapped click intent.
02-20 17:27:00.513  5236  5270 I birb    : #createWrappedClickIntent: Put account
02-20 17:27:00.513  5236  5270 I bikx    : Create TNG weather or weather daily forecast or weather timely reminder wrapped click intent.
02-20 17:27:00.513  5236  5270 I birb    : #createWrappedClickIntent: Put account
02-20 17:27:00.514  5236  5270 I bikx    : Create card explanation intent
02-20 17:27:00.514  5236  5270 I birb    : #createWrappedClickIntent: Account is missing
02-20 17:27:00.515  5236  5270 I bikx    : Create TNG weather or weather daily forecast or weather timely reminder wrapped click intent.
02-20 17:27:00.516  5236  5270 I birb    : #createWrappedClickIntent: Put account
02-20 17:27:00.516  5236  5270 I bikx    : Create TNG weather or weather daily forecast or weather timely reminder wrapped click intent.
02-20 17:27:00.516  5236  5270 I birb    : #createWrappedClickIntent: Put account
02-20 17:27:00.517  5236  5270 I bikx    : Create card explanation intent
02-20 17:27:00.517  5236  5270 I birb    : #createWrappedClickIntent: Account is missing
02-20 17:27:00.518  5236  5270 I bikx    : Create TNG weather or weather daily forecast or weather timely reminder wrapped click intent.
02-20 17:27:00.518  5236  5270 I birb    : #createWrappedClickIntent: Put account
02-20 17:27:00.518  5236  5270 I bikx    : Create TNG weather or weather daily forecast or weather timely reminder wrapped click intent.
02-20 17:27:00.518  5236  5270 I birb    : #createWrappedClickIntent: Put account
02-20 17:27:00.519  5236  5270 I bikx    : Create card explanation intent
02-20 17:27:00.519  5236  5270 I birb    : #createWrappedClickIntent: Account is missing
02-20 17:27:00.520  5236  5270 I bikx    : Create TNG weather or weather daily forecast or weather timely reminder wrapped click intent.
02-20 17:27:00.520  5236  5270 I birb    : #createWrappedClickIntent: Put account
02-20 17:27:00.520  5236  5270 I bikx    : Create TNG weather or weather daily forecast or weather timely reminder wrapped click intent.
02-20 17:27:00.521  5236  5270 I birb    : #createWrappedClickIntent: Put account
02-20 17:27:10.508 29283 29283 D BoundBrokerSvc: onRebind: Intent { act=com.google.android.gms.libs.gmscorelogger.service.START dat=chimera-action:/... cmp=com.google.android.gms/.chimera.PersistentDirectBootAwareApiService }
02-20 17:27:15.422  3317  3317 D BoundBrokerSvc: onUnbind: Intent { act=com.google.android.gms.wallet.service.BIND pkg=com.google.android.gms }
02-20 17:27:25.539 29283 29283 D BoundBrokerSvc: onUnbind: Intent { act=com.google.android.gms.libs.gmscorelogger.service.START dat=chimera-action:/... cmp=com.google.android.gms/.chimera.PersistentDirectBootAwareApiService }
02-20 17:27:45.904  5236  5236 D GlanceSessionManager: Closing session appWidget-4 wasOpen=false hasError=false events=[]
02-20 17:28:51.970 29283 29283 D BoundBrokerSvc: onRebind: Intent { act=com.google.android.contextmanager.service.ContextManagerLogsUploadBoundService.ACTION_TASK_READY dat=chimera-action:/... cmp=com.google.android.gms/.chimera.PersistentInternalBoundBrokerService }
02-20 17:28:51.997 29283 29283 D BoundBrokerSvc: onUnbind: Intent { act=com.google.android.contextmanager.service.ContextManagerLogsUploadBoundService.ACTION_TASK_READY dat=chimera-action:/... cmp=com.google.android.gms/.chimera.PersistentInternalBoundBrokerService }
02-20 17:28:52.028  3317 12259 I Checkin : [CheckinIntentOperation] onHandleIntent, Intent { act=com.google.android.gms.checkin.CHECKIN_START_ACTION cat=[targeted_intent_op_prefix:.checkin.CheckinIntentOperation] cmp=com.google.android.gms/.chimera.GmsIntentOperationService (has extras) }
02-20 17:28:52.155 29283 29283 D BoundBrokerSvc: onRebind: Intent { act=com.google.android.gms.libs.gmscorelogger.service.START dat=chimera-action:/... cmp=com.google.android.gms/.chimera.PersistentDirectBootAwareApiService }
02-20 17:28:52.312 29283 29283 D BoundBrokerSvc: onRebind: Intent { act=com.google.android.gms.common.telemetry.service.START dat=chimera-action:/... cmp=com.google.android.gms/.chimera.PersistentApiService }
02-20 17:28:52.785  3317 12259 W Conscrypt: Could not set socket write timeout: java.net.SocketException: Socket closed
02-20 17:28:52.830  3317 12259 W Conscrypt: Could not set socket write timeout: java.net.SocketException: Socket closed
02-20 17:28:53.391 11226 11226 I EuiccGoogle: [2] CheckinCompletedReceiver.onReceive: intent action: com.google.android.checkin.CHECKIN_COMPLETE Check-in success: true
02-20 17:28:53.392 11226 11226 I EuiccGoogle: [2] DeviceInfo.isDeviceAllowedtoUseGoogleLpaFeature: DeviceManufacturer Solana Mobile Inc.
02-20 17:28:53.392  3317 12260 W ModuleInitIntentOp: Dropping unexpected action com.google.android.checkin.CHECKIN_COMPLETE
02-20 17:28:53.395  3317 12259 I AccountSeedingPrefetchI: AccountSeedingPrefetchInit intent operation started. [CONTEXT service_id=42 ]
02-20 17:28:57.342 29283 29283 D BoundBrokerSvc: onUnbind: Intent { act=com.google.android.gms.common.telemetry.service.START dat=chimera-action:/... cmp=com.google.android.gms/.chimera.PersistentApiService }
02-20 17:29:08.612 29283 29283 D BoundBrokerSvc: onUnbind: Intent { act=com.google.android.gms.libs.gmscorelogger.service.START dat=chimera-action:/... cmp=com.google.android.gms/.chimera.PersistentDirectBootAwareApiService }
02-20 17:29:43.606  9671  9671 D CellBroadcastReceiver: onReceive Intent { act=android.intent.action.SERVICE_STATE flg=0x1000010 cmp=com.google.android.cellbroadcastreceiver/com.android.cellbroadcastreceiver.CellBroadcastReceiver (has extras) }
02-20 17:30:58.740  3317  3317 D BoundBrokerSvc: onBind: Intent { act=com.google.android.gms.pay.service.BIND dat=chimera-action:/... cmp=com.google.android.gms/.chimera.GmsApiService }
02-20 17:30:58.740  3317  3317 D BoundBrokerSvc: Loading bound service for intent: Intent { act=com.google.android.gms.pay.service.BIND dat=chimera-action:/... cmp=com.google.android.gms/.chimera.GmsApiService }
02-20 17:30:59.815  9671  9671 D CellBroadcastReceiver: onReceive Intent { act=android.intent.action.SERVICE_STATE flg=0x1000010 cmp=com.google.android.cellbroadcastreceiver/com.android.cellbroadcastreceiver.CellBroadcastReceiver (has extras) }
02-20 17:31:13.838  3317  3317 D BoundBrokerSvc: onUnbind: Intent { act=com.google.android.gms.pay.service.BIND dat=chimera-action:/... cmp=com.google.android.gms/.chimera.GmsApiService }
02-20 17:32:17.190 29283 29283 D BoundBrokerSvc: onRebind: Intent { act=com.google.android.gms.common.telemetry.service.START dat=chimera-action:/... cmp=com.google.android.gms/.chimera.PersistentApiService }
02-20 17:32:17.198 29283 29319 I NetworkScheduler: (REDACTED) Error inserting %s
02-20 17:32:17.314  1811  5644 D ActivityManager: getProcessesInErrorState callingUid=10216, CallingPid=12332
02-20 17:32:17.394  3317  3317 D BoundBrokerSvc: onBind: Intent { act=com.google.android.gms.measurement.START pkg=com.google.android.gms }
02-20 17:32:17.394  3317  3317 D BoundBrokerSvc: Loading bound service for intent: Intent { act=com.google.android.gms.measurement.START pkg=com.google.android.gms }
02-20 17:32:22.228 29283 29283 D BoundBrokerSvc: onUnbind: Intent { act=com.google.android.gms.common.telemetry.service.START dat=chimera-action:/... cmp=com.google.android.gms/.chimera.PersistentApiService }
02-20 17:32:27.199 29283 29283 D BoundBrokerSvc: onRebind: Intent { act=com.google.android.gms.libs.gmscorelogger.service.START dat=chimera-action:/... cmp=com.google.android.gms/.chimera.PersistentDirectBootAwareApiService }
02-20 17:32:27.449  3317  3317 D BoundBrokerSvc: onUnbind: Intent { act=com.google.android.gms.measurement.START pkg=com.google.android.gms }
02-20 17:32:38.646  3317  3317 D BoundBrokerSvc: onBind: Intent { act=com.google.android.gms.onboardingconsent.api.ConsentManagerApiService.START dat=chimera-action:/... cmp=com.google.android.gms/.chimera.GmsApiService }
02-20 17:32:38.646  3317  3317 D BoundBrokerSvc: Loading bound service for intent: Intent { act=com.google.android.gms.onboardingconsent.api.ConsentManagerApiService.START dat=chimera-action:/... cmp=com.google.android.gms/.chimera.GmsApiService }
02-20 17:32:38.652 29283 29283 D BoundBrokerSvc: onRebind: Intent { act=com.google.android.gms.common.telemetry.service.START dat=chimera-action:/... cmp=com.google.android.gms/.chimera.PersistentApiService }
02-20 17:32:38.684  3317  3317 D BoundBrokerSvc: onBind: Intent { act=com.google.android.gms.semanticlocationhistory.zeroparty.service.START dat=chimera-action:/... cmp=com.google.android.gms/.chimera.GmsApiService }
02-20 17:32:38.684  3317  3317 D BoundBrokerSvc: Loading bound service for intent: Intent { act=com.google.android.gms.semanticlocationhistory.zeroparty.service.START dat=chimera-action:/... cmp=com.google.android.gms/.chimera.GmsApiService }
02-20 17:32:43.678 29283 29283 D BoundBrokerSvc: onUnbind: Intent { act=com.google.android.gms.common.telemetry.service.START dat=chimera-action:/... cmp=com.google.android.gms/.chimera.PersistentApiService }
02-20 17:32:43.680  3317  3317 D BoundBrokerSvc: onUnbind: Intent { act=com.google.android.gms.onboardingconsent.api.ConsentManagerApiService.START dat=chimera-action:/... cmp=com.google.android.gms/.chimera.GmsApiService }
02-20 17:32:53.699  3317  3317 D BoundBrokerSvc: onUnbind: Intent { act=com.google.android.gms.semanticlocationhistory.zeroparty.service.START dat=chimera-action:/... cmp=com.google.android.gms/.chimera.GmsApiService }
02-20 17:32:53.715  3317  3317 D BoundBrokerSvc: onRebind: Intent { act=com.google.android.gms.onboardingconsent.api.ConsentManagerApiService.START dat=chimera-action:/... cmp=com.google.android.gms/.chimera.GmsApiService }
02-20 17:32:53.990 29283 29542 I cn_CronetUrlRequestContext: destroyNativeStreamLocked org.chromium.net.impl.CronetBidirectionalStream@1a7097c
02-20 17:32:54.753 29283 29283 D BoundBrokerSvc: onUnbind: Intent { act=com.google.android.gms.libs.gmscorelogger.service.START dat=chimera-action:/... cmp=com.google.android.gms/.chimera.PersistentDirectBootAwareApiService }
02-20 17:32:58.743  3317  3317 D BoundBrokerSvc: onUnbind: Intent { act=com.google.android.gms.onboardingconsent.api.ConsentManagerApiService.START dat=chimera-action:/... cmp=com.google.android.gms/.chimera.GmsApiService }
02-20 17:33:11.804  1811  1849 W BatteryExternalStatsWorker: error reading Bluetooth stats: 9
02-20 17:35:36.384  1811  1849 W BatteryExternalStatsWorker: error reading Bluetooth stats: 9
02-20 17:35:57.603 29283 29283 D BoundBrokerSvc: onRebind: Intent { act=com.google.android.gms.common.telemetry.service.START dat=chimera-action:/... cmp=com.google.android.gms/.chimera.PersistentApiService }
02-20 17:35:57.748 13704 13784 I dtmh    : Received an intent for GNP, won't process
02-20 17:35:57.779  5236  5268 I dtmh    : Received an intent for GNP, won't process
02-20 17:36:02.638 29283 29283 D BoundBrokerSvc: onUnbind: Intent { act=com.google.android.gms.common.telemetry.service.START dat=chimera-action:/... cmp=com.google.android.gms/.chimera.PersistentApiService }
02-20 17:36:07.623 29283 29283 D BoundBrokerSvc: onRebind: Intent { act=com.google.android.gms.libs.gmscorelogger.service.START dat=chimera-action:/... cmp=com.google.android.gms/.chimera.PersistentDirectBootAwareApiService }
02-20 17:36:22.682 29283 29283 D BoundBrokerSvc: onUnbind: Intent { act=com.google.android.gms.libs.gmscorelogger.service.START dat=chimera-action:/... cmp=com.google.android.gms/.chimera.PersistentDirectBootAwareApiService }
02-20 17:36:59.824  9671  9671 D CellBroadcastReceiver: onReceive Intent { act=android.intent.action.SERVICE_STATE flg=0x1000010 cmp=com.google.android.cellbroadcastreceiver/com.android.cellbroadcastreceiver.CellBroadcastReceiver (has extras) }
02-20 17:38:16.035  9671  9671 D CellBroadcastReceiver: onReceive Intent { act=android.intent.action.SERVICE_STATE flg=0x1000010 cmp=com.google.android.cellbroadcastreceiver/com.android.cellbroadcastreceiver.CellBroadcastReceiver (has extras) }
02-20 17:42:06.993 29283 29283 D BoundBrokerSvc: onRebind: Intent { act=com.google.android.gms.scheduler.standalone.housekeeping.HousekeepingTrainTaskService.ACTION_TASK_READY dat=chimera-action:/... cmp=com.google.android.gms/.chimera.PersistentInternalBoundBrokerService }
02-20 17:42:07.060  3317  3317 D BoundBrokerSvc: onBind: Intent { act=com.google.android.gms.feedback.internal.IFeedbackService dat=chimera-action:/... cmp=com.google.android.gms/.chimera.GmsBoundBrokerService }
02-20 17:42:07.060  3317  3317 D BoundBrokerSvc: Loading bound service for intent: Intent { act=com.google.android.gms.feedback.internal.IFeedbackService dat=chimera-action:/... cmp=com.google.android.gms/.chimera.GmsBoundBrokerService }
02-20 17:42:07.076  3317  3317 D BoundBrokerSvc: onBind: Intent { act=com.google.android.mdd.service.START dat=chimera-action:/... cmp=com.google.android.gms/.chimera.GmsBoundBrokerService }
02-20 17:42:07.076  3317  3317 D BoundBrokerSvc: Loading bound service for intent: Intent { act=com.google.android.mdd.service.START dat=chimera-action:/... cmp=com.google.android.gms/.chimera.GmsBoundBrokerService }
02-20 17:42:07.101 29283 29283 D BoundBrokerSvc: onRebind: Intent { act=com.google.android.gms.location.service.drivingmode.DrivingModeLoggerService.ACTION_TASK_READY dat=chimera-action:/... cmp=com.google.android.gms/.chimera.PersistentInternalBoundBrokerService }
02-20 17:42:07.132 29283 29283 D BoundBrokerSvc: onUnbind: Intent { act=com.google.android.gms.location.service.drivingmode.DrivingModeLoggerService.ACTION_TASK_READY dat=chimera-action:/... cmp=com.google.android.gms/.chimera.PersistentInternalBoundBrokerService }
02-20 17:42:07.570  3317  3317 D BoundBrokerSvc: onBind: Intent { act=com.google.android.gms.chromesync.service.zeroparty.START dat=chimera-action:/... cmp=com.google.android.gms/.chimera.GmsApiService }
02-20 17:42:07.570  3317  3317 D BoundBrokerSvc: Loading bound service for intent: Intent { act=com.google.android.gms.chromesync.service.zeroparty.START dat=chimera-action:/... cmp=com.google.android.gms/.chimera.GmsApiService }
02-20 17:42:07.614  3317  3317 D BoundBrokerSvc: onBind: Intent { act=com.google.android.gms.threadnetwork.credentials.firstparty.BorderRouterSyncBoundService.ACTION_TASK_READY dat=chimera-action:/... cmp=com.google.android.gms/.chimera.GmsInternalBoundBrokerService }
02-20 17:42:07.614  3317  3317 D BoundBrokerSvc: Loading bound service for intent: Intent { act=com.google.android.gms.threadnetwork.credentials.firstparty.BorderRouterSyncBoundService.ACTION_TASK_READY dat=chimera-action:/... cmp=com.google.android.gms/.chimera.GmsInternalBoundBrokerService }
02-20 17:42:07.655  2314  2518 E ProcfsParsingUtils: java.nio.file.AccessDeniedException: /sys/class/net/wlan0/mtu
02-20 17:42:07.664  1811  1989 E WifiStaIfaceAidlImpl: setDtimMultiplier failed with service-specific exception: android.os.ServiceSpecificException:  (code 4)
02-20 17:42:07.685 29283 12585 E jcvt    : java.lang.RuntimeException: ManagedChannel allocation site
02-20 17:42:07.898  3317 11357 W jciz    : java.lang.NoSuchMethodException: gpyv.getScopes []
02-20 17:42:07.920 29283 29542 I cn_CronetUrlRequestContext: destroyNativeStreamLocked org.chromium.net.impl.CronetBidirectionalStream@6f14c0f
02-20 17:42:08.660  3317  3317 D BoundBrokerSvc: onBind: Intent { act=com.google.android.gms.core.filecompliance.ComplianceFileGarbageCollectionService.ACTION_TASK_READY dat=chimera-action:/... cmp=com.google.android.gms/.chimera.GmsInternalBoundBrokerService }
02-20 17:42:08.660  3317  3317 D BoundBrokerSvc: Loading bound service for intent: Intent { act=com.google.android.gms.core.filecompliance.ComplianceFileGarbageCollectionService.ACTION_TASK_READY dat=chimera-action:/... cmp=com.google.android.gms/.chimera.GmsInternalBoundBrokerService }
02-20 17:42:08.677  3317  3317 D BoundBrokerSvc: onUnbind: Intent { act=com.google.android.gms.core.filecompliance.ComplianceFileGarbageCollectionService.ACTION_TASK_READY dat=chimera-action:/... cmp=com.google.android.gms/.chimera.GmsInternalBoundBrokerService }
02-20 17:42:08.705 29283 29283 D BoundBrokerSvc: onBind: Intent { act=com.google.android.gms.mdm.services.PeriodicSitrepService.ACTION_TASK_READY dat=chimera-action:/... cmp=com.google.android.gms/.chimera.PersistentInternalBoundBrokerService }
02-20 17:42:08.705 29283 29283 D BoundBrokerSvc: Loading bound service for intent: Intent { act=com.google.android.gms.mdm.services.PeriodicSitrepService.ACTION_TASK_READY dat=chimera-action:/... cmp=com.google.android.gms/.chimera.PersistentInternalBoundBrokerService }
02-20 17:42:08.741 29283 29283 D BoundBrokerSvc: onUnbind: Intent { act=com.google.android.gms.mdm.services.PeriodicSitrepService.ACTION_TASK_READY dat=chimera-action:/... cmp=com.google.android.gms/.chimera.PersistentInternalBoundBrokerService }
02-20 17:42:08.891 29283 29283 D BoundBrokerSvc: onRebind: Intent { act=com.google.android.gms.common.telemetry.service.START dat=chimera-action:/... cmp=com.google.android.gms/.chimera.PersistentApiService }
02-20 17:42:09.597  3317  3317 D BoundBrokerSvc: onBind: Intent { act=com.google.android.gms.httpflags.service.PeriodicTaskGmsTaskBoundService.ACTION_TASK_READY dat=chimera-action:/... cmp=com.google.android.gms/.chimera.GmsInternalBoundBrokerService }
02-20 17:42:09.597  3317  3317 D BoundBrokerSvc: Loading bound service for intent: Intent { act=com.google.android.gms.httpflags.service.PeriodicTaskGmsTaskBoundService.ACTION_TASK_READY dat=chimera-action:/... cmp=com.google.android.gms/.chimera.GmsInternalBoundBrokerService }
02-20 17:42:09.616  3317  3317 D BoundBrokerSvc: onUnbind: Intent { act=com.google.android.gms.httpflags.service.PeriodicTaskGmsTaskBoundService.ACTION_TASK_READY dat=chimera-action:/... cmp=com.google.android.gms/.chimera.GmsInternalBoundBrokerService }
02-20 17:42:09.659  3317  3317 D BoundBrokerSvc: onBind: Intent { act=com.google.android.gms.learning.dynamite.training.GmsTrainingJobTaskBoundService.ACTION_TASK_READY dat=chimera-action:/... cmp=com.google.android.gms/.chimera.GmsInternalBoundBrokerService }
02-20 17:42:09.659  3317  3317 D BoundBrokerSvc: Loading bound service for intent: Intent { act=com.google.android.gms.learning.dynamite.training.GmsTrainingJobTaskBoundService.ACTION_TASK_READY dat=chimera-action:/... cmp=com.google.android.gms/.chimera.GmsInternalBoundBrokerService }
02-20 17:42:10.644  2314  2518 E ProcfsParsingUtils: java.nio.file.AccessDeniedException: /sys/class/net/wlan0/mtu
02-20 17:42:10.654  1811  1989 E WifiStaIfaceAidlImpl: setDtimMultiplier failed with service-specific exception: android.os.ServiceSpecificException:  (code 4)
02-20 17:42:10.698  3317  3317 D BoundBrokerSvc: onUnbind: Intent { act=com.google.android.gms.threadnetwork.credentials.firstparty.BorderRouterSyncBoundService.ACTION_TASK_READY dat=chimera-action:/... cmp=com.google.android.gms/.chimera.GmsInternalBoundBrokerService }
02-20 17:42:10.700 29283 29283 D BoundBrokerSvc: onUnbind: Intent { act=com.google.android.gms.scheduler.standalone.housekeeping.HousekeepingTrainTaskService.ACTION_TASK_READY dat=chimera-action:/... cmp=com.google.android.gms/.chimera.PersistentInternalBoundBrokerService }
02-20 17:42:10.706  3317  3317 D BoundBrokerSvc: onBind: Intent { act=com.google.android.gms.learning.semanticlocationhistory.EXAMPLE_STORE cmp=com.google.android.gms/.chimera.GmsInternalBoundBrokerService }
02-20 17:42:10.706  3317  3317 D BoundBrokerSvc: Loading bound service for intent: Intent { act=com.google.android.gms.learning.semanticlocationhistory.EXAMPLE_STORE cmp=com.google.android.gms/.chimera.GmsInternalBoundBrokerService }
02-20 17:42:10.862  3317  3317 D BoundBrokerSvc: onUnbind: Intent { act=com.google.android.gms.learning.semanticlocationhistory.EXAMPLE_STORE cmp=com.google.android.gms/.chimera.GmsInternalBoundBrokerService }
02-20 17:42:10.972  3317  5122 W brella.TrainingJob: Training ended with error (hasRetryWindow=true). 
02-20 17:42:10.987  3317  3317 D BoundBrokerSvc: onUnbind: Intent { act=com.google.android.gms.learning.dynamite.training.GmsTrainingJobTaskBoundService.ACTION_TASK_READY dat=chimera-action:/... cmp=com.google.android.gms/.chimera.GmsInternalBoundBrokerService }
02-20 17:42:11.784 29283 29283 D BoundBrokerSvc: onRebind: Intent { act=com.google.android.gms.libs.gmscorelogger.service.START dat=chimera-action:/... cmp=com.google.android.gms/.chimera.PersistentDirectBootAwareApiService }
02-20 17:42:15.106 29283 29283 D BoundBrokerSvc: onUnbind: Intent { act=com.google.android.gms.common.telemetry.service.START dat=chimera-action:/... cmp=com.google.android.gms/.chimera.PersistentApiService }
02-20 17:42:22.096  3317  3317 D BoundBrokerSvc: onUnbind: Intent { act=com.google.android.gms.feedback.internal.IFeedbackService dat=chimera-action:/... cmp=com.google.android.gms/.chimera.GmsBoundBrokerService }
02-20 17:42:22.595  3317  3317 D BoundBrokerSvc: onUnbind: Intent { act=com.google.android.mdd.service.START dat=chimera-action:/... cmp=com.google.android.gms/.chimera.GmsBoundBrokerService }
