02-20 16:01:26.027  2314  2518 E ProcfsParsingUtils: 	at com.android.networkstack.com.android.net.module.util.ProcfsParsingUtils.readFile(ProcfsParsingUtils.java:75)
02-20 16:01:26.027  2314  2518 E ProcfsParsingUtils: 	at com.android.networkstack.com.android.net.module.util.ProcfsParsingUtils.getInterfaceMtu(ProcfsParsingUtils.java:350)
02-20 16:01:26.027  2314  2518 E ProcfsParsingUtils: 	at com.android.networkstack.android.net.apf.ApfFilter$Dependencies.getInterfaceMtu(ApfFilter.java:823)
02-20 16:01:26.027  2314  2518 E ProcfsParsingUtils: 	at com.android.networkstack.android.net.apf.ApfFilter.installNewProgram(ApfFilter.java:4004)
02-20 16:01:26.027  2314  2518 E ProcfsParsingUtils: 	at com.android.networkstack.android.net.apf.ApfFilter.setMulticastFilter(ApfFilter.java:4290)
02-20 16:01:26.027  2314  2518 E ProcfsParsingUtils: 	at com.android.networkstack.android.net.ip.IpClient$RunningState.processMessage(IpClient.java:3902)
02-20 16:01:26.027  2314  2518 E ProcfsParsingUtils: 	at com.android.networkstack.com.android.internal.util.StateMachine$SmHandler.processMsg(StateMachine.java:1007)
02-20 16:01:26.027  2314  2518 E ProcfsParsingUtils: 	at com.android.networkstack.com.android.internal.util.StateMachine$SmHandler.handleMessage(StateMachine.java:820)
02-20 16:01:26.027  2314  2518 E ProcfsParsingUtils: 	at android.os.Handler.dispatchMessage(Handler.java:107)
02-20 16:01:26.027  2314  2518 E ProcfsParsingUtils: 	at android.os.Looper.loopOnce(Looper.java:232)
02-20 16:01:26.027  2314  2518 E ProcfsParsingUtils: 	at android.os.Looper.loop(Looper.java:317)
02-20 16:01:26.027  2314  2518 E ProcfsParsingUtils: 	at android.os.HandlerThread.run(HandlerThread.java:85)
02-20 16:01:26.028  2055  2062 I WifiHAL : createRequest: APF set program request
02-20 16:01:26.033  1811  1829 E ApplicationHelper: Fail to get PackageManager
02-20 16:01:26.034  2055  2062 I WifiHAL : Done!
02-20 16:01:26.035  1811  1989 E WifiStaIfaceAidlImpl: setDtimMultiplier failed with service-specific exception: android.os.ServiceSpecificException:  (code 4)
02-20 16:01:26.053  1248  1309 I libPerfCtl: xgfGetFPS pid:1811 fps:-1
02-20 16:01:26.053  1248  1309 I libPerfCtl: xgfGetFPS pid:2194 fps:120
02-20 16:01:26.054  1248  1309 I libPerfCtl: xgfGetFPS pid:6384 fps:-1
02-20 16:01:26.131 13791 13957 W ProxyAndroidLoggerBackend: Too many Flogger logs received before configuration. Dropping old logs.
02-20 16:01:26.132 13791 13957 W ProxyAndroidLoggerBackend: Too many Flogger logs received before configuration. Dropping old logs.
02-20 16:01:26.134  1253  1316 I libPowerHal: [perfLockAcq] idx:1 hdl:3661 hint:44 pid:1253 tid:1253 duration:268435455 lock_user:vendor.mediatek => ret_hdl:3661
02-20 16:01:26.134  1253  1316 I libPowerHal: [setClusterFreq] MTKPOWER_HINT_AUDIO_POWER_UL set cpufreq[0] min:500000 max:-1 cpufreq[1] min:-1 max:-1 
02-20 16:01:26.134 13791 13912 W ProxyAndroidLoggerBackend: Too many Flogger logs received before configuration. Dropping old logs.
02-20 16:01:26.135  1253  1316 I libPowerHal: [perfLockRel] hdl:3660, idx:0
02-20 16:01:26.136 13791 13912 W ProxyAndroidLoggerBackend: Too many Flogger logs received before configuration. Dropping old logs.
02-20 16:01:26.162  1253  1316 I libPowerHal: [perfLockRel] hdl:3661, idx:1
02-20 16:01:26.163  1253  1316 I libPowerHal: [setClusterFreq]  set cpu_ctrl cpufreq: -1 -1 -1 -1 
02-20 16:01:26.166  1265  4713 D APM_AudioPolicyManager: [MTK_APM_Input]stopInput input 470 portId 182 old_source 1999
02-20 16:01:26.168  1811  5712 I AudioService.RecordingActivityMonitor: rec stop riid:-1 uid:99049 session:953 src:HOTWORD not silenced pack:
02-20 16:01:26.171  1221  2010 W AudioALSAStreamManager: -routingInputDevice(), input_device(0x0) is AUDIO_DEVICE_NONE(0x0) or current_input_device(0x80000004), return
02-20 16:01:26.186  1265  6333 E AudioFlinger_Threads: push2RTGroup, tid 6333 push to RT group fail!
02-20 16:01:26.187  2194  2194 I vol.VolumeDialogImpl: mDialog.dismiss() reason: screen_off from: com.android.systemui.volume.VolumeDialogImpl$7.onScreenOff:4
02-20 16:01:26.189  1265  4713 W AudioPolicyClientImpl: setSoundTriggerCaptureState active 0
02-20 16:01:26.195  1265  1265 D APM_AudioPolicyManager: [MTK_APM_Input]releaseInput input 470 portId 182
02-20 16:01:26.195 13791 13912 W mediametrics::Item: selfrecord: failed to record: {audiorecord, (12-31 19:00:00.000), (, -1, -1), (android.media.audiorecord.attributes={ Content type: AUDIO_CONTENT_TYPE_UNKNOWN Usage: AUDIO_USAGE_UNKNOWN Source: AUDIO_SOURCE_HOTWORD Flags: 0x800 Tags:  }, android.media.audiorecord.channelMask=16, android.media.audiorecord.channels=1, android.media.audiorecord.durationMs=8.107787e+04, android.media.audiorecord.encoding=AUDIO_FORMAT_PCM_16_BIT, android.media.audiorecord.frameCount=128000, android.media.audiorecord.latency=8000, android.media.audiorecord.logSessionId=, android.media.audiorecord.portId=182, android.media.audiorecord.samplerate=16000, android.media.audiorecord.source=AUDIO_SOURCE_HOTWORD, android.media.audiorecord.startCount=1)}
02-20 16:01:26.195  1265  1265 D APM_AudioPolicyManager: closeInput input 470
02-20 16:01:26.195 13791 13912 W ProxyAndroidLoggerBackend: Too many Flogger logs received before configuration. Dropping old logs.
02-20 16:01:26.196  1276  1676 I BpBinder: onLastStrongRef automatically unlinking death recipients: 
02-20 16:01:26.196 13791 13953 W ProxyAndroidLoggerBackend: Too many Flogger logs received before configuration. Dropping old logs.
02-20 16:01:26.212  1265  6333 E AudioFlinger_Threads: push2RTGroup, tid 6333 push to RT group fail!
02-20 16:01:26.214  1265  1265 W AudioPolicyClientImpl: setSoundTriggerCaptureState active 0
02-20 16:01:26.376  1446  1532 E mtk_storageproxyd: ipc-trustonic: ipc_trustonic_connect: retry left 1
02-20 16:01:26.378  1446  1532 E mtk_storageproxyd: ipc-trustonic: ipc_trustonic_connect: Unable to resolve family name (-12)
02-20 16:01:26.501  2194  2194 I KeyguardTransitionRepository: FINISHED transition: TransitionStep(from=GONE, to=DOZING, value=1.0, transitionState=FINISHED, ownerName=FromGoneTransitionInteractor(Sleep transition triggered))
02-20 16:01:26.682  1811  1825 W Transition: Transition already started id=253 state=2
02-20 16:01:26.687  1811  1825 W UserManagerService: Requested status bar icon for non-badged user 0
02-20 16:01:27.056  1248  1309 I libPerfCtl: xgfGetFPS pid:1811 fps:-1
02-20 16:01:27.056  1248  1309 I libPerfCtl: xgfGetFPS pid:2194 fps:-1
02-20 16:01:27.056  1248  1309 I libPerfCtl: xgfGetFPS pid:6384 fps:-1
02-20 16:01:27.376 10532 10570 I dkpg    : (REDACTED) Probing voice interaction service recovery for condition(%s).
02-20 16:01:27.377 10532 10570 I dkpg    : (REDACTED) Skipping voice interaction service recovery(%s) for condition(%s).
02-20 16:01:27.377 10532 10570 I dkpg    : (REDACTED) Skipping voice interaction service recovery(%s) for condition(%s).
02-20 16:01:27.379  1446  1532 E mtk_storageproxyd: ipc-trustonic: ipc_trustonic_connect: retry left 0
02-20 16:01:27.379  1446  1532 E mtk_storageproxyd: mtk.ufs.trustonic.ta: ipc connect failed (-12)
02-20 16:01:28.058  1248  1309 I libPerfCtl: xgfGetFPS pid:1811 fps:-1
02-20 16:01:28.059  1248  1309 I libPerfCtl: xgfGetFPS pid:2194 fps:-1
02-20 16:01:28.059  1248  1309 I libPerfCtl: xgfGetFPS pid:6384 fps:-1
02-20 16:01:29.061  1248  1309 I libPerfCtl: xgfGetFPS pid:1811 fps:-1
02-20 16:01:29.061  1248  1309 I libPerfCtl: xgfGetFPS pid:2194 fps:-1
02-20 16:01:29.061  1248  1309 I libPerfCtl: xgfGetFPS pid:6384 fps:-1
02-20 16:01:29.073 27796  1667 I AidlLazyServiceRegistrar: Process has 0 (of 1 available) client(s) in use after notification artd has clients: 0
02-20 16:01:29.073 27796  1667 I AidlLazyServiceRegistrar: Trying to shut down the service. No clients in use for any service in process.
02-20 16:01:29.075 27796  1667 I AidlLazyServiceRegistrar: Unregistered all clients and exiting
02-20 16:01:30.384  1446  1532 E mtk_storageproxyd: ipc-trustonic: ipc_trustonic_connect: Unable to resolve family name (-12)
02-20 16:01:30.556   583   593 I android.hardware.nfc-service.nxp: write
02-20 16:01:30.557   570  7288 I keystore2: system/security/keystore2/src/authorization.rs:155 - on_device_locked(user_id=0, unlocking_sids=[354827238758675181], weak_unlock_enabled=false)
02-20 16:01:30.562  1811  1829 E ApplicationHelper: Fail to get PackageManager
02-20 16:01:30.563  1811  2031 I MR2ServiceImpl: Updating composite discovery preference | preference: RouteDiscoveryRequest{ preferredFeatures={}, activeScan=false }, active routers: []
02-20 16:01:30.565  1211  1710 I netd    : tetherGetStats() -> {[]} <2.00ms>
02-20 16:01:30.572   570  7288 I keystore2: system/security/keystore2/src/super_key.rs:976 - UnlockedDeviceRequired super keys for user 0 are biometric-encrypted.
02-20 16:01:30.574   583  3533 I NxpNciX : len =   4 > 20090103
02-20 16:01:30.576   583  3532 I NxpNciR : len =   4 > 40090100
02-20 16:01:30.578   583   593 I android.hardware.nfc-service.nxp: write
02-20 16:01:30.578  1811  5712 W UserManagerService: Requested status bar icon for non-badged user 0
02-20 16:01:30.578  1811  1811 W AlarmManager: Unrecognized alarm listener com.android.server.locksettings.LockSettingsStrongAuth$NonStrongBiometricIdleTimeoutAlarmListener@80e414d
02-20 16:01:30.579   583  3533 I NxpNciX : len =   7 > 20020401020100
02-20 16:01:30.580   583  3532 I NxpNciR : len =   5 > 4002020000
02-20 16:01:30.585   576   576 I OmapiTransport: (sendData) stop the timer
02-20 16:01:30.585  1249  1249 I android.hardware.secure_element-service.nxp: isCardPresent
02-20 16:01:30.587  2360  2727 W SecureElement-Terminal-eSE1: Enable access control on logical channel for uid: 2901 UUID: [-1, -1, -1, -1, 99, 111, 109, 46, 110, 120, 112, 46, 115, 101, 99, 117, 114, 105, 116, 121]
02-20 16:01:30.588  1249  1249 I android.hardware.secure_element-service.nxp: Acquired the lock from SPI openLogicalChannel
02-20 16:01:30.599  1276  1349 I BufferQueueDebug: [NotificationShade#3198](this:0xb400007b1faa43d0,id:-1,api:0,p:-1,c:-1) BufferQueue core=(1276:/system/bin/surfaceflinger)
02-20 16:01:30.602  1811  1825 W WindowManager: Changing focus from null to Window{ef6e4e0 u0 NotificationShade} displayId=0 Callers=com.android.server.wm.RootWindowContainer.updateFocusedWindowLocked:468 com.android.server.wm.WindowManagerService.updateFocusedWindowLocked:6623 com.android.server.wm.WindowManagerService.relayoutWindowInner:2691 com.android.server.wm.WindowManagerService.relayoutWindow:2361 
02-20 16:01:30.603  1276  1349 I BufferQueueDebug: [Surface(name=8055695 NavigationBar0)/@0x1c1b32e - animation-leash of insets_animation#3199](this:0xb400007b1fa6e220,id:-1,api:0,p:-1,c:-1) BufferQueue core=(1276:/system/bin/surfaceflinger)
02-20 16:01:30.605  1276  1349 I BufferQueueDebug: [Surface(name=a7893a4 StatusBar)/@0x749b9bf - animation-leash of insets_animation#3200](this:0xb400007b1f9f6880,id:-1,api:0,p:-1,c:-1) BufferQueue core=(1276:/system/bin/surfaceflinger)
02-20 16:01:30.606  1811  1825 I WindowManager: Relayout Window{ef6e4e0 u0 NotificationShade}: oldVis=4 newVis=0 focusMayChange = true requestedWidth = 1200 requestedHeight = 2670 outFrames = ClientWindowFrames{frame=[0,0][1200,2670] display=[0,0][1200,2670] parentFrame=[0,0][0,0]} outSurfaceControl = Surface(name=NotificationShade)/@0x2078810
02-20 16:01:30.616  1276  1349 I SurfaceFlinger: onHandleDestroyed: name=Surface(name=8055695 NavigationBar0)/@0x1c1b32e - animation-leash of insets_animation#3191, layerId=3191, parentId=0
02-20 16:01:30.616  1276  1676 I SurfaceFlinger: onHandleDestroyed: name=Surface(name=a7893a4 StatusBar)/@0x749b9bf - animation-leash of insets_animation#3192, layerId=3192, parentId=0
02-20 16:01:30.617  2194  2194 W View    : requestLayout() improperly called by com.android.systemui.util.AutoMarqueeTextView{d0c4ef9 V.ED..... ..S...ID 0,0-343,57 #7f0a04bf app:id/mobile_carrier_text} during layout: running second layout pass
02-20 16:01:30.618  2194  2194 W View    : requestLayout() improperly called by com.android.keyguard.CarrierText{532ce2f V.ED..... ......ID 48,0-540,120 #7f0a03c0 app:id/keyguard_carrier_text} during layout: running second layout pass
02-20 16:01:30.621  1276  1276 I BufferQueueDebug: [Surface(name=a7893a4 StatusBar)/@0x749b9bf - animation-leash of insets_animation#3192](this:0xb400007b1fa40920,id:-1,api:0,p:-1,c:1276) onDestructor()
02-20 16:01:30.621  1276  1276 I BufferQueueDebug: [Surface(name=8055695 NavigationBar0)/@0x1c1b32e - animation-leash of insets_animation#3191](this:0xb400007b1fa436b0,id:-1,api:0,p:-1,c:1276) onDestructor()
02-20 16:01:30.626  1249  1249 I android.hardware.secure_element-service.nxp: Acquired lock for SPI
02-20 16:01:30.631  2360  2727 I SecureElement-AraController: Refresh tag unchanged. Using access rules from cache.
02-20 16:01:30.631  1249  1249 E android.hardware.secure_element-service.nxp: Acquired the lock in SPI internalCloseChannel
02-20 16:01:30.697  1811  1829 E ApplicationHelper: Fail to get PackageManager
02-20 16:01:30.711  1811  1829 E ApplicationHelper: Fail to get PackageManager
02-20 16:01:30.715  1249  1249 I android.hardware.secure_element-service.nxp: Acquired the lock from SPI openLogicalChannel
02-20 16:01:30.752  2360  2727 I SecureElementService: openLogicalChannel() Success. Channel: 1
02-20 16:01:30.753  1249  1249 I android.hardware.secure_element-service.nxp: Acquired lock for SPI
02-20 16:01:30.762   576   576 I OmapiTransport: (internalProtectedTransmitApdu) Set the timer with timeout 3000 ms
02-20 16:01:30.763   576   576 I OmapiTransport: (internalProtectedTransmitApdu) STATUS OF TRNSMIT: 0 Message: 
02-20 16:01:30.975  1211  1710 I netd    : setProcSysNet(4, 2, wlan0, retrans_time_ms, 750) <0.50ms>
02-20 16:01:30.976  1211  1710 I netd    : setProcSysNet(4, 2, wlan0, ucast_solicit, 10) <0.18ms>
02-20 16:01:30.978  1211  1710 I netd    : setProcSysNet(6, 2, wlan0, retrans_time_ms, 750) <0.25ms>
02-20 16:01:30.979  1211  1710 I netd    : setProcSysNet(6, 2, wlan0, ucast_solicit, 10) <0.17ms>
02-20 16:01:31.386  1446  1532 E mtk_storageproxyd: ipc-trustonic: ipc_trustonic_connect: retry left 9
02-20 16:01:31.388  1446  1532 E mtk_storageproxyd: ipc-trustonic: ipc_trustonic_connect: Unable to resolve family name (-12)
02-20 16:01:31.640  1248  1309 I libPerfCtl: xgfGetFPS pid:2194 fps:120
02-20 16:01:32.392  1446  1532 E mtk_storageproxyd: ipc-trustonic: ipc_trustonic_connect: retry left 8
02-20 16:01:32.394  1446  1532 E mtk_storageproxyd: ipc-trustonic: ipc_trustonic_connect: Unable to resolve family name (-12)
02-20 16:01:32.640  1248  1309 I libPerfCtl: xgfGetFPS pid:2194 fps:-1
02-20 16:01:33.397  1446  1532 E mtk_storageproxyd: ipc-trustonic: ipc_trustonic_connect: retry left 7
02-20 16:01:33.399  1446  1532 E mtk_storageproxyd: ipc-trustonic: ipc_trustonic_connect: Unable to resolve family name (-12)
02-20 16:01:33.643  1248  1309 I libPerfCtl: xgfGetFPS pid:2194 fps:-1
02-20 16:01:33.763   576  6536 I OmapiTransport: Session Timer expired !!
02-20 16:01:33.764  1249  1249 E android.hardware.secure_element-service.nxp: Acquired the lock in SPI internalCloseChannel
02-20 16:01:33.849   576  6536 I OmapiTransport: (closeChannel) Channel closed
02-20 16:01:34.400  1446  1532 E mtk_storageproxyd: ipc-trustonic: ipc_trustonic_connect: retry left 6
02-20 16:01:34.403  1446  1532 E mtk_storageproxyd: ipc-trustonic: ipc_trustonic_connect: Unable to resolve family name (-12)
02-20 16:01:35.302 23173 23203 I RustStdoutStderr: StateManager::update_state: finished: "OPEN"
02-20 16:01:35.404  1446  1532 E mtk_storageproxyd: ipc-trustonic: ipc_trustonic_connect: retry left 5
02-20 16:01:35.406  1446  1532 E mtk_storageproxyd: ipc-trustonic: ipc_trustonic_connect: Unable to resolve family name (-12)
02-20 16:01:36.028 29283  5930 I NearbyPresence: (REDACTED) %s verified [==] new request %s equals to the old request
02-20 16:01:36.407  1446  1532 E mtk_storageproxyd: ipc-trustonic: ipc_trustonic_connect: retry left 4
02-20 16:01:36.407  1446  1532 E mtk_storageproxyd: ipc-trustonic: ipc_trustonic_connect: Unable to resolve family name (-12)
02-20 16:01:37.410  1446  1532 E mtk_storageproxyd: ipc-trustonic: ipc_trustonic_connect: retry left 3
02-20 16:01:37.412  1446  1532 E mtk_storageproxyd: ipc-trustonic: ipc_trustonic_connect: Unable to resolve family name (-12)
