02-20 15:50:14.005  1211  5723 I resolv  : doQuery: rcode=0, ancount=1, return value=50
02-20 15:50:14.005  1211  5724 I resolv  : doQuery: rcode=0, ancount=15, return value=291
02-20 15:50:14.007  1211  5727 I resolv  : GetAddrInfoHandler::run: {100 262244 100 983140 10130 0}
02-20 15:50:14.007  1211  5728 I resolv  : GetAddrInfoHandler::run: {100 262244 100 983140 10130 0}
02-20 15:50:14.008  1211  5730 I resolv  : res_nmkquery: (QUERY, IN, A)
02-20 15:50:14.008  1211  5729 I resolv  : res_nmkquery: (QUERY, IN, A)
02-20 15:50:14.008  1211  5730 I resolv  : resolv_cache_lookup: FOUND IN CACHE entry=0xb400007189e8dd50
02-20 15:50:14.008  1211  5730 I resolv  : doQuery: rcode=0, ancount=1, return value=50
02-20 15:50:14.008  1211  5729 I resolv  : resolv_cache_lookup: FOUND IN CACHE entry=0xb400007129e92d90
02-20 15:50:14.008  1211  5729 I resolv  : doQuery: rcode=0, ancount=15, return value=291
02-20 15:50:14.041  1248  1309 I libPerfCtl: xgfGetFPS pid:2194 fps:-1
02-20 15:50:14.041  1248  1309 I libPerfCtl: xgfGetFPS pid:5351 fps:-1
02-20 15:50:14.281  1446  1532 E mtk_storageproxyd: ipc-trustonic: ipc_trustonic_connect: retry left 8
02-20 15:50:14.281  1446  1532 E mtk_storageproxyd: ipc-trustonic: ipc_trustonic_connect: Unable to resolve family name (-12)
02-20 15:50:14.308  1211  5734 I resolv  : GetAddrInfoHandler::run: {100 262244 100 983140 10130 0}
02-20 15:50:14.309  1211  5735 I resolv  : res_nmkquery: (QUERY, IN, A)
02-20 15:50:14.356  1211  5735 I resolv  : res_nsend: used send_dg 275 terrno: 0
02-20 15:50:14.356  1211  5735 I resolv  : doQuery: rcode=0, ancount=14, return value=275
02-20 15:50:14.499  1229  1263 I hwcomposer: [HWCDisplay] [Display_0 (type:1, mode:2)] fps:119.424957,dur:1004.82,max:17.01,min:6.95  
02-20 15:50:14.520 29283 29304 I Wear_Controller: Wearable module requires a companion app to be installed.
02-20 15:50:14.520 29283 29304 I WearableService: onCreate: Wearable Services not starting. Wear is not available on this device.
02-20 15:50:14.521 29283 29291 W WearableService: onGetService: Wear is not available on this device.
02-20 15:50:14.526  1811  1829 E ApplicationHelper: Fail to get PackageManager
02-20 15:50:14.527  1811  1829 E ApplicationHelper: Fail to get PackageManager
02-20 15:50:14.528  5602  5602 W ojx     : [Gmail] MailSyncAdapterService: MailSyncAdapterService is destroyed! [CONTEXT android_log_tag="MailSyncAdapterService" ]
02-20 15:50:14.529  1211  1710 I netd    : tetherGetStats() -> {[]} <1.49ms>
02-20 15:50:14.539  1811  1829 E ApplicationHelper: Fail to get PackageManager
02-20 15:50:14.539  1811  1829 E ApplicationHelper: Fail to get PackageManager
02-20 15:50:14.557  5602  5602 I PowerHalWrapper: PowerHalWrapper.getInstance 
02-20 15:50:14.558  5602  5602 I M-ProMotion: M-ProMotion is disabled
02-20 15:50:14.955  1276  1276 I BufferQueueProducer: [app.validator.intelligence/app.validator.intelligence.MainActivity#3075](this:0xb400007b1fa2f7c0,id:-1,api:0,p:-1,c:1276) queueBuffer: fps=119.36 dur=1005.39 max=16.87 min=7.41
02-20 15:50:15.041  1248  1309 I libPerfCtl: xgfGetFPS pid:2194 fps:-1
02-20 15:50:15.041  1248  1309 I libPerfCtl: xgfGetFPS pid:5351 fps:-1
02-20 15:50:15.282  1446  1532 E mtk_storageproxyd: ipc-trustonic: ipc_trustonic_connect: retry left 7
02-20 15:50:15.283  1446  1532 E mtk_storageproxyd: ipc-trustonic: ipc_trustonic_connect: Unable to resolve family name (-12)
02-20 15:50:15.503  1229  1263 I hwcomposer: [HWCDisplay] [Display_0 (type:1, mode:2)] fps:117.423584,dur:1004.91,max:18.31,min:5.96  
02-20 15:50:15.959  1276  1276 I BufferQueueProducer: [app.validator.intelligence/app.validator.intelligence.MainActivity#3075](this:0xb400007b1fa2f7c0,id:-1,api:0,p:-1,c:1276) queueBuffer: fps=114.51 dur=1004.28 max=17.03 min=7.27
02-20 15:50:16.041  1248  1309 I libPerfCtl: xgfGetFPS pid:2194 fps:-1
02-20 15:50:16.042  1248  1309 I libPerfCtl: xgfGetFPS pid:5351 fps:-1
02-20 15:50:16.284  1446  1532 E mtk_storageproxyd: ipc-trustonic: ipc_trustonic_connect: retry left 6
02-20 15:50:16.287  1446  1532 E mtk_storageproxyd: ipc-trustonic: ipc_trustonic_connect: Unable to resolve family name (-12)
02-20 15:50:16.341  2055  2062 I WifiHAL : LLS RSP: data=0xb40000753b9d3030, len=4868
02-20 15:50:16.341  2055  2062 I WifiHAL : LLS check_data_sanity: 1821: current_radio_stat->num_channels=43
02-20 15:50:16.341  2055  2062 I WifiHAL : LLS check_data_sanity: 1821: current_radio_stat->num_channels=17
02-20 15:50:16.341  2055  2062 I WifiHAL : LLS check_data_sanity: confirmed_size=4868, len=4868
02-20 15:50:16.349  2055  2062 I WifiHAL : feature_set=0x8489341a
02-20 15:50:16.471 29283  5599 I AlarmManager: setExactAndAllowWhileIdle [name: GCM_HB_ALARM type: 2 triggerAtMillis: 177790794]
02-20 15:50:16.487 29283  5597 I AlarmManager: setExactAndAllowWhileIdle [name: FcmRetry type: 2 triggerAtMillis: 176110804]
02-20 15:50:16.494  1811  1829 E ApplicationHelper: Fail to get PackageManager
02-20 15:50:16.496  1811  1829 E ApplicationHelper: Fail to get PackageManager
02-20 15:50:16.499  1211  1710 I netd    : tetherGetStats() -> {[]} <1.60ms>
02-20 15:50:16.509  1229  1263 I hwcomposer: [HWCDisplay] [Display_0 (type:1, mode:2)] fps:116.380890,dur:1005.32,max:17.92,min:6.41  
02-20 15:50:16.526  1811  1829 E ApplicationHelper: Fail to get PackageManager
02-20 15:50:16.539  1811  1829 E ApplicationHelper: Fail to get PackageManager
02-20 15:50:16.539  1811  1829 E ApplicationHelper: Fail to get PackageManager
02-20 15:50:16.540  1811  1829 E ApplicationHelper: Fail to get PackageManager
02-20 15:50:16.542  1811  1829 E ApplicationHelper: Fail to get PackageManager
02-20 15:50:16.869  5602  5602 W ojx     : [Gmail] MailSyncAdapterService: MailSyncAdapterService is destroyed! [CONTEXT android_log_tag="MailSyncAdapterService" ]
02-20 15:50:16.869  1811  1829 E ApplicationHelper: Fail to get PackageManager
02-20 15:50:16.870  1811  1829 E ApplicationHelper: Fail to get PackageManager
02-20 15:50:16.877  1811  1829 E ApplicationHelper: Fail to get PackageManager
02-20 15:50:16.877  1811  1829 E ApplicationHelper: Fail to get PackageManager
02-20 15:50:16.933  1811  1829 E ApplicationHelper: Fail to get PackageManager
02-20 15:50:16.964  1276  1276 I BufferQueueProducer: [app.validator.intelligence/app.validator.intelligence.MainActivity#3075](this:0xb400007b1fa2f7c0,id:-1,api:0,p:-1,c:1276) queueBuffer: fps=119.41 dur=1004.93 max=17.24 min=7.33
02-20 15:50:17.041  1248  1309 I libPerfCtl: xgfGetFPS pid:2194 fps:-1
02-20 15:50:17.042  1248  1309 I libPerfCtl: xgfGetFPS pid:5351 fps:-1
02-20 15:50:17.044  5602  5607 W ogle.android.gm: userfaultfd: MOVE ioctl seems unsupported: Connection timed out
02-20 15:50:17.287  1446  1532 E mtk_storageproxyd: ipc-trustonic: ipc_trustonic_connect: retry left 5
02-20 15:50:17.288  1446  1532 E mtk_storageproxyd: ipc-trustonic: ipc_trustonic_connect: Unable to resolve family name (-12)
02-20 15:50:17.291  1211  5744 I resolv  : GetAddrInfoHandler::run: {100 100 100 983140 10228 0}
02-20 15:50:17.293  1211  5745 I resolv  : res_nmkquery: (QUERY, IN, A)
02-20 15:50:17.293  1211  5745 I resolv  : resolv_cache_lookup: FOUND IN CACHE entry=0xb4000070f9e99a70
02-20 15:50:17.293  1211  5745 I resolv  : doQuery: rcode=0, ancount=2, return value=90
02-20 15:50:17.513  1229  1263 I hwcomposer: [HWCDisplay] [Display_0 (type:1, mode:2)] fps:119.437836,dur:1004.71,max:17.13,min:5.88  
02-20 15:50:17.969  1276  1276 I BufferQueueProducer: [app.validator.intelligence/app.validator.intelligence.MainActivity#3075](this:0xb400007b1fa2f7c0,id:-1,api:0,p:-1,c:1276) queueBuffer: fps=118.39 dur=1005.18 max=16.98 min=7.34
02-20 15:50:18.042  1248  1309 I libPerfCtl: xgfGetFPS pid:2194 fps:-1
02-20 15:50:18.042  1248  1309 I libPerfCtl: xgfGetFPS pid:5351 fps:-1
02-20 15:50:18.289  1446  1532 E mtk_storageproxyd: ipc-trustonic: ipc_trustonic_connect: retry left 4
02-20 15:50:18.290  1446  1532 E mtk_storageproxyd: ipc-trustonic: ipc_trustonic_connect: Unable to resolve family name (-12)
02-20 15:50:18.463  1211  1710 I netd    : setProcSysNet(4, 2, wlan0, retrans_time_ms, 750) <0.49ms>
02-20 15:50:18.464  1211  1710 I netd    : setProcSysNet(4, 2, wlan0, ucast_solicit, 10) <0.48ms>
02-20 15:50:18.466  1211  1710 I netd    : setProcSysNet(6, 2, wlan0, retrans_time_ms, 750) <0.20ms>
02-20 15:50:18.466  1211  1710 I netd    : setProcSysNet(6, 2, wlan0, ucast_solicit, 10) <0.17ms>
02-20 15:50:18.519  1229  1263 I hwcomposer: [HWCDisplay] [Display_0 (type:1, mode:2)] fps:117.376450,dur:1005.31,max:18.44,min:5.38  
02-20 15:50:18.824 29283  5595 I .gms.persistent: Explicit concurrent mark compact GC freed 14MB AllocSpace bytes, 33(1092KB) LOS objects, 75% free, 19MB/76MB, paused 408us,2.488ms total 106.821ms
02-20 15:50:18.831 29283 29289 W .gms.persistent: ApkAssets: Deleting an ApkAssets object '<empty> and /data/app/~~DcA1EWsLAozpncYM7mm51A==/app.validator.intelligence-T131QXzf25X217-DQGOe0A==/base.apk' with 1 weak references
02-20 15:50:18.833 29283 29289 W .gms.persistent: ApkAssets: Deleting an ApkAssets object '<empty> and /data/app/~~x_jCcFXEjO682xsKe05BFA==/com.google.android.gm-2HWI1O5RCHrseIckFUDWyw==/base.apk' with 1 weak references
02-20 15:50:18.833 29283 29289 W .gms.persistent: ApkAssets: Deleting an ApkAssets object '<empty> and /data/app/~~x_jCcFXEjO682xsKe05BFA==/com.google.android.gm-2HWI1O5RCHrseIckFUDWyw==/split_config.arm64_v8a.apk' with 1 weak references
02-20 15:50:18.833 29283 29289 W .gms.persistent: ApkAssets: Deleting an ApkAssets object '<empty> and /data/app/~~x_jCcFXEjO682xsKe05BFA==/com.google.android.gm-2HWI1O5RCHrseIckFUDWyw==/split_config.en.apk' with 1 weak references
02-20 15:50:18.833 29283 29289 W .gms.persistent: ApkAssets: Deleting an ApkAssets object '<empty> and /data/app/~~x_jCcFXEjO682xsKe05BFA==/com.google.android.gm-2HWI1O5RCHrseIckFUDWyw==/split_config.xxhdpi.apk' with 1 weak references
02-20 15:50:18.974  1276  1276 I BufferQueueProducer: [app.validator.intelligence/app.validator.intelligence.MainActivity#3075](this:0xb400007b1fa2f7c0,id:-1,api:0,p:-1,c:1276) queueBuffer: fps=116.45 dur=1004.74 max=17.71 min=7.33
02-20 15:50:19.042  1248  1309 I libPerfCtl: xgfGetFPS pid:2194 fps:-1
02-20 15:50:19.042  1248  1309 I libPerfCtl: xgfGetFPS pid:5351 fps:-1
02-20 15:50:19.290  1446  1532 E mtk_storageproxyd: ipc-trustonic: ipc_trustonic_connect: retry left 3
02-20 15:50:19.292  1446  1532 E mtk_storageproxyd: ipc-trustonic: ipc_trustonic_connect: Unable to resolve family name (-12)
02-20 15:50:19.369  2055  2062 I WifiHAL : LLS RSP: data=0xb40000753b9d3030, len=4868
02-20 15:50:19.370  2055  2062 I WifiHAL : LLS check_data_sanity: 1821: current_radio_stat->num_channels=43
02-20 15:50:19.370  2055  2062 I WifiHAL : LLS check_data_sanity: 1821: current_radio_stat->num_channels=17
02-20 15:50:19.370  2055  2062 I WifiHAL : LLS check_data_sanity: confirmed_size=4868, len=4868
02-20 15:50:19.379  2055  2062 I WifiHAL : feature_set=0x8489341a
02-20 15:50:19.523  1229  1263 I hwcomposer: [HWCDisplay] [Display_0 (type:1, mode:2)] fps:115.479500,dur:1004.51,max:18.00,min:6.50  
02-20 15:50:19.979  1276  1276 I BufferQueueProducer: [app.validator.intelligence/app.validator.intelligence.MainActivity#3075](this:0xb400007b1fa2f7c0,id:-1,api:0,p:-1,c:1276) queueBuffer: fps=117.47 dur=1004.55 max=17.24 min=7.34
02-20 15:50:20.042  1248  1309 I libPerfCtl: xgfGetFPS pid:2194 fps:-1
02-20 15:50:20.042  1248  1309 I libPerfCtl: xgfGetFPS pid:5351 fps:-1
02-20 15:50:20.293  1446  1532 E mtk_storageproxyd: ipc-trustonic: ipc_trustonic_connect: retry left 2
02-20 15:50:20.295  1446  1532 E mtk_storageproxyd: ipc-trustonic: ipc_trustonic_connect: Unable to resolve family name (-12)
02-20 15:50:20.528  1229  1263 I hwcomposer: [HWCDisplay] [Display_0 (type:1, mode:2)] fps:119.408020,dur:1004.96,max:17.45,min:6.30  
02-20 15:50:20.984  1276  1276 I BufferQueueProducer: [app.validator.intelligence/app.validator.intelligence.MainActivity#3075](this:0xb400007b1fa2f7c0,id:-1,api:0,p:-1,c:1276) queueBuffer: fps=119.40 dur=1005.02 max=16.98 min=7.70
02-20 15:50:21.042  1248  1309 I libPerfCtl: xgfGetFPS pid:2194 fps:-1
02-20 15:50:21.043  1248  1309 I libPerfCtl: xgfGetFPS pid:5351 fps:-1
